0xad899748 N 0xad89974c
0x7dc0 N 0x7dc4
0xad899748 N 0xad89974c
0xbcd6a414 BTB index out of boundsN 0x0
0xad899748 T 0x30694618
0xbcd6a414 BTB index out of boundsN 0x0
0xb95c245c BTB index out of boundsN 0x0
0x1f8b04 BTB index out of boundsN 0x0
0xb95c245c BTB index out of boundsN 0x0
0xad899748 T 0x30694618
0x7dc0 N 0x7dc4
0x7dc0 T 0x5a381a4
0x7dc0 N 0x7dc4
0x1f8b04 BTB index out of boundsN 0x0
0xbcd6a414 BTB index out of boundsN 0x0
0xb95c245c BTB index out of boundsN 0x0
0x7dc0 N 0x7dc4
0xb95c245c BTB index out of boundsN 0x0
0x1f8b04 BTB index out of boundsN 0x0
0xad899748 N 0xad89974c
0x1f8b04 BTB index out of boundsN 0x0
0xb95c245c BTB index out of boundsN 0x0
0x902aaa68 N 0x902aaa6c
0x7dc0 N 0x7dc4
0x902aaa68 N 0x902aaa6c
0xb95c245c BTB index out of boundsN 0x0
0xbcd6a414 BTB index out of boundsN 0x0
0x7dc0 N 0x7dc4
0xb95c245c BTB index out of boundsN 0x0
0xad899748 N 0xad89974c
0xad899748 T 0x30694618
0xbcd6a414 BTB index out of boundsN 0x0
0xbcd6a414 BTB index out of boundsN 0x0
0xad899748 N 0xad89974c
0x7dc0 N 0x7dc4
0xb95c245c BTB index out of boundsN 0x0
0x7dc0 T 0x5a381a4
0xb95c245c BTB index out of boundsN 0x0
0x1f8b04 BTB index out of boundsN 0x0
0x902aaa68 N 0x902aaa6c
0xad899748 N 0xad89974c
0x902aaa68 N 0x902aaa6c
0x7dc0 N 0x7dc4
0xb95c245c BTB index out of boundsN 0x0
0xad899748 N 0xad89974c
0xad899748 T 0x30694618
0xad899748 N 0xad89974c
0xb95c245c BTB index out of boundsN 0x0
0xad899748 N 0xad89974c
0xbcd6a414 BTB index out of boundsN 0x0
0xb95c245c BTB index out of boundsN 0x0
0x1f8b04 BTB index out of boundsN 0x0
0x1f8b04 BTB index out of boundsN 0x0
0x902aaa68 N 0x902aaa6c
0x7dc0 N 0x7dc4
0x902aaa68 N 0x902aaa6c
0xad899748 N 0xad89974c
0xad899748 T 0x30694618
0x902aaa68 N 0x902aaa6c
0xb95c245c BTB index out of boundsN 0x0
0x7dc0 N 0x7dc4
0x7dc0 T 0x5a381a4
0x1f8b04 BTB index out of boundsN 0x0
0xb95c245c BTB index out of boundsN 0x0
0xbcd6a414 BTB index out of boundsN 0x0
0xad899748 N 0xad89974c
0x902aaa68 N 0x902aaa6c
0x902aaa68 T 0xb6bb8c
0xad899748 N 0xad89974c
0x7dc0 N 0x7dc4
0xad899748 N 0xad89974c
0xb95c245c BTB index out of boundsN 0x0
0xb95c245c BTB index out of boundsN 0x0
0xbcd6a414 BTB index out of boundsN 0x0
0x1f8b04 BTB index out of boundsN 0x0
0xbcd6a414 BTB index out of boundsN 0x0
0x1f8b04 BTB index out of boundsN 0x0
0x902aaa68 N 0x902aaa6c
0xad899748 N 0xad89974c
0xad899748 T 0x30694618
0xbcd6a414 BTB index out of boundsN 0x0
0xad899748 T 0x30694618
0xbcd6a414 BTB index out of boundsN 0x0
0xad899748 T 0x30694618
0xb95c245c BTB index out of boundsN 0x0
0xad899748 T 0x30694618
0xb95c245c BTB index out of boundsN 0x0
0x1f8b04 BTB index out of boundsN 0x0
0xb95c245c BTB index out of boundsN 0x0
0x1f8b04 BTB index out of boundsN 0x0
0xbcd6a414 BTB index out of boundsN 0x0
0xbcd6a414 BTB index out of boundsN 0x0
0xbcd6a414 BTB index out of boundsN 0x0
0x1f8b04 BTB index out of boundsN 0x0
0xbcd6a414 BTB index out of boundsN 0x0
0x1f8b04 BTB index out of boundsN 0x0
0xb95c245c BTB index out of boundsN 0x0
0xb95c245c BTB index out of boundsN 0x0
0x1f8b04 BTB index out of boundsN 0x0
0x7dc0 N 0x7dc4
0xad899748 N 0xad89974c
0x7dc0 N 0x7dc4
0x1f8b04 BTB index out of boundsN 0x0
0x902aaa68 N 0x902aaa6c
0x7dc0 N 0x7dc4
0x1f8b04 BTB index out of boundsN 0x0
0x1f8b04 BTB index out of boundsN 0x0
0xad899748 N 0xad89974c
0x7dc0 N 0x7dc4
0x1f8b04 BTB index out of boundsN 0x0
0x1f8b04 BTB index out of boundsN 0x0
0x902aaa68 N 0x902aaa6c
0xbcd6a414 BTB index out of boundsN 0x0
0x1f8b04 BTB index out of boundsN 0x0
0x7dc0 N 0x7dc4
0xad899748 N 0xad89974c
0x1f8b04 BTB index out of boundsN 0x0
0xb95c245c BTB index out of boundsN 0x0
0xad899748 T 0x30694618
0x7dc0 N 0x7dc4
0xad899748 N 0xad89974c
0xbcd6a414 BTB index out of boundsN 0x0
0xad899748 T 0x30694618
0x902aaa68 N 0x902aaa6c
0xbcd6a414 BTB index out of boundsN 0x0
0xb95c245c BTB index out of boundsN 0x0
0xad899748 N 0xad89974c
0x1f8b04 BTB index out of boundsN 0x0
0x902aaa68 N 0x902aaa6c
0xad899748 N 0xad89974c
0x7dc0 N 0x7dc4
0xb95c245c BTB index out of boundsN 0x0
0xad899748 N 0xad89974c
0xad899748 T 0x30694618
0xad899748 T 0x30694618
0x1f8b04 BTB index out of boundsN 0x0
0x7dc0 N 0x7dc4
0xb95c245c BTB index out of boundsN 0x0
0x902aaa68 N 0x902aaa6c
0x1f8b04 BTB index out of boundsN 0x0
0xad899748 N 0xad89974c
0x1f8b04 BTB index out of boundsN 0x0
0xad899748 T 0x30694618
0x1f8b04 BTB index out of boundsN 0x0
0xb95c245c BTB index out of boundsN 0x0
0xbcd6a414 BTB index out of boundsN 0x0
0xbcd6a414 BTB index out of boundsN 0x0
0x1f8b04 BTB index out of boundsN 0x0
0x902aaa68 N 0x902aaa6c
0xad899748 N 0xad89974c
0x902aaa68 N 0x902aaa6c
0x1f8b04 BTB index out of boundsN 0x0
0x1f8b04 BTB index out of boundsN 0x0
0x7dc0 N 0x7dc4
0xb95c245c BTB index out of boundsN 0x0
0xad899748 N 0xad89974c
0x902aaa68 N 0x902aaa6c
0xad899748 N 0xad89974c
0xbcd6a414 BTB index out of boundsN 0x0
0x1f8b04 BTB index out of boundsN 0x0
0xbcd6a414 BTB index out of boundsN 0x0
0xb95c245c BTB index out of boundsN 0x0
0x902aaa68 N 0x902aaa6c
0xbcd6a414 BTB index out of boundsN 0x0
0xbcd6a414 BTB index out of boundsN 0x0
0x902aaa68 T 0xb6bb8c
0xbcd6a414 BTB index out of boundsN 0x0
0xb95c245c BTB index out of boundsN 0x0
0xb95c245c BTB index out of boundsN 0x0
0x7dc0 N 0x7dc4
0x902aaa68 N 0x902aaa6c
0xad899748 N 0xad89974c
0x7dc0 N 0x7dc4
0xad899748 N 0xad89974c
0xb95c245c BTB index out of boundsN 0x0
0xb95c245c BTB index out of boundsN 0x0
0xad899748 T 0x30694618
0xbcd6a414 BTB index out of boundsN 0x0
0x902aaa68 N 0x902aaa6c
0x7dc0 N 0x7dc4
0xb95c245c BTB index out of boundsN 0x0
0xb95c245c BTB index out of boundsN 0x0
0xb95c245c BTB index out of boundsN 0x0
0x902aaa68 N 0x902aaa6c
0x902aaa68 T 0xb6bb8c
0xbcd6a414 BTB index out of boundsN 0x0
0xb95c245c BTB index out of boundsN 0x0
0xb95c245c BTB index out of boundsN 0x0
0x7dc0 N 0x7dc4
0xb95c245c BTB index out of boundsN 0x0
0x1f8b04 BTB index out of boundsN 0x0
0x1f8b04 BTB index out of boundsN 0x0
0xb95c245c BTB index out of boundsN 0x0
0x902aaa68 N 0x902aaa6c
0xb95c245c BTB index out of boundsN 0x0
0xad899748 N 0xad89974c
0x1f8b04 BTB index out of boundsN 0x0
0xb95c245c BTB index out of boundsN 0x0
0xb95c245c BTB index out of boundsN 0x0
0x902aaa68 N 0x902aaa6c
0xbcd6a414 BTB index out of boundsN 0x0
0xbcd6a414 BTB index out of boundsN 0x0
0x1f8b04 BTB index out of boundsN 0x0
0x7dc0 N 0x7dc4
0xb95c245c BTB index out of boundsN 0x0
0x1f8b04 BTB index out of boundsN 0x0
0x7dc0 T 0x5a381a4
0xad899748 N 0xad89974c
0x7dc0 N 0x7dc4
0x902aaa68 N 0x902aaa6c
0xb95c245c BTB index out of boundsN 0x0
0xb95c245c BTB index out of boundsN 0x0
0xad899748 N 0xad89974c
0x1f8b04 BTB index out of boundsN 0x0
0x1f8b04 BTB index out of boundsN 0x0
0x7dc0 N 0x7dc4
0xbcd6a414 BTB index out of boundsN 0x0
0x1f8b04 BTB index out of boundsN 0x0
0x902aaa68 N 0x902aaa6c
0xbcd6a414 BTB index out of boundsN 0x0
0xbcd6a414 BTB index out of boundsN 0x0
0x1f8b04 BTB index out of boundsN 0x0
0x7dc0 N 0x7dc4
0xb95c245c BTB index out of boundsN 0x0
0x1f8b04 BTB index out of boundsN 0x0
0xb95c245c BTB index out of boundsN 0x0
0x7dc0 T 0x5a381a4
0xbcd6a414 BTB index out of boundsN 0x0
0xb95c245c BTB index out of boundsN 0x0
0xb95c245c BTB index out of boundsN 0x0
0x902aaa68 N 0x902aaa6c
0x1f8b04 BTB index out of boundsN 0x0
0x1f8b04 BTB index out of boundsN 0x0
0x1f8b04 BTB index out of boundsN 0x0
0xad899748 N 0xad89974c
0xad899748 T 0x30694618
0x1f8b04 BTB index out of boundsN 0x0
0x902aaa68 N 0x902aaa6c
0xad899748 N 0xad89974c
0xbcd6a414 BTB index out of boundsN 0x0
0x7dc0 N 0x7dc4
0x902aaa68 N 0x902aaa6c
0x1f8b04 BTB index out of boundsN 0x0
0x1f8b04 BTB index out of boundsN 0x0
0x902aaa68 T 0xb6bb8c
0x1f8b04 BTB index out of boundsN 0x0
0x7dc0 N 0x7dc4
0x902aaa68 N 0x902aaa6c
0x1f8b04 BTB index out of boundsN 0x0
0x7dc0 N 0x7dc4
0xb95c245c BTB index out of boundsN 0x0
0x7dc0 T 0x5a381a4
0xb95c245c BTB index out of boundsN 0x0
0xbcd6a414 BTB index out of boundsN 0x0
0xbcd6a414 BTB index out of boundsN 0x0
0x1f8b04 BTB index out of boundsN 0x0
0x902aaa68 N 0x902aaa6c
0x1f8b04 BTB index out of boundsN 0x0
0xad899748 N 0xad89974c
0x7dc0 N 0x7dc4
0x7dc0 T 0x5a381a4
0x7dc0 N 0x7dc4
0x902aaa68 N 0x902aaa6c
0xb95c245c BTB index out of boundsN 0x0
0x1f8b04 BTB index out of boundsN 0x0
0xb95c245c BTB index out of boundsN 0x0
0x7dc0 N 0x7dc4
0x1f8b04 BTB index out of boundsN 0x0
0x902aaa68 N 0x902aaa6c
0x1f8b04 BTB index out of boundsN 0x0
0xbcd6a414 BTB index out of boundsN 0x0
0x7dc0 N 0x7dc4
0x1f8b04 BTB index out of boundsN 0x0
0x7dc0 T 0x5a381a4
0xbcd6a414 BTB index out of boundsN 0x0
0x7dc0 T 0x5a381a4
0xbcd6a414 BTB index out of boundsN 0x0
0x902aaa68 N 0x902aaa6c
0xad899748 N 0xad89974c
0xad899748 T 0x30694618
0xbcd6a414 BTB index out of boundsN 0x0
0xbcd6a414 BTB index out of boundsN 0x0
0xad899748 T 0x30694618
0xb95c245c BTB index out of boundsN 0x0
0x902aaa68 N 0x902aaa6c
0xb95c245c BTB index out of boundsN 0x0
0xad899748 N 0xad89974c
0x902aaa68 N 0x902aaa6c
0x1f8b04 BTB index out of boundsN 0x0
0x902aaa68 T 0xb6bb8c
0x1f8b04 BTB index out of boundsN 0x0
0xb95c245c BTB index out of boundsN 0x0
0x902aaa68 N 0x902aaa6c
0xad899748 N 0xad89974c
0x1f8b04 BTB index out of boundsN 0x0
0xad899748 T 0x30694618
0xbcd6a414 BTB index out of boundsN 0x0
0xad899748 T 0x30694618
0xbcd6a414 BTB index out of boundsN 0x0
0x1f8b04 BTB index out of boundsN 0x0
0x902aaa68 N 0x902aaa6c
0xad899748 N 0xad89974c
0xb95c245c BTB index out of boundsN 0x0
0x1f8b04 BTB index out of boundsN 0x0
0x7dc0 N 0x7dc4
0x1f8b04 BTB index out of boundsN 0x0
0x1f8b04 BTB index out of boundsN 0x0
0x1f8b04 BTB index out of boundsN 0x0
0x902aaa68 N 0x902aaa6c
0x902aaa68 T 0xb6bb8c
0x902aaa68 T 0xb6bb8c
0xb95c245c BTB index out of boundsN 0x0
0xbcd6a414 BTB index out of boundsN 0x0
0x1f8b04 BTB index out of boundsN 0x0
0x902aaa68 T 0xb6bb8c
0xbcd6a414 BTB index out of boundsN 0x0
0xbcd6a414 BTB index out of boundsN 0x0
0xb95c245c BTB index out of boundsN 0x0
0x7dc0 N 0x7dc4
0x1f8b04 BTB index out of boundsN 0x0
0xb95c245c BTB index out of boundsN 0x0
0xbcd6a414 BTB index out of boundsN 0x0
0x902aaa68 N 0x902aaa6c
0xad899748 N 0xad89974c
0xad899748 T 0x30694618
0x902aaa68 N 0x902aaa6c
0x902aaa68 T 0xb6bb8c
0x7dc0 N 0x7dc4
0x1f8b04 BTB index out of boundsN 0x0
0xb95c245c BTB index out of boundsN 0x0
0x902aaa68 N 0x902aaa6c
0x7dc0 N 0x7dc4
0xb95c245c BTB index out of boundsN 0x0
0x1f8b04 BTB index out of boundsN 0x0
0xad899748 N 0xad89974c
0x902aaa68 N 0x902aaa6c
0x7dc0 N 0x7dc4
0xbcd6a414 BTB index out of boundsN 0x0
0xad899748 N 0xad89974c
0xad899748 T 0x30694618
0xad899748 T 0x30694618
0x1f8b04 BTB index out of boundsN 0x0
0xad899748 T 0x30694618
0x7dc0 N 0x7dc4
0xbcd6a414 BTB index out of boundsN 0x0
0xbcd6a414 BTB index out of boundsN 0x0
0x1f8b04 BTB index out of boundsN 0x0
0x902aaa68 N 0x902aaa6c
0xad899748 N 0xad89974c
0x902aaa68 N 0x902aaa6c
0xb95c245c BTB index out of boundsN 0x0
0xb95c245c BTB index out of boundsN 0x0
0xad899748 N 0xad89974c
0x1f8b04 BTB index out of boundsN 0x0
0xbcd6a414 BTB index out of boundsN 0x0
0xad899748 T 0x30694618
0x1f8b04 BTB index out of boundsN 0x0
0x902aaa68 N 0x902aaa6c
0xb95c245c BTB index out of boundsN 0x0
0xbcd6a414 BTB index out of boundsN 0x0
0xad899748 N 0xad89974c
0x1f8b04 BTB index out of boundsN 0x0
0xb95c245c BTB index out of boundsN 0x0
0x902aaa68 N 0x902aaa6c
0xad899748 N 0xad89974c
0x7dc0 N 0x7dc4
0x7dc0 T 0x5a381a4
0x902aaa68 N 0x902aaa6c
0x1f8b04 BTB index out of boundsN 0x0
0xbcd6a414 BTB index out of boundsN 0x0
0x902aaa68 T 0xb6bb8c
0xbcd6a414 BTB index out of boundsN 0x0
0x902aaa68 N 0x902aaa6c
0x902aaa68 N 0x902aaa6c
0x1f8b04 BTB index out of boundsN 0x0
0x1f8b04 BTB index out of boundsN 0x0
0xbcd6a414 BTB index out of boundsN 0x0
0xb95c245c BTB index out of boundsN 0x0
0x902aaa68 N 0x902aaa6c
0xad899748 N 0xad89974c
0xbcd6a414 BTB index out of boundsN 0x0
0xbcd6a414 BTB index out of boundsN 0x0
0xad899748 T 0x30694618
0x1f8b04 BTB index out of boundsN 0x0
0x902aaa68 N 0x902aaa6c
0xb95c245c BTB index out of boundsN 0x0
0x902aaa68 T 0xb6bb8c
0xbcd6a414 BTB index out of boundsN 0x0
0x1f8b04 BTB index out of boundsN 0x0
0xbcd6a414 BTB index out of boundsN 0x0
0x902aaa68 T 0xb6bb8c
0x1f8b04 BTB index out of boundsN 0x0
0xb95c245c BTB index out of boundsN 0x0
0x902aaa68 N 0x902aaa6c
0xbcd6a414 BTB index out of boundsN 0x0
0x902aaa68 T 0xb6bb8c
0x7dc0 N 0x7dc4
0x902aaa68 N 0x902aaa6c
0xbcd6a414 BTB index out of boundsN 0x0
0xb95c245c BTB index out of boundsN 0x0
0xb95c245c BTB index out of boundsN 0x0
0xad899748 N 0xad89974c
0x1f8b04 BTB index out of boundsN 0x0
0xbcd6a414 BTB index out of boundsN 0x0
0xb95c245c BTB index out of boundsN 0x0
0x7dc0 N 0x7dc4
0x902aaa68 N 0x902aaa6c
0x7dc0 N 0x7dc4
0xbcd6a414 BTB index out of boundsN 0x0
0x902aaa68 N 0x902aaa6c
0x902aaa68 T 0xb6bb8c
0x902aaa68 T 0xb6bb8c
0x1f8b04 BTB index out of boundsN 0x0
0x7dc0 N 0x7dc4
0xad899748 N 0xad89974c
0xbcd6a414 BTB index out of boundsN 0x0
0x1f8b04 BTB index out of boundsN 0x0
0x7dc0 N 0x7dc4
0xbcd6a414 BTB index out of boundsN 0x0
0xad899748 N 0xad89974c
0xbcd6a414 BTB index out of boundsN 0x0
0x7dc0 N 0x7dc4
0xbcd6a414 BTB index out of boundsN 0x0
0x902aaa68 N 0x902aaa6c
0xb95c245c BTB index out of boundsN 0x0
0x1f8b04 BTB index out of boundsN 0x0
0xb95c245c BTB index out of boundsN 0x0
0xad899748 N 0xad89974c
0xb95c245c BTB index out of boundsN 0x0
0x1f8b04 BTB index out of boundsN 0x0
0x1f8b04 BTB index out of boundsN 0x0
0xbcd6a414 BTB index out of boundsN 0x0
0xbcd6a414 BTB index out of boundsN 0x0
0x1f8b04 BTB index out of boundsN 0x0
0x7dc0 N 0x7dc4
0xad899748 N 0xad89974c
0x7dc0 N 0x7dc4
0x902aaa68 N 0x902aaa6c
0xbcd6a414 BTB index out of boundsN 0x0
0x1f8b04 BTB index out of boundsN 0x0
0x902aaa68 T 0xb6bb8c
0x1f8b04 BTB index out of boundsN 0x0
0x902aaa68 N 0x902aaa6c
0x1f8b04 BTB index out of boundsN 0x0
0xbcd6a414 BTB index out of boundsN 0x0
0x902aaa68 N 0x902aaa6c
0x902aaa68 N 0x902aaa6c
0x902aaa68 N 0x902aaa6c
0x1f8b04 BTB index out of boundsN 0x0
0xad899748 N 0xad89974c
0xad899748 N 0xad89974c
0x1f8b04 BTB index out of boundsN 0x0
0xb95c245c BTB index out of boundsN 0x0
0xad899748 T 0x30694618
0xad899748 T 0x30694618
0x902aaa68 N 0x902aaa6c
0x902aaa68 T 0xb6bb8c
0xb95c245c BTB index out of boundsN 0x0
0x7dc0 N 0x7dc4
0x7dc0 T 0x5a381a4
0x902aaa68 N 0x902aaa6c
0xbcd6a414 BTB index out of boundsN 0x0
0x902aaa68 T 0xb6bb8c
0xbcd6a414 BTB index out of boundsN 0x0
0x1f8b04 BTB index out of boundsN 0x0
0xad899748 N 0xad89974c
0xad899748 T 0x30694618
0x1f8b04 BTB index out of boundsN 0x0
0xb95c245c BTB index out of boundsN 0x0
0x7dc0 N 0x7dc4
0x7dc0 T 0x5a381a4
0xb95c245c BTB index out of boundsN 0x0
0xb95c245c BTB index out of boundsN 0x0
0x902aaa68 N 0x902aaa6c
0x902aaa68 T 0xb6bb8c
0x7dc0 N 0x7dc4
0xad899748 N 0xad89974c
0x1f8b04 BTB index out of boundsN 0x0
0xbcd6a414 BTB index out of boundsN 0x0
0xad899748 T 0x30694618
0x902aaa68 N 0x902aaa6c
0xbcd6a414 BTB index out of boundsN 0x0
0xb95c245c BTB index out of boundsN 0x0
0xbcd6a414 BTB index out of boundsN 0x0
0x902aaa68 T 0xb6bb8c
0x7dc0 N 0x7dc4
0x1f8b04 BTB index out of boundsN 0x0
0xb95c245c BTB index out of boundsN 0x0
0xbcd6a414 BTB index out of boundsN 0x0
0x902aaa68 N 0x902aaa6c
0x7dc0 N 0x7dc4
0x1f8b04 BTB index out of boundsN 0x0
0x7dc0 T 0x5a381a4
0xbcd6a414 BTB index out of boundsN 0x0
0xb95c245c BTB index out of boundsN 0x0
0xbcd6a414 BTB index out of boundsN 0x0
0xbcd6a414 BTB index out of boundsN 0x0
0x7dc0 T 0x5a381a4
0x1f8b04 BTB index out of boundsN 0x0
0x7dc0 T 0x5a381a4
0x1f8b04 BTB index out of boundsN 0x0
0xb95c245c BTB index out of boundsN 0x0
0xb95c245c BTB index out of boundsN 0x0
0xad899748 N 0xad89974c
0x1f8b04 BTB index out of boundsN 0x0
0x1f8b04 BTB index out of boundsN 0x0
0x1f8b04 BTB index out of boundsN 0x0
0xbcd6a414 BTB index out of boundsN 0x0
0xad899748 T 0x30694618
0xb95c245c BTB index out of boundsN 0x0
0xb95c245c BTB index out of boundsN 0x0
0xb95c245c BTB index out of boundsN 0x0
0x1f8b04 BTB index out of boundsN 0x0
0xb95c245c BTB index out of boundsN 0x0
0xb95c245c BTB index out of boundsN 0x0
0x1f8b04 BTB index out of boundsN 0x0
0x7dc0 N 0x7dc4
0xbcd6a414 BTB index out of boundsN 0x0
0x7dc0 T 0x5a381a4
0x7dc0 N 0x7dc4
0x7dc0 T 0x5a381a4
0x1f8b04 BTB index out of boundsN 0x0
0x1f8b04 BTB index out of boundsN 0x0
0xad899748 N 0xad89974c
0xb95c245c BTB index out of boundsN 0x0
0x902aaa68 N 0x902aaa6c
0xb95c245c BTB index out of boundsN 0x0
0xb95c245c BTB index out of boundsN 0x0
0x7dc0 N 0x7dc4
0xbcd6a414 BTB index out of boundsN 0x0
0xad899748 N 0xad89974c
0xad899748 T 0x30694618
0xbcd6a414 BTB index out of boundsN 0x0
0x1f8b04 BTB index out of boundsN 0x0
0x1f8b04 BTB index out of boundsN 0x0
0x7dc0 N 0x7dc4
0x7dc0 T 0x5a381a4
0x1f8b04 BTB index out of boundsN 0x0
0xbcd6a414 BTB index out of boundsN 0x0
0x7dc0 T 0x5a381a4
0xb95c245c BTB index out of boundsN 0x0
0x7dc0 T 0x5a381a4
0x7dc0 T 0x5a381a4
0x902aaa68 N 0x902aaa6c
0x7dc0 N 0x7dc4
0xbcd6a414 BTB index out of boundsN 0x0
0xb95c245c BTB index out of boundsN 0x0
0x902aaa68 N 0x902aaa6c
0xad899748 N 0xad89974c
0xb95c245c BTB index out of boundsN 0x0
0xbcd6a414 BTB index out of boundsN 0x0
0xbcd6a414 BTB index out of boundsN 0x0
0x7dc0 N 0x7dc4
0x902aaa68 N 0x902aaa6c
0xbcd6a414 BTB index out of boundsN 0x0
0x7dc0 N 0x7dc4
0xbcd6a414 BTB index out of boundsN 0x0
0x902aaa68 N 0x902aaa6c
0x7dc0 N 0x7dc4
0x902aaa68 N 0x902aaa6c
0xbcd6a414 BTB index out of boundsN 0x0
0x902aaa68 T 0xb6bb8c
0xbcd6a414 BTB index out of boundsN 0x0
0xb95c245c BTB index out of boundsN 0x0
0x902aaa68 N 0x902aaa6c
0x902aaa68 T 0xb6bb8c
0x1f8b04 BTB index out of boundsN 0x0
0x902aaa68 T 0xb6bb8c
0x1f8b04 BTB index out of boundsN 0x0
0xad899748 N 0xad89974c
0xb95c245c BTB index out of boundsN 0x0
0x902aaa68 N 0x902aaa6c
0x7dc0 N 0x7dc4
0xad899748 N 0xad89974c
0xbcd6a414 BTB index out of boundsN 0x0
0x1f8b04 BTB index out of boundsN 0x0
0x7dc0 N 0x7dc4
0x1f8b04 BTB index out of boundsN 0x0
0x1f8b04 BTB index out of boundsN 0x0
0x7dc0 T 0x5a381a4
0x7dc0 N 0x7dc4
0x7dc0 N 0x7dc4
0x7dc0 T 0x5a381a4
0xb95c245c BTB index out of boundsN 0x0
0xad899748 N 0xad89974c
0x1f8b04 BTB index out of boundsN 0x0
0x7dc0 N 0x7dc4
0x7dc0 T 0x5a381a4
0xb95c245c BTB index out of boundsN 0x0
0xb95c245c BTB index out of boundsN 0x0
0x1f8b04 BTB index out of boundsN 0x0
0xad899748 N 0xad89974c
0x902aaa68 N 0x902aaa6c
0x1f8b04 BTB index out of boundsN 0x0
0x902aaa68 T 0xb6bb8c
0x7dc0 N 0x7dc4
0x7dc0 T 0x5a381a4
0x7dc0 N 0x7dc4
0x902aaa68 N 0x902aaa6c
0x7dc0 N 0x7dc4
0xb95c245c BTB index out of boundsN 0x0
0xb95c245c BTB index out of boundsN 0x0
0x1f8b04 BTB index out of boundsN 0x0
0xb95c245c BTB index out of boundsN 0x0
0xad899748 N 0xad89974c
0x1f8b04 BTB index out of boundsN 0x0
0x1f8b04 BTB index out of boundsN 0x0
0x902aaa68 N 0x902aaa6c
0x902aaa68 T 0xb6bb8c
0x1f8b04 BTB index out of boundsN 0x0
0x1f8b04 BTB index out of boundsN 0x0
0xb95c245c BTB index out of boundsN 0x0
0xad899748 N 0xad89974c
0xb95c245c BTB index out of boundsN 0x0
0x7dc0 N 0x7dc4
0x7dc0 T 0x5a381a4
0xbcd6a414 BTB index out of boundsN 0x0
0xad899748 N 0xad89974c
0xb95c245c BTB index out of boundsN 0x0
0xad899748 T 0x30694618
0xb95c245c BTB index out of boundsN 0x0
0x7dc0 N 0x7dc4
0x7dc0 T 0x5a381a4
0x902aaa68 N 0x902aaa6c
0x7dc0 N 0x7dc4
0x902aaa68 N 0x902aaa6c
0xad899748 N 0xad89974c
0x7dc0 N 0x7dc4
0x902aaa68 N 0x902aaa6c
0x1f8b04 BTB index out of boundsN 0x0
0xb95c245c BTB index out of boundsN 0x0
0xbcd6a414 BTB index out of boundsN 0x0
0x7dc0 N 0x7dc4
0xb95c245c BTB index out of boundsN 0x0
0x7dc0 T 0x5a381a4
0x902aaa68 N 0x902aaa6c
0x902aaa68 T 0xb6bb8c
0x902aaa68 T 0xb6bb8c
0xb95c245c BTB index out of boundsN 0x0
0xad899748 N 0xad89974c
0xad899748 T 0x30694618
0x902aaa68 N 0x902aaa6c
0xbcd6a414 BTB index out of boundsN 0x0
0xbcd6a414 BTB index out of boundsN 0x0
0xad899748 N 0xad89974c
0xb95c245c BTB index out of boundsN 0x0
0x902aaa68 N 0x902aaa6c
0x902aaa68 T 0xb6bb8c
0xbcd6a414 BTB index out of boundsN 0x0
0x902aaa68 T 0xb6bb8c
0x902aaa68 T 0xb6bb8c
0x1f8b04 BTB index out of boundsN 0x0
0xb95c245c BTB index out of boundsN 0x0
0x902aaa68 T 0xb6bb8c
0xad899748 N 0xad89974c
0x902aaa68 N 0x902aaa6c
0xb95c245c BTB index out of boundsN 0x0
0xad899748 N 0xad89974c
0xad899748 T 0x30694618
0xb95c245c BTB index out of boundsN 0x0
0x902aaa68 N 0x902aaa6c
0x902aaa68 T 0xb6bb8c
0x902aaa68 N 0x902aaa6c
0x1f8b04 BTB index out of boundsN 0x0
0xbcd6a414 BTB index out of boundsN 0x0
0x1f8b04 BTB index out of boundsN 0x0
0x1f8b04 BTB index out of boundsN 0x0
0x7dc0 N 0x7dc4
0xb95c245c BTB index out of boundsN 0x0
0x1f8b04 BTB index out of boundsN 0x0
0xbcd6a414 BTB index out of boundsN 0x0
0x902aaa68 N 0x902aaa6c
0x902aaa68 T 0xb6bb8c
0x902aaa68 T 0xb6bb8c
0xbcd6a414 BTB index out of boundsN 0x0
0x1f8b04 BTB index out of boundsN 0x0
0x902aaa68 T 0xb6bb8c
0x7dc0 N 0x7dc4
0xb95c245c BTB index out of boundsN 0x0
0x7dc0 T 0x5a381a4
0xb95c245c BTB index out of boundsN 0x0
0x7dc0 N 0x7dc4
0x1f8b04 BTB index out of boundsN 0x0
0x7dc0 T 0x5a381a4
0x902aaa68 N 0x902aaa6c
0xb95c245c BTB index out of boundsN 0x0
0xad899748 N 0xad89974c
0x1f8b04 BTB index out of boundsN 0x0
0xad899748 T 0x30694618
0x902aaa68 N 0x902aaa6c
0xbcd6a414 BTB index out of boundsN 0x0
0x7dc0 N 0x7dc4
0xad899748 N 0xad89974c
0x1f8b04 BTB index out of boundsN 0x0
0xb95c245c BTB index out of boundsN 0x0
0xb95c245c BTB index out of boundsN 0x0
0xb95c245c BTB index out of boundsN 0x0
0xad899748 T 0x30694618
0x7dc0 N 0x7dc4
0x1f8b04 BTB index out of boundsN 0x0
0x1f8b04 BTB index out of boundsN 0x0
0xb95c245c BTB index out of boundsN 0x0
0xbcd6a414 BTB index out of boundsN 0x0
0xad899748 N 0xad89974c
0xb95c245c BTB index out of boundsN 0x0
0xbcd6a414 BTB index out of boundsN 0x0
0xb95c245c BTB index out of boundsN 0x0
0xbcd6a414 BTB index out of boundsN 0x0
0xbcd6a414 BTB index out of boundsN 0x0
0xb95c245c BTB index out of boundsN 0x0
0x7dc0 N 0x7dc4
0x902aaa68 N 0x902aaa6c
0xb95c245c BTB index out of boundsN 0x0
0x902aaa68 T 0xb6bb8c
0xb95c245c BTB index out of boundsN 0x0
0xbcd6a414 BTB index out of boundsN 0x0
0x902aaa68 T 0xb6bb8c
0xad899748 N 0xad89974c
0x902aaa68 N 0x902aaa6c
0x7dc0 N 0x7dc4
0xad899748 N 0xad89974c
0x7dc0 N 0x7dc4
0xad899748 N 0xad89974c
0x1f8b04 BTB index out of boundsN 0x0
0x7dc0 N 0x7dc4
0x1f8b04 BTB index out of boundsN 0x0
0xbcd6a414 BTB index out of boundsN 0x0
0xbcd6a414 BTB index out of boundsN 0x0
0x1f8b04 BTB index out of boundsN 0x0
0xbcd6a414 BTB index out of boundsN 0x0
0xb95c245c BTB index out of boundsN 0x0
0xad899748 N 0xad89974c
0x902aaa68 N 0x902aaa6c
0x7dc0 N 0x7dc4
0x7dc0 T 0x5a381a4
0xad899748 N 0xad89974c
0xad899748 T 0x30694618
0x1f8b04 BTB index out of boundsN 0x0
0x902aaa68 N 0x902aaa6c
0x7dc0 N 0x7dc4
0xb95c245c BTB index out of boundsN 0x0
0xad899748 N 0xad89974c
0xbcd6a414 BTB index out of boundsN 0x0
0xb95c245c BTB index out of boundsN 0x0
0x902aaa68 N 0x902aaa6c
0xad899748 N 0xad89974c
0xad899748 T 0x30694618
0x1f8b04 BTB index out of boundsN 0x0
0x1f8b04 BTB index out of boundsN 0x0
0xad899748 N 0xad89974c
0x1f8b04 BTB index out of boundsN 0x0
0x7dc0 N 0x7dc4
0x1f8b04 BTB index out of boundsN 0x0
0xb95c245c BTB index out of boundsN 0x0
0x902aaa68 N 0x902aaa6c
0xb95c245c BTB index out of boundsN 0x0
0xbcd6a414 BTB index out of boundsN 0x0
0xbcd6a414 BTB index out of boundsN 0x0
0x7dc0 N 0x7dc4
0x902aaa68 N 0x902aaa6c
0x902aaa68 T 0xb6bb8c
0xad899748 N 0xad89974c
0x902aaa68 N 0x902aaa6c
0xad899748 N 0xad89974c
0xad899748 T 0x30694618
0x7dc0 N 0x7dc4
0xbcd6a414 BTB index out of boundsN 0x0
0x7dc0 T 0x5a381a4
0x902aaa68 N 0x902aaa6c
0x902aaa68 T 0xb6bb8c
0x902aaa68 N 0x902aaa6c
0x1f8b04 BTB index out of boundsN 0x0
0xad899748 N 0xad89974c
0xb95c245c BTB index out of boundsN 0x0
0xbcd6a414 BTB index out of boundsN 0x0
0xad899748 T 0x30694618
0x902aaa68 N 0x902aaa6c
0xb95c245c BTB index out of boundsN 0x0
0x902aaa68 T 0xb6bb8c
0xad899748 N 0xad89974c
0xb95c245c BTB index out of boundsN 0x0
0x902aaa68 N 0x902aaa6c
0xad899748 N 0xad89974c
0x7dc0 N 0x7dc4
0x902aaa68 N 0x902aaa6c
0x7dc0 N 0x7dc4
0xbcd6a414 BTB index out of boundsN 0x0
0x902aaa68 N 0x902aaa6c
0xb95c245c BTB index out of boundsN 0x0
0xbcd6a414 BTB index out of boundsN 0x0
0x1f8b04 BTB index out of boundsN 0x0
0xbcd6a414 BTB index out of boundsN 0x0
0xad899748 N 0xad89974c
0xbcd6a414 BTB index out of boundsN 0x0
0x7dc0 N 0x7dc4
0xb95c245c BTB index out of boundsN 0x0
0xb95c245c BTB index out of boundsN 0x0
0xad899748 N 0xad89974c
0x7dc0 N 0x7dc4
0xb95c245c BTB index out of boundsN 0x0
0x902aaa68 N 0x902aaa6c
0x7dc0 N 0x7dc4
0xbcd6a414 BTB index out of boundsN 0x0
0xb95c245c BTB index out of boundsN 0x0
0x902aaa68 N 0x902aaa6c
0x902aaa68 T 0xb6bb8c
0x1f8b04 BTB index out of boundsN 0x0
0x902aaa68 T 0xb6bb8c
0x902aaa68 T 0xb6bb8c
0xbcd6a414 BTB index out of boundsN 0x0
0x7dc0 N 0x7dc4
0xad899748 N 0xad89974c
0x902aaa68 N 0x902aaa6c
0x902aaa68 T 0xb6bb8c
0x902aaa68 N 0x902aaa6c
0x1f8b04 BTB index out of boundsN 0x0
0x7dc0 N 0x7dc4
0xb95c245c BTB index out of boundsN 0x0
0xb95c245c BTB index out of boundsN 0x0
0xb95c245c BTB index out of boundsN 0x0
0x902aaa68 N 0x902aaa6c
0xad899748 N 0xad89974c
0xad899748 T 0x30694618
0x7dc0 N 0x7dc4
0x7dc0 T 0x5a381a4
0xad899748 N 0xad89974c
0xad899748 T 0x30694618
0x7dc0 N 0x7dc4
0xad899748 N 0xad89974c
0x1f8b04 BTB index out of boundsN 0x0
0xad899748 T 0x30694618
0x902aaa68 N 0x902aaa6c
0xb95c245c BTB index out of boundsN 0x0
0xad899748 N 0xad89974c
0x1f8b04 BTB index out of boundsN 0x0
0xb95c245c BTB index out of boundsN 0x0
0x902aaa68 N 0x902aaa6c
0xbcd6a414 BTB index out of boundsN 0x0
0xb95c245c BTB index out of boundsN 0x0
0x902aaa68 T 0xb6bb8c
0xad899748 N 0xad89974c
0xbcd6a414 BTB index out of boundsN 0x0
0x7dc0 N 0x7dc4
0x1f8b04 BTB index out of boundsN 0x0
0x7dc0 T 0x5a381a4
0x902aaa68 N 0x902aaa6c
0xad899748 N 0xad89974c
0xbcd6a414 BTB index out of boundsN 0x0
0x902aaa68 N 0x902aaa6c
0x1f8b04 BTB index out of boundsN 0x0
0xad899748 N 0xad89974c
0x7dc0 N 0x7dc4
0xad899748 N 0xad89974c
0xb95c245c BTB index out of boundsN 0x0
0xb95c245c BTB index out of boundsN 0x0
0xad899748 T 0x30694618
0x1f8b04 BTB index out of boundsN 0x0
0x7dc0 N 0x7dc4
0xbcd6a414 BTB index out of boundsN 0x0
0x1f8b04 BTB index out of boundsN 0x0
0x1f8b04 BTB index out of boundsN 0x0
0xb95c245c BTB index out of boundsN 0x0
0x7dc0 T 0x5a381a4
0x7dc0 T 0x5a381a4
0xad899748 N 0xad89974c
0x7dc0 N 0x7dc4
0x1f8b04 BTB index out of boundsN 0x0
0x1f8b04 BTB index out of boundsN 0x0
0xb95c245c BTB index out of boundsN 0x0
0xbcd6a414 BTB index out of boundsN 0x0
0xbcd6a414 BTB index out of boundsN 0x0
0x7dc0 T 0x5a381a4
0xbcd6a414 BTB index out of boundsN 0x0
0x7dc0 N 0x7dc4
0xb95c245c BTB index out of boundsN 0x0
0xb95c245c BTB index out of boundsN 0x0
0x1f8b04 BTB index out of boundsN 0x0
0x1f8b04 BTB index out of boundsN 0x0
0x902aaa68 N 0x902aaa6c
0x902aaa68 T 0xb6bb8c
0xbcd6a414 BTB index out of boundsN 0x0
0x7dc0 N 0x7dc4
0xbcd6a414 BTB index out of boundsN 0x0
0xad899748 N 0xad89974c
0xbcd6a414 BTB index out of boundsN 0x0
0x902aaa68 N 0x902aaa6c
0xb95c245c BTB index out of boundsN 0x0
0xad899748 N 0xad89974c
0x7dc0 N 0x7dc4
0xad899748 N 0xad89974c
0xbcd6a414 BTB index out of boundsN 0x0
0x902aaa68 N 0x902aaa6c
0xad899748 N 0xad89974c
0x902aaa68 N 0x902aaa6c
0xad899748 N 0xad89974c
0xb95c245c BTB index out of boundsN 0x0
0xad899748 T 0x30694618
0xad899748 T 0x30694618
0x902aaa68 N 0x902aaa6c
0x1f8b04 BTB index out of boundsN 0x0
0xb95c245c BTB index out of boundsN 0x0
0xad899748 N 0xad89974c
0x1f8b04 BTB index out of boundsN 0x0
0x7dc0 N 0x7dc4
0xb95c245c BTB index out of boundsN 0x0
0xad899748 N 0xad89974c
0x7dc0 N 0x7dc4
0x1f8b04 BTB index out of boundsN 0x0
0xad899748 N 0xad89974c
0x7dc0 N 0x7dc4
0xb95c245c BTB index out of boundsN 0x0
0x7dc0 T 0x5a381a4
0x1f8b04 BTB index out of boundsN 0x0
0x902aaa68 N 0x902aaa6c
0xbcd6a414 BTB index out of boundsN 0x0
0xad899748 N 0xad89974c
0x902aaa68 N 0x902aaa6c
0xad899748 N 0xad89974c
0x7dc0 N 0x7dc4
0x7dc0 T 0x5a381a4
0xad899748 N 0xad89974c
0x7dc0 N 0x7dc4
0xb95c245c BTB index out of boundsN 0x0
0xad899748 N 0xad89974c
0xbcd6a414 BTB index out of boundsN 0x0
0x902aaa68 N 0x902aaa6c
0xad899748 N 0xad89974c
0xb95c245c BTB index out of boundsN 0x0
0x7dc0 N 0x7dc4
0xad899748 N 0xad89974c
0xb95c245c BTB index out of boundsN 0x0
0xbcd6a414 BTB index out of boundsN 0x0
0xb95c245c BTB index out of boundsN 0x0
0x7dc0 N 0x7dc4
0xb95c245c BTB index out of boundsN 0x0
0x7dc0 T 0x5a381a4
0x7dc0 N 0x7dc4
0xb95c245c BTB index out of boundsN 0x0
0x7dc0 N 0x7dc4
0x7dc0 N 0x7dc4
0x902aaa68 N 0x902aaa6c
0xb95c245c BTB index out of boundsN 0x0
0x7dc0 N 0x7dc4
0xb95c245c BTB index out of boundsN 0x0
0x1f8b04 BTB index out of boundsN 0x0
0x902aaa68 N 0x902aaa6c
0x1f8b04 BTB index out of boundsN 0x0
0xad899748 N 0xad89974c
0xb95c245c BTB index out of boundsN 0x0
0x1f8b04 BTB index out of boundsN 0x0
0x1f8b04 BTB index out of boundsN 0x0
0xbcd6a414 BTB index out of boundsN 0x0
0xbcd6a414 BTB index out of boundsN 0x0
0xad899748 T 0x30694618
0x1f8b04 BTB index out of boundsN 0x0
0x1f8b04 BTB index out of boundsN 0x0
0x1f8b04 BTB index out of boundsN 0x0
0x902aaa68 N 0x902aaa6c
0x7dc0 N 0x7dc4
0x7dc0 T 0x5a381a4
0xb95c245c BTB index out of boundsN 0x0
0xad899748 N 0xad89974c
0xad899748 T 0x30694618
0x7dc0 N 0x7dc4
0xad899748 N 0xad89974c
0x902aaa68 N 0x902aaa6c
0x902aaa68 T 0xb6bb8c
0x1f8b04 BTB index out of boundsN 0x0
0x7dc0 N 0x7dc4
0xad899748 N 0xad89974c
0x902aaa68 N 0x902aaa6c
0x902aaa68 T 0xb6bb8c
flush_num: 705, br_num: 972, size: 67b
