0xd5fe3250 N 0xd5fe3254
0xd5fe3250 T 0xeaaa0
0x568b0 N 0x568b4
0x4823c BTB index out of boundsN 0x0
0xf49f5a8c BTB index out of boundsN 0x0
0x36399e4 BTB index out of boundsN 0x0
0xd5fe3250 N 0xd5fe3254
0x4823c BTB index out of boundsN 0x0
0x568b0 N 0x568b4
0xd5fe3250 N 0xd5fe3254
0x568b0 N 0x568b4
0x8b41e6c BTB index out of boundsN 0x0
0x36399e4 BTB index out of boundsN 0x0
0x4823c BTB index out of boundsN 0x0
0x8b41e6c BTB index out of boundsN 0x0
0xd5fe3250 N 0xd5fe3254
0x8b41e6c BTB index out of boundsN 0x0
0xd5fe3250 T 0xeaaa0
0x568b0 N 0x568b4
0x4823c BTB index out of boundsN 0x0
0xf49f5a8c BTB index out of boundsN 0x0
0x36399e4 BTB index out of boundsN 0x0
0x568b0 T 0x7384
0x36399e4 BTB index out of boundsN 0x0
0x4823c BTB index out of boundsN 0x0
0x568b0 T 0x7384
0x568b0 T 0x7384
0xf49f5a8c BTB index out of boundsN 0x0
0xf49f5a8c BTB index out of boundsN 0x0
0x4823c BTB index out of boundsN 0x0
0x4823c BTB index out of boundsN 0x0
0xf49f5a8c BTB index out of boundsN 0x0
0x8b41e6c BTB index out of boundsN 0x0
0x8b41e6c BTB index out of boundsN 0x0
0x568b0 T 0x7384
0x4823c BTB index out of boundsN 0x0
0x36399e4 BTB index out of boundsN 0x0
0xf49f5a8c BTB index out of boundsN 0x0
0xd5fe3250 N 0xd5fe3254
0x36399e4 BTB index out of boundsN 0x0
0x8b41e6c BTB index out of boundsN 0x0
0x8b41e6c BTB index out of boundsN 0x0
0x568b0 N 0x568b4
0x4823c BTB index out of boundsN 0x0
0x36399e4 BTB index out of boundsN 0x0
0x4823c BTB index out of boundsN 0x0
0x568b0 T 0x7384
0xf49f5a8c BTB index out of boundsN 0x0
0xf49f5a8c BTB index out of boundsN 0x0
0x568b0 T 0x7384
0x36399e4 BTB index out of boundsN 0x0
0x8b41e6c BTB index out of boundsN 0x0
0x4823c BTB index out of boundsN 0x0
0xf49f5a8c BTB index out of boundsN 0x0
0xd5fe3250 N 0xd5fe3254
0x36399e4 BTB index out of boundsN 0x0
0x4823c BTB index out of boundsN 0x0
0x8b41e6c BTB index out of boundsN 0x0
0x4823c BTB index out of boundsN 0x0
0xd5fe3250 T 0xeaaa0
0x4823c BTB index out of boundsN 0x0
0xf49f5a8c BTB index out of boundsN 0x0
0x36399e4 BTB index out of boundsN 0x0
0xd5fe3250 T 0xeaaa0
0xd5fe3250 T 0xeaaa0
0x4823c BTB index out of boundsN 0x0
0xd5fe3250 T 0xeaaa0
0x568b0 N 0x568b4
0x36399e4 BTB index out of boundsN 0x0
0x4823c BTB index out of boundsN 0x0
0x8b41e6c BTB index out of boundsN 0x0
0xf49f5a8c BTB index out of boundsN 0x0
0x4823c BTB index out of boundsN 0x0
0x8b41e6c BTB index out of boundsN 0x0
0x8b41e6c BTB index out of boundsN 0x0
0x568b0 T 0x7384
0x36399e4 BTB index out of boundsN 0x0
0x36399e4 BTB index out of boundsN 0x0
0xf49f5a8c BTB index out of boundsN 0x0
0x568b0 T 0x7384
0xd5fe3250 N 0xd5fe3254
0x568b0 N 0x568b4
0x8b41e6c BTB index out of boundsN 0x0
0x8b41e6c BTB index out of boundsN 0x0
0x8b41e6c BTB index out of boundsN 0x0
0xd5fe3250 N 0xd5fe3254
0x8b41e6c BTB index out of boundsN 0x0
0x568b0 N 0x568b4
0x36399e4 BTB index out of boundsN 0x0
0x36399e4 BTB index out of boundsN 0x0
0xd5fe3250 N 0xd5fe3254
0xd5fe3250 T 0xeaaa0
0x4823c BTB index out of boundsN 0x0
0x8b41e6c BTB index out of boundsN 0x0
0x4823c BTB index out of boundsN 0x0
0x568b0 N 0x568b4
0x8b41e6c BTB index out of boundsN 0x0
0x568b0 T 0x7384
0x36399e4 BTB index out of boundsN 0x0
0x8b41e6c BTB index out of boundsN 0x0
0x568b0 T 0x7384
0xd5fe3250 N 0xd5fe3254
0x4823c BTB index out of boundsN 0x0
0x8b41e6c BTB index out of boundsN 0x0
0x4823c BTB index out of boundsN 0x0
0x36399e4 BTB index out of boundsN 0x0
0xd5fe3250 T 0xeaaa0
0xd5fe3250 T 0xeaaa0
0x568b0 N 0x568b4
0x36399e4 BTB index out of boundsN 0x0
0x36399e4 BTB index out of boundsN 0x0
0xf49f5a8c BTB index out of boundsN 0x0
0x36399e4 BTB index out of boundsN 0x0
0xd5fe3250 N 0xd5fe3254
0x568b0 N 0x568b4
0x36399e4 BTB index out of boundsN 0x0
0xd5fe3250 N 0xd5fe3254
0x568b0 N 0x568b4
0x4823c BTB index out of boundsN 0x0
0xd5fe3250 N 0xd5fe3254
0x36399e4 BTB index out of boundsN 0x0
0x568b0 N 0x568b4
0xf49f5a8c BTB index out of boundsN 0x0
0x8b41e6c BTB index out of boundsN 0x0
0xd5fe3250 N 0xd5fe3254
0x4823c BTB index out of boundsN 0x0
0x8b41e6c BTB index out of boundsN 0x0
0xd5fe3250 T 0xeaaa0
0x8b41e6c BTB index out of boundsN 0x0
0x8b41e6c BTB index out of boundsN 0x0
0x8b41e6c BTB index out of boundsN 0x0
0xf49f5a8c BTB index out of boundsN 0x0
0xf49f5a8c BTB index out of boundsN 0x0
0xf49f5a8c BTB index out of boundsN 0x0
0xd5fe3250 T 0xeaaa0
0x8b41e6c BTB index out of boundsN 0x0
0x568b0 N 0x568b4
0x36399e4 BTB index out of boundsN 0x0
0xd5fe3250 N 0xd5fe3254
0x8b41e6c BTB index out of boundsN 0x0
0x4823c BTB index out of boundsN 0x0
0x568b0 N 0x568b4
0x36399e4 BTB index out of boundsN 0x0
0x36399e4 BTB index out of boundsN 0x0
0x568b0 T 0x7384
0x8b41e6c BTB index out of boundsN 0x0
0x568b0 T 0x7384
0x36399e4 BTB index out of boundsN 0x0
0xf49f5a8c BTB index out of boundsN 0x0
0xd5fe3250 N 0xd5fe3254
0xf49f5a8c BTB index out of boundsN 0x0
0x36399e4 BTB index out of boundsN 0x0
0x568b0 N 0x568b4
0x568b0 T 0x7384
0x36399e4 BTB index out of boundsN 0x0
0x8b41e6c BTB index out of boundsN 0x0
0xd5fe3250 N 0xd5fe3254
0xd5fe3250 T 0xeaaa0
0x4823c BTB index out of boundsN 0x0
0x8b41e6c BTB index out of boundsN 0x0
0xf49f5a8c BTB index out of boundsN 0x0
0x4823c BTB index out of boundsN 0x0
0xd5fe3250 T 0xeaaa0
0x568b0 N 0x568b4
0xd5fe3250 N 0xd5fe3254
0x568b0 N 0x568b4
0x568b0 T 0x7384
0x8b41e6c BTB index out of boundsN 0x0
0x8b41e6c BTB index out of boundsN 0x0
0x568b0 T 0x7384
0x8b41e6c BTB index out of boundsN 0x0
0xd5fe3250 N 0xd5fe3254
0x8b41e6c BTB index out of boundsN 0x0
0xf49f5a8c BTB index out of boundsN 0x0
0xf49f5a8c BTB index out of boundsN 0x0
0xd5fe3250 T 0xeaaa0
0x568b0 N 0x568b4
0xd5fe3250 N 0xd5fe3254
0xf49f5a8c BTB index out of boundsN 0x0
0x4823c BTB index out of boundsN 0x0
0x8b41e6c BTB index out of boundsN 0x0
0x568b0 N 0x568b4
0x4823c BTB index out of boundsN 0x0
0x36399e4 BTB index out of boundsN 0x0
0xf49f5a8c BTB index out of boundsN 0x0
0x8b41e6c BTB index out of boundsN 0x0
0xf49f5a8c BTB index out of boundsN 0x0
0x568b0 T 0x7384
0xd5fe3250 N 0xd5fe3254
0x568b0 N 0x568b4
0x8b41e6c BTB index out of boundsN 0x0
0xd5fe3250 N 0xd5fe3254
0x36399e4 BTB index out of boundsN 0x0
0xf49f5a8c BTB index out of boundsN 0x0
0x4823c BTB index out of boundsN 0x0
0x568b0 N 0x568b4
0x36399e4 BTB index out of boundsN 0x0
0x36399e4 BTB index out of boundsN 0x0
0xf49f5a8c BTB index out of boundsN 0x0
0x8b41e6c BTB index out of boundsN 0x0
0x568b0 T 0x7384
0x36399e4 BTB index out of boundsN 0x0
0xf49f5a8c BTB index out of boundsN 0x0
0x36399e4 BTB index out of boundsN 0x0
0xf49f5a8c BTB index out of boundsN 0x0
0x8b41e6c BTB index out of boundsN 0x0
0xf49f5a8c BTB index out of boundsN 0x0
0x8b41e6c BTB index out of boundsN 0x0
0xf49f5a8c BTB index out of boundsN 0x0
0x8b41e6c BTB index out of boundsN 0x0
0x36399e4 BTB index out of boundsN 0x0
0xf49f5a8c BTB index out of boundsN 0x0
0x8b41e6c BTB index out of boundsN 0x0
0x4823c BTB index out of boundsN 0x0
0xd5fe3250 N 0xd5fe3254
0x568b0 N 0x568b4
0x8b41e6c BTB index out of boundsN 0x0
0xf49f5a8c BTB index out of boundsN 0x0
0x4823c BTB index out of boundsN 0x0
0x8b41e6c BTB index out of boundsN 0x0
0x8b41e6c BTB index out of boundsN 0x0
0x568b0 T 0x7384
0xf49f5a8c BTB index out of boundsN 0x0
0x568b0 T 0x7384
0xf49f5a8c BTB index out of boundsN 0x0
0x4823c BTB index out of boundsN 0x0
0xf49f5a8c BTB index out of boundsN 0x0
0x8b41e6c BTB index out of boundsN 0x0
0xf49f5a8c BTB index out of boundsN 0x0
0xd5fe3250 N 0xd5fe3254
0x8b41e6c BTB index out of boundsN 0x0
0xd5fe3250 T 0xeaaa0
0x36399e4 BTB index out of boundsN 0x0
0x8b41e6c BTB index out of boundsN 0x0
0x4823c BTB index out of boundsN 0x0
0x4823c BTB index out of boundsN 0x0
0x36399e4 BTB index out of boundsN 0x0
0x8b41e6c BTB index out of boundsN 0x0
0xd5fe3250 T 0xeaaa0
0x8b41e6c BTB index out of boundsN 0x0
0xd5fe3250 T 0xeaaa0
0x36399e4 BTB index out of boundsN 0x0
0x4823c BTB index out of boundsN 0x0
0xd5fe3250 T 0xeaaa0
0xf49f5a8c BTB index out of boundsN 0x0
0x8b41e6c BTB index out of boundsN 0x0
0x8b41e6c BTB index out of boundsN 0x0
0x4823c BTB index out of boundsN 0x0
0xf49f5a8c BTB index out of boundsN 0x0
0xf49f5a8c BTB index out of boundsN 0x0
0x4823c BTB index out of boundsN 0x0
0x568b0 N 0x568b4
0x4823c BTB index out of boundsN 0x0
0xd5fe3250 N 0xd5fe3254
0xf49f5a8c BTB index out of boundsN 0x0
0x8b41e6c BTB index out of boundsN 0x0
0xf49f5a8c BTB index out of boundsN 0x0
0xd5fe3250 T 0xeaaa0
0x8b41e6c BTB index out of boundsN 0x0
0xf49f5a8c BTB index out of boundsN 0x0
0x4823c BTB index out of boundsN 0x0
0xf49f5a8c BTB index out of boundsN 0x0
0x4823c BTB index out of boundsN 0x0
0x568b0 N 0x568b4
0x36399e4 BTB index out of boundsN 0x0
0x36399e4 BTB index out of boundsN 0x0
0x8b41e6c BTB index out of boundsN 0x0
0x8b41e6c BTB index out of boundsN 0x0
0x8b41e6c BTB index out of boundsN 0x0
0xd5fe3250 N 0xd5fe3254
0x4823c BTB index out of boundsN 0x0
0x568b0 N 0x568b4
0x4823c BTB index out of boundsN 0x0
0x4823c BTB index out of boundsN 0x0
0xd5fe3250 N 0xd5fe3254
0xf49f5a8c BTB index out of boundsN 0x0
0x36399e4 BTB index out of boundsN 0x0
0x36399e4 BTB index out of boundsN 0x0
0x8b41e6c BTB index out of boundsN 0x0
0xf49f5a8c BTB index out of boundsN 0x0
0x568b0 N 0x568b4
0x568b0 T 0x7384
0x4823c BTB index out of boundsN 0x0
0x568b0 T 0x7384
0x8b41e6c BTB index out of boundsN 0x0
0xf49f5a8c BTB index out of boundsN 0x0
0xf49f5a8c BTB index out of boundsN 0x0
0x568b0 T 0x7384
0x36399e4 BTB index out of boundsN 0x0
0x568b0 T 0x7384
0xf49f5a8c BTB index out of boundsN 0x0
0x8b41e6c BTB index out of boundsN 0x0
0x4823c BTB index out of boundsN 0x0
0xf49f5a8c BTB index out of boundsN 0x0
0x36399e4 BTB index out of boundsN 0x0
0xf49f5a8c BTB index out of boundsN 0x0
0x568b0 T 0x7384
0xd5fe3250 N 0xd5fe3254
0xf49f5a8c BTB index out of boundsN 0x0
0xd5fe3250 T 0xeaaa0
0xf49f5a8c BTB index out of boundsN 0x0
0x8b41e6c BTB index out of boundsN 0x0
0xf49f5a8c BTB index out of boundsN 0x0
0x8b41e6c BTB index out of boundsN 0x0
0x4823c BTB index out of boundsN 0x0
0x36399e4 BTB index out of boundsN 0x0
0x36399e4 BTB index out of boundsN 0x0
0x568b0 N 0x568b4
0x568b0 T 0x7384
0x4823c BTB index out of boundsN 0x0
0xf49f5a8c BTB index out of boundsN 0x0
0x4823c BTB index out of boundsN 0x0
0x8b41e6c BTB index out of boundsN 0x0
0x4823c BTB index out of boundsN 0x0
0xd5fe3250 N 0xd5fe3254
0x8b41e6c BTB index out of boundsN 0x0
0xf49f5a8c BTB index out of boundsN 0x0
0x36399e4 BTB index out of boundsN 0x0
0x8b41e6c BTB index out of boundsN 0x0
0x8b41e6c BTB index out of boundsN 0x0
0x36399e4 BTB index out of boundsN 0x0
0x4823c BTB index out of boundsN 0x0
0xf49f5a8c BTB index out of boundsN 0x0
0x568b0 N 0x568b4
0x8b41e6c BTB index out of boundsN 0x0
0x36399e4 BTB index out of boundsN 0x0
0x4823c BTB index out of boundsN 0x0
0x36399e4 BTB index out of boundsN 0x0
0x4823c BTB index out of boundsN 0x0
0x8b41e6c BTB index out of boundsN 0x0
0xf49f5a8c BTB index out of boundsN 0x0
0x36399e4 BTB index out of boundsN 0x0
0xd5fe3250 N 0xd5fe3254
0x4823c BTB index out of boundsN 0x0
0x8b41e6c BTB index out of boundsN 0x0
0x568b0 N 0x568b4
0x4823c BTB index out of boundsN 0x0
0x8b41e6c BTB index out of boundsN 0x0
0xf49f5a8c BTB index out of boundsN 0x0
0x8b41e6c BTB index out of boundsN 0x0
0x4823c BTB index out of boundsN 0x0
0x8b41e6c BTB index out of boundsN 0x0
0x36399e4 BTB index out of boundsN 0x0
0xd5fe3250 N 0xd5fe3254
0xd5fe3250 T 0xeaaa0
0x8b41e6c BTB index out of boundsN 0x0
0xd5fe3250 T 0xeaaa0
0x4823c BTB index out of boundsN 0x0
0xd5fe3250 T 0xeaaa0
0xf49f5a8c BTB index out of boundsN 0x0
0x568b0 N 0x568b4
0x4823c BTB index out of boundsN 0x0
0xf49f5a8c BTB index out of boundsN 0x0
0x568b0 T 0x7384
0x36399e4 BTB index out of boundsN 0x0
0xf49f5a8c BTB index out of boundsN 0x0
0xd5fe3250 N 0xd5fe3254
0x568b0 N 0x568b4
0x8b41e6c BTB index out of boundsN 0x0
0x4823c BTB index out of boundsN 0x0
0xf49f5a8c BTB index out of boundsN 0x0
0x568b0 T 0x7384
0x36399e4 BTB index out of boundsN 0x0
0x4823c BTB index out of boundsN 0x0
0xd5fe3250 N 0xd5fe3254
0x4823c BTB index out of boundsN 0x0
0x4823c BTB index out of boundsN 0x0
0x36399e4 BTB index out of boundsN 0x0
0x4823c BTB index out of boundsN 0x0
0x36399e4 BTB index out of boundsN 0x0
0x8b41e6c BTB index out of boundsN 0x0
0x568b0 N 0x568b4
0x4823c BTB index out of boundsN 0x0
0xd5fe3250 N 0xd5fe3254
0xf49f5a8c BTB index out of boundsN 0x0
0xd5fe3250 T 0xeaaa0
0xf49f5a8c BTB index out of boundsN 0x0
0x36399e4 BTB index out of boundsN 0x0
0x568b0 N 0x568b4
0x36399e4 BTB index out of boundsN 0x0
0xd5fe3250 N 0xd5fe3254
0x568b0 N 0x568b4
0x36399e4 BTB index out of boundsN 0x0
0x568b0 T 0x7384
0x8b41e6c BTB index out of boundsN 0x0
0xf49f5a8c BTB index out of boundsN 0x0
0xd5fe3250 N 0xd5fe3254
0x8b41e6c BTB index out of boundsN 0x0
0x4823c BTB index out of boundsN 0x0
0xd5fe3250 T 0xeaaa0
0x8b41e6c BTB index out of boundsN 0x0
0x8b41e6c BTB index out of boundsN 0x0
0xf49f5a8c BTB index out of boundsN 0x0
0x36399e4 BTB index out of boundsN 0x0
0x36399e4 BTB index out of boundsN 0x0
0xd5fe3250 T 0xeaaa0
0x4823c BTB index out of boundsN 0x0
0x4823c BTB index out of boundsN 0x0
0x4823c BTB index out of boundsN 0x0
0x36399e4 BTB index out of boundsN 0x0
0x4823c BTB index out of boundsN 0x0
0x8b41e6c BTB index out of boundsN 0x0
0xf49f5a8c BTB index out of boundsN 0x0
0x4823c BTB index out of boundsN 0x0
0x36399e4 BTB index out of boundsN 0x0
0xd5fe3250 T 0xeaaa0
0x36399e4 BTB index out of boundsN 0x0
0xf49f5a8c BTB index out of boundsN 0x0
0x568b0 N 0x568b4
0xf49f5a8c BTB index out of boundsN 0x0
0x36399e4 BTB index out of boundsN 0x0
0xd5fe3250 N 0xd5fe3254
0x4823c BTB index out of boundsN 0x0
0x36399e4 BTB index out of boundsN 0x0
0x36399e4 BTB index out of boundsN 0x0
0x568b0 N 0x568b4
0xd5fe3250 N 0xd5fe3254
0x36399e4 BTB index out of boundsN 0x0
0xd5fe3250 T 0xeaaa0
0x4823c BTB index out of boundsN 0x0
0x8b41e6c BTB index out of boundsN 0x0
0x36399e4 BTB index out of boundsN 0x0
0x568b0 N 0x568b4
0x4823c BTB index out of boundsN 0x0
0xd5fe3250 N 0xd5fe3254
0x4823c BTB index out of boundsN 0x0
0x568b0 N 0x568b4
0xf49f5a8c BTB index out of boundsN 0x0
0xd5fe3250 N 0xd5fe3254
0x4823c BTB index out of boundsN 0x0
0xf49f5a8c BTB index out of boundsN 0x0
0x4823c BTB index out of boundsN 0x0
0x36399e4 BTB index out of boundsN 0x0
0x568b0 N 0x568b4
0xf49f5a8c BTB index out of boundsN 0x0
0x4823c BTB index out of boundsN 0x0
0xf49f5a8c BTB index out of boundsN 0x0
0x4823c BTB index out of boundsN 0x0
0xf49f5a8c BTB index out of boundsN 0x0
0x568b0 T 0x7384
0x36399e4 BTB index out of boundsN 0x0
0x8b41e6c BTB index out of boundsN 0x0
0xf49f5a8c BTB index out of boundsN 0x0
0x568b0 T 0x7384
0xf49f5a8c BTB index out of boundsN 0x0
0x568b0 T 0x7384
0x36399e4 BTB index out of boundsN 0x0
0xf49f5a8c BTB index out of boundsN 0x0
0xd5fe3250 N 0xd5fe3254
0xd5fe3250 T 0xeaaa0
0x568b0 N 0x568b4
0x568b0 T 0x7384
0x36399e4 BTB index out of boundsN 0x0
0xf49f5a8c BTB index out of boundsN 0x0
0xd5fe3250 N 0xd5fe3254
0xf49f5a8c BTB index out of boundsN 0x0
0xf49f5a8c BTB index out of boundsN 0x0
0x36399e4 BTB index out of boundsN 0x0
0x36399e4 BTB index out of boundsN 0x0
0xd5fe3250 T 0xeaaa0
0x4823c BTB index out of boundsN 0x0
0xf49f5a8c BTB index out of boundsN 0x0
0x8b41e6c BTB index out of boundsN 0x0
0x36399e4 BTB index out of boundsN 0x0
0x568b0 N 0x568b4
0x8b41e6c BTB index out of boundsN 0x0
0x568b0 T 0x7384
0x4823c BTB index out of boundsN 0x0
0x4823c BTB index out of boundsN 0x0
0xd5fe3250 N 0xd5fe3254
0x568b0 N 0x568b4
0x36399e4 BTB index out of boundsN 0x0
0x8b41e6c BTB index out of boundsN 0x0
0x36399e4 BTB index out of boundsN 0x0
0x568b0 T 0x7384
0x4823c BTB index out of boundsN 0x0
0x36399e4 BTB index out of boundsN 0x0
0x36399e4 BTB index out of boundsN 0x0
0x8b41e6c BTB index out of boundsN 0x0
0xf49f5a8c BTB index out of boundsN 0x0
0xd5fe3250 N 0xd5fe3254
0xd5fe3250 T 0xeaaa0
0x4823c BTB index out of boundsN 0x0
0x8b41e6c BTB index out of boundsN 0x0
0x4823c BTB index out of boundsN 0x0
0x36399e4 BTB index out of boundsN 0x0
0xf49f5a8c BTB index out of boundsN 0x0
0x4823c BTB index out of boundsN 0x0
0x36399e4 BTB index out of boundsN 0x0
0x8b41e6c BTB index out of boundsN 0x0
0xd5fe3250 T 0xeaaa0
0x8b41e6c BTB index out of boundsN 0x0
0x568b0 N 0x568b4
0x568b0 T 0x7384
0x568b0 T 0x7384
0x36399e4 BTB index out of boundsN 0x0
0x568b0 T 0x7384
0xf49f5a8c BTB index out of boundsN 0x0
0x568b0 T 0x7384
0xd5fe3250 N 0xd5fe3254
0xf49f5a8c BTB index out of boundsN 0x0
0x568b0 N 0x568b4
0x8b41e6c BTB index out of boundsN 0x0
0xf49f5a8c BTB index out of boundsN 0x0
0xd5fe3250 N 0xd5fe3254
0x4823c BTB index out of boundsN 0x0
0x36399e4 BTB index out of boundsN 0x0
0x4823c BTB index out of boundsN 0x0
0xd5fe3250 T 0xeaaa0
0x568b0 N 0x568b4
0x4823c BTB index out of boundsN 0x0
0xf49f5a8c BTB index out of boundsN 0x0
0x4823c BTB index out of boundsN 0x0
0x8b41e6c BTB index out of boundsN 0x0
0xd5fe3250 N 0xd5fe3254
0x36399e4 BTB index out of boundsN 0x0
0xf49f5a8c BTB index out of boundsN 0x0
0x568b0 N 0x568b4
0x8b41e6c BTB index out of boundsN 0x0
0x8b41e6c BTB index out of boundsN 0x0
0xd5fe3250 N 0xd5fe3254
0x568b0 N 0x568b4
0x36399e4 BTB index out of boundsN 0x0
0xf49f5a8c BTB index out of boundsN 0x0
0x4823c BTB index out of boundsN 0x0
0x8b41e6c BTB index out of boundsN 0x0
0x568b0 T 0x7384
0x568b0 T 0x7384
0x36399e4 BTB index out of boundsN 0x0
0xd5fe3250 N 0xd5fe3254
0x568b0 N 0x568b4
0x4823c BTB index out of boundsN 0x0
0x36399e4 BTB index out of boundsN 0x0
0x4823c BTB index out of boundsN 0x0
0x4823c BTB index out of boundsN 0x0
0x568b0 T 0x7384
0x36399e4 BTB index out of boundsN 0x0
0x8b41e6c BTB index out of boundsN 0x0
0xd5fe3250 N 0xd5fe3254
0xf49f5a8c BTB index out of boundsN 0x0
0x8b41e6c BTB index out of boundsN 0x0
0x8b41e6c BTB index out of boundsN 0x0
0xf49f5a8c BTB index out of boundsN 0x0
0x4823c BTB index out of boundsN 0x0
0xf49f5a8c BTB index out of boundsN 0x0
0xf49f5a8c BTB index out of boundsN 0x0
0x4823c BTB index out of boundsN 0x0
0xf49f5a8c BTB index out of boundsN 0x0
0xf49f5a8c BTB index out of boundsN 0x0
0xd5fe3250 T 0xeaaa0
0x4823c BTB index out of boundsN 0x0
0x568b0 N 0x568b4
0xf49f5a8c BTB index out of boundsN 0x0
0xd5fe3250 N 0xd5fe3254
0xd5fe3250 T 0xeaaa0
0xd5fe3250 T 0xeaaa0
0x568b0 N 0x568b4
0x4823c BTB index out of boundsN 0x0
0x8b41e6c BTB index out of boundsN 0x0
0x4823c BTB index out of boundsN 0x0
0x8b41e6c BTB index out of boundsN 0x0
0xd5fe3250 N 0xd5fe3254
0x8b41e6c BTB index out of boundsN 0x0
0xf49f5a8c BTB index out of boundsN 0x0
0x4823c BTB index out of boundsN 0x0
0x4823c BTB index out of boundsN 0x0
0xd5fe3250 T 0xeaaa0
0xd5fe3250 T 0xeaaa0
0x36399e4 BTB index out of boundsN 0x0
0x8b41e6c BTB index out of boundsN 0x0
0xf49f5a8c BTB index out of boundsN 0x0
0x8b41e6c BTB index out of boundsN 0x0
0xd5fe3250 T 0xeaaa0
0x4823c BTB index out of boundsN 0x0
0x36399e4 BTB index out of boundsN 0x0
0x36399e4 BTB index out of boundsN 0x0
0x568b0 N 0x568b4
0x568b0 T 0x7384
0x568b0 T 0x7384
0x568b0 T 0x7384
0xd5fe3250 N 0xd5fe3254
0x568b0 N 0x568b4
0xf49f5a8c BTB index out of boundsN 0x0
0xf49f5a8c BTB index out of boundsN 0x0
0xd5fe3250 N 0xd5fe3254
0xf49f5a8c BTB index out of boundsN 0x0
0xf49f5a8c BTB index out of boundsN 0x0
0x36399e4 BTB index out of boundsN 0x0
0x36399e4 BTB index out of boundsN 0x0
0x4823c BTB index out of boundsN 0x0
0xd5fe3250 T 0xeaaa0
0x8b41e6c BTB index out of boundsN 0x0
0xf49f5a8c BTB index out of boundsN 0x0
0x4823c BTB index out of boundsN 0x0
0xd5fe3250 N 0xd5fe3254
0x4823c BTB index out of boundsN 0x0
0xd5fe3250 T 0xeaaa0
0x36399e4 BTB index out of boundsN 0x0
0x568b0 N 0x568b4
0x568b0 T 0x7384
0x8b41e6c BTB index out of boundsN 0x0
0x8b41e6c BTB index out of boundsN 0x0
0xd5fe3250 N 0xd5fe3254
0x4823c BTB index out of boundsN 0x0
0xd5fe3250 T 0xeaaa0
0x4823c BTB index out of boundsN 0x0
0x4823c BTB index out of boundsN 0x0
0x4823c BTB index out of boundsN 0x0
0x4823c BTB index out of boundsN 0x0
0xd5fe3250 T 0xeaaa0
0x8b41e6c BTB index out of boundsN 0x0
0x36399e4 BTB index out of boundsN 0x0
0xd5fe3250 T 0xeaaa0
0x8b41e6c BTB index out of boundsN 0x0
0x8b41e6c BTB index out of boundsN 0x0
0x8b41e6c BTB index out of boundsN 0x0
0x4823c BTB index out of boundsN 0x0
0x36399e4 BTB index out of boundsN 0x0
0x568b0 N 0x568b4
0x4823c BTB index out of boundsN 0x0
0x36399e4 BTB index out of boundsN 0x0
0x4823c BTB index out of boundsN 0x0
0xd5fe3250 N 0xd5fe3254
0xd5fe3250 T 0xeaaa0
0xd5fe3250 T 0xeaaa0
0x568b0 N 0x568b4
0x568b0 T 0x7384
0x568b0 T 0x7384
0xf49f5a8c BTB index out of boundsN 0x0
0x4823c BTB index out of boundsN 0x0
0x36399e4 BTB index out of boundsN 0x0
0x4823c BTB index out of boundsN 0x0
0x568b0 T 0x7384
0xd5fe3250 N 0xd5fe3254
0xd5fe3250 T 0xeaaa0
0x8b41e6c BTB index out of boundsN 0x0
0x4823c BTB index out of boundsN 0x0
0xf49f5a8c BTB index out of boundsN 0x0
0x4823c BTB index out of boundsN 0x0
0xd5fe3250 T 0xeaaa0
0x568b0 N 0x568b4
0xf49f5a8c BTB index out of boundsN 0x0
0xd5fe3250 N 0xd5fe3254
0xd5fe3250 T 0xeaaa0
0x36399e4 BTB index out of boundsN 0x0
0x568b0 N 0x568b4
0x36399e4 BTB index out of boundsN 0x0
0x4823c BTB index out of boundsN 0x0
0x36399e4 BTB index out of boundsN 0x0
0xd5fe3250 N 0xd5fe3254
0x36399e4 BTB index out of boundsN 0x0
0x36399e4 BTB index out of boundsN 0x0
0x4823c BTB index out of boundsN 0x0
0x568b0 N 0x568b4
0x8b41e6c BTB index out of boundsN 0x0
0xf49f5a8c BTB index out of boundsN 0x0
0x568b0 T 0x7384
0xf49f5a8c BTB index out of boundsN 0x0
0x36399e4 BTB index out of boundsN 0x0
0x8b41e6c BTB index out of boundsN 0x0
0x4823c BTB index out of boundsN 0x0
0xf49f5a8c BTB index out of boundsN 0x0
0x568b0 T 0x7384
0xd5fe3250 N 0xd5fe3254
0xf49f5a8c BTB index out of boundsN 0x0
0x8b41e6c BTB index out of boundsN 0x0
0x36399e4 BTB index out of boundsN 0x0
0x8b41e6c BTB index out of boundsN 0x0
0xd5fe3250 T 0xeaaa0
0xd5fe3250 T 0xeaaa0
0x568b0 N 0x568b4
0x4823c BTB index out of boundsN 0x0
0x8b41e6c BTB index out of boundsN 0x0
0x8b41e6c BTB index out of boundsN 0x0
0x568b0 T 0x7384
0x36399e4 BTB index out of boundsN 0x0
0x36399e4 BTB index out of boundsN 0x0
0x36399e4 BTB index out of boundsN 0x0
0x36399e4 BTB index out of boundsN 0x0
0xd5fe3250 N 0xd5fe3254
0x36399e4 BTB index out of boundsN 0x0
0xf49f5a8c BTB index out of boundsN 0x0
0x4823c BTB index out of boundsN 0x0
0x8b41e6c BTB index out of boundsN 0x0
0x36399e4 BTB index out of boundsN 0x0
0x4823c BTB index out of boundsN 0x0
0x4823c BTB index out of boundsN 0x0
0x8b41e6c BTB index out of boundsN 0x0
0xd5fe3250 T 0xeaaa0
0xf49f5a8c BTB index out of boundsN 0x0
0x568b0 N 0x568b4
0xd5fe3250 N 0xd5fe3254
0x4823c BTB index out of boundsN 0x0
0x8b41e6c BTB index out of boundsN 0x0
0x568b0 N 0x568b4
0x4823c BTB index out of boundsN 0x0
0x8b41e6c BTB index out of boundsN 0x0
0x36399e4 BTB index out of boundsN 0x0
0x568b0 T 0x7384
0x36399e4 BTB index out of boundsN 0x0
0xd5fe3250 N 0xd5fe3254
0xf49f5a8c BTB index out of boundsN 0x0
0x568b0 N 0x568b4
0x4823c BTB index out of boundsN 0x0
0x8b41e6c BTB index out of boundsN 0x0
0x8b41e6c BTB index out of boundsN 0x0
0xd5fe3250 N 0xd5fe3254
0x4823c BTB index out of boundsN 0x0
0xf49f5a8c BTB index out of boundsN 0x0
0x8b41e6c BTB index out of boundsN 0x0
0x8b41e6c BTB index out of boundsN 0x0
0x8b41e6c BTB index out of boundsN 0x0
0xf49f5a8c BTB index out of boundsN 0x0
0x568b0 N 0x568b4
0x4823c BTB index out of boundsN 0x0
0x4823c BTB index out of boundsN 0x0
0x4823c BTB index out of boundsN 0x0
0x8b41e6c BTB index out of boundsN 0x0
0x568b0 T 0x7384
0xf49f5a8c BTB index out of boundsN 0x0
0xd5fe3250 N 0xd5fe3254
0x8b41e6c BTB index out of boundsN 0x0
0xd5fe3250 T 0xeaaa0
0xd5fe3250 T 0xeaaa0
0xf49f5a8c BTB index out of boundsN 0x0
0x36399e4 BTB index out of boundsN 0x0
0x4823c BTB index out of boundsN 0x0
0xd5fe3250 T 0xeaaa0
0xd5fe3250 T 0xeaaa0
0xf49f5a8c BTB index out of boundsN 0x0
0xd5fe3250 T 0xeaaa0
0x8b41e6c BTB index out of boundsN 0x0
0x36399e4 BTB index out of boundsN 0x0
0x4823c BTB index out of boundsN 0x0
0x36399e4 BTB index out of boundsN 0x0
0xd5fe3250 T 0xeaaa0
0x8b41e6c BTB index out of boundsN 0x0
0x4823c BTB index out of boundsN 0x0
0x568b0 N 0x568b4
0x4823c BTB index out of boundsN 0x0
0x568b0 T 0x7384
0x36399e4 BTB index out of boundsN 0x0
0x568b0 T 0x7384
0x568b0 T 0x7384
0xf49f5a8c BTB index out of boundsN 0x0
0x568b0 T 0x7384
0xd5fe3250 N 0xd5fe3254
0x4823c BTB index out of boundsN 0x0
0x36399e4 BTB index out of boundsN 0x0
0xd5fe3250 T 0xeaaa0
0xf49f5a8c BTB index out of boundsN 0x0
0xf49f5a8c BTB index out of boundsN 0x0
0x36399e4 BTB index out of boundsN 0x0
0x4823c BTB index out of boundsN 0x0
0xd5fe3250 T 0xeaaa0
0x568b0 N 0x568b4
0xd5fe3250 N 0xd5fe3254
0xf49f5a8c BTB index out of boundsN 0x0
0x4823c BTB index out of boundsN 0x0
0xf49f5a8c BTB index out of boundsN 0x0
0x36399e4 BTB index out of boundsN 0x0
0x568b0 N 0x568b4
0x4823c BTB index out of boundsN 0x0
0xf49f5a8c BTB index out of boundsN 0x0
0x4823c BTB index out of boundsN 0x0
0xd5fe3250 N 0xd5fe3254
0xd5fe3250 T 0xeaaa0
0x8b41e6c BTB index out of boundsN 0x0
0xf49f5a8c BTB index out of boundsN 0x0
0x8b41e6c BTB index out of boundsN 0x0
0xd5fe3250 T 0xeaaa0
0x568b0 N 0x568b4
0x4823c BTB index out of boundsN 0x0
0xd5fe3250 N 0xd5fe3254
0x36399e4 BTB index out of boundsN 0x0
0x36399e4 BTB index out of boundsN 0x0
0x4823c BTB index out of boundsN 0x0
0xf49f5a8c BTB index out of boundsN 0x0
0x36399e4 BTB index out of boundsN 0x0
0xd5fe3250 T 0xeaaa0
0xd5fe3250 T 0xeaaa0
0xd5fe3250 T 0xeaaa0
0x4823c BTB index out of boundsN 0x0
0x568b0 N 0x568b4
0x568b0 T 0x7384
0xd5fe3250 N 0xd5fe3254
0x36399e4 BTB index out of boundsN 0x0
0xf49f5a8c BTB index out of boundsN 0x0
0x4823c BTB index out of boundsN 0x0
0xd5fe3250 T 0xeaaa0
0xf49f5a8c BTB index out of boundsN 0x0
0xf49f5a8c BTB index out of boundsN 0x0
0x8b41e6c BTB index out of boundsN 0x0
0x36399e4 BTB index out of boundsN 0x0
0x36399e4 BTB index out of boundsN 0x0
0x8b41e6c BTB index out of boundsN 0x0
0xd5fe3250 T 0xeaaa0
0x8b41e6c BTB index out of boundsN 0x0
0x36399e4 BTB index out of boundsN 0x0
0xf49f5a8c BTB index out of boundsN 0x0
0x36399e4 BTB index out of boundsN 0x0
0xf49f5a8c BTB index out of boundsN 0x0
0x8b41e6c BTB index out of boundsN 0x0
0xf49f5a8c BTB index out of boundsN 0x0
0x4823c BTB index out of boundsN 0x0
0xf49f5a8c BTB index out of boundsN 0x0
0xd5fe3250 T 0xeaaa0
0x4823c BTB index out of boundsN 0x0
0xd5fe3250 T 0xeaaa0
0x36399e4 BTB index out of boundsN 0x0
0x8b41e6c BTB index out of boundsN 0x0
0x8b41e6c BTB index out of boundsN 0x0
0x568b0 N 0x568b4
0xd5fe3250 N 0xd5fe3254
0xf49f5a8c BTB index out of boundsN 0x0
0x8b41e6c BTB index out of boundsN 0x0
0x36399e4 BTB index out of boundsN 0x0
0x4823c BTB index out of boundsN 0x0
0x8b41e6c BTB index out of boundsN 0x0
0xf49f5a8c BTB index out of boundsN 0x0
0x36399e4 BTB index out of boundsN 0x0
0x36399e4 BTB index out of boundsN 0x0
0x4823c BTB index out of boundsN 0x0
0xd5fe3250 T 0xeaaa0
0x36399e4 BTB index out of boundsN 0x0
0x4823c BTB index out of boundsN 0x0
0x36399e4 BTB index out of boundsN 0x0
0xd5fe3250 T 0xeaaa0
0x8b41e6c BTB index out of boundsN 0x0
0x36399e4 BTB index out of boundsN 0x0
0xf49f5a8c BTB index out of boundsN 0x0
0xf49f5a8c BTB index out of boundsN 0x0
0xd5fe3250 T 0xeaaa0
0x4823c BTB index out of boundsN 0x0
0x8b41e6c BTB index out of boundsN 0x0
0x568b0 N 0x568b4
0xf49f5a8c BTB index out of boundsN 0x0
0x568b0 T 0x7384
0x4823c BTB index out of boundsN 0x0
0x8b41e6c BTB index out of boundsN 0x0
0x36399e4 BTB index out of boundsN 0x0
0xd5fe3250 N 0xd5fe3254
0x8b41e6c BTB index out of boundsN 0x0
0x4823c BTB index out of boundsN 0x0
0x4823c BTB index out of boundsN 0x0
0x8b41e6c BTB index out of boundsN 0x0
0x36399e4 BTB index out of boundsN 0x0
0x568b0 N 0x568b4
0x8b41e6c BTB index out of boundsN 0x0
0xf49f5a8c BTB index out of boundsN 0x0
0xd5fe3250 N 0xd5fe3254
0x8b41e6c BTB index out of boundsN 0x0
0x4823c BTB index out of boundsN 0x0
0xf49f5a8c BTB index out of boundsN 0x0
0x4823c BTB index out of boundsN 0x0
0x4823c BTB index out of boundsN 0x0
0x8b41e6c BTB index out of boundsN 0x0
0xd5fe3250 T 0xeaaa0
0x4823c BTB index out of boundsN 0x0
0x4823c BTB index out of boundsN 0x0
0x4823c BTB index out of boundsN 0x0
0x4823c BTB index out of boundsN 0x0
0x568b0 N 0x568b4
0xd5fe3250 N 0xd5fe3254
0x4823c BTB index out of boundsN 0x0
0xf49f5a8c BTB index out of boundsN 0x0
0x8b41e6c BTB index out of boundsN 0x0
0xf49f5a8c BTB index out of boundsN 0x0
0x4823c BTB index out of boundsN 0x0
0xd5fe3250 T 0xeaaa0
0xf49f5a8c BTB index out of boundsN 0x0
0x8b41e6c BTB index out of boundsN 0x0
0xd5fe3250 T 0xeaaa0
0xd5fe3250 T 0xeaaa0
0x568b0 N 0x568b4
0x4823c BTB index out of boundsN 0x0
0xf49f5a8c BTB index out of boundsN 0x0
0xf49f5a8c BTB index out of boundsN 0x0
0x36399e4 BTB index out of boundsN 0x0
0xf49f5a8c BTB index out of boundsN 0x0
0x36399e4 BTB index out of boundsN 0x0
0x8b41e6c BTB index out of boundsN 0x0
0x36399e4 BTB index out of boundsN 0x0
0xf49f5a8c BTB index out of boundsN 0x0
0x8b41e6c BTB index out of boundsN 0x0
0x4823c BTB index out of boundsN 0x0
0x4823c BTB index out of boundsN 0x0
0x568b0 T 0x7384
0x8b41e6c BTB index out of boundsN 0x0
0x8b41e6c BTB index out of boundsN 0x0
0xd5fe3250 N 0xd5fe3254
0x568b0 N 0x568b4
0xf49f5a8c BTB index out of boundsN 0x0
0xd5fe3250 N 0xd5fe3254
0x8b41e6c BTB index out of boundsN 0x0
0xd5fe3250 T 0xeaaa0
0x8b41e6c BTB index out of boundsN 0x0
0xf49f5a8c BTB index out of boundsN 0x0
0x8b41e6c BTB index out of boundsN 0x0
0x8b41e6c BTB index out of boundsN 0x0
0xd5fe3250 T 0xeaaa0
0xf49f5a8c BTB index out of boundsN 0x0
0xd5fe3250 T 0xeaaa0
0x4823c BTB index out of boundsN 0x0
0xf49f5a8c BTB index out of boundsN 0x0
0x4823c BTB index out of boundsN 0x0
0x36399e4 BTB index out of boundsN 0x0
0x36399e4 BTB index out of boundsN 0x0
0x568b0 N 0x568b4
0x8b41e6c BTB index out of boundsN 0x0
0x36399e4 BTB index out of boundsN 0x0
0x568b0 T 0x7384
0xd5fe3250 N 0xd5fe3254
0x8b41e6c BTB index out of boundsN 0x0
0xd5fe3250 T 0xeaaa0
0x568b0 N 0x568b4
0x8b41e6c BTB index out of boundsN 0x0
0x36399e4 BTB index out of boundsN 0x0
0x8b41e6c BTB index out of boundsN 0x0
0x36399e4 BTB index out of boundsN 0x0
0xd5fe3250 N 0xd5fe3254
0xd5fe3250 T 0xeaaa0
0xd5fe3250 T 0xeaaa0
0x568b0 N 0x568b4
0x8b41e6c BTB index out of boundsN 0x0
0xf49f5a8c BTB index out of boundsN 0x0
0x36399e4 BTB index out of boundsN 0x0
0x36399e4 BTB index out of boundsN 0x0
0x36399e4 BTB index out of boundsN 0x0
0x8b41e6c BTB index out of boundsN 0x0
0x8b41e6c BTB index out of boundsN 0x0
0x8b41e6c BTB index out of boundsN 0x0
0x8b41e6c BTB index out of boundsN 0x0
0x36399e4 BTB index out of boundsN 0x0
0x568b0 T 0x7384
0x568b0 T 0x7384
0xf49f5a8c BTB index out of boundsN 0x0
0x4823c BTB index out of boundsN 0x0
0x36399e4 BTB index out of boundsN 0x0
0x36399e4 BTB index out of boundsN 0x0
0x36399e4 BTB index out of boundsN 0x0
0x8b41e6c BTB index out of boundsN 0x0
0x4823c BTB index out of boundsN 0x0
0x4823c BTB index out of boundsN 0x0
0x8b41e6c BTB index out of boundsN 0x0
0x4823c BTB index out of boundsN 0x0
0x8b41e6c BTB index out of boundsN 0x0
0xf49f5a8c BTB index out of boundsN 0x0
0x36399e4 BTB index out of boundsN 0x0
0x4823c BTB index out of boundsN 0x0
0x36399e4 BTB index out of boundsN 0x0
0x8b41e6c BTB index out of boundsN 0x0
0x8b41e6c BTB index out of boundsN 0x0
0x36399e4 BTB index out of boundsN 0x0
0xd5fe3250 N 0xd5fe3254
0x4823c BTB index out of boundsN 0x0
0x4823c BTB index out of boundsN 0x0
0x8b41e6c BTB index out of boundsN 0x0
0x8b41e6c BTB index out of boundsN 0x0
0x568b0 N 0x568b4
0xd5fe3250 N 0xd5fe3254
0x568b0 N 0x568b4
0xf49f5a8c BTB index out of boundsN 0x0
0x36399e4 BTB index out of boundsN 0x0
0x568b0 T 0x7384
0x8b41e6c BTB index out of boundsN 0x0
0x8b41e6c BTB index out of boundsN 0x0
0x568b0 T 0x7384
0x8b41e6c BTB index out of boundsN 0x0
0x4823c BTB index out of boundsN 0x0
0x8b41e6c BTB index out of boundsN 0x0
0x8b41e6c BTB index out of boundsN 0x0
0x4823c BTB index out of boundsN 0x0
0xf49f5a8c BTB index out of boundsN 0x0
0x36399e4 BTB index out of boundsN 0x0
0x4823c BTB index out of boundsN 0x0
0xf49f5a8c BTB index out of boundsN 0x0
0x568b0 T 0x7384
0x4823c BTB index out of boundsN 0x0
0xf49f5a8c BTB index out of boundsN 0x0
0xd5fe3250 N 0xd5fe3254
0xd5fe3250 T 0xeaaa0
0x36399e4 BTB index out of boundsN 0x0
0x8b41e6c BTB index out of boundsN 0x0
0x4823c BTB index out of boundsN 0x0
0x4823c BTB index out of boundsN 0x0
0x36399e4 BTB index out of boundsN 0x0
0xf49f5a8c BTB index out of boundsN 0x0
0xd5fe3250 T 0xeaaa0
0xd5fe3250 T 0xeaaa0
0x8b41e6c BTB index out of boundsN 0x0
0x4823c BTB index out of boundsN 0x0
0xd5fe3250 T 0xeaaa0
0xd5fe3250 N 0xd5fe3254
0xf49f5a8c BTB index out of boundsN 0x0
0x8b41e6c BTB index out of boundsN 0x0
0x8b41e6c BTB index out of boundsN 0x0
0x8b41e6c BTB index out of boundsN 0x0
0xf49f5a8c BTB index out of boundsN 0x0
0x568b0 N 0x568b4
0xd5fe3250 N 0xd5fe3254
0x36399e4 BTB index out of boundsN 0x0
0x4823c BTB index out of boundsN 0x0
0x36399e4 BTB index out of boundsN 0x0
0xf49f5a8c BTB index out of boundsN 0x0
0x4823c BTB index out of boundsN 0x0
0x4823c BTB index out of boundsN 0x0
0x4823c BTB index out of boundsN 0x0
0x8b41e6c BTB index out of boundsN 0x0
0x568b0 N 0x568b4
0xf49f5a8c BTB index out of boundsN 0x0
0x8b41e6c BTB index out of boundsN 0x0
0x36399e4 BTB index out of boundsN 0x0
0x4823c BTB index out of boundsN 0x0
0x8b41e6c BTB index out of boundsN 0x0
0xd5fe3250 N 0xd5fe3254
0x568b0 N 0x568b4
0xf49f5a8c BTB index out of boundsN 0x0
0x36399e4 BTB index out of boundsN 0x0
0x36399e4 BTB index out of boundsN 0x0
0x8b41e6c BTB index out of boundsN 0x0
0x36399e4 BTB index out of boundsN 0x0
0x568b0 T 0x7384
0xd5fe3250 N 0xd5fe3254
0x4823c BTB index out of boundsN 0x0
0x4823c BTB index out of boundsN 0x0
