0x3168e28 N 0x3168e2c
0x80a5c BTB index out of boundsN 0x0
0x6a2e28c8 N 0x6a2e28cc
0x80a5c BTB index out of boundsN 0x0
0xd774074 BTB index out of boundsN 0x0
0x6a2e28c8 T 0x6a98
0x6a2e28c8 T 0x6a98
0xd774074 BTB index out of boundsN 0x0
0x6a2e28c8 T 0x6a98
0x80a5c BTB index out of boundsN 0x0
0x6a2e28c8 T 0x6a98
0x6a2e28c8 T 0x6a98
0x3168e28 N 0x3168e2c
0x80a5c BTB index out of boundsN 0x0
0x6a2e28c8 N 0x6a2e28cc
0x6a2e28c8 T 0x6a98
0x6a2e28c8 T 0x6a98
0x6a2e28c8 T 0x6a98
0x80a5c BTB index out of boundsN 0x0
0x3168e28 N 0x3168e2c
0x6a2e28c8 N 0x6a2e28cc
0xd774074 BTB index out of boundsN 0x0
0x3168e28 N 0x3168e2c
0x80a5c BTB index out of boundsN 0x0
0xd774074 BTB index out of boundsN 0x0
0x3168e28 T 0xeec
0x6a2e28c8 N 0x6a2e28cc
0x3168e28 N 0x3168e2c
0xd774074 BTB index out of boundsN 0x0
0x6a2e28c8 N 0x6a2e28cc
0x80a5c BTB index out of boundsN 0x0
0xd774074 BTB index out of boundsN 0x0
0x80a5c BTB index out of boundsN 0x0
0x6a2e28c8 T 0x6a98
0xd774074 BTB index out of boundsN 0x0
0xd774074 BTB index out of boundsN 0x0
0x6a2e28c8 T 0x6a98
0x80a5c BTB index out of boundsN 0x0
0x3168e28 N 0x3168e2c
0x3168e28 T 0xeec
0x3168e28 N 0x3168e2c
0x3168e28 N 0x3168e2c
0x80a5c BTB index out of boundsN 0x0
0x3168e28 T 0xeec
0xd774074 BTB index out of boundsN 0x0
0x3168e28 T 0xeec
0xd774074 BTB index out of boundsN 0x0
0x80a5c BTB index out of boundsN 0x0
0x3168e28 T 0xeec
0x80a5c BTB index out of boundsN 0x0
0x6a2e28c8 N 0x6a2e28cc
0x80a5c BTB index out of boundsN 0x0
0x3168e28 N 0x3168e2c
0xd774074 BTB index out of boundsN 0x0
0x6a2e28c8 N 0x6a2e28cc
0x3168e28 N 0x3168e2c
0xd774074 BTB index out of boundsN 0x0
0x6a2e28c8 N 0x6a2e28cc
0x80a5c BTB index out of boundsN 0x0
0xd774074 BTB index out of boundsN 0x0
0x3168e28 N 0x3168e2c
0xd774074 BTB index out of boundsN 0x0
0x80a5c BTB index out of boundsN 0x0
0xd774074 BTB index out of boundsN 0x0
0x6a2e28c8 N 0x6a2e28cc
0x80a5c BTB index out of boundsN 0x0
0x3168e28 N 0x3168e2c
0x6a2e28c8 N 0x6a2e28cc
0x6a2e28c8 T 0x6a98
0x3168e28 N 0x3168e2c
0xd774074 BTB index out of boundsN 0x0
0x3168e28 T 0xeec
0x3168e28 N 0x3168e2c
0x80a5c BTB index out of boundsN 0x0
0x6a2e28c8 N 0x6a2e28cc
0xd774074 BTB index out of boundsN 0x0
0x3168e28 N 0x3168e2c
0x3168e28 T 0xeec
0x3168e28 T 0xeec
0xd774074 BTB index out of boundsN 0x0
0x6a2e28c8 N 0x6a2e28cc
0x6a2e28c8 T 0x6a98
0xd774074 BTB index out of boundsN 0x0
0x80a5c BTB index out of boundsN 0x0
0xd774074 BTB index out of boundsN 0x0
0x6a2e28c8 T 0x6a98
0x3168e28 N 0x3168e2c
0x6a2e28c8 N 0x6a2e28cc
0x80a5c BTB index out of boundsN 0x0
0x80a5c BTB index out of boundsN 0x0
0x6a2e28c8 T 0x6a98
0xd774074 BTB index out of boundsN 0x0
0x3168e28 N 0x3168e2c
0x3168e28 T 0xeec
0x80a5c BTB index out of boundsN 0x0
0x3168e28 T 0xeec
0x80a5c BTB index out of boundsN 0x0
0x3168e28 T 0xeec
0x3168e28 T 0xeec
0xd774074 BTB index out of boundsN 0x0
0x3168e28 T 0xeec
0x3168e28 N 0x3168e2c
0x6a2e28c8 N 0x6a2e28cc
0xd774074 BTB index out of boundsN 0x0
0xd774074 BTB index out of boundsN 0x0
0x3168e28 N 0x3168e2c
0xd774074 BTB index out of boundsN 0x0
0xd774074 BTB index out of boundsN 0x0
0x3168e28 T 0xeec
0xd774074 BTB index out of boundsN 0x0
0x6a2e28c8 N 0x6a2e28cc
0x3168e28 N 0x3168e2c
0x6a2e28c8 N 0x6a2e28cc
0x80a5c BTB index out of boundsN 0x0
0x6a2e28c8 T 0x6a98
0x6a2e28c8 T 0x6a98
0xd774074 BTB index out of boundsN 0x0
0x3168e28 N 0x3168e2c
0xd774074 BTB index out of boundsN 0x0
0x6a2e28c8 N 0x6a2e28cc
0x3168e28 N 0x3168e2c
0x3168e28 T 0xeec
0xd774074 BTB index out of boundsN 0x0
0x3168e28 N 0x3168e2c
0x3168e28 N 0x3168e2c
0x6a2e28c8 N 0x6a2e28cc
0xd774074 BTB index out of boundsN 0x0
0xd774074 BTB index out of boundsN 0x0
0xd774074 BTB index out of boundsN 0x0
0xd774074 BTB index out of boundsN 0x0
0x6a2e28c8 T 0x6a98
0x80a5c BTB index out of boundsN 0x0
0xd774074 BTB index out of boundsN 0x0
0x80a5c BTB index out of boundsN 0x0
0x80a5c BTB index out of boundsN 0x0
0xd774074 BTB index out of boundsN 0x0
0x3168e28 N 0x3168e2c
0xd774074 BTB index out of boundsN 0x0
0x80a5c BTB index out of boundsN 0x0
0x3168e28 T 0xeec
0x6a2e28c8 N 0x6a2e28cc
0x3168e28 N 0x3168e2c
0x80a5c BTB index out of boundsN 0x0
0x6a2e28c8 N 0x6a2e28cc
0x80a5c BTB index out of boundsN 0x0
0x6a2e28c8 T 0x6a98
0x80a5c BTB index out of boundsN 0x0
0x3168e28 N 0x3168e2c
0xd774074 BTB index out of boundsN 0x0
0x6a2e28c8 N 0x6a2e28cc
0x6a2e28c8 T 0x6a98
0x6a2e28c8 N 0x6a2e28cc
0xd774074 BTB index out of boundsN 0x0
0x6a2e28c8 T 0x6a98
0xd774074 BTB index out of boundsN 0x0
0x80a5c BTB index out of boundsN 0x0
0x80a5c BTB index out of boundsN 0x0
0xd774074 BTB index out of boundsN 0x0
0x3168e28 N 0x3168e2c
0x6a2e28c8 N 0x6a2e28cc
0x3168e28 N 0x3168e2c
0xd774074 BTB index out of boundsN 0x0
0x80a5c BTB index out of boundsN 0x0
0x80a5c BTB index out of boundsN 0x0
0x3168e28 T 0xeec
0x80a5c BTB index out of boundsN 0x0
0xd774074 BTB index out of boundsN 0x0
0x6a2e28c8 N 0x6a2e28cc
0x6a2e28c8 T 0x6a98
0x3168e28 N 0x3168e2c
0x80a5c BTB index out of boundsN 0x0
0x80a5c BTB index out of boundsN 0x0
0xd774074 BTB index out of boundsN 0x0
0x80a5c BTB index out of boundsN 0x0
0x80a5c BTB index out of boundsN 0x0
0x6a2e28c8 N 0x6a2e28cc
0x3168e28 N 0x3168e2c
0xd774074 BTB index out of boundsN 0x0
0x80a5c BTB index out of boundsN 0x0
0x80a5c BTB index out of boundsN 0x0
0x3168e28 T 0xeec
0xd774074 BTB index out of boundsN 0x0
0x3168e28 N 0x3168e2c
0xd774074 BTB index out of boundsN 0x0
0xd774074 BTB index out of boundsN 0x0
0x80a5c BTB index out of boundsN 0x0
0x80a5c BTB index out of boundsN 0x0
0xd774074 BTB index out of boundsN 0x0
0x3168e28 T 0xeec
0x80a5c BTB index out of boundsN 0x0
0x6a2e28c8 N 0x6a2e28cc
0x3168e28 N 0x3168e2c
0x80a5c BTB index out of boundsN 0x0
0x6a2e28c8 N 0x6a2e28cc
0xd774074 BTB index out of boundsN 0x0
0x3168e28 N 0x3168e2c
0x80a5c BTB index out of boundsN 0x0
0x80a5c BTB index out of boundsN 0x0
0x6a2e28c8 N 0x6a2e28cc
0x6a2e28c8 T 0x6a98
0x6a2e28c8 N 0x6a2e28cc
0x6a2e28c8 N 0x6a2e28cc
0x3168e28 N 0x3168e2c
0x6a2e28c8 N 0x6a2e28cc
0x3168e28 N 0x3168e2c
0x6a2e28c8 N 0x6a2e28cc
0x3168e28 N 0x3168e2c
0x6a2e28c8 N 0x6a2e28cc
0x6a2e28c8 T 0x6a98
0xd774074 BTB index out of boundsN 0x0
0x3168e28 N 0x3168e2c
0x80a5c BTB index out of boundsN 0x0
0x80a5c BTB index out of boundsN 0x0
0x80a5c BTB index out of boundsN 0x0
0xd774074 BTB index out of boundsN 0x0
0x80a5c BTB index out of boundsN 0x0
0x80a5c BTB index out of boundsN 0x0
0xd774074 BTB index out of boundsN 0x0
0x80a5c BTB index out of boundsN 0x0
0xd774074 BTB index out of boundsN 0x0
0xd774074 BTB index out of boundsN 0x0
0x6a2e28c8 N 0x6a2e28cc
0x6a2e28c8 T 0x6a98
0x6a2e28c8 T 0x6a98
0x6a2e28c8 T 0x6a98
0xd774074 BTB index out of boundsN 0x0
0x3168e28 N 0x3168e2c
0x6a2e28c8 N 0x6a2e28cc
0xd774074 BTB index out of boundsN 0x0
0x80a5c BTB index out of boundsN 0x0
0xd774074 BTB index out of boundsN 0x0
0xd774074 BTB index out of boundsN 0x0
0x80a5c BTB index out of boundsN 0x0
0x3168e28 N 0x3168e2c
0x3168e28 T 0xeec
0x80a5c BTB index out of boundsN 0x0
0xd774074 BTB index out of boundsN 0x0
0x6a2e28c8 N 0x6a2e28cc
0xd774074 BTB index out of boundsN 0x0
0x80a5c BTB index out of boundsN 0x0
0x6a2e28c8 T 0x6a98
0x6a2e28c8 T 0x6a98
0x80a5c BTB index out of boundsN 0x0
0xd774074 BTB index out of boundsN 0x0
0x3168e28 N 0x3168e2c
0x3168e28 T 0xeec
0x3168e28 T 0xeec
0x3168e28 N 0x3168e2c
0x80a5c BTB index out of boundsN 0x0
0xd774074 BTB index out of boundsN 0x0
0xd774074 BTB index out of boundsN 0x0
0x3168e28 T 0xeec
0xd774074 BTB index out of boundsN 0x0
0xd774074 BTB index out of boundsN 0x0
0x3168e28 T 0xeec
0x6a2e28c8 N 0x6a2e28cc
0x80a5c BTB index out of boundsN 0x0
0x3168e28 N 0x3168e2c
0x3168e28 T 0xeec
0x3168e28 N 0x3168e2c
0xd774074 BTB index out of boundsN 0x0
0x3168e28 N 0x3168e2c
0xd774074 BTB index out of boundsN 0x0
0x6a2e28c8 N 0x6a2e28cc
0x80a5c BTB index out of boundsN 0x0
0x80a5c BTB index out of boundsN 0x0
0xd774074 BTB index out of boundsN 0x0
0x6a2e28c8 N 0x6a2e28cc
0xd774074 BTB index out of boundsN 0x0
0xd774074 BTB index out of boundsN 0x0
0xd774074 BTB index out of boundsN 0x0
0x6a2e28c8 N 0x6a2e28cc
0x3168e28 N 0x3168e2c
0x80a5c BTB index out of boundsN 0x0
0x80a5c BTB index out of boundsN 0x0
0x3168e28 T 0xeec
0x6a2e28c8 N 0x6a2e28cc
0xd774074 BTB index out of boundsN 0x0
0x80a5c BTB index out of boundsN 0x0
0x6a2e28c8 T 0x6a98
0x3168e28 N 0x3168e2c
0xd774074 BTB index out of boundsN 0x0
0xd774074 BTB index out of boundsN 0x0
0x3168e28 T 0xeec
0xd774074 BTB index out of boundsN 0x0
0x6a2e28c8 N 0x6a2e28cc
0x3168e28 N 0x3168e2c
0xd774074 BTB index out of boundsN 0x0
0xd774074 BTB index out of boundsN 0x0
0x3168e28 T 0xeec
0x3168e28 T 0xeec
0x6a2e28c8 N 0x6a2e28cc
0xd774074 BTB index out of boundsN 0x0
0x80a5c BTB index out of boundsN 0x0
0x6a2e28c8 T 0x6a98
0x80a5c BTB index out of boundsN 0x0
0xd774074 BTB index out of boundsN 0x0
0x3168e28 N 0x3168e2c
0x80a5c BTB index out of boundsN 0x0
0x3168e28 T 0xeec
0x80a5c BTB index out of boundsN 0x0
0xd774074 BTB index out of boundsN 0x0
0x3168e28 T 0xeec
0x3168e28 N 0x3168e2c
0x3168e28 T 0xeec
0x80a5c BTB index out of boundsN 0x0
0x80a5c BTB index out of boundsN 0x0
0x80a5c BTB index out of boundsN 0x0
0xd774074 BTB index out of boundsN 0x0
0x80a5c BTB index out of boundsN 0x0
0xd774074 BTB index out of boundsN 0x0
0xd774074 BTB index out of boundsN 0x0
0x3168e28 T 0xeec
0x80a5c BTB index out of boundsN 0x0
0x3168e28 T 0xeec
0x6a2e28c8 N 0x6a2e28cc
0x3168e28 N 0x3168e2c
0x6a2e28c8 N 0x6a2e28cc
0xd774074 BTB index out of boundsN 0x0
0x3168e28 N 0x3168e2c
0x80a5c BTB index out of boundsN 0x0
0x3168e28 T 0xeec
0x80a5c BTB index out of boundsN 0x0
0x3168e28 N 0x3168e2c
0xd774074 BTB index out of boundsN 0x0
0x6a2e28c8 N 0x6a2e28cc
0x3168e28 N 0x3168e2c
0x6a2e28c8 N 0x6a2e28cc
0xd774074 BTB index out of boundsN 0x0
0x3168e28 N 0x3168e2c
0x80a5c BTB index out of boundsN 0x0
0x3168e28 T 0xeec
0x3168e28 N 0x3168e2c
0x3168e28 T 0xeec
0xd774074 BTB index out of boundsN 0x0
0x3168e28 T 0xeec
0x80a5c BTB index out of boundsN 0x0
0x80a5c BTB index out of boundsN 0x0
0x3168e28 T 0xeec
0xd774074 BTB index out of boundsN 0x0
0x3168e28 T 0xeec
0x6a2e28c8 N 0x6a2e28cc
0xd774074 BTB index out of boundsN 0x0
0x3168e28 N 0x3168e2c
0x3168e28 T 0xeec
0xd774074 BTB index out of boundsN 0x0
0x80a5c BTB index out of boundsN 0x0
0x6a2e28c8 N 0x6a2e28cc
0x80a5c BTB index out of boundsN 0x0
0x80a5c BTB index out of boundsN 0x0
0x3168e28 N 0x3168e2c
0xd774074 BTB index out of boundsN 0x0
0xd774074 BTB index out of boundsN 0x0
0x3168e28 T 0xeec
0x6a2e28c8 N 0x6a2e28cc
0x3168e28 N 0x3168e2c
0x80a5c BTB index out of boundsN 0x0
0x6a2e28c8 N 0x6a2e28cc
0x6a2e28c8 T 0x6a98
0xd774074 BTB index out of boundsN 0x0
0x3168e28 N 0x3168e2c
0xd774074 BTB index out of boundsN 0x0
0x6a2e28c8 N 0x6a2e28cc
0x6a2e28c8 T 0x6a98
0xd774074 BTB index out of boundsN 0x0
0x3168e28 N 0x3168e2c
0x3168e28 T 0xeec
0x80a5c BTB index out of boundsN 0x0
0xd774074 BTB index out of boundsN 0x0
0xd774074 BTB index out of boundsN 0x0
0x6a2e28c8 N 0x6a2e28cc
0x3168e28 N 0x3168e2c
0xd774074 BTB index out of boundsN 0x0
0x6a2e28c8 N 0x6a2e28cc
0x3168e28 N 0x3168e2c
0xd774074 BTB index out of boundsN 0x0
0x6a2e28c8 N 0x6a2e28cc
0x3168e28 N 0x3168e2c
0x80a5c BTB index out of boundsN 0x0
0x3168e28 T 0xeec
0x6a2e28c8 N 0x6a2e28cc
0x80a5c BTB index out of boundsN 0x0
0x80a5c BTB index out of boundsN 0x0
0x3168e28 N 0x3168e2c
0x6a2e28c8 N 0x6a2e28cc
0xd774074 BTB index out of boundsN 0x0
0xd774074 BTB index out of boundsN 0x0
0x3168e28 N 0x3168e2c
0xd774074 BTB index out of boundsN 0x0
0x80a5c BTB index out of boundsN 0x0
0x6a2e28c8 N 0x6a2e28cc
0x80a5c BTB index out of boundsN 0x0
0x80a5c BTB index out of boundsN 0x0
0x80a5c BTB index out of boundsN 0x0
0xd774074 BTB index out of boundsN 0x0
0x80a5c BTB index out of boundsN 0x0
0x3168e28 N 0x3168e2c
0xd774074 BTB index out of boundsN 0x0
0xd774074 BTB index out of boundsN 0x0
0xd774074 BTB index out of boundsN 0x0
0x3168e28 T 0xeec
0x80a5c BTB index out of boundsN 0x0
0x80a5c BTB index out of boundsN 0x0
0x80a5c BTB index out of boundsN 0x0
0x80a5c BTB index out of boundsN 0x0
0x6a2e28c8 N 0x6a2e28cc
0x3168e28 N 0x3168e2c
0x80a5c BTB index out of boundsN 0x0
0x3168e28 T 0xeec
0xd774074 BTB index out of boundsN 0x0
0x6a2e28c8 N 0x6a2e28cc
0x3168e28 N 0x3168e2c
0xd774074 BTB index out of boundsN 0x0
0x80a5c BTB index out of boundsN 0x0
0x6a2e28c8 N 0x6a2e28cc
0xd774074 BTB index out of boundsN 0x0
0x80a5c BTB index out of boundsN 0x0
0x6a2e28c8 T 0x6a98
0xd774074 BTB index out of boundsN 0x0
0x3168e28 N 0x3168e2c
0x80a5c BTB index out of boundsN 0x0
0x6a2e28c8 N 0x6a2e28cc
0xd774074 BTB index out of boundsN 0x0
0x3168e28 N 0x3168e2c
0x80a5c BTB index out of boundsN 0x0
0x6a2e28c8 N 0x6a2e28cc
0x6a2e28c8 T 0x6a98
0x80a5c BTB index out of boundsN 0x0
0x80a5c BTB index out of boundsN 0x0
0x3168e28 N 0x3168e2c
0xd774074 BTB index out of boundsN 0x0
0x3168e28 T 0xeec
0x3168e28 T 0xeec
0xd774074 BTB index out of boundsN 0x0
0xd774074 BTB index out of boundsN 0x0
0xd774074 BTB index out of boundsN 0x0
0x3168e28 T 0xeec
0x80a5c BTB index out of boundsN 0x0
0x6a2e28c8 N 0x6a2e28cc
0x6a2e28c8 T 0x6a98
0x80a5c BTB index out of boundsN 0x0
0x3168e28 N 0x3168e2c
0x3168e28 T 0xeec
0xd774074 BTB index out of boundsN 0x0
0x80a5c BTB index out of boundsN 0x0
0x80a5c BTB index out of boundsN 0x0
0x3168e28 T 0xeec
0x80a5c BTB index out of boundsN 0x0
0x3168e28 N 0x3168e2c
0x3168e28 T 0xeec
0x6a2e28c8 N 0x6a2e28cc
0xd774074 BTB index out of boundsN 0x0
0x80a5c BTB index out of boundsN 0x0
0x6a2e28c8 T 0x6a98
0x80a5c BTB index out of boundsN 0x0
0x6a2e28c8 N 0x6a2e28cc
0x3168e28 N 0x3168e2c
0x3168e28 T 0xeec
0x6a2e28c8 N 0x6a2e28cc
0x6a2e28c8 T 0x6a98
0xd774074 BTB index out of boundsN 0x0
0x6a2e28c8 T 0x6a98
0xd774074 BTB index out of boundsN 0x0
0x6a2e28c8 T 0x6a98
0x80a5c BTB index out of boundsN 0x0
0x80a5c BTB index out of boundsN 0x0
0x6a2e28c8 N 0x6a2e28cc
0x80a5c BTB index out of boundsN 0x0
0x80a5c BTB index out of boundsN 0x0
0x80a5c BTB index out of boundsN 0x0
0x3168e28 N 0x3168e2c
0xd774074 BTB index out of boundsN 0x0
0x80a5c BTB index out of boundsN 0x0
0x3168e28 T 0xeec
0x6a2e28c8 N 0x6a2e28cc
0x6a2e28c8 T 0x6a98
0x6a2e28c8 T 0x6a98
0x3168e28 N 0x3168e2c
0x80a5c BTB index out of boundsN 0x0
0xd774074 BTB index out of boundsN 0x0
0x6a2e28c8 N 0x6a2e28cc
0x6a2e28c8 T 0x6a98
0xd774074 BTB index out of boundsN 0x0
0x6a2e28c8 T 0x6a98
0xd774074 BTB index out of boundsN 0x0
0x80a5c BTB index out of boundsN 0x0
0x3168e28 N 0x3168e2c
0x80a5c BTB index out of boundsN 0x0
0x6a2e28c8 N 0x6a2e28cc
0xd774074 BTB index out of boundsN 0x0
0xd774074 BTB index out of boundsN 0x0
0xd774074 BTB index out of boundsN 0x0
0xd774074 BTB index out of boundsN 0x0
0x6a2e28c8 T 0x6a98
0x80a5c BTB index out of boundsN 0x0
0x6a2e28c8 N 0x6a2e28cc
0xd774074 BTB index out of boundsN 0x0
0x3168e28 N 0x3168e2c
0x80a5c BTB index out of boundsN 0x0
0x80a5c BTB index out of boundsN 0x0
0x3168e28 T 0xeec
0x3168e28 T 0xeec
0x3168e28 N 0x3168e2c
0x6a2e28c8 N 0x6a2e28cc
0x3168e28 N 0x3168e2c
0x3168e28 T 0xeec
0x6a2e28c8 N 0x6a2e28cc
0x80a5c BTB index out of boundsN 0x0
0xd774074 BTB index out of boundsN 0x0
0x80a5c BTB index out of boundsN 0x0
0x6a2e28c8 T 0x6a98
0xd774074 BTB index out of boundsN 0x0
0x3168e28 N 0x3168e2c
0xd774074 BTB index out of boundsN 0x0
0x3168e28 T 0xeec
0xd774074 BTB index out of boundsN 0x0
0x80a5c BTB index out of boundsN 0x0
0xd774074 BTB index out of boundsN 0x0
0x80a5c BTB index out of boundsN 0x0
0xd774074 BTB index out of boundsN 0x0
0x80a5c BTB index out of boundsN 0x0
0x6a2e28c8 N 0x6a2e28cc
0x3168e28 N 0x3168e2c
0xd774074 BTB index out of boundsN 0x0
0xd774074 BTB index out of boundsN 0x0
0x3168e28 T 0xeec
0xd774074 BTB index out of boundsN 0x0
0x80a5c BTB index out of boundsN 0x0
0x6a2e28c8 N 0x6a2e28cc
0x6a2e28c8 T 0x6a98
0x80a5c BTB index out of boundsN 0x0
0x80a5c BTB index out of boundsN 0x0
0x80a5c BTB index out of boundsN 0x0
0x80a5c BTB index out of boundsN 0x0
0x3168e28 N 0x3168e2c
0x80a5c BTB index out of boundsN 0x0
0x80a5c BTB index out of boundsN 0x0
0x6a2e28c8 N 0x6a2e28cc
0xd774074 BTB index out of boundsN 0x0
0x80a5c BTB index out of boundsN 0x0
0x3168e28 N 0x3168e2c
0x6a2e28c8 N 0x6a2e28cc
0x6a2e28c8 T 0x6a98
0x80a5c BTB index out of boundsN 0x0
0x80a5c BTB index out of boundsN 0x0
0x3168e28 N 0x3168e2c
0xd774074 BTB index out of boundsN 0x0
0x3168e28 T 0xeec
0x3168e28 T 0xeec
0x6a2e28c8 N 0x6a2e28cc
0x6a2e28c8 T 0x6a98
0x3168e28 N 0x3168e2c
0xd774074 BTB index out of boundsN 0x0
0xd774074 BTB index out of boundsN 0x0
0x80a5c BTB index out of boundsN 0x0
0x6a2e28c8 N 0x6a2e28cc
0x3168e28 N 0x3168e2c
0x6a2e28c8 N 0x6a2e28cc
0x3168e28 N 0x3168e2c
0xd774074 BTB index out of boundsN 0x0
0x80a5c BTB index out of boundsN 0x0
0x6a2e28c8 N 0x6a2e28cc
0x3168e28 N 0x3168e2c
0x3168e28 T 0xeec
0x3168e28 T 0xeec
0x3168e28 T 0xeec
0x3168e28 T 0xeec
0xd774074 BTB index out of boundsN 0x0
0x3168e28 T 0xeec
0x3168e28 T 0xeec
0x6a2e28c8 N 0x6a2e28cc
0x80a5c BTB index out of boundsN 0x0
0x6a2e28c8 T 0x6a98
0x3168e28 N 0x3168e2c
0xd774074 BTB index out of boundsN 0x0
0x3168e28 T 0xeec
0x3168e28 T 0xeec
0x3168e28 T 0xeec
0x3168e28 T 0xeec
0xd774074 BTB index out of boundsN 0x0
0xd774074 BTB index out of boundsN 0x0
0x80a5c BTB index out of boundsN 0x0
0x80a5c BTB index out of boundsN 0x0
0x3168e28 T 0xeec
0x80a5c BTB index out of boundsN 0x0
0x3168e28 N 0x3168e2c
0x3168e28 N 0x3168e2c
0x80a5c BTB index out of boundsN 0x0
0xd774074 BTB index out of boundsN 0x0
0x6a2e28c8 N 0x6a2e28cc
0xd774074 BTB index out of boundsN 0x0
0x3168e28 N 0x3168e2c
0xd774074 BTB index out of boundsN 0x0
0x3168e28 T 0xeec
0x80a5c BTB index out of boundsN 0x0
0xd774074 BTB index out of boundsN 0x0
0x80a5c BTB index out of boundsN 0x0
0xd774074 BTB index out of boundsN 0x0
0x3168e28 N 0x3168e2c
0x80a5c BTB index out of boundsN 0x0
0x6a2e28c8 N 0x6a2e28cc
0x6a2e28c8 T 0x6a98
0x6a2e28c8 N 0x6a2e28cc
0xd774074 BTB index out of boundsN 0x0
0x3168e28 N 0x3168e2c
0x3168e28 T 0xeec
0xd774074 BTB index out of boundsN 0x0
0xd774074 BTB index out of boundsN 0x0
0x80a5c BTB index out of boundsN 0x0
0x80a5c BTB index out of boundsN 0x0
0x3168e28 T 0xeec
0x6a2e28c8 N 0x6a2e28cc
0x6a2e28c8 T 0x6a98
0x80a5c BTB index out of boundsN 0x0
0x80a5c BTB index out of boundsN 0x0
0xd774074 BTB index out of boundsN 0x0
0x3168e28 N 0x3168e2c
0xd774074 BTB index out of boundsN 0x0
0x6a2e28c8 N 0x6a2e28cc
0x3168e28 N 0x3168e2c
0x3168e28 T 0xeec
0x6a2e28c8 N 0x6a2e28cc
0x3168e28 N 0x3168e2c
0x80a5c BTB index out of boundsN 0x0
0x3168e28 T 0xeec
0x80a5c BTB index out of boundsN 0x0
0xd774074 BTB index out of boundsN 0x0
0x3168e28 T 0xeec
0x80a5c BTB index out of boundsN 0x0
0x6a2e28c8 N 0x6a2e28cc
0x80a5c BTB index out of boundsN 0x0
0xd774074 BTB index out of boundsN 0x0
0x3168e28 N 0x3168e2c
0x3168e28 T 0xeec
0x3168e28 N 0x3168e2c
0x3168e28 T 0xeec
0x6a2e28c8 N 0x6a2e28cc
0xd774074 BTB index out of boundsN 0x0
0x6a2e28c8 T 0x6a98
0xd774074 BTB index out of boundsN 0x0
0x80a5c BTB index out of boundsN 0x0
0xd774074 BTB index out of boundsN 0x0
0x6a2e28c8 N 0x6a2e28cc
0x6a2e28c8 N 0x6a2e28cc
0x6a2e28c8 T 0x6a98
0x80a5c BTB index out of boundsN 0x0
0x80a5c BTB index out of boundsN 0x0
0x6a2e28c8 T 0x6a98
0x80a5c BTB index out of boundsN 0x0
0xd774074 BTB index out of boundsN 0x0
0x6a2e28c8 N 0x6a2e28cc
0xd774074 BTB index out of boundsN 0x0
0x6a2e28c8 T 0x6a98
0x3168e28 N 0x3168e2c
0x3168e28 T 0xeec
0xd774074 BTB index out of boundsN 0x0
0xd774074 BTB index out of boundsN 0x0
0x3168e28 N 0x3168e2c
0x6a2e28c8 N 0x6a2e28cc
0x6a2e28c8 T 0x6a98
0x6a2e28c8 T 0x6a98
0x3168e28 N 0x3168e2c
0x6a2e28c8 N 0x6a2e28cc
0x3168e28 N 0x3168e2c
0xd774074 BTB index out of boundsN 0x0
0x80a5c BTB index out of boundsN 0x0
0xd774074 BTB index out of boundsN 0x0
0x80a5c BTB index out of boundsN 0x0
0xd774074 BTB index out of boundsN 0x0
0xd774074 BTB index out of boundsN 0x0
0x6a2e28c8 N 0x6a2e28cc
0x6a2e28c8 T 0x6a98
0x6a2e28c8 N 0x6a2e28cc
0x6a2e28c8 N 0x6a2e28cc
0x3168e28 N 0x3168e2c
0x3168e28 T 0xeec
0x3168e28 T 0xeec
0x3168e28 T 0xeec
0xd774074 BTB index out of boundsN 0x0
0x6a2e28c8 N 0x6a2e28cc
0x3168e28 N 0x3168e2c
0x3168e28 T 0xeec
0x6a2e28c8 N 0x6a2e28cc
0x3168e28 N 0x3168e2c
0x80a5c BTB index out of boundsN 0x0
0x6a2e28c8 N 0x6a2e28cc
0x6a2e28c8 T 0x6a98
0x3168e28 N 0x3168e2c
0x6a2e28c8 N 0x6a2e28cc
0x80a5c BTB index out of boundsN 0x0
0x6a2e28c8 T 0x6a98
0x3168e28 N 0x3168e2c
0x6a2e28c8 N 0x6a2e28cc
0x80a5c BTB index out of boundsN 0x0
0x80a5c BTB index out of boundsN 0x0
0x3168e28 N 0x3168e2c
0x3168e28 T 0xeec
0x80a5c BTB index out of boundsN 0x0
0x80a5c BTB index out of boundsN 0x0
0x3168e28 N 0x3168e2c
0xd774074 BTB index out of boundsN 0x0
0xd774074 BTB index out of boundsN 0x0
0xd774074 BTB index out of boundsN 0x0
0xd774074 BTB index out of boundsN 0x0
0x6a2e28c8 N 0x6a2e28cc
0xd774074 BTB index out of boundsN 0x0
0xd774074 BTB index out of boundsN 0x0
0x80a5c BTB index out of boundsN 0x0
0xd774074 BTB index out of boundsN 0x0
0x6a2e28c8 T 0x6a98
0x6a2e28c8 T 0x6a98
0x3168e28 N 0x3168e2c
0x6a2e28c8 N 0x6a2e28cc
0x3168e28 N 0x3168e2c
0x6a2e28c8 N 0x6a2e28cc
0x3168e28 N 0x3168e2c
0x80a5c BTB index out of boundsN 0x0
0xd774074 BTB index out of boundsN 0x0
0xd774074 BTB index out of boundsN 0x0
0x80a5c BTB index out of boundsN 0x0
0xd774074 BTB index out of boundsN 0x0
0x6a2e28c8 N 0x6a2e28cc
0x80a5c BTB index out of boundsN 0x0
0x80a5c BTB index out of boundsN 0x0
0x6a2e28c8 T 0x6a98
0x3168e28 N 0x3168e2c
0x6a2e28c8 N 0x6a2e28cc
0xd774074 BTB index out of boundsN 0x0
0xd774074 BTB index out of boundsN 0x0
0x6a2e28c8 T 0x6a98
0x80a5c BTB index out of boundsN 0x0
0xd774074 BTB index out of boundsN 0x0
0xd774074 BTB index out of boundsN 0x0
0x80a5c BTB index out of boundsN 0x0
0x3168e28 N 0x3168e2c
0x80a5c BTB index out of boundsN 0x0
0x6a2e28c8 N 0x6a2e28cc
0x6a2e28c8 T 0x6a98
0x3168e28 N 0x3168e2c
0x6a2e28c8 N 0x6a2e28cc
0x6a2e28c8 T 0x6a98
0x3168e28 N 0x3168e2c
0x6a2e28c8 N 0x6a2e28cc
0xd774074 BTB index out of boundsN 0x0
0xd774074 BTB index out of boundsN 0x0
0x6a2e28c8 T 0x6a98
0x3168e28 N 0x3168e2c
0x80a5c BTB index out of boundsN 0x0
0x3168e28 T 0xeec
0x3168e28 N 0x3168e2c
0x80a5c BTB index out of boundsN 0x0
0xd774074 BTB index out of boundsN 0x0
0x3168e28 N 0x3168e2c
0xd774074 BTB index out of boundsN 0x0
0xd774074 BTB index out of boundsN 0x0
0xd774074 BTB index out of boundsN 0x0
0xd774074 BTB index out of boundsN 0x0
0x6a2e28c8 N 0x6a2e28cc
0x6a2e28c8 T 0x6a98
0x3168e28 N 0x3168e2c
0xd774074 BTB index out of boundsN 0x0
0xd774074 BTB index out of boundsN 0x0
0x6a2e28c8 N 0x6a2e28cc
0x80a5c BTB index out of boundsN 0x0
0x80a5c BTB index out of boundsN 0x0
0xd774074 BTB index out of boundsN 0x0
0x6a2e28c8 T 0x6a98
0x6a2e28c8 T 0x6a98
0xd774074 BTB index out of boundsN 0x0
0x3168e28 N 0x3168e2c
0x6a2e28c8 N 0x6a2e28cc
0x6a2e28c8 T 0x6a98
0xd774074 BTB index out of boundsN 0x0
0x6a2e28c8 N 0x6a2e28cc
0xd774074 BTB index out of boundsN 0x0
0x6a2e28c8 N 0x6a2e28cc
0x6a2e28c8 T 0x6a98
0xd774074 BTB index out of boundsN 0x0
0xd774074 BTB index out of boundsN 0x0
0xd774074 BTB index out of boundsN 0x0
0x3168e28 N 0x3168e2c
0xd774074 BTB index out of boundsN 0x0
0x6a2e28c8 N 0x6a2e28cc
0x6a2e28c8 T 0x6a98
0x3168e28 N 0x3168e2c
0xd774074 BTB index out of boundsN 0x0
0x3168e28 T 0xeec
0x3168e28 T 0xeec
0x6a2e28c8 N 0x6a2e28cc
0x80a5c BTB index out of boundsN 0x0
0x3168e28 N 0x3168e2c
0x3168e28 T 0xeec
0x6a2e28c8 N 0x6a2e28cc
0xd774074 BTB index out of boundsN 0x0
0x3168e28 N 0x3168e2c
0x80a5c BTB index out of boundsN 0x0
0x3168e28 T 0xeec
0x6a2e28c8 N 0x6a2e28cc
0x6a2e28c8 T 0x6a98
0x3168e28 N 0x3168e2c
0x3168e28 T 0xeec
0x6a2e28c8 N 0x6a2e28cc
0x6a2e28c8 T 0x6a98
0xd774074 BTB index out of boundsN 0x0
0x6a2e28c8 T 0x6a98
0x6a2e28c8 T 0x6a98
0x6a2e28c8 T 0x6a98
0x80a5c BTB index out of boundsN 0x0
0xd774074 BTB index out of boundsN 0x0
0xd774074 BTB index out of boundsN 0x0
0x80a5c BTB index out of boundsN 0x0
0x6a2e28c8 T 0x6a98
0x6a2e28c8 T 0x6a98
0xd774074 BTB index out of boundsN 0x0
0x80a5c BTB index out of boundsN 0x0
0x3168e28 N 0x3168e2c
0xd774074 BTB index out of boundsN 0x0
0x6a2e28c8 N 0x6a2e28cc
0x3168e28 N 0x3168e2c
0xd774074 BTB index out of boundsN 0x0
0xd774074 BTB index out of boundsN 0x0
0x80a5c BTB index out of boundsN 0x0
0x6a2e28c8 N 0x6a2e28cc
0x6a2e28c8 T 0x6a98
0x3168e28 N 0x3168e2c
0x6a2e28c8 N 0x6a2e28cc
0x80a5c BTB index out of boundsN 0x0
0x80a5c BTB index out of boundsN 0x0
0xd774074 BTB index out of boundsN 0x0
0x6a2e28c8 T 0x6a98
0xd774074 BTB index out of boundsN 0x0
0x6a2e28c8 N 0x6a2e28cc
0xd774074 BTB index out of boundsN 0x0
0xd774074 BTB index out of boundsN 0x0
0x3168e28 N 0x3168e2c
0x6a2e28c8 N 0x6a2e28cc
0x80a5c BTB index out of boundsN 0x0
0xd774074 BTB index out of boundsN 0x0
0x3168e28 N 0x3168e2c
0x3168e28 T 0xeec
0x6a2e28c8 N 0x6a2e28cc
0xd774074 BTB index out of boundsN 0x0
0xd774074 BTB index out of boundsN 0x0
0xd774074 BTB index out of boundsN 0x0
0x80a5c BTB index out of boundsN 0x0
0x3168e28 N 0x3168e2c
0xd774074 BTB index out of boundsN 0x0
0x3168e28 T 0xeec
0x3168e28 N 0x3168e2c
0x80a5c BTB index out of boundsN 0x0
0xd774074 BTB index out of boundsN 0x0
0x3168e28 N 0x3168e2c
0x80a5c BTB index out of boundsN 0x0
0x6a2e28c8 N 0x6a2e28cc
0x6a2e28c8 T 0x6a98
0x80a5c BTB index out of boundsN 0x0
0x6a2e28c8 N 0x6a2e28cc
0x80a5c BTB index out of boundsN 0x0
0xd774074 BTB index out of boundsN 0x0
0x3168e28 N 0x3168e2c
0x80a5c BTB index out of boundsN 0x0
0xd774074 BTB index out of boundsN 0x0
0x80a5c BTB index out of boundsN 0x0
0x80a5c BTB index out of boundsN 0x0
0x3168e28 T 0xeec
0x6a2e28c8 N 0x6a2e28cc
0x6a2e28c8 T 0x6a98
0x6a2e28c8 T 0x6a98
0x3168e28 N 0x3168e2c
0x3168e28 T 0xeec
0x6a2e28c8 N 0x6a2e28cc
0x6a2e28c8 T 0x6a98
0xd774074 BTB index out of boundsN 0x0
0x6a2e28c8 T 0x6a98
0x3168e28 N 0x3168e2c
0x3168e28 T 0xeec
0x6a2e28c8 N 0x6a2e28cc
0x3168e28 N 0x3168e2c
0x3168e28 T 0xeec
0x3168e28 T 0xeec
0x3168e28 T 0xeec
0x3168e28 T 0xeec
0x80a5c BTB index out of boundsN 0x0
0x6a2e28c8 N 0x6a2e28cc
0x3168e28 N 0x3168e2c
0x80a5c BTB index out of boundsN 0x0
0x6a2e28c8 N 0x6a2e28cc
0x6a2e28c8 T 0x6a98
0x3168e28 N 0x3168e2c
0xd774074 BTB index out of boundsN 0x0
0x6a2e28c8 N 0x6a2e28cc
0x3168e28 N 0x3168e2c
0x80a5c BTB index out of boundsN 0x0
0xd774074 BTB index out of boundsN 0x0
0x80a5c BTB index out of boundsN 0x0
0xd774074 BTB index out of boundsN 0x0
0xd774074 BTB index out of boundsN 0x0
0x6a2e28c8 N 0x6a2e28cc
0x3168e28 N 0x3168e2c
0x3168e28 T 0xeec
0x6a2e28c8 N 0x6a2e28cc
0x80a5c BTB index out of boundsN 0x0
0xd774074 BTB index out of boundsN 0x0
0x3168e28 N 0x3168e2c
0xd774074 BTB index out of boundsN 0x0
0x3168e28 T 0xeec
0x6a2e28c8 N 0x6a2e28cc
0x6a2e28c8 T 0x6a98
0xd774074 BTB index out of boundsN 0x0
0x80a5c BTB index out of boundsN 0x0
0x6a2e28c8 N 0x6a2e28cc
0xd774074 BTB index out of boundsN 0x0
0xd774074 BTB index out of boundsN 0x0
0x80a5c BTB index out of boundsN 0x0
0xd774074 BTB index out of boundsN 0x0
0x6a2e28c8 T 0x6a98
0x80a5c BTB index out of boundsN 0x0
0xd774074 BTB index out of boundsN 0x0
0x6a2e28c8 T 0x6a98
0x80a5c BTB index out of boundsN 0x0
0x80a5c BTB index out of boundsN 0x0
0x80a5c BTB index out of boundsN 0x0
0x80a5c BTB index out of boundsN 0x0
0xd774074 BTB index out of boundsN 0x0
0x80a5c BTB index out of boundsN 0x0
0xd774074 BTB index out of boundsN 0x0
0x3168e28 N 0x3168e2c
0x6a2e28c8 N 0x6a2e28cc
0x3168e28 N 0x3168e2c
0xd774074 BTB index out of boundsN 0x0
0x80a5c BTB index out of boundsN 0x0
0x80a5c BTB index out of boundsN 0x0
0x3168e28 T 0xeec
0x80a5c BTB index out of boundsN 0x0
0x80a5c BTB index out of boundsN 0x0
0x3168e28 T 0xeec
0x6a2e28c8 N 0x6a2e28cc
0x6a2e28c8 T 0x6a98
0x80a5c BTB index out of boundsN 0x0
0xd774074 BTB index out of boundsN 0x0
0xd774074 BTB index out of boundsN 0x0
0x80a5c BTB index out of boundsN 0x0
0x6a2e28c8 N 0x6a2e28cc
0xd774074 BTB index out of boundsN 0x0
0x80a5c BTB index out of boundsN 0x0
0xd774074 BTB index out of boundsN 0x0
0x80a5c BTB index out of boundsN 0x0
0x80a5c BTB index out of boundsN 0x0
0x3168e28 N 0x3168e2c
0xd774074 BTB index out of boundsN 0x0
0x6a2e28c8 N 0x6a2e28cc
0x3168e28 N 0x3168e2c
0x6a2e28c8 N 0x6a2e28cc
0x6a2e28c8 T 0x6a98
0x80a5c BTB index out of boundsN 0x0
0x80a5c BTB index out of boundsN 0x0
0x3168e28 N 0x3168e2c
0x80a5c BTB index out of boundsN 0x0
0x3168e28 T 0xeec
0x6a2e28c8 N 0x6a2e28cc
0x80a5c BTB index out of boundsN 0x0
0x3168e28 N 0x3168e2c
0x3168e28 T 0xeec
0x80a5c BTB index out of boundsN 0x0
0x6a2e28c8 N 0x6a2e28cc
0x80a5c BTB index out of boundsN 0x0
0x6a2e28c8 T 0x6a98
0xd774074 BTB index out of boundsN 0x0
0xd774074 BTB index out of boundsN 0x0
0x80a5c BTB index out of boundsN 0x0
0xd774074 BTB index out of boundsN 0x0
0xd774074 BTB index out of boundsN 0x0
0x80a5c BTB index out of boundsN 0x0
0x3168e28 N 0x3168e2c
0xd774074 BTB index out of boundsN 0x0
0xd774074 BTB index out of boundsN 0x0
0xd774074 BTB index out of boundsN 0x0
0xd774074 BTB index out of boundsN 0x0
0x3168e28 T 0xeec
0x6a2e28c8 N 0x6a2e28cc
0x3168e28 N 0x3168e2c
0x3168e28 T 0xeec
0x80a5c BTB index out of boundsN 0x0
0x3168e28 T 0xeec
0x6a2e28c8 N 0x6a2e28cc
0x80a5c BTB index out of boundsN 0x0
0xd774074 BTB index out of boundsN 0x0
0x80a5c BTB index out of boundsN 0x0
0x3168e28 N 0x3168e2c
0x3168e28 T 0xeec
0x6a2e28c8 N 0x6a2e28cc
0xd774074 BTB index out of boundsN 0x0
0xd774074 BTB index out of boundsN 0x0
0x3168e28 N 0x3168e2c
0xd774074 BTB index out of boundsN 0x0
0x6a2e28c8 N 0x6a2e28cc
0xd774074 BTB index out of boundsN 0x0
0x6a2e28c8 T 0x6a98
0xd774074 BTB index out of boundsN 0x0
0x80a5c BTB index out of boundsN 0x0
0xd774074 BTB index out of boundsN 0x0
0x6a2e28c8 N 0x6a2e28cc
0x3168e28 N 0x3168e2c
0x3168e28 T 0xeec
0x6a2e28c8 N 0x6a2e28cc
0x3168e28 N 0x3168e2c
0xd774074 BTB index out of boundsN 0x0
0xd774074 BTB index out of boundsN 0x0
0x3168e28 T 0xeec
0xd774074 BTB index out of boundsN 0x0
0x6a2e28c8 N 0x6a2e28cc
0x6a2e28c8 T 0x6a98
0x80a5c BTB index out of boundsN 0x0
0xd774074 BTB index out of boundsN 0x0
0x3168e28 N 0x3168e2c
0x6a2e28c8 N 0x6a2e28cc
0xd774074 BTB index out of boundsN 0x0
0xd774074 BTB index out of boundsN 0x0
0x6a2e28c8 T 0x6a98
0x3168e28 N 0x3168e2c
0xd774074 BTB index out of boundsN 0x0
0x3168e28 T 0xeec
0xd774074 BTB index out of boundsN 0x0
0x80a5c BTB index out of boundsN 0x0
0x80a5c BTB index out of boundsN 0x0
0x3168e28 T 0xeec
0x80a5c BTB index out of boundsN 0x0
0x3168e28 T 0xeec
0x6a2e28c8 N 0x6a2e28cc
0x6a2e28c8 T 0x6a98
0x80a5c BTB index out of boundsN 0x0
0x3168e28 N 0x3168e2c
0x80a5c BTB index out of boundsN 0x0
0x80a5c BTB index out of boundsN 0x0
0x3168e28 T 0xeec
0x80a5c BTB index out of boundsN 0x0
0x80a5c BTB index out of boundsN 0x0
0x6a2e28c8 N 0x6a2e28cc
0x6a2e28c8 T 0x6a98
0x3168e28 N 0x3168e2c
0x80a5c BTB index out of boundsN 0x0
0xd774074 BTB index out of boundsN 0x0
0x3168e28 T 0xeec
0x80a5c BTB index out of boundsN 0x0
0x3168e28 N 0x3168e2c
0xd774074 BTB index out of boundsN 0x0
0x80a5c BTB index out of boundsN 0x0
0x80a5c BTB index out of boundsN 0x0
0x3168e28 N 0x3168e2c
0x6a2e28c8 N 0x6a2e28cc
0x3168e28 N 0x3168e2c
0x3168e28 T 0xeec
0x3168e28 N 0x3168e2c
0x3168e28 T 0xeec
0x3168e28 T 0xeec
0x3168e28 N 0x3168e2c
0xd774074 BTB index out of boundsN 0x0
0x80a5c BTB index out of boundsN 0x0
0xd774074 BTB index out of boundsN 0x0
0x6a2e28c8 N 0x6a2e28cc
0x80a5c BTB index out of boundsN 0x0
0x80a5c BTB index out of boundsN 0x0
0x80a5c BTB index out of boundsN 0x0
0x80a5c BTB index out of boundsN 0x0
0x6a2e28c8 T 0x6a98
0xd774074 BTB index out of boundsN 0x0
0x3168e28 N 0x3168e2c
0xd774074 BTB index out of boundsN 0x0
0x80a5c BTB index out of boundsN 0x0
0xd774074 BTB index out of boundsN 0x0
0x3168e28 T 0xeec
0x80a5c BTB index out of boundsN 0x0
0xd774074 BTB index out of boundsN 0x0
0x3168e28 T 0xeec
0x80a5c BTB index out of boundsN 0x0
0x80a5c BTB index out of boundsN 0x0
0x80a5c BTB index out of boundsN 0x0
0x3168e28 T 0xeec
0x3168e28 N 0x3168e2c
0x3168e28 T 0xeec
0x6a2e28c8 N 0x6a2e28cc
0x3168e28 N 0x3168e2c
0xd774074 BTB index out of boundsN 0x0
0xd774074 BTB index out of boundsN 0x0
0x6a2e28c8 N 0x6a2e28cc
0x6a2e28c8 T 0x6a98
0xd774074 BTB index out of boundsN 0x0
0xd774074 BTB index out of boundsN 0x0
0x6a2e28c8 N 0x6a2e28cc
0x80a5c BTB index out of boundsN 0x0
0x80a5c BTB index out of boundsN 0x0
0x80a5c BTB index out of boundsN 0x0
0x3168e28 N 0x3168e2c
0x3168e28 T 0xeec
0xd774074 BTB index out of boundsN 0x0
0xd774074 BTB index out of boundsN 0x0
0x3168e28 N 0x3168e2c
0x6a2e28c8 N 0x6a2e28cc
0xd774074 BTB index out of boundsN 0x0
0x80a5c BTB index out of boundsN 0x0
0xd774074 BTB index out of boundsN 0x0
0x80a5c BTB index out of boundsN 0x0
0x3168e28 N 0x3168e2c
0xd774074 BTB index out of boundsN 0x0
0x3168e28 T 0xeec
0x3168e28 N 0x3168e2c
0x80a5c BTB index out of boundsN 0x0
0x80a5c BTB index out of boundsN 0x0
0x3168e28 N 0x3168e2c
0xd774074 BTB index out of boundsN 0x0
0xd774074 BTB index out of boundsN 0x0
0x80a5c BTB index out of boundsN 0x0
0x3168e28 N 0x3168e2c
0x6a2e28c8 N 0x6a2e28cc
0x3168e28 N 0x3168e2c
0x3168e28 T 0xeec
0x3168e28 T 0xeec
0x80a5c BTB index out of boundsN 0x0
0xd774074 BTB index out of boundsN 0x0
0x3168e28 N 0x3168e2c
0xd774074 BTB index out of boundsN 0x0
0x3168e28 T 0xeec
0x6a2e28c8 N 0x6a2e28cc
0xd774074 BTB index out of boundsN 0x0
0x6a2e28c8 T 0x6a98
0x80a5c BTB index out of boundsN 0x0
0x3168e28 N 0x3168e2c
0x6a2e28c8 N 0x6a2e28cc
0x3168e28 N 0x3168e2c
0x80a5c BTB index out of boundsN 0x0
0x3168e28 T 0xeec
0x6a2e28c8 N 0x6a2e28cc
0xd774074 BTB index out of boundsN 0x0
0x3168e28 N 0x3168e2c
0x3168e28 T 0xeec
0xd774074 BTB index out of boundsN 0x0
0x6a2e28c8 N 0x6a2e28cc
0x3168e28 N 0x3168e2c
0x3168e28 T 0xeec
0x6a2e28c8 N 0x6a2e28cc
0x6a2e28c8 T 0x6a98
0x80a5c BTB index out of boundsN 0x0
0x6a2e28c8 T 0x6a98
0xd774074 BTB index out of boundsN 0x0
0x6a2e28c8 T 0x6a98
0x3168e28 N 0x3168e2c
0x3168e28 T 0xeec
0x6a2e28c8 N 0x6a2e28cc
0x6a2e28c8 T 0x6a98
0xd774074 BTB index out of boundsN 0x0
0x3168e28 N 0x3168e2c
0x3168e28 T 0xeec
0x80a5c BTB index out of boundsN 0x0
0xd774074 BTB index out of boundsN 0x0
0x6a2e28c8 N 0x6a2e28cc
0xd774074 BTB index out of boundsN 0x0
0x3168e28 N 0x3168e2c
0x6a2e28c8 N 0x6a2e28cc
0x3168e28 N 0x3168e2c
0x6a2e28c8 N 0x6a2e28cc
0x6a2e28c8 T 0x6a98
0x6a2e28c8 N 0x6a2e28cc
0x6a2e28c8 N 0x6a2e28cc
0x6a2e28c8 T 0x6a98
0x6a2e28c8 T 0x6a98
0xd774074 BTB index out of boundsN 0x0
0xd774074 BTB index out of boundsN 0x0
0xd774074 BTB index out of boundsN 0x0
0xd774074 BTB index out of boundsN 0x0
0xd774074 BTB index out of boundsN 0x0
0xd774074 BTB index out of boundsN 0x0
0xd774074 BTB index out of boundsN 0x0
0xd774074 BTB index out of boundsN 0x0
0x6a2e28c8 T 0x6a98
0x3168e28 N 0x3168e2c
0x3168e28 N 0x3168e2c
0x6a2e28c8 N 0x6a2e28cc
0xd774074 BTB index out of boundsN 0x0
0x3168e28 N 0x3168e2c
0x3168e28 T 0xeec
0x6a2e28c8 N 0x6a2e28cc
0x6a2e28c8 T 0x6a98
0x80a5c BTB index out of boundsN 0x0
0x3168e28 N 0x3168e2c
0x6a2e28c8 N 0x6a2e28cc
0xd774074 BTB index out of boundsN 0x0
0x80a5c BTB index out of boundsN 0x0
0x6a2e28c8 T 0x6a98
0x6a2e28c8 T 0x6a98
0x6a2e28c8 T 0x6a98
0x3168e28 N 0x3168e2c
0x6a2e28c8 N 0x6a2e28cc
0xd774074 BTB index out of boundsN 0x0
0x3168e28 N 0x3168e2c
0x3168e28 T 0xeec
0x3168e28 N 0x3168e2c
0x80a5c BTB index out of boundsN 0x0
0x6a2e28c8 N 0x6a2e28cc
0x80a5c BTB index out of boundsN 0x0
0x6a2e28c8 T 0x6a98
0x80a5c BTB index out of boundsN 0x0
0xd774074 BTB index out of boundsN 0x0
0x3168e28 N 0x3168e2c
0x6a2e28c8 N 0x6a2e28cc
0xd774074 BTB index out of boundsN 0x0
0x6a2e28c8 T 0x6a98
0x80a5c BTB index out of boundsN 0x0
0x6a2e28c8 N 0x6a2e28cc
0x6a2e28c8 N 0x6a2e28cc
0x6a2e28c8 T 0x6a98
0xd774074 BTB index out of boundsN 0x0
0x80a5c BTB index out of boundsN 0x0
0x80a5c BTB index out of boundsN 0x0
0x80a5c BTB index out of boundsN 0x0
0xd774074 BTB index out of boundsN 0x0
0x80a5c BTB index out of boundsN 0x0
0xd774074 BTB index out of boundsN 0x0
0x6a2e28c8 T 0x6a98
0x6a2e28c8 T 0x6a98
0xd774074 BTB index out of boundsN 0x0
0xd774074 BTB index out of boundsN 0x0
0x6a2e28c8 T 0x6a98
0x3168e28 N 0x3168e2c
