0x702cb8 N 0x702cbc
0x33310 N 0x33314
0x34 BTB index out of boundsN 0x0
0x702cb8 N 0x702cbc
0x584 BTB index out of boundsN 0x0
0x8b1166ec BTB index out of boundsN 0x0
0x584 BTB index out of boundsN 0x0
0x85aa58 N 0x85aa5c
0x82c6f1ac BTB index out of boundsN 0x0
0x15cd83b8 N 0x15cd83bc
0xcc7a68 N 0xcc7a6c
0x34 BTB index out of boundsN 0x0
0x6e744 BTB index out of boundsN 0x0
0x33310 N 0x33314
0x34 BTB index out of boundsN 0x0
0x15cd83b8 N 0x15cd83bc
0x34 BTB index out of boundsN 0x0
0x33310 N 0x33314
0x15cd83b8 N 0x15cd83bc
0x33310 N 0x33314
0x15cd83b8 N 0x15cd83bc
0x584 BTB index out of boundsN 0x0
0x38fa4cd4 BTB index out of boundsN 0x0
0xcc7a68 N 0xcc7a6c
0x15cd83b8 N 0x15cd83bc
0x82c6f1ac BTB index out of boundsN 0x0
0xcc7a68 N 0xcc7a6c
0x38fa4cd4 BTB index out of boundsN 0x0
0x85aa58 N 0x85aa5c
0x15cd83b8 N 0x15cd83bc
0xa18 N 0xa1c
0x82c6f1ac BTB index out of boundsN 0x0
0x6e744 BTB index out of boundsN 0x0
0x15cd83b8 N 0x15cd83bc
0x15cd83b8 N 0x15cd83bc
0x82c6f1ac BTB index out of boundsN 0x0
0x33310 N 0x33314
0xcc7a68 N 0xcc7a6c
0x550af78 N 0x550af7c
0x8b1166ec BTB index out of boundsN 0x0
0xcc7a68 N 0xcc7a6c
0x550af78 N 0x550af7c
0x15cd83b8 N 0x15cd83bc
0x85aa58 N 0x85aa5c
0x33310 N 0x33314
0x550af78 N 0x550af7c
0x550af78 N 0x550af7c
0x15cd83b8 N 0x15cd83bc
0x8b1166ec BTB index out of boundsN 0x0
0x82c6f1ac BTB index out of boundsN 0x0
0x33310 N 0x33314
0x6e744 BTB index out of boundsN 0x0
0x6e744 BTB index out of boundsN 0x0
0x85aa58 N 0x85aa5c
0x33310 N 0x33314
0x8b1166ec BTB index out of boundsN 0x0
0x5ec8c BTB index out of boundsN 0x0
0x5ec8c BTB index out of boundsN 0x0
0x6e744 BTB index out of boundsN 0x0
0x15cd83b8 N 0x15cd83bc
0x5ec8c BTB index out of boundsN 0x0
0x5ec8c BTB index out of boundsN 0x0
0x584 BTB index out of boundsN 0x0
0x82c6f1ac BTB index out of boundsN 0x0
0x8b1166ec BTB index out of boundsN 0x0
0x8b1166ec BTB index out of boundsN 0x0
0x5ec8c BTB index out of boundsN 0x0
0xce64 BTB index out of boundsN 0x0
0x584 BTB index out of boundsN 0x0
0x550af78 N 0x550af7c
0x33310 N 0x33314
0x33310 N 0x33314
0x38fa4cd4 BTB index out of boundsN 0x0
0x584 BTB index out of boundsN 0x0
0x6e744 BTB index out of boundsN 0x0
0x8b1166ec BTB index out of boundsN 0x0
0x15cd83b8 N 0x15cd83bc
0xa18 N 0xa1c
0x584 BTB index out of boundsN 0x0
0x34 BTB index out of boundsN 0x0
0x82c6f1ac BTB index out of boundsN 0x0
0x584 BTB index out of boundsN 0x0
0x8b1166ec BTB index out of boundsN 0x0
0x584 BTB index out of boundsN 0x0
0x5ec8c BTB index out of boundsN 0x0
0xcc7a68 N 0xcc7a6c
0x584 BTB index out of boundsN 0x0
0x940340 N 0x940344
0x5ec8c BTB index out of boundsN 0x0
0x15cd83b8 N 0x15cd83bc
0x34 BTB index out of boundsN 0x0
0xa18 N 0xa1c
0x38fa4cd4 BTB index out of boundsN 0x0
0x33310 N 0x33314
0x38fa4cd4 BTB index out of boundsN 0x0
0x85aa58 N 0x85aa5c
0x940340 N 0x940344
0xce64 BTB index out of boundsN 0x0
0x38fa4cd4 BTB index out of boundsN 0x0
0x34 BTB index out of boundsN 0x0
0x33310 N 0x33314
0x550af78 N 0x550af7c
0xcc7a68 N 0xcc7a6c
0xce64 BTB index out of boundsN 0x0
0xce64 BTB index out of boundsN 0x0
0x702cb8 N 0x702cbc
0x550af78 N 0x550af7c
0x550af78 N 0x550af7c
0x6e744 BTB index out of boundsN 0x0
0x5ec8c BTB index out of boundsN 0x0
0x940340 N 0x940344
0xce64 BTB index out of boundsN 0x0
0x38fa4cd4 BTB index out of boundsN 0x0
0x33310 N 0x33314
0x85aa58 N 0x85aa5c
0x702cb8 N 0x702cbc
0x550af78 N 0x550af7c
0x38fa4cd4 BTB index out of boundsN 0x0
0x940340 N 0x940344
0x34 BTB index out of boundsN 0x0
0x85aa58 N 0x85aa5c
0x38fa4cd4 BTB index out of boundsN 0x0
0x38fa4cd4 BTB index out of boundsN 0x0
0x15cd83b8 N 0x15cd83bc
0x34 BTB index out of boundsN 0x0
0x85aa58 N 0x85aa5c
0x15cd83b8 N 0x15cd83bc
0x15cd83b8 N 0x15cd83bc
0x6e744 BTB index out of boundsN 0x0
0xcc7a68 N 0xcc7a6c
0xcc7a68 N 0xcc7a6c
0xce64 BTB index out of boundsN 0x0
0x940340 N 0x940344
0x15cd83b8 N 0x15cd83bc
0x6e744 BTB index out of boundsN 0x0
0x38fa4cd4 BTB index out of boundsN 0x0
0x940340 N 0x940344
0x6e744 BTB index out of boundsN 0x0
0x34 BTB index out of boundsN 0x0
0xa18 N 0xa1c
0x34 BTB index out of boundsN 0x0
0x702cb8 N 0x702cbc
0x702cb8 N 0x702cbc
0x15cd83b8 N 0x15cd83bc
0x38fa4cd4 BTB index out of boundsN 0x0
0x5ec8c BTB index out of boundsN 0x0
0x34 BTB index out of boundsN 0x0
0x584 BTB index out of boundsN 0x0
0x5ec8c BTB index out of boundsN 0x0
0xa18 N 0xa1c
0x85aa58 N 0x85aa5c
0xcc7a68 N 0xcc7a6c
0x15cd83b8 N 0x15cd83bc
0x15cd83b8 N 0x15cd83bc
0x6e744 BTB index out of boundsN 0x0
0x85aa58 N 0x85aa5c
0x38fa4cd4 BTB index out of boundsN 0x0
0x940340 N 0x940344
0x5ec8c BTB index out of boundsN 0x0
0xcc7a68 N 0xcc7a6c
0x6e744 BTB index out of boundsN 0x0
0x6e744 BTB index out of boundsN 0x0
0x85aa58 N 0x85aa5c
0x82c6f1ac BTB index out of boundsN 0x0
0x82c6f1ac BTB index out of boundsN 0x0
0xce64 BTB index out of boundsN 0x0
0x82c6f1ac BTB index out of boundsN 0x0
0x34 BTB index out of boundsN 0x0
0x8b1166ec BTB index out of boundsN 0x0
0xa18 N 0xa1c
0x584 BTB index out of boundsN 0x0
0x8b1166ec BTB index out of boundsN 0x0
0x940340 N 0x940344
0x6e744 BTB index out of boundsN 0x0
0xce64 BTB index out of boundsN 0x0
0x34 BTB index out of boundsN 0x0
0x85aa58 N 0x85aa5c
0xce64 BTB index out of boundsN 0x0
0xce64 BTB index out of boundsN 0x0
0x38fa4cd4 BTB index out of boundsN 0x0
0x550af78 N 0x550af7c
0x8b1166ec BTB index out of boundsN 0x0
0x8b1166ec BTB index out of boundsN 0x0
0x82c6f1ac BTB index out of boundsN 0x0
0x702cb8 N 0x702cbc
0x702cb8 N 0x702cbc
0xcc7a68 N 0xcc7a6c
0x5ec8c BTB index out of boundsN 0x0
0xce64 BTB index out of boundsN 0x0
0x5ec8c BTB index out of boundsN 0x0
0x34 BTB index out of boundsN 0x0
0x34 BTB index out of boundsN 0x0
0xce64 BTB index out of boundsN 0x0
0xa18 N 0xa1c
0x940340 N 0x940344
0xa18 N 0xa1c
0x550af78 N 0x550af7c
0x702cb8 N 0x702cbc
0x5ec8c BTB index out of boundsN 0x0
0xcc7a68 N 0xcc7a6c
0x85aa58 N 0x85aa5c
0x584 BTB index out of boundsN 0x0
0x82c6f1ac BTB index out of boundsN 0x0
0x82c6f1ac BTB index out of boundsN 0x0
0x85aa58 N 0x85aa5c
0x38fa4cd4 BTB index out of boundsN 0x0
0x38fa4cd4 BTB index out of boundsN 0x0
0x6e744 BTB index out of boundsN 0x0
0xcc7a68 N 0xcc7a6c
0x550af78 N 0x550af7c
0xce64 BTB index out of boundsN 0x0
0x940340 N 0x940344
0x702cb8 N 0x702cbc
0x85aa58 N 0x85aa5c
0x33310 N 0x33314
0x8b1166ec BTB index out of boundsN 0x0
0x5ec8c BTB index out of boundsN 0x0
0xa18 N 0xa1c
0x5ec8c BTB index out of boundsN 0x0
0x85aa58 N 0x85aa5c
0x34 BTB index out of boundsN 0x0
0x550af78 N 0x550af7c
0x15cd83b8 N 0x15cd83bc
0x8b1166ec BTB index out of boundsN 0x0
0x34 BTB index out of boundsN 0x0
0x38fa4cd4 BTB index out of boundsN 0x0
0xcc7a68 N 0xcc7a6c
0xce64 BTB index out of boundsN 0x0
0x15cd83b8 N 0x15cd83bc
0x82c6f1ac BTB index out of boundsN 0x0
0x38fa4cd4 BTB index out of boundsN 0x0
0x38fa4cd4 BTB index out of boundsN 0x0
0x6e744 BTB index out of boundsN 0x0
0x702cb8 N 0x702cbc
0xcc7a68 N 0xcc7a6c
0x38fa4cd4 BTB index out of boundsN 0x0
0x550af78 N 0x550af7c
0x33310 N 0x33314
0x82c6f1ac BTB index out of boundsN 0x0
0x15cd83b8 N 0x15cd83bc
0x702cb8 N 0x702cbc
0xcc7a68 N 0xcc7a6c
0xce64 BTB index out of boundsN 0x0
0x15cd83b8 N 0x15cd83bc
0x38fa4cd4 BTB index out of boundsN 0x0
0x550af78 N 0x550af7c
0x6e744 BTB index out of boundsN 0x0
0x550af78 N 0x550af7c
0x33310 N 0x33314
0x8b1166ec BTB index out of boundsN 0x0
0xce64 BTB index out of boundsN 0x0
0x940340 N 0x940344
0x38fa4cd4 BTB index out of boundsN 0x0
0x940340 N 0x940344
0x85aa58 N 0x85aa5c
0x82c6f1ac BTB index out of boundsN 0x0
0x702cb8 N 0x702cbc
0x34 BTB index out of boundsN 0x0
0x82c6f1ac BTB index out of boundsN 0x0
0x702cb8 N 0x702cbc
0x5ec8c BTB index out of boundsN 0x0
0x85aa58 N 0x85aa5c
0x15cd83b8 N 0x15cd83bc
0x550af78 N 0x550af7c
0x940340 N 0x940344
0x85aa58 N 0x85aa5c
0x584 BTB index out of boundsN 0x0
0x6e744 BTB index out of boundsN 0x0
0x702cb8 N 0x702cbc
0x15cd83b8 N 0x15cd83bc
0xa18 N 0xa1c
0xa18 N 0xa1c
0x38fa4cd4 BTB index out of boundsN 0x0
0x550af78 N 0x550af7c
0x5ec8c BTB index out of boundsN 0x0
0x550af78 N 0x550af7c
0x702cb8 N 0x702cbc
0xcc7a68 N 0xcc7a6c
0x38fa4cd4 BTB index out of boundsN 0x0
0x82c6f1ac BTB index out of boundsN 0x0
0x38fa4cd4 BTB index out of boundsN 0x0
0x584 BTB index out of boundsN 0x0
0x702cb8 N 0x702cbc
0x550af78 N 0x550af7c
0x702cb8 N 0x702cbc
0x82c6f1ac BTB index out of boundsN 0x0
0x85aa58 N 0x85aa5c
0x584 BTB index out of boundsN 0x0
0x702cb8 N 0x702cbc
0x38fa4cd4 BTB index out of boundsN 0x0
0x34 BTB index out of boundsN 0x0
0x15cd83b8 N 0x15cd83bc
0x702cb8 N 0x702cbc
0x82c6f1ac BTB index out of boundsN 0x0
0xce64 BTB index out of boundsN 0x0
0x82c6f1ac BTB index out of boundsN 0x0
0x8b1166ec BTB index out of boundsN 0x0
0x82c6f1ac BTB index out of boundsN 0x0
0x550af78 N 0x550af7c
0x82c6f1ac BTB index out of boundsN 0x0
0x702cb8 N 0x702cbc
0xcc7a68 N 0xcc7a6c
0x82c6f1ac BTB index out of boundsN 0x0
0x82c6f1ac BTB index out of boundsN 0x0
0x702cb8 N 0x702cbc
0xcc7a68 N 0xcc7a6c
0x38fa4cd4 BTB index out of boundsN 0x0
0x5ec8c BTB index out of boundsN 0x0
0x33310 N 0x33314
0xcc7a68 N 0xcc7a6c
0x6e744 BTB index out of boundsN 0x0
0x6e744 BTB index out of boundsN 0x0
0x33310 N 0x33314
0x33310 N 0x33314
0x584 BTB index out of boundsN 0x0
0x34 BTB index out of boundsN 0x0
0x33310 N 0x33314
0x550af78 N 0x550af7c
0x6e744 BTB index out of boundsN 0x0
0xa18 N 0xa1c
0x34 BTB index out of boundsN 0x0
0x940340 N 0x940344
0x34 BTB index out of boundsN 0x0
0x6e744 BTB index out of boundsN 0x0
0x5ec8c BTB index out of boundsN 0x0
0x8b1166ec BTB index out of boundsN 0x0
0xa18 N 0xa1c
0x85aa58 N 0x85aa5c
0x702cb8 N 0x702cbc
0x940340 N 0x940344
0x38fa4cd4 BTB index out of boundsN 0x0
0x38fa4cd4 BTB index out of boundsN 0x0
0x82c6f1ac BTB index out of boundsN 0x0
0xcc7a68 N 0xcc7a6c
0x15cd83b8 N 0x15cd83bc
0x33310 N 0x33314
0x550af78 N 0x550af7c
0x34 BTB index out of boundsN 0x0
0x34 BTB index out of boundsN 0x0
0x85aa58 N 0x85aa5c
0x33310 N 0x33314
0x34 BTB index out of boundsN 0x0
0xa18 N 0xa1c
0x8b1166ec BTB index out of boundsN 0x0
0x85aa58 N 0x85aa5c
0x8b1166ec BTB index out of boundsN 0x0
0x6e744 BTB index out of boundsN 0x0
0x33310 N 0x33314
0x15cd83b8 N 0x15cd83bc
0x940340 N 0x940344
0xce64 BTB index out of boundsN 0x0
0x702cb8 N 0x702cbc
0xce64 BTB index out of boundsN 0x0
0x584 BTB index out of boundsN 0x0
0x82c6f1ac BTB index out of boundsN 0x0
0x15cd83b8 N 0x15cd83bc
0x82c6f1ac BTB index out of boundsN 0x0
0x702cb8 N 0x702cbc
0x85aa58 N 0x85aa5c
0x702cb8 N 0x702cbc
0x15cd83b8 N 0x15cd83bc
0x38fa4cd4 BTB index out of boundsN 0x0
0x940340 N 0x940344
0xa18 N 0xa1c
0x38fa4cd4 BTB index out of boundsN 0x0
0x550af78 N 0x550af7c
0xcc7a68 N 0xcc7a6c
0x584 BTB index out of boundsN 0x0
0x38fa4cd4 BTB index out of boundsN 0x0
0x550af78 N 0x550af7c
0x550af78 N 0x550af7c
0xa18 N 0xa1c
0xa18 N 0xa1c
0xce64 BTB index out of boundsN 0x0
0x8b1166ec BTB index out of boundsN 0x0
0x702cb8 N 0x702cbc
0x15cd83b8 N 0x15cd83bc
0x8b1166ec BTB index out of boundsN 0x0
0x38fa4cd4 BTB index out of boundsN 0x0
0x584 BTB index out of boundsN 0x0
0x940340 N 0x940344
0xce64 BTB index out of boundsN 0x0
0x34 BTB index out of boundsN 0x0
0x15cd83b8 N 0x15cd83bc
0x34 BTB index out of boundsN 0x0
0x82c6f1ac BTB index out of boundsN 0x0
0x550af78 N 0x550af7c
0x8b1166ec BTB index out of boundsN 0x0
0x33310 N 0x33314
0x702cb8 N 0x702cbc
0x82c6f1ac BTB index out of boundsN 0x0
0x8b1166ec BTB index out of boundsN 0x0
0xcc7a68 N 0xcc7a6c
0x15cd83b8 N 0x15cd83bc
0x5ec8c BTB index out of boundsN 0x0
0xcc7a68 N 0xcc7a6c
0x34 BTB index out of boundsN 0x0
0xcc7a68 N 0xcc7a6c
0x38fa4cd4 BTB index out of boundsN 0x0
0x5ec8c BTB index out of boundsN 0x0
0x5ec8c BTB index out of boundsN 0x0
0xcc7a68 N 0xcc7a6c
0x33310 N 0x33314
0x15cd83b8 N 0x15cd83bc
0xa18 N 0xa1c
0x550af78 N 0x550af7c
0x33310 N 0x33314
0x584 BTB index out of boundsN 0x0
0x550af78 N 0x550af7c
0xce64 BTB index out of boundsN 0x0
0xce64 BTB index out of boundsN 0x0
0x85aa58 N 0x85aa5c
0x6e744 BTB index out of boundsN 0x0
0x6e744 BTB index out of boundsN 0x0
0x34 BTB index out of boundsN 0x0
0x584 BTB index out of boundsN 0x0
0x33310 N 0x33314
0x85aa58 N 0x85aa5c
0xcc7a68 N 0xcc7a6c
0x702cb8 N 0x702cbc
0x38fa4cd4 BTB index out of boundsN 0x0
0x33310 N 0x33314
0x8b1166ec BTB index out of boundsN 0x0
0x940340 N 0x940344
0x15cd83b8 N 0x15cd83bc
0xcc7a68 N 0xcc7a6c
0x33310 N 0x33314
0x85aa58 N 0x85aa5c
0x85aa58 N 0x85aa5c
0xa18 N 0xa1c
0x33310 N 0x33314
0x34 BTB index out of boundsN 0x0
0x33310 N 0x33314
0x85aa58 N 0x85aa5c
0x15cd83b8 N 0x15cd83bc
0x940340 N 0x940344
0x82c6f1ac BTB index out of boundsN 0x0
0x15cd83b8 N 0x15cd83bc
0x33310 N 0x33314
0x85aa58 N 0x85aa5c
0x702cb8 N 0x702cbc
0x6e744 BTB index out of boundsN 0x0
0x584 BTB index out of boundsN 0x0
0x5ec8c BTB index out of boundsN 0x0
0x8b1166ec BTB index out of boundsN 0x0
0x85aa58 N 0x85aa5c
0x8b1166ec BTB index out of boundsN 0x0
0x940340 N 0x940344
0x15cd83b8 N 0x15cd83bc
0x15cd83b8 N 0x15cd83bc
0x33310 N 0x33314
0x940340 N 0x940344
0x82c6f1ac BTB index out of boundsN 0x0
0x702cb8 N 0x702cbc
0xcc7a68 N 0xcc7a6c
0x15cd83b8 N 0x15cd83bc
0x33310 N 0x33314
0x33310 N 0x33314
0x85aa58 N 0x85aa5c
0x15cd83b8 N 0x15cd83bc
0x940340 N 0x940344
0x702cb8 N 0x702cbc
0x702cb8 N 0x702cbc
0x8b1166ec BTB index out of boundsN 0x0
0x8b1166ec BTB index out of boundsN 0x0
0x940340 N 0x940344
0x85aa58 N 0x85aa5c
0x5ec8c BTB index out of boundsN 0x0
0x6e744 BTB index out of boundsN 0x0
0x8b1166ec BTB index out of boundsN 0x0
0x15cd83b8 N 0x15cd83bc
0xce64 BTB index out of boundsN 0x0
0x38fa4cd4 BTB index out of boundsN 0x0
0x940340 N 0x940344
0x82c6f1ac BTB index out of boundsN 0x0
0x82c6f1ac BTB index out of boundsN 0x0
0x8b1166ec BTB index out of boundsN 0x0
0x584 BTB index out of boundsN 0x0
0x33310 N 0x33314
0x15cd83b8 N 0x15cd83bc
0x34 BTB index out of boundsN 0x0
0x6e744 BTB index out of boundsN 0x0
0xcc7a68 N 0xcc7a6c
0x6e744 BTB index out of boundsN 0x0
0x550af78 N 0x550af7c
0x702cb8 N 0x702cbc
0x6e744 BTB index out of boundsN 0x0
0xce64 BTB index out of boundsN 0x0
0xa18 N 0xa1c
0x702cb8 N 0x702cbc
0x584 BTB index out of boundsN 0x0
0x584 BTB index out of boundsN 0x0
0x8b1166ec BTB index out of boundsN 0x0
0x34 BTB index out of boundsN 0x0
0x702cb8 N 0x702cbc
0x940340 N 0x940344
0x940340 N 0x940344
0x34 BTB index out of boundsN 0x0
0x82c6f1ac BTB index out of boundsN 0x0
0x6e744 BTB index out of boundsN 0x0
0x34 BTB index out of boundsN 0x0
0x6e744 BTB index out of boundsN 0x0
0x940340 N 0x940344
0x34 BTB index out of boundsN 0x0
0x702cb8 N 0x702cbc
0xcc7a68 N 0xcc7a6c
0xcc7a68 N 0xcc7a6c
0x33310 N 0x33314
0x85aa58 N 0x85aa5c
0x5ec8c BTB index out of boundsN 0x0
0x38fa4cd4 BTB index out of boundsN 0x0
0x38fa4cd4 BTB index out of boundsN 0x0
0x34 BTB index out of boundsN 0x0
0x584 BTB index out of boundsN 0x0
0x82c6f1ac BTB index out of boundsN 0x0
0xce64 BTB index out of boundsN 0x0
0x34 BTB index out of boundsN 0x0
0x15cd83b8 N 0x15cd83bc
0xce64 BTB index out of boundsN 0x0
0x34 BTB index out of boundsN 0x0
0x8b1166ec BTB index out of boundsN 0x0
0x6e744 BTB index out of boundsN 0x0
0x34 BTB index out of boundsN 0x0
0x8b1166ec BTB index out of boundsN 0x0
0x38fa4cd4 BTB index out of boundsN 0x0
0x550af78 N 0x550af7c
0x82c6f1ac BTB index out of boundsN 0x0
0x5ec8c BTB index out of boundsN 0x0
0xce64 BTB index out of boundsN 0x0
0x550af78 N 0x550af7c
0x82c6f1ac BTB index out of boundsN 0x0
0x702cb8 N 0x702cbc
0x550af78 N 0x550af7c
0x38fa4cd4 BTB index out of boundsN 0x0
0x82c6f1ac BTB index out of boundsN 0x0
0x702cb8 N 0x702cbc
0x8b1166ec BTB index out of boundsN 0x0
0xa18 N 0xa1c
0x38fa4cd4 BTB index out of boundsN 0x0
0x33310 N 0x33314
0x702cb8 N 0x702cbc
0x584 BTB index out of boundsN 0x0
0xa18 N 0xa1c
0x940340 N 0x940344
0x82c6f1ac BTB index out of boundsN 0x0
0x38fa4cd4 BTB index out of boundsN 0x0
0xa18 N 0xa1c
0x550af78 N 0x550af7c
0x34 BTB index out of boundsN 0x0
0x6e744 BTB index out of boundsN 0x0
0xcc7a68 N 0xcc7a6c
0xa18 N 0xa1c
0xce64 BTB index out of boundsN 0x0
0x82c6f1ac BTB index out of boundsN 0x0
0x940340 N 0x940344
0x82c6f1ac BTB index out of boundsN 0x0
0x33310 N 0x33314
0x8b1166ec BTB index out of boundsN 0x0
0x38fa4cd4 BTB index out of boundsN 0x0
0x940340 N 0x940344
0x38fa4cd4 BTB index out of boundsN 0x0
0x550af78 N 0x550af7c
0x702cb8 N 0x702cbc
0x34 BTB index out of boundsN 0x0
0x34 BTB index out of boundsN 0x0
0x550af78 N 0x550af7c
0x33310 N 0x33314
0x85aa58 N 0x85aa5c
0xcc7a68 N 0xcc7a6c
0x85aa58 N 0x85aa5c
0x15cd83b8 N 0x15cd83bc
0x8b1166ec BTB index out of boundsN 0x0
0xce64 BTB index out of boundsN 0x0
0xcc7a68 N 0xcc7a6c
0x5ec8c BTB index out of boundsN 0x0
0xcc7a68 N 0xcc7a6c
0x15cd83b8 N 0x15cd83bc
0xce64 BTB index out of boundsN 0x0
0x6e744 BTB index out of boundsN 0x0
0xa18 N 0xa1c
0x34 BTB index out of boundsN 0x0
0x34 BTB index out of boundsN 0x0
0x6e744 BTB index out of boundsN 0x0
0x550af78 N 0x550af7c
0x8b1166ec BTB index out of boundsN 0x0
0xce64 BTB index out of boundsN 0x0
0x34 BTB index out of boundsN 0x0
0x5ec8c BTB index out of boundsN 0x0
0x38fa4cd4 BTB index out of boundsN 0x0
0x940340 N 0x940344
0x82c6f1ac BTB index out of boundsN 0x0
0x82c6f1ac BTB index out of boundsN 0x0
0x584 BTB index out of boundsN 0x0
0x85aa58 N 0x85aa5c
0x85aa58 N 0x85aa5c
0x702cb8 N 0x702cbc
0x33310 N 0x33314
0xce64 BTB index out of boundsN 0x0
0x38fa4cd4 BTB index out of boundsN 0x0
0x15cd83b8 N 0x15cd83bc
0x702cb8 N 0x702cbc
0x82c6f1ac BTB index out of boundsN 0x0
0x702cb8 N 0x702cbc
0x82c6f1ac BTB index out of boundsN 0x0
0xa18 N 0xa1c
0x6e744 BTB index out of boundsN 0x0
0xce64 BTB index out of boundsN 0x0
0x940340 N 0x940344
0x6e744 BTB index out of boundsN 0x0
0x34 BTB index out of boundsN 0x0
0x8b1166ec BTB index out of boundsN 0x0
0x82c6f1ac BTB index out of boundsN 0x0
0xa18 N 0xa1c
0x550af78 N 0x550af7c
0xcc7a68 N 0xcc7a6c
0x33310 N 0x33314
0x34 BTB index out of boundsN 0x0
0x5ec8c BTB index out of boundsN 0x0
0xce64 BTB index out of boundsN 0x0
0x5ec8c BTB index out of boundsN 0x0
0xa18 N 0xa1c
0xa18 N 0xa1c
0x6e744 BTB index out of boundsN 0x0
0x34 BTB index out of boundsN 0x0
0x940340 N 0x940344
0x940340 N 0x940344
0x584 BTB index out of boundsN 0x0
0xcc7a68 N 0xcc7a6c
0x8b1166ec BTB index out of boundsN 0x0
0xce64 BTB index out of boundsN 0x0
0x584 BTB index out of boundsN 0x0
0x5ec8c BTB index out of boundsN 0x0
0xa18 N 0xa1c
0x8b1166ec BTB index out of boundsN 0x0
0x85aa58 N 0x85aa5c
0x940340 N 0x940344
0xcc7a68 N 0xcc7a6c
0xce64 BTB index out of boundsN 0x0
0x34 BTB index out of boundsN 0x0
0x550af78 N 0x550af7c
0x82c6f1ac BTB index out of boundsN 0x0
0x6e744 BTB index out of boundsN 0x0
0x15cd83b8 N 0x15cd83bc
0x33310 N 0x33314
0x8b1166ec BTB index out of boundsN 0x0
0x702cb8 N 0x702cbc
0xcc7a68 N 0xcc7a6c
0xcc7a68 N 0xcc7a6c
0x38fa4cd4 BTB index out of boundsN 0x0
0xa18 N 0xa1c
0xce64 BTB index out of boundsN 0x0
0x15cd83b8 N 0x15cd83bc
0x6e744 BTB index out of boundsN 0x0
0x6e744 BTB index out of boundsN 0x0
0x8b1166ec BTB index out of boundsN 0x0
0x702cb8 N 0x702cbc
0x33310 N 0x33314
0x15cd83b8 N 0x15cd83bc
0x15cd83b8 N 0x15cd83bc
0xa18 N 0xa1c
0x15cd83b8 N 0x15cd83bc
0xcc7a68 N 0xcc7a6c
0x85aa58 N 0x85aa5c
0x8b1166ec BTB index out of boundsN 0x0
0x940340 N 0x940344
0x8b1166ec BTB index out of boundsN 0x0
0xce64 BTB index out of boundsN 0x0
0x33310 N 0x33314
0x5ec8c BTB index out of boundsN 0x0
0x38fa4cd4 BTB index out of boundsN 0x0
0x702cb8 N 0x702cbc
0x34 BTB index out of boundsN 0x0
0xce64 BTB index out of boundsN 0x0
0x702cb8 N 0x702cbc
0x940340 N 0x940344
0x584 BTB index out of boundsN 0x0
0x8b1166ec BTB index out of boundsN 0x0
0x6e744 BTB index out of boundsN 0x0
0x33310 N 0x33314
0x550af78 N 0x550af7c
0x940340 N 0x940344
0x6e744 BTB index out of boundsN 0x0
0x82c6f1ac BTB index out of boundsN 0x0
0x34 BTB index out of boundsN 0x0
0xa18 N 0xa1c
0x5ec8c BTB index out of boundsN 0x0
0x34 BTB index out of boundsN 0x0
0x38fa4cd4 BTB index out of boundsN 0x0
0x6e744 BTB index out of boundsN 0x0
0x702cb8 N 0x702cbc
0x34 BTB index out of boundsN 0x0
0x15cd83b8 N 0x15cd83bc
0x550af78 N 0x550af7c
0x6e744 BTB index out of boundsN 0x0
0x5ec8c BTB index out of boundsN 0x0
0xce64 BTB index out of boundsN 0x0
0x33310 N 0x33314
0xcc7a68 N 0xcc7a6c
0x8b1166ec BTB index out of boundsN 0x0
0x82c6f1ac BTB index out of boundsN 0x0
0x6e744 BTB index out of boundsN 0x0
0x33310 N 0x33314
0x5ec8c BTB index out of boundsN 0x0
0x34 BTB index out of boundsN 0x0
0x584 BTB index out of boundsN 0x0
0xcc7a68 N 0xcc7a6c
0x34 BTB index out of boundsN 0x0
0x15cd83b8 N 0x15cd83bc
0x550af78 N 0x550af7c
0x38fa4cd4 BTB index out of boundsN 0x0
0x33310 N 0x33314
0xce64 BTB index out of boundsN 0x0
0xa18 N 0xa1c
0x85aa58 N 0x85aa5c
0xcc7a68 N 0xcc7a6c
0xa18 N 0xa1c
0x38fa4cd4 BTB index out of boundsN 0x0
0xcc7a68 N 0xcc7a6c
0x6e744 BTB index out of boundsN 0x0
0xce64 BTB index out of boundsN 0x0
0xa18 N 0xa1c
0x584 BTB index out of boundsN 0x0
0x6e744 BTB index out of boundsN 0x0
0xce64 BTB index out of boundsN 0x0
0x550af78 N 0x550af7c
0x15cd83b8 N 0x15cd83bc
0x34 BTB index out of boundsN 0x0
0x82c6f1ac BTB index out of boundsN 0x0
0x85aa58 N 0x85aa5c
0x584 BTB index out of boundsN 0x0
0x8b1166ec BTB index out of boundsN 0x0
0x38fa4cd4 BTB index out of boundsN 0x0
0x85aa58 N 0x85aa5c
0x5ec8c BTB index out of boundsN 0x0
0x15cd83b8 N 0x15cd83bc
0x8b1166ec BTB index out of boundsN 0x0
0x15cd83b8 N 0x15cd83bc
0x34 BTB index out of boundsN 0x0
0x8b1166ec BTB index out of boundsN 0x0
0x584 BTB index out of boundsN 0x0
0x5ec8c BTB index out of boundsN 0x0
0x15cd83b8 N 0x15cd83bc
0x15cd83b8 N 0x15cd83bc
0x6e744 BTB index out of boundsN 0x0
0xa18 N 0xa1c
0x6e744 BTB index out of boundsN 0x0
0x5ec8c BTB index out of boundsN 0x0
0x82c6f1ac BTB index out of boundsN 0x0
0x34 BTB index out of boundsN 0x0
0x8b1166ec BTB index out of boundsN 0x0
0x33310 N 0x33314
0xce64 BTB index out of boundsN 0x0
0x33310 N 0x33314
0x940340 N 0x940344
0x85aa58 N 0x85aa5c
0x550af78 N 0x550af7c
0x34 BTB index out of boundsN 0x0
0x82c6f1ac BTB index out of boundsN 0x0
0x584 BTB index out of boundsN 0x0
0x702cb8 N 0x702cbc
0x82c6f1ac BTB index out of boundsN 0x0
0x38fa4cd4 BTB index out of boundsN 0x0
0x34 BTB index out of boundsN 0x0
0xa18 N 0xa1c
0x6e744 BTB index out of boundsN 0x0
0xcc7a68 N 0xcc7a6c
0x8b1166ec BTB index out of boundsN 0x0
0x940340 N 0x940344
0xa18 N 0xa1c
0x550af78 N 0x550af7c
0xce64 BTB index out of boundsN 0x0
0xce64 BTB index out of boundsN 0x0
0x34 BTB index out of boundsN 0x0
0x702cb8 N 0x702cbc
0x5ec8c BTB index out of boundsN 0x0
0x8b1166ec BTB index out of boundsN 0x0
0x85aa58 N 0x85aa5c
0x584 BTB index out of boundsN 0x0
0x584 BTB index out of boundsN 0x0
0x940340 N 0x940344
0x34 BTB index out of boundsN 0x0
0x85aa58 N 0x85aa5c
0x38fa4cd4 BTB index out of boundsN 0x0
0x34 BTB index out of boundsN 0x0
0x34 BTB index out of boundsN 0x0
0xce64 BTB index out of boundsN 0x0
0xcc7a68 N 0xcc7a6c
0x5ec8c BTB index out of boundsN 0x0
0x584 BTB index out of boundsN 0x0
0x8b1166ec BTB index out of boundsN 0x0
0x584 BTB index out of boundsN 0x0
0x85aa58 N 0x85aa5c
0x940340 N 0x940344
0x550af78 N 0x550af7c
0x82c6f1ac BTB index out of boundsN 0x0
0x584 BTB index out of boundsN 0x0
0x5ec8c BTB index out of boundsN 0x0
0x584 BTB index out of boundsN 0x0
0x82c6f1ac BTB index out of boundsN 0x0
0x85aa58 N 0x85aa5c
0xcc7a68 N 0xcc7a6c
0x584 BTB index out of boundsN 0x0
0x85aa58 N 0x85aa5c
0x82c6f1ac BTB index out of boundsN 0x0
0x8b1166ec BTB index out of boundsN 0x0
0x85aa58 N 0x85aa5c
0x33310 N 0x33314
0x550af78 N 0x550af7c
0x550af78 N 0x550af7c
0x33310 N 0x33314
0x85aa58 N 0x85aa5c
0x6e744 BTB index out of boundsN 0x0
0x82c6f1ac BTB index out of boundsN 0x0
0x85aa58 N 0x85aa5c
0x584 BTB index out of boundsN 0x0
0x33310 N 0x33314
0x33310 N 0x33314
0x38fa4cd4 BTB index out of boundsN 0x0
0x6e744 BTB index out of boundsN 0x0
0x5ec8c BTB index out of boundsN 0x0
0xcc7a68 N 0xcc7a6c
0x940340 N 0x940344
0x6e744 BTB index out of boundsN 0x0
0x550af78 N 0x550af7c
0x82c6f1ac BTB index out of boundsN 0x0
0x34 BTB index out of boundsN 0x0
0x5ec8c BTB index out of boundsN 0x0
0x33310 N 0x33314
0x82c6f1ac BTB index out of boundsN 0x0
0x584 BTB index out of boundsN 0x0
0xce64 BTB index out of boundsN 0x0
0x85aa58 N 0x85aa5c
0x8b1166ec BTB index out of boundsN 0x0
0x85aa58 N 0x85aa5c
0x33310 N 0x33314
0x5ec8c BTB index out of boundsN 0x0
0xcc7a68 N 0xcc7a6c
0x34 BTB index out of boundsN 0x0
0xcc7a68 N 0xcc7a6c
0xcc7a68 N 0xcc7a6c
0xce64 BTB index out of boundsN 0x0
0xce64 BTB index out of boundsN 0x0
0x6e744 BTB index out of boundsN 0x0
0x85aa58 N 0x85aa5c
0x702cb8 N 0x702cbc
0x15cd83b8 N 0x15cd83bc
0x5ec8c BTB index out of boundsN 0x0
0xa18 N 0xa1c
0x34 BTB index out of boundsN 0x0
0xa18 N 0xa1c
0x33310 N 0x33314
0x702cb8 N 0x702cbc
0x584 BTB index out of boundsN 0x0
0xa18 N 0xa1c
0x85aa58 N 0x85aa5c
0x702cb8 N 0x702cbc
0x82c6f1ac BTB index out of boundsN 0x0
0x82c6f1ac BTB index out of boundsN 0x0
0x33310 N 0x33314
0x584 BTB index out of boundsN 0x0
0x15cd83b8 N 0x15cd83bc
0x38fa4cd4 BTB index out of boundsN 0x0
0x940340 N 0x940344
0x550af78 N 0x550af7c
0xa18 N 0xa1c
0x38fa4cd4 BTB index out of boundsN 0x0
0x940340 N 0x940344
0x6e744 BTB index out of boundsN 0x0
0xcc7a68 N 0xcc7a6c
0x33310 N 0x33314
0xce64 BTB index out of boundsN 0x0
0x15cd83b8 N 0x15cd83bc
0xcc7a68 N 0xcc7a6c
0x5ec8c BTB index out of boundsN 0x0
0x15cd83b8 N 0x15cd83bc
0x6e744 BTB index out of boundsN 0x0
0x550af78 N 0x550af7c
0x6e744 BTB index out of boundsN 0x0
0x82c6f1ac BTB index out of boundsN 0x0
0xcc7a68 N 0xcc7a6c
0x34 BTB index out of boundsN 0x0
0xce64 BTB index out of boundsN 0x0
0x702cb8 N 0x702cbc
0xcc7a68 N 0xcc7a6c
0x85aa58 N 0x85aa5c
0x8b1166ec BTB index out of boundsN 0x0
0xcc7a68 N 0xcc7a6c
0x550af78 N 0x550af7c
0x940340 N 0x940344
0x8b1166ec BTB index out of boundsN 0x0
0x15cd83b8 N 0x15cd83bc
0x584 BTB index out of boundsN 0x0
0x584 BTB index out of boundsN 0x0
0xce64 BTB index out of boundsN 0x0
0x550af78 N 0x550af7c
0x6e744 BTB index out of boundsN 0x0
0xce64 BTB index out of boundsN 0x0
0x8b1166ec BTB index out of boundsN 0x0
0x550af78 N 0x550af7c
0xcc7a68 N 0xcc7a6c
0x34 BTB index out of boundsN 0x0
0x550af78 N 0x550af7c
0x550af78 N 0x550af7c
0x550af78 N 0x550af7c
0x34 BTB index out of boundsN 0x0
0x940340 N 0x940344
0x15cd83b8 N 0x15cd83bc
0x702cb8 N 0x702cbc
0x550af78 N 0x550af7c
0x38fa4cd4 BTB index out of boundsN 0x0
0xa18 N 0xa1c
0x85aa58 N 0x85aa5c
0x584 BTB index out of boundsN 0x0
0x550af78 N 0x550af7c
0x584 BTB index out of boundsN 0x0
0x85aa58 N 0x85aa5c
0xa18 N 0xa1c
0x85aa58 N 0x85aa5c
0xa18 N 0xa1c
0xce64 BTB index out of boundsN 0x0
0xa18 N 0xa1c
0x34 BTB index out of boundsN 0x0
0xcc7a68 N 0xcc7a6c
0x15cd83b8 N 0x15cd83bc
0x702cb8 N 0x702cbc
0x85aa58 N 0x85aa5c
0x8b1166ec BTB index out of boundsN 0x0
0x82c6f1ac BTB index out of boundsN 0x0
0x82c6f1ac BTB index out of boundsN 0x0
0x584 BTB index out of boundsN 0x0
0x702cb8 N 0x702cbc
0xcc7a68 N 0xcc7a6c
0x15cd83b8 N 0x15cd83bc
0x38fa4cd4 BTB index out of boundsN 0x0
0x8b1166ec BTB index out of boundsN 0x0
0x5ec8c BTB index out of boundsN 0x0
0x702cb8 N 0x702cbc
0x584 BTB index out of boundsN 0x0
0xcc7a68 N 0xcc7a6c
0x8b1166ec BTB index out of boundsN 0x0
0xa18 N 0xa1c
0x6e744 BTB index out of boundsN 0x0
0xce64 BTB index out of boundsN 0x0
0x38fa4cd4 BTB index out of boundsN 0x0
0x702cb8 N 0x702cbc
0x6e744 BTB index out of boundsN 0x0
0xa18 N 0xa1c
0xcc7a68 N 0xcc7a6c
0x8b1166ec BTB index out of boundsN 0x0
0xa18 N 0xa1c
0x82c6f1ac BTB index out of boundsN 0x0
0xce64 BTB index out of boundsN 0x0
0x5ec8c BTB index out of boundsN 0x0
0x85aa58 N 0x85aa5c
0x82c6f1ac BTB index out of boundsN 0x0
0x82c6f1ac BTB index out of boundsN 0x0
0x550af78 N 0x550af7c
0x940340 N 0x940344
0x6e744 BTB index out of boundsN 0x0
0xcc7a68 N 0xcc7a6c
0x5ec8c BTB index out of boundsN 0x0
0x550af78 N 0x550af7c
0xa18 N 0xa1c
0xce64 BTB index out of boundsN 0x0
0xcc7a68 N 0xcc7a6c
0x5ec8c BTB index out of boundsN 0x0
0x702cb8 N 0x702cbc
0x38fa4cd4 BTB index out of boundsN 0x0
0x15cd83b8 N 0x15cd83bc
0x550af78 N 0x550af7c
0x702cb8 N 0x702cbc
0x584 BTB index out of boundsN 0x0
0x5ec8c BTB index out of boundsN 0x0
0x33310 N 0x33314
0xa18 N 0xa1c
0x85aa58 N 0x85aa5c
0x38fa4cd4 BTB index out of boundsN 0x0
0x550af78 N 0x550af7c
0x702cb8 N 0x702cbc
0x8b1166ec BTB index out of boundsN 0x0
0x940340 N 0x940344
0x940340 N 0x940344
0x5ec8c BTB index out of boundsN 0x0
0x584 BTB index out of boundsN 0x0
0x15cd83b8 N 0x15cd83bc
0x15cd83b8 N 0x15cd83bc
0x584 BTB index out of boundsN 0x0
0x584 BTB index out of boundsN 0x0
0x584 BTB index out of boundsN 0x0
0x82c6f1ac BTB index out of boundsN 0x0
0x85aa58 N 0x85aa5c
0xa18 N 0xa1c
0xcc7a68 N 0xcc7a6c
0x584 BTB index out of boundsN 0x0
0x6e744 BTB index out of boundsN 0x0
0x82c6f1ac BTB index out of boundsN 0x0
0x584 BTB index out of boundsN 0x0
0xa18 N 0xa1c
0x38fa4cd4 BTB index out of boundsN 0x0
0x82c6f1ac BTB index out of boundsN 0x0
0x6e744 BTB index out of boundsN 0x0
0xce64 BTB index out of boundsN 0x0
0x33310 N 0x33314
0x550af78 N 0x550af7c
0x8b1166ec BTB index out of boundsN 0x0
0x8b1166ec BTB index out of boundsN 0x0
0x584 BTB index out of boundsN 0x0
0xce64 BTB index out of boundsN 0x0
0x940340 N 0x940344
0x702cb8 N 0x702cbc
0x34 BTB index out of boundsN 0x0
0x8b1166ec BTB index out of boundsN 0x0
0x8b1166ec BTB index out of boundsN 0x0
0x550af78 N 0x550af7c
0xa18 N 0xa1c
0x8b1166ec BTB index out of boundsN 0x0
0xcc7a68 N 0xcc7a6c
0x38fa4cd4 BTB index out of boundsN 0x0
0x940340 N 0x940344
0x38fa4cd4 BTB index out of boundsN 0x0
0x6e744 BTB index out of boundsN 0x0
0x33310 N 0x33314
0x6e744 BTB index out of boundsN 0x0
0xcc7a68 N 0xcc7a6c
0x85aa58 N 0x85aa5c
0x8b1166ec BTB index out of boundsN 0x0
0x940340 N 0x940344
0x6e744 BTB index out of boundsN 0x0
0x702cb8 N 0x702cbc
0xcc7a68 N 0xcc7a6c
0x6e744 BTB index out of boundsN 0x0
0xa18 N 0xa1c
0x584 BTB index out of boundsN 0x0
0x85aa58 N 0x85aa5c
0x6e744 BTB index out of boundsN 0x0
0xa18 N 0xa1c
0x550af78 N 0x550af7c
flush_num: 786, br_num: 1037, size: 72b
