expected: 32 
 real std::vector<bimodal_FSM> size = 32
