0xa9f14 BTB index out of boundsN 0x0
0x74490f4 BTB index out of boundsN 0x0
0x9a8 N 0x9ac
0xa9f14 BTB index out of boundsN 0x0
0xac014 BTB index out of boundsN 0x0
0xb16c BTB index out of boundsN 0x0
0x11900f8 N 0x11900fc
0x74490f4 BTB index out of boundsN 0x0
0x7990 N 0x7994
0xee5c8 N 0xee5cc
0xb16c BTB index out of boundsN 0x0
0x9a8 N 0x9ac
0xa9f14 BTB index out of boundsN 0x0
0xee5c8 N 0xee5cc
0xac014 BTB index out of boundsN 0x0
0x7990 N 0x7994
0x9a8 N 0x9ac
0xb16c BTB index out of boundsN 0x0
0x9a8 N 0x9ac
0x7990 N 0x7994
0x74490f4 BTB index out of boundsN 0x0
0x7990 T 0xad97370
0x9a8 N 0x9ac
0xa9f14 BTB index out of boundsN 0x0
0xa9f14 BTB index out of boundsN 0x0
0x74490f4 BTB index out of boundsN 0x0
0xa9f14 BTB index out of boundsN 0x0
0xb16c BTB index out of boundsN 0x0
0x11900f8 N 0x11900fc
0x11900f8 N 0x11900fc
0x74490f4 BTB index out of boundsN 0x0
0xb16c BTB index out of boundsN 0x0
0xee5c8 N 0xee5cc
0x11900f8 N 0x11900fc
0x7990 N 0x7994
0xa9f14 BTB index out of boundsN 0x0
0xa9f14 BTB index out of boundsN 0x0
0x11900f8 N 0x11900fc
0xb16c BTB index out of boundsN 0x0
0x74490f4 BTB index out of boundsN 0x0
0x74490f4 BTB index out of boundsN 0x0
0x11900f8 N 0x11900fc
0xee5c8 N 0xee5cc
0xac014 BTB index out of boundsN 0x0
0x11900f8 N 0x11900fc
0xee5c8 N 0xee5cc
0x7990 N 0x7994
0x74490f4 BTB index out of boundsN 0x0
0xb16c BTB index out of boundsN 0x0
0x74490f4 BTB index out of boundsN 0x0
0xac014 BTB index out of boundsN 0x0
0x11900f8 N 0x11900fc
0x74490f4 BTB index out of boundsN 0x0
0xee5c8 N 0xee5cc
0x9a8 N 0x9ac
0xee5c8 N 0xee5cc
0x11900f8 N 0x11900fc
0xb16c BTB index out of boundsN 0x0
0x11900f8 N 0x11900fc
0xac014 BTB index out of boundsN 0x0
0x11900f8 N 0x11900fc
0x9a8 N 0x9ac
0xb16c BTB index out of boundsN 0x0
0x11900f8 N 0x11900fc
0x7990 N 0x7994
0xee5c8 N 0xee5cc
0xa9f14 BTB index out of boundsN 0x0
0x9a8 N 0x9ac
0xee5c8 N 0xee5cc
0xa9f14 BTB index out of boundsN 0x0
0xb16c BTB index out of boundsN 0x0
0x74490f4 BTB index out of boundsN 0x0
0x74490f4 BTB index out of boundsN 0x0
0xee5c8 N 0xee5cc
0x74490f4 BTB index out of boundsN 0x0
0xa9f14 BTB index out of boundsN 0x0
0x9a8 N 0x9ac
0x9a8 N 0x9ac
0xac014 BTB index out of boundsN 0x0
0x11900f8 N 0x11900fc
0xee5c8 N 0xee5cc
0xee5c8 N 0xee5cc
0xee5c8 N 0xee5cc
0xa9f14 BTB index out of boundsN 0x0
0xee5c8 N 0xee5cc
0xee5c8 N 0xee5cc
0x74490f4 BTB index out of boundsN 0x0
0x11900f8 N 0x11900fc
0x7990 N 0x7994
0xee5c8 N 0xee5cc
0xac014 BTB index out of boundsN 0x0
0xac014 BTB index out of boundsN 0x0
0x74490f4 BTB index out of boundsN 0x0
0x74490f4 BTB index out of boundsN 0x0
0xee5c8 N 0xee5cc
0xa9f14 BTB index out of boundsN 0x0
0x9a8 N 0x9ac
0x7990 N 0x7994
0xb16c BTB index out of boundsN 0x0
0x9a8 N 0x9ac
0x11900f8 N 0x11900fc
0xa9f14 BTB index out of boundsN 0x0
0x11900f8 N 0x11900fc
0xee5c8 N 0xee5cc
0xb16c BTB index out of boundsN 0x0
0x74490f4 BTB index out of boundsN 0x0
0x9a8 N 0x9ac
0xb16c BTB index out of boundsN 0x0
0x9a8 N 0x9ac
0x74490f4 BTB index out of boundsN 0x0
0xee5c8 N 0xee5cc
0x11900f8 N 0x11900fc
0x9a8 N 0x9ac
0xee5c8 N 0xee5cc
0xac014 BTB index out of boundsN 0x0
0xa9f14 BTB index out of boundsN 0x0
0xa9f14 BTB index out of boundsN 0x0
0xac014 BTB index out of boundsN 0x0
0xa9f14 BTB index out of boundsN 0x0
0x11900f8 N 0x11900fc
0x7990 N 0x7994
0x9a8 N 0x9ac
0x7990 N 0x7994
0xb16c BTB index out of boundsN 0x0
0xee5c8 N 0xee5cc
0x11900f8 N 0x11900fc
0x74490f4 BTB index out of boundsN 0x0
0xee5c8 N 0xee5cc
0xa9f14 BTB index out of boundsN 0x0
0x11900f8 N 0x11900fc
0x7990 N 0x7994
0xa9f14 BTB index out of boundsN 0x0
0x9a8 N 0x9ac
0xac014 BTB index out of boundsN 0x0
0xee5c8 N 0xee5cc
0x11900f8 N 0x11900fc
0xa9f14 BTB index out of boundsN 0x0
0x74490f4 BTB index out of boundsN 0x0
0xb16c BTB index out of boundsN 0x0
0xa9f14 BTB index out of boundsN 0x0
0x9a8 N 0x9ac
0x11900f8 N 0x11900fc
0x9a8 N 0x9ac
0x11900f8 N 0x11900fc
0xa9f14 BTB index out of boundsN 0x0
0xee5c8 N 0xee5cc
0xee5c8 N 0xee5cc
0xac014 BTB index out of boundsN 0x0
0xa9f14 BTB index out of boundsN 0x0
0x7990 N 0x7994
0xac014 BTB index out of boundsN 0x0
0x9a8 N 0x9ac
0xb16c BTB index out of boundsN 0x0
0x74490f4 BTB index out of boundsN 0x0
0xa9f14 BTB index out of boundsN 0x0
0xb16c BTB index out of boundsN 0x0
0xa9f14 BTB index out of boundsN 0x0
0xac014 BTB index out of boundsN 0x0
0xa9f14 BTB index out of boundsN 0x0
0xee5c8 N 0xee5cc
0xee5c8 N 0xee5cc
0x9a8 N 0x9ac
0xac014 BTB index out of boundsN 0x0
0x7990 N 0x7994
0xac014 BTB index out of boundsN 0x0
0xa9f14 BTB index out of boundsN 0x0
0x7990 N 0x7994
0xa9f14 BTB index out of boundsN 0x0
0x7990 N 0x7994
0x74490f4 BTB index out of boundsN 0x0
0xee5c8 N 0xee5cc
0x74490f4 BTB index out of boundsN 0x0
0xac014 BTB index out of boundsN 0x0
0x7990 N 0x7994
0x74490f4 BTB index out of boundsN 0x0
0xa9f14 BTB index out of boundsN 0x0
0xee5c8 N 0xee5cc
0x11900f8 N 0x11900fc
0x74490f4 BTB index out of boundsN 0x0
0xb16c BTB index out of boundsN 0x0
0x9a8 N 0x9ac
0x7990 N 0x7994
0x9a8 N 0x9ac
0x74490f4 BTB index out of boundsN 0x0
0x7990 N 0x7994
0xa9f14 BTB index out of boundsN 0x0
0xb16c BTB index out of boundsN 0x0
0xee5c8 N 0xee5cc
0x9a8 N 0x9ac
0xee5c8 N 0xee5cc
0x7990 N 0x7994
0x74490f4 BTB index out of boundsN 0x0
0x11900f8 N 0x11900fc
0xb16c BTB index out of boundsN 0x0
0x7990 N 0x7994
0xb16c BTB index out of boundsN 0x0
0xee5c8 N 0xee5cc
0x11900f8 N 0x11900fc
0xa9f14 BTB index out of boundsN 0x0
0xee5c8 N 0xee5cc
0x74490f4 BTB index out of boundsN 0x0
0x9a8 N 0x9ac
0x7990 N 0x7994
0x11900f8 N 0x11900fc
0x7990 N 0x7994
0xee5c8 N 0xee5cc
0x7990 N 0x7994
0x74490f4 BTB index out of boundsN 0x0
0xee5c8 N 0xee5cc
0x74490f4 BTB index out of boundsN 0x0
0xee5c8 N 0xee5cc
0x74490f4 BTB index out of boundsN 0x0
0xb16c BTB index out of boundsN 0x0
0x11900f8 N 0x11900fc
0xa9f14 BTB index out of boundsN 0x0
0x7990 N 0x7994
0x7990 N 0x7994
0xb16c BTB index out of boundsN 0x0
0xb16c BTB index out of boundsN 0x0
0x74490f4 BTB index out of boundsN 0x0
0x7990 N 0x7994
0xee5c8 N 0xee5cc
0xb16c BTB index out of boundsN 0x0
0x11900f8 N 0x11900fc
0xee5c8 N 0xee5cc
0xee5c8 N 0xee5cc
0x74490f4 BTB index out of boundsN 0x0
0x74490f4 BTB index out of boundsN 0x0
0xac014 BTB index out of boundsN 0x0
0xb16c BTB index out of boundsN 0x0
0x7990 N 0x7994
0xee5c8 N 0xee5cc
0x9a8 N 0x9ac
0x11900f8 N 0x11900fc
0xa9f14 BTB index out of boundsN 0x0
0xb16c BTB index out of boundsN 0x0
0x9a8 N 0x9ac
0x7990 N 0x7994
0xb16c BTB index out of boundsN 0x0
0xa9f14 BTB index out of boundsN 0x0
0xac014 BTB index out of boundsN 0x0
0xa9f14 BTB index out of boundsN 0x0
0x7990 N 0x7994
0x11900f8 N 0x11900fc
0xee5c8 N 0xee5cc
0xee5c8 N 0xee5cc
0xb16c BTB index out of boundsN 0x0
0xac014 BTB index out of boundsN 0x0
0x74490f4 BTB index out of boundsN 0x0
0xb16c BTB index out of boundsN 0x0
0x74490f4 BTB index out of boundsN 0x0
0x7990 N 0x7994
0x11900f8 N 0x11900fc
0xa9f14 BTB index out of boundsN 0x0
0x74490f4 BTB index out of boundsN 0x0
0x9a8 N 0x9ac
0x7990 N 0x7994
0x74490f4 BTB index out of boundsN 0x0
0x11900f8 N 0x11900fc
0xb16c BTB index out of boundsN 0x0
0x9a8 N 0x9ac
0xee5c8 N 0xee5cc
0x11900f8 N 0x11900fc
0xb16c BTB index out of boundsN 0x0
0xee5c8 N 0xee5cc
0x11900f8 N 0x11900fc
0xb16c BTB index out of boundsN 0x0
0xb16c BTB index out of boundsN 0x0
0x9a8 N 0x9ac
0x11900f8 N 0x11900fc
0x9a8 N 0x9ac
0xa9f14 BTB index out of boundsN 0x0
0xa9f14 BTB index out of boundsN 0x0
0x9a8 N 0x9ac
0x74490f4 BTB index out of boundsN 0x0
0xee5c8 N 0xee5cc
0x11900f8 N 0x11900fc
0x9a8 N 0x9ac
0xb16c BTB index out of boundsN 0x0
0x11900f8 N 0x11900fc
0xa9f14 BTB index out of boundsN 0x0
0xac014 BTB index out of boundsN 0x0
0x7990 N 0x7994
0x11900f8 N 0x11900fc
0x74490f4 BTB index out of boundsN 0x0
0x7990 N 0x7994
0xa9f14 BTB index out of boundsN 0x0
0xa9f14 BTB index out of boundsN 0x0
0xee5c8 N 0xee5cc
0x9a8 N 0x9ac
0x7990 N 0x7994
0x9a8 N 0x9ac
0x74490f4 BTB index out of boundsN 0x0
0x7990 N 0x7994
0x74490f4 BTB index out of boundsN 0x0
0xb16c BTB index out of boundsN 0x0
0x9a8 N 0x9ac
0x74490f4 BTB index out of boundsN 0x0
0xac014 BTB index out of boundsN 0x0
0xb16c BTB index out of boundsN 0x0
0x7990 N 0x7994
0x9a8 N 0x9ac
0x74490f4 BTB index out of boundsN 0x0
0xee5c8 N 0xee5cc
0xb16c BTB index out of boundsN 0x0
0x7990 N 0x7994
0xb16c BTB index out of boundsN 0x0
0x11900f8 N 0x11900fc
0xac014 BTB index out of boundsN 0x0
0xa9f14 BTB index out of boundsN 0x0
0x74490f4 BTB index out of boundsN 0x0
0xee5c8 N 0xee5cc
0xb16c BTB index out of boundsN 0x0
0xb16c BTB index out of boundsN 0x0
0x11900f8 N 0x11900fc
0xac014 BTB index out of boundsN 0x0
0x9a8 N 0x9ac
0xb16c BTB index out of boundsN 0x0
0x7990 N 0x7994
0xb16c BTB index out of boundsN 0x0
flush_num: 233, br_num: 320, size: 77b
