0xe7a9f4 BTB index out of boundsN 0x0
0xe7a9f4 BTB index out of boundsN 0x0
0x278f4 BTB index out of boundsN 0x0
0xef24 BTB index out of boundsN 0x0
0x278f4 BTB index out of boundsN 0x0
0x278f4 BTB index out of boundsN 0x0
0x278f4 BTB index out of boundsN 0x0
0x1b434 BTB index out of boundsN 0x0
0xab3536b4 BTB index out of boundsN 0x0
0xe7a9f4 BTB index out of boundsN 0x0
0xab3536b4 BTB index out of boundsN 0x0
0xe7a9f4 BTB index out of boundsN 0x0
0x1b434 BTB index out of boundsN 0x0
0xe7a9f4 BTB index out of boundsN 0x0
0x278f4 BTB index out of boundsN 0x0
0x278f4 BTB index out of boundsN 0x0
0xef24 BTB index out of boundsN 0x0
0xab3536b4 BTB index out of boundsN 0x0
0xab3536b4 BTB index out of boundsN 0x0
0x1b434 BTB index out of boundsN 0x0
0x278f4 BTB index out of boundsN 0x0
0x278f4 BTB index out of boundsN 0x0
0x1b434 BTB index out of boundsN 0x0
0x1b434 BTB index out of boundsN 0x0
0x278f4 BTB index out of boundsN 0x0
0xe7a9f4 BTB index out of boundsN 0x0
0x1b434 BTB index out of boundsN 0x0
0xef24 BTB index out of boundsN 0x0
0xe7a9f4 BTB index out of boundsN 0x0
0x1b434 BTB index out of boundsN 0x0
0xab3536b4 BTB index out of boundsN 0x0
0x1b434 BTB index out of boundsN 0x0
0xab3536b4 BTB index out of boundsN 0x0
0x278f4 BTB index out of boundsN 0x0
0xe7a9f4 BTB index out of boundsN 0x0
0xe7a9f4 BTB index out of boundsN 0x0
0x278f4 BTB index out of boundsN 0x0
0xe7a9f4 BTB index out of boundsN 0x0
0x1b434 BTB index out of boundsN 0x0
0xe7a9f4 BTB index out of boundsN 0x0
0x1b434 BTB index out of boundsN 0x0
0x278f4 BTB index out of boundsN 0x0
0x278f4 BTB index out of boundsN 0x0
0x278f4 BTB index out of boundsN 0x0
0xef24 BTB index out of boundsN 0x0
0xe7a9f4 BTB index out of boundsN 0x0
0x1b434 BTB index out of boundsN 0x0
0x1b434 BTB index out of boundsN 0x0
0x278f4 BTB index out of boundsN 0x0
0xe7a9f4 BTB index out of boundsN 0x0
0xe7a9f4 BTB index out of boundsN 0x0
0xef24 BTB index out of boundsN 0x0
0xab3536b4 BTB index out of boundsN 0x0
0x1b434 BTB index out of boundsN 0x0
0x1b434 BTB index out of boundsN 0x0
0x1b434 BTB index out of boundsN 0x0
0xef24 BTB index out of boundsN 0x0
0xef24 BTB index out of boundsN 0x0
0xef24 BTB index out of boundsN 0x0
0xab3536b4 BTB index out of boundsN 0x0
0xab3536b4 BTB index out of boundsN 0x0
0xab3536b4 BTB index out of boundsN 0x0
0x1b434 BTB index out of boundsN 0x0
0x1b434 BTB index out of boundsN 0x0
0xef24 BTB index out of boundsN 0x0
0xe7a9f4 BTB index out of boundsN 0x0
0x278f4 BTB index out of boundsN 0x0
0xe7a9f4 BTB index out of boundsN 0x0
0x1b434 BTB index out of boundsN 0x0
0xe7a9f4 BTB index out of boundsN 0x0
0x278f4 BTB index out of boundsN 0x0
0xef24 BTB index out of boundsN 0x0
0xab3536b4 BTB index out of boundsN 0x0
0x1b434 BTB index out of boundsN 0x0
0xef24 BTB index out of boundsN 0x0
0xef24 BTB index out of boundsN 0x0
0xe7a9f4 BTB index out of boundsN 0x0
0x1b434 BTB index out of boundsN 0x0
0xab3536b4 BTB index out of boundsN 0x0
0xab3536b4 BTB index out of boundsN 0x0
0xe7a9f4 BTB index out of boundsN 0x0
0x1b434 BTB index out of boundsN 0x0
0x1b434 BTB index out of boundsN 0x0
0x278f4 BTB index out of boundsN 0x0
0xab3536b4 BTB index out of boundsN 0x0
0xab3536b4 BTB index out of boundsN 0x0
0x1b434 BTB index out of boundsN 0x0
0xef24 BTB index out of boundsN 0x0
0x1b434 BTB index out of boundsN 0x0
0x1b434 BTB index out of boundsN 0x0
0x278f4 BTB index out of boundsN 0x0
0x1b434 BTB index out of boundsN 0x0
0xef24 BTB index out of boundsN 0x0
0xab3536b4 BTB index out of boundsN 0x0
0x1b434 BTB index out of boundsN 0x0
0x278f4 BTB index out of boundsN 0x0
0x278f4 BTB index out of boundsN 0x0
0xe7a9f4 BTB index out of boundsN 0x0
0xef24 BTB index out of boundsN 0x0
0xab3536b4 BTB index out of boundsN 0x0
0x1b434 BTB index out of boundsN 0x0
0x278f4 BTB index out of boundsN 0x0
0x278f4 BTB index out of boundsN 0x0
0x278f4 BTB index out of boundsN 0x0
0x1b434 BTB index out of boundsN 0x0
0x278f4 BTB index out of boundsN 0x0
0xab3536b4 BTB index out of boundsN 0x0
0xe7a9f4 BTB index out of boundsN 0x0
0x1b434 BTB index out of boundsN 0x0
0x278f4 BTB index out of boundsN 0x0
0xab3536b4 BTB index out of boundsN 0x0
0xab3536b4 BTB index out of boundsN 0x0
0xab3536b4 BTB index out of boundsN 0x0
0xef24 BTB index out of boundsN 0x0
0xe7a9f4 BTB index out of boundsN 0x0
0xe7a9f4 BTB index out of boundsN 0x0
0x278f4 BTB index out of boundsN 0x0
0xab3536b4 BTB index out of boundsN 0x0
0xef24 BTB index out of boundsN 0x0
0x1b434 BTB index out of boundsN 0x0
0xab3536b4 BTB index out of boundsN 0x0
0xe7a9f4 BTB index out of boundsN 0x0
0x1b434 BTB index out of boundsN 0x0
0xe7a9f4 BTB index out of boundsN 0x0
0xe7a9f4 BTB index out of boundsN 0x0
0xe7a9f4 BTB index out of boundsN 0x0
0x1b434 BTB index out of boundsN 0x0
0x1b434 BTB index out of boundsN 0x0
0x278f4 BTB index out of boundsN 0x0
0xef24 BTB index out of boundsN 0x0
0xe7a9f4 BTB index out of boundsN 0x0
0x278f4 BTB index out of boundsN 0x0
0xe7a9f4 BTB index out of boundsN 0x0
0xab3536b4 BTB index out of boundsN 0x0
0x278f4 BTB index out of boundsN 0x0
0xef24 BTB index out of boundsN 0x0
0xef24 BTB index out of boundsN 0x0
0xe7a9f4 BTB index out of boundsN 0x0
0x278f4 BTB index out of boundsN 0x0
0x1b434 BTB index out of boundsN 0x0
0xe7a9f4 BTB index out of boundsN 0x0
0x278f4 BTB index out of boundsN 0x0
0x1b434 BTB index out of boundsN 0x0
0x278f4 BTB index out of boundsN 0x0
0xab3536b4 BTB index out of boundsN 0x0
0xef24 BTB index out of boundsN 0x0
0xab3536b4 BTB index out of boundsN 0x0
0xef24 BTB index out of boundsN 0x0
0x1b434 BTB index out of boundsN 0x0
0xab3536b4 BTB index out of boundsN 0x0
0x1b434 BTB index out of boundsN 0x0
0xef24 BTB index out of boundsN 0x0
0x278f4 BTB index out of boundsN 0x0
0xef24 BTB index out of boundsN 0x0
0x1b434 BTB index out of boundsN 0x0
0xab3536b4 BTB index out of boundsN 0x0
0x278f4 BTB index out of boundsN 0x0
