0x6208 N 0x620c
0x239a820 N 0x239a824
0x6208 N 0x620c
0x554 N 0x558
0x26c N 0x270
0x554 N 0x558
0x554 N 0x558
0x26c N 0x270
0x3cc68 N 0x3cc6c
0xac N 0xb0
0x6208 N 0x620c
0xac N 0xb0
0x3cc68 N 0x3cc6c
0xac N 0xb0
0x3cc68 N 0x3cc6c
0xac N 0xb0
0x239a820 N 0x239a824
0x239a820 N 0x239a824
0x26c N 0x270
0x554 N 0x558
0x6208 N 0x620c
0x6208 N 0x620c
0x554 N 0x558
0xac N 0xb0
0x6208 N 0x620c
0x26c N 0x270
0x6208 N 0x620c
0x3cc68 N 0x3cc6c
0x554 N 0x558
0x3cc68 N 0x3cc6c
0x3cc68 N 0x3cc6c
0x554 N 0x558
0x554 N 0x558
0xac N 0xb0
0x26c N 0x270
0x554 N 0x558
0x3cc68 N 0x3cc6c
0x26c N 0x270
0x26c N 0x270
0x6208 N 0x620c
0x554 N 0x558
0x239a820 N 0x239a824
0x26c N 0x270
0x554 N 0x558
0xac N 0xb0
0x3cc68 N 0x3cc6c
0xac N 0xb0
0x3cc68 N 0x3cc6c
0x6208 N 0x620c
0xac N 0xb0
0x26c N 0x270
0x554 N 0x558
0x6208 N 0x620c
0x554 N 0x558
0x239a820 N 0x239a824
0xac N 0xb0
0x26c N 0x270
0x3cc68 N 0x3cc6c
0x3cc68 N 0x3cc6c
0x6208 N 0x620c
0x6208 N 0x620c
0x3cc68 N 0x3cc6c
0x26c N 0x270
0x3cc68 N 0x3cc6c
0xac N 0xb0
0x554 N 0x558
0xac N 0xb0
0x239a820 N 0x239a824
0x3cc68 N 0x3cc6c
0x239a820 N 0x239a824
0x3cc68 N 0x3cc6c
0x3cc68 N 0x3cc6c
0x6208 N 0x620c
0x26c N 0x270
0x239a820 N 0x239a824
0xac N 0xb0
0x6208 N 0x620c
0x6208 N 0x620c
0x239a820 N 0x239a824
0x3cc68 N 0x3cc6c
0x239a820 N 0x239a824
0x26c N 0x270
0x554 N 0x558
0x6208 N 0x620c
0x26c N 0x270
0x239a820 N 0x239a824
0xac N 0xb0
0x3cc68 N 0x3cc6c
0xac N 0xb0
0xac T 0x3018
0x6208 N 0x620c
0x3cc68 N 0x3cc6c
0x554 N 0x558
0xac N 0xb0
0xac N 0xb0
0x239a820 N 0x239a824
0x3cc68 N 0x3cc6c
0x26c N 0x270
0xac N 0xb0
0xac N 0xb0
0x6208 N 0x620c
0x239a820 N 0x239a824
0x554 N 0x558
0x239a820 N 0x239a824
0x554 N 0x558
0x3cc68 N 0x3cc6c
0x239a820 N 0x239a824
0x6208 N 0x620c
0x554 N 0x558
0x26c N 0x270
0x3cc68 N 0x3cc6c
0x26c N 0x270
0xac N 0xb0
0x239a820 N 0x239a824
0x239a820 N 0x239a824
0xac N 0xb0
0x239a820 N 0x239a824
0xac N 0xb0
0xac N 0xb0
0x26c N 0x270
0x239a820 N 0x239a824
0xac N 0xb0
0x554 N 0x558
0xac N 0xb0
0x554 N 0x558
0x3cc68 N 0x3cc6c
0xac N 0xb0
0x554 N 0x558
0x239a820 N 0x239a824
0xac N 0xb0
0xac N 0xb0
0x239a820 N 0x239a824
0xac N 0xb0
0x6208 N 0x620c
0x239a820 N 0x239a824
0x6208 N 0x620c
0x554 N 0x558
0x554 N 0x558
0x554 N 0x558
0x26c N 0x270
0xac N 0xb0
0x554 N 0x558
0xac N 0xb0
0x239a820 N 0x239a824
0x3cc68 N 0x3cc6c
0x554 N 0x558
0x6208 N 0x620c
0x26c N 0x270
0xac N 0xb0
0x554 N 0x558
0x3cc68 N 0x3cc6c
0x26c N 0x270
0x3cc68 N 0x3cc6c
0x6208 N 0x620c
0x6208 N 0x620c
0xac N 0xb0
0x6208 N 0x620c
0x554 N 0x558
0x239a820 N 0x239a824
0x6208 N 0x620c
0x6208 N 0x620c
0x554 N 0x558
0x239a820 N 0x239a824
0x239a820 N 0x239a824
0x6208 N 0x620c
0x554 N 0x558
0x239a820 N 0x239a824
0x26c N 0x270
0x554 N 0x558
0x239a820 N 0x239a824
0x26c N 0x270
0xac N 0xb0
0x6208 N 0x620c
0x239a820 N 0x239a824
0x554 N 0x558
0xac N 0xb0
0x239a820 N 0x239a824
0x6208 N 0x620c
0x239a820 N 0x239a824
0x26c N 0x270
0x239a820 N 0x239a824
0x3cc68 N 0x3cc6c
0x554 N 0x558
0x554 N 0x558
0x3cc68 N 0x3cc6c
0x26c N 0x270
0x239a820 N 0x239a824
0x554 N 0x558
0x3cc68 N 0x3cc6c
0x239a820 N 0x239a824
0x26c N 0x270
0x6208 N 0x620c
0x3cc68 N 0x3cc6c
0x554 N 0x558
0x3cc68 N 0x3cc6c
0x26c N 0x270
0x3cc68 N 0x3cc6c
0x3cc68 T 0xa8bc
0x6208 N 0x620c
0x3cc68 N 0x3cc6c
0x239a820 N 0x239a824
0x26c N 0x270
0x6208 N 0x620c
0x3cc68 N 0x3cc6c
0x6208 N 0x620c
0x554 N 0x558
0xac N 0xb0
0x26c N 0x270
0x26c N 0x270
0x6208 T 0x7603a74
0x6208 N 0x620c
0x3cc68 N 0x3cc6c
0x554 N 0x558
0xac N 0xb0
0x6208 N 0x620c
0x26c N 0x270
0x26c N 0x270
0x239a820 N 0x239a824
0x6208 N 0x620c
0x6208 N 0x620c
0x26c N 0x270
0x26c N 0x270
0x26c N 0x270
0x239a820 N 0x239a824
0x239a820 N 0x239a824
0x3cc68 N 0x3cc6c
0x239a820 N 0x239a824
0x26c N 0x270
0x554 N 0x558
0x26c N 0x270
0xac N 0xb0
0x239a820 N 0x239a824
0x6208 N 0x620c
0x239a820 N 0x239a824
0x26c N 0x270
0x3cc68 N 0x3cc6c
0x3cc68 N 0x3cc6c
0x239a820 N 0x239a824
0x6208 N 0x620c
0x6208 N 0x620c
0x6208 N 0x620c
0x3cc68 N 0x3cc6c
0x26c N 0x270
0x239a820 N 0x239a824
0x3cc68 N 0x3cc6c
0x554 N 0x558
0x239a820 N 0x239a824
0xac N 0xb0
0x554 N 0x558
0x26c N 0x270
0x6208 N 0x620c
0xac N 0xb0
0x26c N 0x270
0x239a820 N 0x239a824
0x239a820 N 0x239a824
0xac N 0xb0
0x6208 N 0x620c
0x26c N 0x270
0x6208 N 0x620c
0x6208 N 0x620c
0x6208 N 0x620c
0x239a820 N 0x239a824
0x3cc68 N 0x3cc6c
0x3cc68 N 0x3cc6c
0x239a820 N 0x239a824
0x6208 N 0x620c
0x239a820 N 0x239a824
0x3cc68 N 0x3cc6c
0x554 N 0x558
0x554 N 0x558
0x6208 N 0x620c
0xac N 0xb0
0x26c N 0x270
0x3cc68 N 0x3cc6c
0x239a820 N 0x239a824
0x554 N 0x558
0x239a820 N 0x239a824
0x6208 N 0x620c
0x554 N 0x558
0x3cc68 N 0x3cc6c
0x554 N 0x558
0x239a820 N 0x239a824
0x554 N 0x558
0x239a820 T 0x83dc98
0x6208 N 0x620c
0x554 N 0x558
0xac N 0xb0
0x26c N 0x270
0x3cc68 N 0x3cc6c
0x3cc68 N 0x3cc6c
0x554 N 0x558
0x239a820 N 0x239a824
0x239a820 N 0x239a824
0x239a820 N 0x239a824
0x239a820 N 0x239a824
0x554 T 0xb6f78298
0x3cc68 N 0x3cc6c
0x554 N 0x558
0x26c N 0x270
0x239a820 N 0x239a824
0x554 N 0x558
0x554 N 0x558
0x26c N 0x270
0x6208 N 0x620c
0x3cc68 N 0x3cc6c
0x6208 N 0x620c
0xac N 0xb0
0x554 N 0x558
0x239a820 N 0x239a824
0xac N 0xb0
0x239a820 N 0x239a824
0x554 N 0x558
0xac N 0xb0
0x26c N 0x270
0x554 N 0x558
0x239a820 N 0x239a824
0x554 N 0x558
0x554 N 0x558
0x554 N 0x558
0xac N 0xb0
0x554 N 0x558
0x6208 N 0x620c
0x26c N 0x270
0x3cc68 N 0x3cc6c
0x26c N 0x270
0x554 N 0x558
0x554 N 0x558
0x3cc68 T 0xa8bc
0xac N 0xb0
0x554 N 0x558
0x6208 N 0x620c
0x6208 N 0x620c
0x6208 T 0x7603a74
0x239a820 N 0x239a824
0xac N 0xb0
0x554 N 0x558
0x3cc68 N 0x3cc6c
0x239a820 N 0x239a824
0x26c N 0x270
0x239a820 N 0x239a824
0x26c N 0x270
0x554 N 0x558
0x26c N 0x270
0xac N 0xb0
0x26c N 0x270
0x554 N 0x558
0x554 N 0x558
0x239a820 T 0x83dc98
0x6208 N 0x620c
0xac N 0xb0
0x6208 N 0x620c
0x6208 T 0x7603a74
0xac T 0x3018
0x26c N 0x270
0x6208 N 0x620c
0x554 N 0x558
0x3cc68 N 0x3cc6c
0x554 N 0x558
0x26c N 0x270
0x3cc68 N 0x3cc6c
0x554 N 0x558
0x26c N 0x270
0x26c N 0x270
0xac N 0xb0
0x554 N 0x558
0x6208 N 0x620c
0x554 N 0x558
0x554 N 0x558
0x6208 N 0x620c
0x3cc68 N 0x3cc6c
0xac N 0xb0
0x554 N 0x558
0x26c N 0x270
0x554 N 0x558
0x3cc68 N 0x3cc6c
0xac N 0xb0
0x26c N 0x270
0x6208 N 0x620c
0x26c N 0x270
0xac N 0xb0
0xac N 0xb0
0x6208 N 0x620c
0x554 N 0x558
0x26c N 0x270
0x239a820 N 0x239a824
0x239a820 N 0x239a824
0x6208 N 0x620c
0xac N 0xb0
0x26c N 0x270
0x26c N 0x270
0xac N 0xb0
0x554 N 0x558
0x239a820 N 0x239a824
0xac N 0xb0
0x554 N 0x558
0x554 N 0x558
0xac N 0xb0
0x554 N 0x558
0x554 N 0x558
0x554 N 0x558
0x554 N 0x558
0x26c N 0x270
0x6208 N 0x620c
0x6208 N 0x620c
0x26c N 0x270
0x26c N 0x270
0x6208 N 0x620c
0x3cc68 N 0x3cc6c
0x554 N 0x558
0x239a820 N 0x239a824
0x239a820 N 0x239a824
0x26c N 0x270
0x3cc68 N 0x3cc6c
0x554 N 0x558
0xac N 0xb0
0x6208 N 0x620c
0x554 N 0x558
0x26c N 0x270
0x554 N 0x558
0x3cc68 N 0x3cc6c
0x554 N 0x558
0x554 N 0x558
0xac N 0xb0
0x239a820 N 0x239a824
0xac N 0xb0
0x239a820 T 0x83dc98
0x26c N 0x270
0x6208 N 0x620c
0x6208 N 0x620c
0x554 N 0x558
0x3cc68 N 0x3cc6c
0x239a820 N 0x239a824
0x6208 N 0x620c
0x26c N 0x270
0x554 N 0x558
0x6208 N 0x620c
0xac N 0xb0
0x6208 N 0x620c
0x239a820 N 0x239a824
0x239a820 N 0x239a824
0xac T 0x3018
0x239a820 T 0x83dc98
0x26c N 0x270
0x554 N 0x558
0xac N 0xb0
0x6208 N 0x620c
0x3cc68 N 0x3cc6c
0x26c N 0x270
0x239a820 N 0x239a824
0x239a820 N 0x239a824
0x554 N 0x558
0x3cc68 N 0x3cc6c
0x3cc68 N 0x3cc6c
0x3cc68 N 0x3cc6c
0x6208 N 0x620c
0x26c N 0x270
0x3cc68 N 0x3cc6c
0x26c N 0x270
0xac N 0xb0
0x26c N 0x270
0x239a820 N 0x239a824
0x6208 N 0x620c
0x3cc68 N 0x3cc6c
0x26c N 0x270
0x239a820 N 0x239a824
0x554 N 0x558
0x3cc68 N 0x3cc6c
0x554 N 0x558
0x239a820 N 0x239a824
0x554 N 0x558
0xac N 0xb0
0x6208 N 0x620c
0x239a820 N 0x239a824
0x554 N 0x558
0x239a820 N 0x239a824
0x6208 N 0x620c
0x239a820 N 0x239a824
0x3cc68 N 0x3cc6c
0x6208 N 0x620c
0x239a820 N 0x239a824
0x239a820 N 0x239a824
0x239a820 N 0x239a824
0x554 N 0x558
0x554 T 0xb6f78298
0xac N 0xb0
0xac N 0xb0
0xac T 0x3018
0xac N 0xb0
0x554 N 0x558
0x6208 N 0x620c
0x239a820 N 0x239a824
0xac N 0xb0
0x554 N 0x558
0x6208 N 0x620c
0x3cc68 N 0x3cc6c
0x3cc68 N 0x3cc6c
0x554 N 0x558
0x6208 N 0x620c
0x6208 N 0x620c
0xac N 0xb0
0x26c N 0x270
0x3cc68 N 0x3cc6c
0x554 N 0x558
0xac N 0xb0
0x3cc68 N 0x3cc6c
0xac N 0xb0
0x26c N 0x270
0x554 N 0x558
0x239a820 N 0x239a824
0x3cc68 N 0x3cc6c
0x26c N 0x270
0x554 N 0x558
0x6208 N 0x620c
0x6208 N 0x620c
0x3cc68 N 0x3cc6c
0x6208 N 0x620c
0xac N 0xb0
0x3cc68 N 0x3cc6c
0x554 N 0x558
0x6208 N 0x620c
0xac N 0xb0
0x3cc68 N 0x3cc6c
0x554 N 0x558
0x6208 N 0x620c
0x239a820 N 0x239a824
0x6208 N 0x620c
0x239a820 N 0x239a824
0x26c N 0x270
0x554 N 0x558
0x6208 N 0x620c
0x6208 N 0x620c
0xac N 0xb0
0x26c N 0x270
0xac N 0xb0
0xac N 0xb0
0x6208 N 0x620c
0x3cc68 N 0x3cc6c
0x239a820 N 0x239a824
0x3cc68 N 0x3cc6c
0x554 N 0x558
0x3cc68 N 0x3cc6c
0x239a820 N 0x239a824
0x26c N 0x270
0x554 N 0x558
0x3cc68 N 0x3cc6c
0x239a820 N 0x239a824
0x3cc68 N 0x3cc6c
0x554 N 0x558
0xac N 0xb0
0x3cc68 N 0x3cc6c
0x554 N 0x558
0x554 N 0x558
0x554 T 0xb6f78298
0xac N 0xb0
0x6208 N 0x620c
0x6208 N 0x620c
0x26c N 0x270
0x26c N 0x270
0x26c N 0x270
0xac N 0xb0
0x6208 N 0x620c
0x554 N 0x558
0x554 N 0x558
0xac N 0xb0
0x26c N 0x270
0x554 N 0x558
0x26c N 0x270
0xac N 0xb0
0x6208 N 0x620c
0x26c N 0x270
0x554 N 0x558
0x3cc68 N 0x3cc6c
0x554 N 0x558
0x3cc68 N 0x3cc6c
0x26c N 0x270
0x239a820 N 0x239a824
0x26c N 0x270
0x26c T 0xfc
0x3cc68 N 0x3cc6c
0x6208 N 0x620c
0x26c N 0x270
0x3cc68 N 0x3cc6c
0x26c N 0x270
0x3cc68 N 0x3cc6c
0x239a820 N 0x239a824
0x6208 N 0x620c
0x554 N 0x558
0x26c N 0x270
0x26c N 0x270
0x554 N 0x558
0x239a820 N 0x239a824
0x3cc68 N 0x3cc6c
0x3cc68 N 0x3cc6c
0x239a820 N 0x239a824
0x554 N 0x558
0x26c N 0x270
0x239a820 N 0x239a824
0x26c T 0xfc
0x239a820 N 0x239a824
0xac N 0xb0
0x26c N 0x270
0x3cc68 N 0x3cc6c
0x26c N 0x270
0xac N 0xb0
0x3cc68 N 0x3cc6c
0xac N 0xb0
0x3cc68 N 0x3cc6c
0x554 N 0x558
0x26c N 0x270
0x3cc68 N 0x3cc6c
0x26c N 0x270
0x26c N 0x270
0xac N 0xb0
0x3cc68 N 0x3cc6c
0x239a820 N 0x239a824
0x26c N 0x270
0x3cc68 N 0x3cc6c
0x239a820 N 0x239a824
0x6208 N 0x620c
0xac N 0xb0
0x239a820 N 0x239a824
0x239a820 N 0x239a824
0xac N 0xb0
0x554 N 0x558
0x239a820 N 0x239a824
0x26c N 0x270
0xac N 0xb0
0x554 N 0x558
0x26c N 0x270
0x3cc68 N 0x3cc6c
0x554 N 0x558
0x6208 N 0x620c
0x26c N 0x270
0x6208 N 0x620c
0x6208 T 0x7603a74
0x6208 T 0x7603a74
0xac N 0xb0
0x3cc68 N 0x3cc6c
0x554 N 0x558
0xac N 0xb0
0xac N 0xb0
0x26c N 0x270
0x6208 N 0x620c
0x6208 N 0x620c
0xac N 0xb0
0xac N 0xb0
0xac N 0xb0
0x239a820 N 0x239a824
0x3cc68 N 0x3cc6c
0x554 N 0x558
0x26c N 0x270
0x554 N 0x558
0x554 N 0x558
0xac N 0xb0
0x6208 N 0x620c
0x26c N 0x270
0x3cc68 N 0x3cc6c
0x3cc68 N 0x3cc6c
0x26c N 0x270
0x26c T 0xfc
0x26c N 0x270
0xac N 0xb0
0x26c N 0x270
0x6208 N 0x620c
0x26c N 0x270
0x3cc68 N 0x3cc6c
0x26c N 0x270
0x554 N 0x558
0x554 N 0x558
0x239a820 N 0x239a824
0x6208 N 0x620c
0x3cc68 N 0x3cc6c
0x554 N 0x558
0x6208 N 0x620c
0x26c N 0x270
0x3cc68 N 0x3cc6c
0xac N 0xb0
0x554 N 0x558
0x3cc68 N 0x3cc6c
0x26c N 0x270
0x554 N 0x558
0xac N 0xb0
0x239a820 N 0x239a824
0x3cc68 N 0x3cc6c
0xac N 0xb0
0xac N 0xb0
0x554 N 0x558
0xac N 0xb0
0x26c N 0x270
0x3cc68 N 0x3cc6c
0x554 N 0x558
0x239a820 N 0x239a824
0x239a820 N 0x239a824
0x26c N 0x270
0x26c N 0x270
0xac N 0xb0
0x6208 N 0x620c
0x3cc68 N 0x3cc6c
0x554 N 0x558
0x239a820 N 0x239a824
0x554 N 0x558
0xac N 0xb0
0x239a820 N 0x239a824
0x554 N 0x558
0x239a820 N 0x239a824
0x554 N 0x558
0x3cc68 N 0x3cc6c
0x239a820 N 0x239a824
0xac N 0xb0
0x3cc68 N 0x3cc6c
0x6208 N 0x620c
0x3cc68 N 0x3cc6c
0x3cc68 N 0x3cc6c
0x239a820 N 0x239a824
0x3cc68 N 0x3cc6c
0x554 N 0x558
0x554 N 0x558
0x239a820 N 0x239a824
0x26c N 0x270
0x239a820 N 0x239a824
0x239a820 N 0x239a824
0x239a820 T 0x83dc98
0x3cc68 N 0x3cc6c
0x554 N 0x558
0xac N 0xb0
0x3cc68 N 0x3cc6c
0x239a820 N 0x239a824
0x6208 N 0x620c
0xac N 0xb0
0x554 N 0x558
0x26c N 0x270
0x26c N 0x270
0x554 N 0x558
0x3cc68 N 0x3cc6c
0x3cc68 N 0x3cc6c
0x6208 N 0x620c
0x26c N 0x270
0x6208 N 0x620c
0x26c N 0x270
0x554 N 0x558
0x554 N 0x558
0x6208 T 0x7603a74
0x6208 N 0x620c
0x554 N 0x558
0x554 N 0x558
0x6208 N 0x620c
0x554 N 0x558
0x6208 N 0x620c
0x26c N 0x270
0x239a820 N 0x239a824
0xac N 0xb0
0x554 N 0x558
0x6208 N 0x620c
0xac N 0xb0
0x239a820 N 0x239a824
0x3cc68 N 0x3cc6c
0x239a820 N 0x239a824
0xac N 0xb0
0x26c N 0x270
0xac N 0xb0
0x26c N 0x270
0x239a820 N 0x239a824
0x6208 N 0x620c
0x3cc68 N 0x3cc6c
0x3cc68 N 0x3cc6c
0x6208 N 0x620c
0x3cc68 N 0x3cc6c
0xac N 0xb0
0x26c N 0x270
0x6208 N 0x620c
0x3cc68 N 0x3cc6c
0xac N 0xb0
0x3cc68 N 0x3cc6c
0x26c N 0x270
0x239a820 N 0x239a824
0x3cc68 N 0x3cc6c
0x6208 N 0x620c
0x26c N 0x270
0x239a820 N 0x239a824
0x239a820 N 0x239a824
0x6208 N 0x620c
0x26c N 0x270
0x3cc68 N 0x3cc6c
0x3cc68 N 0x3cc6c
0x6208 N 0x620c
0x26c N 0x270
0xac N 0xb0
0x26c N 0x270
0xac N 0xb0
0x239a820 N 0x239a824
0x26c N 0x270
0x6208 N 0x620c
0x554 N 0x558
0x6208 N 0x620c
0x554 T 0xb6f78298
0x6208 N 0x620c
0x239a820 N 0x239a824
0x26c N 0x270
0x26c N 0x270
0x26c N 0x270
0xac N 0xb0
0x554 N 0x558
0x26c N 0x270
0xac N 0xb0
0x554 N 0x558
0x3cc68 N 0x3cc6c
0x3cc68 N 0x3cc6c
0x26c N 0x270
0x239a820 N 0x239a824
0x26c N 0x270
0x6208 N 0x620c
0x554 N 0x558
0x3cc68 N 0x3cc6c
0x6208 N 0x620c
0x239a820 N 0x239a824
0x554 N 0x558
0xac N 0xb0
0x26c N 0x270
0x3cc68 N 0x3cc6c
0x239a820 N 0x239a824
0x26c N 0x270
0x3cc68 N 0x3cc6c
0x554 N 0x558
0x239a820 N 0x239a824
0x26c N 0x270
0x26c N 0x270
0x554 N 0x558
0x3cc68 N 0x3cc6c
0x554 N 0x558
0x239a820 N 0x239a824
0x239a820 N 0x239a824
0x554 T 0xb6f78298
0x6208 N 0x620c
0x554 N 0x558
0x3cc68 N 0x3cc6c
0x26c N 0x270
0x239a820 N 0x239a824
0x26c N 0x270
0xac N 0xb0
0x6208 N 0x620c
0x26c N 0x270
0x6208 N 0x620c
0x239a820 N 0x239a824
0x26c N 0x270
0x3cc68 N 0x3cc6c
0x554 N 0x558
0x3cc68 N 0x3cc6c
0x239a820 N 0x239a824
0x239a820 N 0x239a824
0x6208 N 0x620c
0x239a820 N 0x239a824
0x554 N 0x558
0x3cc68 N 0x3cc6c
0x3cc68 N 0x3cc6c
0x26c N 0x270
0x6208 N 0x620c
0x26c N 0x270
0x6208 T 0x7603a74
0x239a820 N 0x239a824
0x6208 N 0x620c
0x26c N 0x270
0xac N 0xb0
0x6208 N 0x620c
0x26c N 0x270
0x6208 N 0x620c
0x3cc68 N 0x3cc6c
0xac N 0xb0
0x3cc68 N 0x3cc6c
0x6208 N 0x620c
0x3cc68 N 0x3cc6c
0x554 N 0x558
0x26c N 0x270
0x239a820 N 0x239a824
0x554 N 0x558
0x239a820 N 0x239a824
0x3cc68 N 0x3cc6c
0x26c N 0x270
0xac N 0xb0
0x3cc68 N 0x3cc6c
0xac N 0xb0
0x554 N 0x558
0x6208 N 0x620c
0x239a820 N 0x239a824
0x26c N 0x270
0x3cc68 N 0x3cc6c
0x26c N 0x270
0x554 N 0x558
0x554 N 0x558
0x6208 N 0x620c
0x554 N 0x558
0x554 N 0x558
0x3cc68 N 0x3cc6c
0x6208 N 0x620c
0xac N 0xb0
0x239a820 N 0x239a824
0x6208 N 0x620c
0x239a820 N 0x239a824
0xac N 0xb0
0x3cc68 N 0x3cc6c
flush_num: 448, br_num: 899, size: 615b
