0x8c114 BTB index out of boundsN 0x0
0xcf1864 BTB index out of boundsN 0x0
0x27c BTB index out of boundsN 0x0
0x44cbe0 N 0x44cbe4
0x213aec34 BTB index out of boundsN 0x0
0x27c BTB index out of boundsN 0x0
0x44cbe0 N 0x44cbe4
0x27c BTB index out of boundsN 0x0
0xcf1864 BTB index out of boundsN 0x0
0x44cbe0 N 0x44cbe4
0xcf1864 BTB index out of boundsN 0x0
0x44cbe0 N 0x44cbe4
0x213aec34 BTB index out of boundsN 0x0
0x44cbe0 N 0x44cbe4
0x8c114 BTB index out of boundsN 0x0
0x2538 N 0x253c
0x27c BTB index out of boundsN 0x0
0x27c BTB index out of boundsN 0x0
0x2538 N 0x253c
0x27c BTB index out of boundsN 0x0
0x213aec34 BTB index out of boundsN 0x0
0x27c BTB index out of boundsN 0x0
0x8c114 BTB index out of boundsN 0x0
0x27c BTB index out of boundsN 0x0
0x2538 N 0x253c
0x213aec34 BTB index out of boundsN 0x0
0x2538 N 0x253c
0x8c114 BTB index out of boundsN 0x0
0x27c BTB index out of boundsN 0x0
0xcf1864 BTB index out of boundsN 0x0
0x27c BTB index out of boundsN 0x0
0x213aec34 BTB index out of boundsN 0x0
0x2538 N 0x253c
0x44cbe0 N 0x44cbe4
0x8c114 BTB index out of boundsN 0x0
0x27c BTB index out of boundsN 0x0
0x44cbe0 N 0x44cbe4
0x213aec34 BTB index out of boundsN 0x0
0x27c BTB index out of boundsN 0x0
0x2538 N 0x253c
0xcf1864 BTB index out of boundsN 0x0
0xcf1864 BTB index out of boundsN 0x0
0x27c BTB index out of boundsN 0x0
0x8c114 BTB index out of boundsN 0x0
0x213aec34 BTB index out of boundsN 0x0
0xcf1864 BTB index out of boundsN 0x0
0x213aec34 BTB index out of boundsN 0x0
0x213aec34 BTB index out of boundsN 0x0
0x44cbe0 N 0x44cbe4
0x8c114 BTB index out of boundsN 0x0
0x8c114 BTB index out of boundsN 0x0
0x213aec34 BTB index out of boundsN 0x0
0x44cbe0 N 0x44cbe4
0x8c114 BTB index out of boundsN 0x0
0x44cbe0 N 0x44cbe4
0x8c114 BTB index out of boundsN 0x0
0x44cbe0 N 0x44cbe4
0x213aec34 BTB index out of boundsN 0x0
0x27c BTB index out of boundsN 0x0
0x213aec34 BTB index out of boundsN 0x0
0x2538 N 0x253c
0x8c114 BTB index out of boundsN 0x0
0x27c BTB index out of boundsN 0x0
0xcf1864 BTB index out of boundsN 0x0
0x44cbe0 N 0x44cbe4
0x8c114 BTB index out of boundsN 0x0
0x8c114 BTB index out of boundsN 0x0
0x44cbe0 N 0x44cbe4
0xcf1864 BTB index out of boundsN 0x0
0xcf1864 BTB index out of boundsN 0x0
0x213aec34 BTB index out of boundsN 0x0
0x8c114 BTB index out of boundsN 0x0
0x27c BTB index out of boundsN 0x0
0xcf1864 BTB index out of boundsN 0x0
0xcf1864 BTB index out of boundsN 0x0
0x44cbe0 N 0x44cbe4
0x2538 N 0x253c
0x8c114 BTB index out of boundsN 0x0
0x213aec34 BTB index out of boundsN 0x0
0x8c114 BTB index out of boundsN 0x0
0x2538 N 0x253c
0x2538 N 0x253c
0x27c BTB index out of boundsN 0x0
0xcf1864 BTB index out of boundsN 0x0
0xcf1864 BTB index out of boundsN 0x0
0xcf1864 BTB index out of boundsN 0x0
0x44cbe0 N 0x44cbe4
0x213aec34 BTB index out of boundsN 0x0
0x8c114 BTB index out of boundsN 0x0
0x27c BTB index out of boundsN 0x0
0xcf1864 BTB index out of boundsN 0x0
0x213aec34 BTB index out of boundsN 0x0
0x8c114 BTB index out of boundsN 0x0
0xcf1864 BTB index out of boundsN 0x0
0xcf1864 BTB index out of boundsN 0x0
0x213aec34 BTB index out of boundsN 0x0
0x27c BTB index out of boundsN 0x0
0x213aec34 BTB index out of boundsN 0x0
0x27c BTB index out of boundsN 0x0
0x8c114 BTB index out of boundsN 0x0
0x213aec34 BTB index out of boundsN 0x0
0x8c114 BTB index out of boundsN 0x0
0x27c BTB index out of boundsN 0x0
0x2538 N 0x253c
0x213aec34 BTB index out of boundsN 0x0
0x213aec34 BTB index out of boundsN 0x0
0x213aec34 BTB index out of boundsN 0x0
0x213aec34 BTB index out of boundsN 0x0
0x8c114 BTB index out of boundsN 0x0
0x8c114 BTB index out of boundsN 0x0
0x2538 N 0x253c
0x2538 N 0x253c
0x27c BTB index out of boundsN 0x0
0x2538 N 0x253c
0x213aec34 BTB index out of boundsN 0x0
0xcf1864 BTB index out of boundsN 0x0
0xcf1864 BTB index out of boundsN 0x0
0x8c114 BTB index out of boundsN 0x0
0x2538 N 0x253c
0x27c BTB index out of boundsN 0x0
0xcf1864 BTB index out of boundsN 0x0
0x27c BTB index out of boundsN 0x0
0x8c114 BTB index out of boundsN 0x0
0x8c114 BTB index out of boundsN 0x0
0x8c114 BTB index out of boundsN 0x0
0x8c114 BTB index out of boundsN 0x0
0x213aec34 BTB index out of boundsN 0x0
0xcf1864 BTB index out of boundsN 0x0
0xcf1864 BTB index out of boundsN 0x0
0xcf1864 BTB index out of boundsN 0x0
0x213aec34 BTB index out of boundsN 0x0
0x213aec34 BTB index out of boundsN 0x0
0x2538 N 0x253c
0x44cbe0 N 0x44cbe4
0x2538 N 0x253c
0xcf1864 BTB index out of boundsN 0x0
0x44cbe0 N 0x44cbe4
0x2538 N 0x253c
0x2538 N 0x253c
0x2538 N 0x253c
0xcf1864 BTB index out of boundsN 0x0
0x27c BTB index out of boundsN 0x0
0x2538 N 0x253c
0x2538 N 0x253c
0x213aec34 BTB index out of boundsN 0x0
0x8c114 BTB index out of boundsN 0x0
0x213aec34 BTB index out of boundsN 0x0
0xcf1864 BTB index out of boundsN 0x0
0x44cbe0 N 0x44cbe4
0x213aec34 BTB index out of boundsN 0x0
0x27c BTB index out of boundsN 0x0
0x2538 N 0x253c
0x8c114 BTB index out of boundsN 0x0
0x8c114 BTB index out of boundsN 0x0
0x8c114 BTB index out of boundsN 0x0
0x213aec34 BTB index out of boundsN 0x0
0x44cbe0 N 0x44cbe4
0x44cbe0 N 0x44cbe4
0x44cbe0 N 0x44cbe4
0x213aec34 BTB index out of boundsN 0x0
0xcf1864 BTB index out of boundsN 0x0
0x8c114 BTB index out of boundsN 0x0
0xcf1864 BTB index out of boundsN 0x0
0xcf1864 BTB index out of boundsN 0x0
0x27c BTB index out of boundsN 0x0
0x44cbe0 N 0x44cbe4
0x213aec34 BTB index out of boundsN 0x0
0x8c114 BTB index out of boundsN 0x0
0xcf1864 BTB index out of boundsN 0x0
0x27c BTB index out of boundsN 0x0
0xcf1864 BTB index out of boundsN 0x0
0x27c BTB index out of boundsN 0x0
0x8c114 BTB index out of boundsN 0x0
0x2538 N 0x253c
0x8c114 BTB index out of boundsN 0x0
0x27c BTB index out of boundsN 0x0
0xcf1864 BTB index out of boundsN 0x0
0x2538 N 0x253c
0xcf1864 BTB index out of boundsN 0x0
0xcf1864 BTB index out of boundsN 0x0
0x2538 N 0x253c
0xcf1864 BTB index out of boundsN 0x0
0x213aec34 BTB index out of boundsN 0x0
0x8c114 BTB index out of boundsN 0x0
0xcf1864 BTB index out of boundsN 0x0
0x8c114 BTB index out of boundsN 0x0
0xcf1864 BTB index out of boundsN 0x0
0x44cbe0 N 0x44cbe4
0x44cbe0 N 0x44cbe4
0x213aec34 BTB index out of boundsN 0x0
0x27c BTB index out of boundsN 0x0
0x2538 N 0x253c
0xcf1864 BTB index out of boundsN 0x0
0xcf1864 BTB index out of boundsN 0x0
0x2538 N 0x253c
0x27c BTB index out of boundsN 0x0
0x27c BTB index out of boundsN 0x0
0xcf1864 BTB index out of boundsN 0x0
0x2538 N 0x253c
0x2538 N 0x253c
0x2538 N 0x253c
0x213aec34 BTB index out of boundsN 0x0
0xcf1864 BTB index out of boundsN 0x0
0xcf1864 BTB index out of boundsN 0x0
0x44cbe0 N 0x44cbe4
0xcf1864 BTB index out of boundsN 0x0
0x213aec34 BTB index out of boundsN 0x0
0x27c BTB index out of boundsN 0x0
0x8c114 BTB index out of boundsN 0x0
0x8c114 BTB index out of boundsN 0x0
0x44cbe0 N 0x44cbe4
0x213aec34 BTB index out of boundsN 0x0
0x44cbe0 N 0x44cbe4
0x27c BTB index out of boundsN 0x0
0x44cbe0 N 0x44cbe4
0x44cbe0 N 0x44cbe4
0x2538 N 0x253c
0x2538 N 0x253c
0x27c BTB index out of boundsN 0x0
0x213aec34 BTB index out of boundsN 0x0
0x27c BTB index out of boundsN 0x0
0x8c114 BTB index out of boundsN 0x0
0xcf1864 BTB index out of boundsN 0x0
0xcf1864 BTB index out of boundsN 0x0
0x8c114 BTB index out of boundsN 0x0
0x44cbe0 N 0x44cbe4
0x2538 N 0x253c
0x27c BTB index out of boundsN 0x0
0x213aec34 BTB index out of boundsN 0x0
0xcf1864 BTB index out of boundsN 0x0
0x44cbe0 N 0x44cbe4
0x2538 N 0x253c
0x8c114 BTB index out of boundsN 0x0
0x44cbe0 N 0x44cbe4
0x8c114 BTB index out of boundsN 0x0
0x44cbe0 N 0x44cbe4
0xcf1864 BTB index out of boundsN 0x0
0x213aec34 BTB index out of boundsN 0x0
0x2538 N 0x253c
0x44cbe0 N 0x44cbe4
0x2538 N 0x253c
0x27c BTB index out of boundsN 0x0
0x27c BTB index out of boundsN 0x0
0x2538 N 0x253c
0xcf1864 BTB index out of boundsN 0x0
0x27c BTB index out of boundsN 0x0
0x8c114 BTB index out of boundsN 0x0
0x2538 N 0x253c
0x2538 N 0x253c
0x27c BTB index out of boundsN 0x0
0x2538 N 0x253c
0x2538 N 0x253c
0x8c114 BTB index out of boundsN 0x0
0x2538 N 0x253c
0x44cbe0 N 0x44cbe4
0x27c BTB index out of boundsN 0x0
0x44cbe0 N 0x44cbe4
0x213aec34 BTB index out of boundsN 0x0
0xcf1864 BTB index out of boundsN 0x0
0xcf1864 BTB index out of boundsN 0x0
0x44cbe0 N 0x44cbe4
0x8c114 BTB index out of boundsN 0x0
0x2538 N 0x253c
0x27c BTB index out of boundsN 0x0
0x213aec34 BTB index out of boundsN 0x0
0xcf1864 BTB index out of boundsN 0x0
0x44cbe0 N 0x44cbe4
0x44cbe0 N 0x44cbe4
0x2538 N 0x253c
0x213aec34 BTB index out of boundsN 0x0
0x8c114 BTB index out of boundsN 0x0
0xcf1864 BTB index out of boundsN 0x0
0x2538 N 0x253c
0x8c114 BTB index out of boundsN 0x0
0x44cbe0 N 0x44cbe4
0x2538 N 0x253c
0x8c114 BTB index out of boundsN 0x0
0xcf1864 BTB index out of boundsN 0x0
0x44cbe0 N 0x44cbe4
0x44cbe0 N 0x44cbe4
0x44cbe0 N 0x44cbe4
0x2538 N 0x253c
0x27c BTB index out of boundsN 0x0
0x27c BTB index out of boundsN 0x0
0xcf1864 BTB index out of boundsN 0x0
0x44cbe0 N 0x44cbe4
0x8c114 BTB index out of boundsN 0x0
0x8c114 BTB index out of boundsN 0x0
0x27c BTB index out of boundsN 0x0
0xcf1864 BTB index out of boundsN 0x0
0x8c114 BTB index out of boundsN 0x0
0xcf1864 BTB index out of boundsN 0x0
0xcf1864 BTB index out of boundsN 0x0
0x44cbe0 N 0x44cbe4
0x213aec34 BTB index out of boundsN 0x0
0x8c114 BTB index out of boundsN 0x0
0xcf1864 BTB index out of boundsN 0x0
0xcf1864 BTB index out of boundsN 0x0
0x44cbe0 N 0x44cbe4
0xcf1864 BTB index out of boundsN 0x0
0xcf1864 BTB index out of boundsN 0x0
0x27c BTB index out of boundsN 0x0
0x2538 N 0x253c
0x44cbe0 N 0x44cbe4
0x8c114 BTB index out of boundsN 0x0
0x2538 N 0x253c
0x27c BTB index out of boundsN 0x0
0x44cbe0 N 0x44cbe4
0x2538 N 0x253c
0x213aec34 BTB index out of boundsN 0x0
0x8c114 BTB index out of boundsN 0x0
0x2538 N 0x253c
0xcf1864 BTB index out of boundsN 0x0
0x27c BTB index out of boundsN 0x0
0xcf1864 BTB index out of boundsN 0x0
0x213aec34 BTB index out of boundsN 0x0
0x27c BTB index out of boundsN 0x0
0x2538 N 0x253c
0x2538 N 0x253c
0x27c BTB index out of boundsN 0x0
0x44cbe0 N 0x44cbe4
0xcf1864 BTB index out of boundsN 0x0
0x8c114 BTB index out of boundsN 0x0
0x2538 N 0x253c
0xcf1864 BTB index out of boundsN 0x0
0x44cbe0 N 0x44cbe4
0x44cbe0 N 0x44cbe4
0x44cbe0 N 0x44cbe4
0x44cbe0 N 0x44cbe4
0x8c114 BTB index out of boundsN 0x0
0x44cbe0 N 0x44cbe4
0xcf1864 BTB index out of boundsN 0x0
0xcf1864 BTB index out of boundsN 0x0
0x213aec34 BTB index out of boundsN 0x0
0x8c114 BTB index out of boundsN 0x0
0x2538 N 0x253c
0xcf1864 BTB index out of boundsN 0x0
0x8c114 BTB index out of boundsN 0x0
0x44cbe0 N 0x44cbe4
0x27c BTB index out of boundsN 0x0
0xcf1864 BTB index out of boundsN 0x0
0x2538 N 0x253c
0x8c114 BTB index out of boundsN 0x0
0xcf1864 BTB index out of boundsN 0x0
0x2538 N 0x253c
0x8c114 BTB index out of boundsN 0x0
0x213aec34 BTB index out of boundsN 0x0
0x2538 N 0x253c
0x2538 N 0x253c
0x44cbe0 N 0x44cbe4
0x213aec34 BTB index out of boundsN 0x0
0x44cbe0 N 0x44cbe4
0x2538 N 0x253c
0x213aec34 BTB index out of boundsN 0x0
0x27c BTB index out of boundsN 0x0
0x2538 N 0x253c
0x44cbe0 N 0x44cbe4
0x44cbe0 N 0x44cbe4
0x2538 N 0x253c
0x44cbe0 N 0x44cbe4
0x2538 N 0x253c
0x27c BTB index out of boundsN 0x0
0xcf1864 BTB index out of boundsN 0x0
0xcf1864 BTB index out of boundsN 0x0
0x8c114 BTB index out of boundsN 0x0
0x213aec34 BTB index out of boundsN 0x0
0x8c114 BTB index out of boundsN 0x0
0x2538 N 0x253c
0x8c114 BTB index out of boundsN 0x0
0x44cbe0 N 0x44cbe4
0x213aec34 BTB index out of boundsN 0x0
0x213aec34 BTB index out of boundsN 0x0
0x44cbe0 N 0x44cbe4
0x2538 N 0x253c
0x27c BTB index out of boundsN 0x0
0xcf1864 BTB index out of boundsN 0x0
0x2538 N 0x253c
0x27c BTB index out of boundsN 0x0
0x2538 N 0x253c
0x27c BTB index out of boundsN 0x0
0x44cbe0 N 0x44cbe4
0xcf1864 BTB index out of boundsN 0x0
0xcf1864 BTB index out of boundsN 0x0
0x213aec34 BTB index out of boundsN 0x0
0x8c114 BTB index out of boundsN 0x0
0x27c BTB index out of boundsN 0x0
0x2538 N 0x253c
0x8c114 BTB index out of boundsN 0x0
0x213aec34 BTB index out of boundsN 0x0
0x213aec34 BTB index out of boundsN 0x0
0x213aec34 BTB index out of boundsN 0x0
0x213aec34 BTB index out of boundsN 0x0
0xcf1864 BTB index out of boundsN 0x0
0x8c114 BTB index out of boundsN 0x0
0x213aec34 BTB index out of boundsN 0x0
0x8c114 BTB index out of boundsN 0x0
0xcf1864 BTB index out of boundsN 0x0
0x8c114 BTB index out of boundsN 0x0
0x213aec34 BTB index out of boundsN 0x0
0x8c114 BTB index out of boundsN 0x0
0x27c BTB index out of boundsN 0x0
0x8c114 BTB index out of boundsN 0x0
0x213aec34 BTB index out of boundsN 0x0
0x27c BTB index out of boundsN 0x0
0x44cbe0 N 0x44cbe4
0x213aec34 BTB index out of boundsN 0x0
0xcf1864 BTB index out of boundsN 0x0
0x213aec34 BTB index out of boundsN 0x0
0x213aec34 BTB index out of boundsN 0x0
0x8c114 BTB index out of boundsN 0x0
0x27c BTB index out of boundsN 0x0
0x213aec34 BTB index out of boundsN 0x0
0x27c BTB index out of boundsN 0x0
0xcf1864 BTB index out of boundsN 0x0
0x8c114 BTB index out of boundsN 0x0
0xcf1864 BTB index out of boundsN 0x0
0x44cbe0 N 0x44cbe4
0xcf1864 BTB index out of boundsN 0x0
0xcf1864 BTB index out of boundsN 0x0
0x27c BTB index out of boundsN 0x0
0x2538 N 0x253c
0x2538 N 0x253c
0x8c114 BTB index out of boundsN 0x0
0x8c114 BTB index out of boundsN 0x0
0xcf1864 BTB index out of boundsN 0x0
0x2538 N 0x253c
0xcf1864 BTB index out of boundsN 0x0
0x2538 N 0x253c
0x27c BTB index out of boundsN 0x0
0x27c BTB index out of boundsN 0x0
0x2538 N 0x253c
0x27c BTB index out of boundsN 0x0
0x213aec34 BTB index out of boundsN 0x0
0xcf1864 BTB index out of boundsN 0x0
0x44cbe0 N 0x44cbe4
0x2538 N 0x253c
0x213aec34 BTB index out of boundsN 0x0
0x8c114 BTB index out of boundsN 0x0
0x27c BTB index out of boundsN 0x0
0x213aec34 BTB index out of boundsN 0x0
0x27c BTB index out of boundsN 0x0
0x8c114 BTB index out of boundsN 0x0
0x8c114 BTB index out of boundsN 0x0
0xcf1864 BTB index out of boundsN 0x0
0x44cbe0 N 0x44cbe4
0x27c BTB index out of boundsN 0x0
0x8c114 BTB index out of boundsN 0x0
0x213aec34 BTB index out of boundsN 0x0
0x44cbe0 N 0x44cbe4
0xcf1864 BTB index out of boundsN 0x0
0x213aec34 BTB index out of boundsN 0x0
0x44cbe0 N 0x44cbe4
0xcf1864 BTB index out of boundsN 0x0
0x8c114 BTB index out of boundsN 0x0
0x44cbe0 N 0x44cbe4
0x2538 N 0x253c
0x8c114 BTB index out of boundsN 0x0
0x27c BTB index out of boundsN 0x0
0x2538 N 0x253c
0x2538 N 0x253c
0x213aec34 BTB index out of boundsN 0x0
0xcf1864 BTB index out of boundsN 0x0
0x213aec34 BTB index out of boundsN 0x0
0x27c BTB index out of boundsN 0x0
0x213aec34 BTB index out of boundsN 0x0
0x2538 N 0x253c
0xcf1864 BTB index out of boundsN 0x0
0xcf1864 BTB index out of boundsN 0x0
0x213aec34 BTB index out of boundsN 0x0
0xcf1864 BTB index out of boundsN 0x0
0x2538 N 0x253c
0x213aec34 BTB index out of boundsN 0x0
0x213aec34 BTB index out of boundsN 0x0
0x8c114 BTB index out of boundsN 0x0
0x44cbe0 N 0x44cbe4
0x27c BTB index out of boundsN 0x0
0x27c BTB index out of boundsN 0x0
0x27c BTB index out of boundsN 0x0
0x213aec34 BTB index out of boundsN 0x0
0x44cbe0 N 0x44cbe4
0x8c114 BTB index out of boundsN 0x0
0x27c BTB index out of boundsN 0x0
0x2538 N 0x253c
0x8c114 BTB index out of boundsN 0x0
0x213aec34 BTB index out of boundsN 0x0
0x44cbe0 N 0x44cbe4
0x2538 N 0x253c
0xcf1864 BTB index out of boundsN 0x0
0x2538 N 0x253c
0x213aec34 BTB index out of boundsN 0x0
0x27c BTB index out of boundsN 0x0
0x2538 N 0x253c
0x44cbe0 N 0x44cbe4
0x8c114 BTB index out of boundsN 0x0
0x2538 N 0x253c
0x2538 N 0x253c
0x213aec34 BTB index out of boundsN 0x0
0x44cbe0 N 0x44cbe4
0x2538 N 0x253c
0xcf1864 BTB index out of boundsN 0x0
0xcf1864 BTB index out of boundsN 0x0
0x8c114 BTB index out of boundsN 0x0
0x8c114 BTB index out of boundsN 0x0
0x8c114 BTB index out of boundsN 0x0
0x44cbe0 N 0x44cbe4
0x213aec34 BTB index out of boundsN 0x0
0x213aec34 BTB index out of boundsN 0x0
0x213aec34 BTB index out of boundsN 0x0
0x44cbe0 N 0x44cbe4
0xcf1864 BTB index out of boundsN 0x0
0x2538 N 0x253c
0x44cbe0 N 0x44cbe4
0x27c BTB index out of boundsN 0x0
0x2538 N 0x253c
0x8c114 BTB index out of boundsN 0x0
0x8c114 BTB index out of boundsN 0x0
0x2538 N 0x253c
0x213aec34 BTB index out of boundsN 0x0
0x27c BTB index out of boundsN 0x0
0x213aec34 BTB index out of boundsN 0x0
0x27c BTB index out of boundsN 0x0
0x213aec34 BTB index out of boundsN 0x0
0x27c BTB index out of boundsN 0x0
0x213aec34 BTB index out of boundsN 0x0
0x44cbe0 N 0x44cbe4
0x213aec34 BTB index out of boundsN 0x0
0x8c114 BTB index out of boundsN 0x0
0x44cbe0 N 0x44cbe4
0xcf1864 BTB index out of boundsN 0x0
0x27c BTB index out of boundsN 0x0
0x213aec34 BTB index out of boundsN 0x0
0x27c BTB index out of boundsN 0x0
0x27c BTB index out of boundsN 0x0
0x27c BTB index out of boundsN 0x0
0x44cbe0 N 0x44cbe4
0x44cbe0 N 0x44cbe4
0x8c114 BTB index out of boundsN 0x0
0x8c114 BTB index out of boundsN 0x0
0xcf1864 BTB index out of boundsN 0x0
0x213aec34 BTB index out of boundsN 0x0
0x44cbe0 N 0x44cbe4
0x213aec34 BTB index out of boundsN 0x0
0x44cbe0 N 0x44cbe4
0x8c114 BTB index out of boundsN 0x0
0x213aec34 BTB index out of boundsN 0x0
0x8c114 BTB index out of boundsN 0x0
0x2538 N 0x253c
0x213aec34 BTB index out of boundsN 0x0
0x2538 N 0x253c
0x2538 N 0x253c
0x8c114 BTB index out of boundsN 0x0
0x8c114 BTB index out of boundsN 0x0
0xcf1864 BTB index out of boundsN 0x0
0x2538 N 0x253c
0x2538 N 0x253c
0x2538 N 0x253c
0x27c BTB index out of boundsN 0x0
0x27c BTB index out of boundsN 0x0
0x44cbe0 N 0x44cbe4
0xcf1864 BTB index out of boundsN 0x0
0x44cbe0 N 0x44cbe4
0x2538 N 0x253c
0x8c114 BTB index out of boundsN 0x0
0xcf1864 BTB index out of boundsN 0x0
0x213aec34 BTB index out of boundsN 0x0
0x27c BTB index out of boundsN 0x0
0x2538 N 0x253c
0x27c BTB index out of boundsN 0x0
0x27c BTB index out of boundsN 0x0
0x2538 N 0x253c
0xcf1864 BTB index out of boundsN 0x0
0x27c BTB index out of boundsN 0x0
0x44cbe0 N 0x44cbe4
0x8c114 BTB index out of boundsN 0x0
0x8c114 BTB index out of boundsN 0x0
0x2538 N 0x253c
0xcf1864 BTB index out of boundsN 0x0
0x2538 N 0x253c
0xcf1864 BTB index out of boundsN 0x0
0x8c114 BTB index out of boundsN 0x0
0x213aec34 BTB index out of boundsN 0x0
0x8c114 BTB index out of boundsN 0x0
0xcf1864 BTB index out of boundsN 0x0
0x44cbe0 N 0x44cbe4
0x2538 N 0x253c
0x213aec34 BTB index out of boundsN 0x0
0x2538 N 0x253c
0x213aec34 BTB index out of boundsN 0x0
0xcf1864 BTB index out of boundsN 0x0
0x27c BTB index out of boundsN 0x0
0xcf1864 BTB index out of boundsN 0x0
0x44cbe0 N 0x44cbe4
0x44cbe0 N 0x44cbe4
0x213aec34 BTB index out of boundsN 0x0
0x44cbe0 N 0x44cbe4
0x8c114 BTB index out of boundsN 0x0
0x213aec34 BTB index out of boundsN 0x0
0x44cbe0 N 0x44cbe4
0x44cbe0 N 0x44cbe4
0x213aec34 BTB index out of boundsN 0x0
0x2538 N 0x253c
0x27c BTB index out of boundsN 0x0
0x213aec34 BTB index out of boundsN 0x0
0x2538 N 0x253c
0xcf1864 BTB index out of boundsN 0x0
0x27c BTB index out of boundsN 0x0
0xcf1864 BTB index out of boundsN 0x0
0x27c BTB index out of boundsN 0x0
0x44cbe0 N 0x44cbe4
0x8c114 BTB index out of boundsN 0x0
0x8c114 BTB index out of boundsN 0x0
0x44cbe0 N 0x44cbe4
0x27c BTB index out of boundsN 0x0
0xcf1864 BTB index out of boundsN 0x0
0x44cbe0 N 0x44cbe4
0x213aec34 BTB index out of boundsN 0x0
0x2538 N 0x253c
0xcf1864 BTB index out of boundsN 0x0
0x213aec34 BTB index out of boundsN 0x0
0x2538 N 0x253c
0x44cbe0 N 0x44cbe4
0x8c114 BTB index out of boundsN 0x0
0x44cbe0 N 0x44cbe4
0x8c114 BTB index out of boundsN 0x0
0xcf1864 BTB index out of boundsN 0x0
0xcf1864 BTB index out of boundsN 0x0
0x44cbe0 N 0x44cbe4
0xcf1864 BTB index out of boundsN 0x0
0xcf1864 BTB index out of boundsN 0x0
0x8c114 BTB index out of boundsN 0x0
0x2538 N 0x253c
0x27c BTB index out of boundsN 0x0
0xcf1864 BTB index out of boundsN 0x0
0x213aec34 BTB index out of boundsN 0x0
0x213aec34 BTB index out of boundsN 0x0
0xcf1864 BTB index out of boundsN 0x0
0xcf1864 BTB index out of boundsN 0x0
0x44cbe0 N 0x44cbe4
0xcf1864 BTB index out of boundsN 0x0
0x213aec34 BTB index out of boundsN 0x0
0x2538 N 0x253c
0x27c BTB index out of boundsN 0x0
0x2538 N 0x253c
0x213aec34 BTB index out of boundsN 0x0
0x8c114 BTB index out of boundsN 0x0
0x27c BTB index out of boundsN 0x0
0x8c114 BTB index out of boundsN 0x0
0xcf1864 BTB index out of boundsN 0x0
0xcf1864 BTB index out of boundsN 0x0
0x2538 N 0x253c
0xcf1864 BTB index out of boundsN 0x0
0x8c114 BTB index out of boundsN 0x0
0xcf1864 BTB index out of boundsN 0x0
0x2538 N 0x253c
0x27c BTB index out of boundsN 0x0
0x8c114 BTB index out of boundsN 0x0
0x8c114 BTB index out of boundsN 0x0
0x8c114 BTB index out of boundsN 0x0
0x2538 N 0x253c
0x8c114 BTB index out of boundsN 0x0
0x27c BTB index out of boundsN 0x0
0x44cbe0 N 0x44cbe4
0x27c BTB index out of boundsN 0x0
0x27c BTB index out of boundsN 0x0
0x8c114 BTB index out of boundsN 0x0
0x8c114 BTB index out of boundsN 0x0
0x213aec34 BTB index out of boundsN 0x0
0x8c114 BTB index out of boundsN 0x0
0x213aec34 BTB index out of boundsN 0x0
0x2538 N 0x253c
0x213aec34 BTB index out of boundsN 0x0
0x27c BTB index out of boundsN 0x0
0x44cbe0 N 0x44cbe4
0x213aec34 BTB index out of boundsN 0x0
0xcf1864 BTB index out of boundsN 0x0
0xcf1864 BTB index out of boundsN 0x0
0x44cbe0 N 0x44cbe4
0x2538 N 0x253c
0x213aec34 BTB index out of boundsN 0x0
0x44cbe0 N 0x44cbe4
0x27c BTB index out of boundsN 0x0
0x8c114 BTB index out of boundsN 0x0
0x2538 N 0x253c
0xcf1864 BTB index out of boundsN 0x0
0x2538 N 0x253c
0x8c114 BTB index out of boundsN 0x0
0x27c BTB index out of boundsN 0x0
0x213aec34 BTB index out of boundsN 0x0
0x8c114 BTB index out of boundsN 0x0
0x213aec34 BTB index out of boundsN 0x0
0x2538 N 0x253c
0x27c BTB index out of boundsN 0x0
0xcf1864 BTB index out of boundsN 0x0
0x44cbe0 N 0x44cbe4
0x27c BTB index out of boundsN 0x0
0x44cbe0 N 0x44cbe4
0x44cbe0 N 0x44cbe4
0x213aec34 BTB index out of boundsN 0x0
0x8c114 BTB index out of boundsN 0x0
0x27c BTB index out of boundsN 0x0
0x8c114 BTB index out of boundsN 0x0
0x27c BTB index out of boundsN 0x0
0xcf1864 BTB index out of boundsN 0x0
0x2538 N 0x253c
0x44cbe0 N 0x44cbe4
0x8c114 BTB index out of boundsN 0x0
0xcf1864 BTB index out of boundsN 0x0
0x2538 N 0x253c
0x44cbe0 N 0x44cbe4
0x27c BTB index out of boundsN 0x0
0x8c114 BTB index out of boundsN 0x0
0x8c114 BTB index out of boundsN 0x0
0x27c BTB index out of boundsN 0x0
0x44cbe0 N 0x44cbe4
0x44cbe0 N 0x44cbe4
0x213aec34 BTB index out of boundsN 0x0
0x44cbe0 N 0x44cbe4
0x44cbe0 N 0x44cbe4
0x213aec34 BTB index out of boundsN 0x0
0x213aec34 BTB index out of boundsN 0x0
0x8c114 BTB index out of boundsN 0x0
0x27c BTB index out of boundsN 0x0
0x2538 N 0x253c
0x44cbe0 N 0x44cbe4
0x8c114 BTB index out of boundsN 0x0
0x213aec34 BTB index out of boundsN 0x0
0x213aec34 BTB index out of boundsN 0x0
0x44cbe0 N 0x44cbe4
0x213aec34 BTB index out of boundsN 0x0
0x44cbe0 N 0x44cbe4
0x213aec34 BTB index out of boundsN 0x0
0x8c114 BTB index out of boundsN 0x0
0xcf1864 BTB index out of boundsN 0x0
0x8c114 BTB index out of boundsN 0x0
0x27c BTB index out of boundsN 0x0
0x27c BTB index out of boundsN 0x0
0x2538 N 0x253c
0xcf1864 BTB index out of boundsN 0x0
0xcf1864 BTB index out of boundsN 0x0
0x2538 N 0x253c
0xcf1864 BTB index out of boundsN 0x0
0x213aec34 BTB index out of boundsN 0x0
0x44cbe0 N 0x44cbe4
0x2538 N 0x253c
0x27c BTB index out of boundsN 0x0
0x2538 N 0x253c
0x44cbe0 N 0x44cbe4
0x213aec34 BTB index out of boundsN 0x0
0x213aec34 BTB index out of boundsN 0x0
0x8c114 BTB index out of boundsN 0x0
0x8c114 BTB index out of boundsN 0x0
0x44cbe0 N 0x44cbe4
0x44cbe0 N 0x44cbe4
0x2538 N 0x253c
0x27c BTB index out of boundsN 0x0
0x213aec34 BTB index out of boundsN 0x0
0x213aec34 BTB index out of boundsN 0x0
0x44cbe0 N 0x44cbe4
0x44cbe0 N 0x44cbe4
0x213aec34 BTB index out of boundsN 0x0
0x213aec34 BTB index out of boundsN 0x0
0x27c BTB index out of boundsN 0x0
0x213aec34 BTB index out of boundsN 0x0
0x44cbe0 N 0x44cbe4
0x8c114 BTB index out of boundsN 0x0
0x8c114 BTB index out of boundsN 0x0
0x27c BTB index out of boundsN 0x0
0x44cbe0 N 0x44cbe4
0x8c114 BTB index out of boundsN 0x0
0x27c BTB index out of boundsN 0x0
0x2538 N 0x253c
0x213aec34 BTB index out of boundsN 0x0
0x8c114 BTB index out of boundsN 0x0
0x2538 N 0x253c
0x44cbe0 N 0x44cbe4
0x44cbe0 N 0x44cbe4
0x27c BTB index out of boundsN 0x0
0x8c114 BTB index out of boundsN 0x0
0x44cbe0 N 0x44cbe4
0x27c BTB index out of boundsN 0x0
0x8c114 BTB index out of boundsN 0x0
0x8c114 BTB index out of boundsN 0x0
0x213aec34 BTB index out of boundsN 0x0
0x8c114 BTB index out of boundsN 0x0
0x213aec34 BTB index out of boundsN 0x0
0xcf1864 BTB index out of boundsN 0x0
0x213aec34 BTB index out of boundsN 0x0
0x27c BTB index out of boundsN 0x0
0x213aec34 BTB index out of boundsN 0x0
0x8c114 BTB index out of boundsN 0x0
0x2538 N 0x253c
0x8c114 BTB index out of boundsN 0x0
0x8c114 BTB index out of boundsN 0x0
0x213aec34 BTB index out of boundsN 0x0
0xcf1864 BTB index out of boundsN 0x0
0x8c114 BTB index out of boundsN 0x0
0x2538 N 0x253c
0xcf1864 BTB index out of boundsN 0x0
0xcf1864 BTB index out of boundsN 0x0
0xcf1864 BTB index out of boundsN 0x0
0x8c114 BTB index out of boundsN 0x0
0xcf1864 BTB index out of boundsN 0x0
0x213aec34 BTB index out of boundsN 0x0
0xcf1864 BTB index out of boundsN 0x0
0x44cbe0 N 0x44cbe4
0x213aec34 BTB index out of boundsN 0x0
0x44cbe0 N 0x44cbe4
0x213aec34 BTB index out of boundsN 0x0
0x213aec34 BTB index out of boundsN 0x0
0x27c BTB index out of boundsN 0x0
0xcf1864 BTB index out of boundsN 0x0
0x8c114 BTB index out of boundsN 0x0
0xcf1864 BTB index out of boundsN 0x0
0x44cbe0 N 0x44cbe4
0x213aec34 BTB index out of boundsN 0x0
0x27c BTB index out of boundsN 0x0
0x27c BTB index out of boundsN 0x0
0x213aec34 BTB index out of boundsN 0x0
0x27c BTB index out of boundsN 0x0
0x44cbe0 N 0x44cbe4
0x27c BTB index out of boundsN 0x0
0x8c114 BTB index out of boundsN 0x0
0xcf1864 BTB index out of boundsN 0x0
0x213aec34 BTB index out of boundsN 0x0
0xcf1864 BTB index out of boundsN 0x0
0x213aec34 BTB index out of boundsN 0x0
0x213aec34 BTB index out of boundsN 0x0
0x44cbe0 N 0x44cbe4
0x8c114 BTB index out of boundsN 0x0
0x8c114 BTB index out of boundsN 0x0
0x2538 N 0x253c
0x27c BTB index out of boundsN 0x0
0x27c BTB index out of boundsN 0x0
0xcf1864 BTB index out of boundsN 0x0
0x44cbe0 N 0x44cbe4
0x27c BTB index out of boundsN 0x0
0xcf1864 BTB index out of boundsN 0x0
0x2538 N 0x253c
0x213aec34 BTB index out of boundsN 0x0
0x44cbe0 N 0x44cbe4
0x44cbe0 N 0x44cbe4
0xcf1864 BTB index out of boundsN 0x0
0xcf1864 BTB index out of boundsN 0x0
0x27c BTB index out of boundsN 0x0
0x2538 N 0x253c
0x27c BTB index out of boundsN 0x0
0xcf1864 BTB index out of boundsN 0x0
0x8c114 BTB index out of boundsN 0x0
0x8c114 BTB index out of boundsN 0x0
0x213aec34 BTB index out of boundsN 0x0
0x2538 N 0x253c
0x44cbe0 N 0x44cbe4
0x44cbe0 N 0x44cbe4
0x44cbe0 N 0x44cbe4
0x2538 N 0x253c
0x44cbe0 N 0x44cbe4
0x44cbe0 N 0x44cbe4
0xcf1864 BTB index out of boundsN 0x0
0x213aec34 BTB index out of boundsN 0x0
0xcf1864 BTB index out of boundsN 0x0
0x2538 N 0x253c
0x44cbe0 N 0x44cbe4
0x44cbe0 N 0x44cbe4
0x8c114 BTB index out of boundsN 0x0
0xcf1864 BTB index out of boundsN 0x0
0x2538 N 0x253c
0x27c BTB index out of boundsN 0x0
0x8c114 BTB index out of boundsN 0x0
0x8c114 BTB index out of boundsN 0x0
0x213aec34 BTB index out of boundsN 0x0
0x8c114 BTB index out of boundsN 0x0
0x27c BTB index out of boundsN 0x0
