0xaefb44 N 0xaefb48
0xe6d8c N 0xe6d90
0xaefb44 N 0xaefb48
0x1cb34c N 0x1cb350
0x5f28 N 0x5f2c
0xc8a4ac N 0xc8a4b0
0x5f28 N 0x5f2c
0x5f28 N 0x5f2c
0xaefb44 N 0xaefb48
0x3aac68c N 0x3aac690
0x3aac68c N 0x3aac690
0xe6d8c N 0xe6d90
0xc8a4ac N 0xc8a4b0
0xc8a4ac N 0xc8a4b0
0x3aac68c N 0x3aac690
0xaefb44 N 0xaefb48
0xaefb44 N 0xaefb48
0xc8a4ac N 0xc8a4b0
0x1cb34c N 0x1cb350
0xc8a4ac N 0xc8a4b0
0xaefb44 N 0xaefb48
0x3aac68c N 0x3aac690
0xc8a4ac N 0xc8a4b0
0x3aac68c N 0x3aac690
0xc8a4ac N 0xc8a4b0
0xaefb44 N 0xaefb48
0xaefb44 N 0xaefb48
0x5f28 N 0x5f2c
0xe6d8c N 0xe6d90
0x1cb34c N 0x1cb350
0x3aac68c N 0x3aac690
0x5f28 N 0x5f2c
0x1cb34c N 0x1cb350
0xaefb44 T 0x7c0
0xaefb44 N 0xaefb48
0x3aac68c N 0x3aac690
0xaefb44 N 0xaefb48
0xc8a4ac N 0xc8a4b0
0xe6d8c N 0xe6d90
0xc8a4ac N 0xc8a4b0
0x5f28 N 0x5f2c
0xaefb44 N 0xaefb48
0xe6d8c N 0xe6d90
0xc8a4ac N 0xc8a4b0
0xe6d8c N 0xe6d90
0xaefb44 N 0xaefb48
0xaefb44 N 0xaefb48
0x3aac68c N 0x3aac690
0x3aac68c T 0x1f0ef78
0x5f28 N 0x5f2c
0x1cb34c N 0x1cb350
0xaefb44 N 0xaefb48
0x1cb34c T 0xe2e4
0xc8a4ac N 0xc8a4b0
0xc8a4ac N 0xc8a4b0
0x5f28 N 0x5f2c
0xe6d8c N 0xe6d90
0x3aac68c N 0x3aac690
0x1cb34c N 0x1cb350
0xc8a4ac N 0xc8a4b0
0xaefb44 N 0xaefb48
0x1cb34c N 0x1cb350
0x1cb34c N 0x1cb350
0xc8a4ac N 0xc8a4b0
0x1cb34c N 0x1cb350
0x1cb34c N 0x1cb350
0x5f28 N 0x5f2c
0x5f28 N 0x5f2c
0xe6d8c N 0xe6d90
0xe6d8c N 0xe6d90
0xc8a4ac N 0xc8a4b0
0x3aac68c N 0x3aac690
0x1cb34c N 0x1cb350
0xe6d8c N 0xe6d90
0xaefb44 N 0xaefb48
0x1cb34c N 0x1cb350
0x1cb34c N 0x1cb350
0x5f28 N 0x5f2c
0x3aac68c N 0x3aac690
0xaefb44 N 0xaefb48
0xe6d8c N 0xe6d90
0x5f28 N 0x5f2c
0x1cb34c N 0x1cb350
0x5f28 N 0x5f2c
0xaefb44 N 0xaefb48
0xe6d8c N 0xe6d90
0xc8a4ac T 0x23b5ece0
0x1cb34c N 0x1cb350
0x3aac68c N 0x3aac690
0x3aac68c N 0x3aac690
0x1cb34c N 0x1cb350
0x3aac68c N 0x3aac690
0x5f28 T 0x4ce0
0xaefb44 T 0x7c0
0xe6d8c N 0xe6d90
0xe6d8c N 0xe6d90
0xaefb44 T 0x7c0
0x3aac68c N 0x3aac690
0x5f28 T 0x4ce0
0x3aac68c T 0x1f0ef78
0xe6d8c N 0xe6d90
0x3aac68c N 0x3aac690
0xc8a4ac N 0xc8a4b0
0xc8a4ac N 0xc8a4b0
0x1cb34c N 0x1cb350
0x3aac68c N 0x3aac690
0x1cb34c N 0x1cb350
0x5f28 N 0x5f2c
0xaefb44 N 0xaefb48
0x1cb34c N 0x1cb350
0x1cb34c N 0x1cb350
0x1cb34c N 0x1cb350
0xe6d8c N 0xe6d90
0x5f28 N 0x5f2c
0x3aac68c N 0x3aac690
0xaefb44 T 0x7c0
0x1cb34c N 0x1cb350
0x5f28 N 0x5f2c
0xc8a4ac N 0xc8a4b0
0xaefb44 N 0xaefb48
0xc8a4ac N 0xc8a4b0
0x3aac68c N 0x3aac690
0xaefb44 N 0xaefb48
0x5f28 T 0x4ce0
0x1cb34c N 0x1cb350
0xc8a4ac N 0xc8a4b0
0x3aac68c N 0x3aac690
0xe6d8c N 0xe6d90
0xe6d8c N 0xe6d90
0x1cb34c N 0x1cb350
0x3aac68c N 0x3aac690
0xaefb44 N 0xaefb48
0x3aac68c N 0x3aac690
0xc8a4ac N 0xc8a4b0
0xe6d8c N 0xe6d90
0xe6d8c N 0xe6d90
0xaefb44 N 0xaefb48
0xaefb44 N 0xaefb48
0xaefb44 N 0xaefb48
0xaefb44 N 0xaefb48
0xc8a4ac N 0xc8a4b0
0xaefb44 N 0xaefb48
0xe6d8c N 0xe6d90
0x1cb34c N 0x1cb350
0x3aac68c N 0x3aac690
0x5f28 N 0x5f2c
0xe6d8c N 0xe6d90
0xe6d8c N 0xe6d90
0xe6d8c T 0x516a96f4
0x1cb34c N 0x1cb350
0x1cb34c T 0xe2e4
0x3aac68c N 0x3aac690
0x5f28 N 0x5f2c
0x5f28 N 0x5f2c
0x1cb34c N 0x1cb350
0x1cb34c N 0x1cb350
0xaefb44 N 0xaefb48
0x3aac68c N 0x3aac690
0x5f28 N 0x5f2c
0xaefb44 T 0x7c0
0xe6d8c N 0xe6d90
0x1cb34c N 0x1cb350
0x1cb34c N 0x1cb350
0xc8a4ac T 0x23b5ece0
0xe6d8c N 0xe6d90
0xc8a4ac N 0xc8a4b0
0x1cb34c N 0x1cb350
0xaefb44 N 0xaefb48
0xaefb44 N 0xaefb48
0x1cb34c N 0x1cb350
0xc8a4ac N 0xc8a4b0
0x5f28 N 0x5f2c
0xc8a4ac N 0xc8a4b0
0x5f28 N 0x5f2c
0xaefb44 T 0x7c0
0x3aac68c N 0x3aac690
0xe6d8c N 0xe6d90
0x5f28 T 0x4ce0
0xe6d8c N 0xe6d90
0x1cb34c N 0x1cb350
0x5f28 T 0x4ce0
0x5f28 T 0x4ce0
0x1cb34c T 0xe2e4
0x1cb34c N 0x1cb350
0xaefb44 N 0xaefb48
0xe6d8c N 0xe6d90
0xe6d8c T 0x516a96f4
0xc8a4ac N 0xc8a4b0
0xc8a4ac N 0xc8a4b0
0x3aac68c N 0x3aac690
0xe6d8c N 0xe6d90
0xc8a4ac N 0xc8a4b0
0xe6d8c N 0xe6d90
0xaefb44 N 0xaefb48
0xe6d8c N 0xe6d90
0xc8a4ac N 0xc8a4b0
0xaefb44 T 0x7c0
0x3aac68c N 0x3aac690
0xc8a4ac T 0x23b5ece0
0xc8a4ac T 0x23b5ece0
0xe6d8c N 0xe6d90
0xc8a4ac N 0xc8a4b0
0x5f28 T 0x4ce0
0x5f28 N 0x5f2c
0x1cb34c N 0x1cb350
0xc8a4ac N 0xc8a4b0
0x3aac68c N 0x3aac690
0xc8a4ac T 0x23b5ece0
0x5f28 N 0x5f2c
0x5f28 N 0x5f2c
0x1cb34c N 0x1cb350
0x1cb34c N 0x1cb350
0xe6d8c N 0xe6d90
0xe6d8c N 0xe6d90
0x3aac68c N 0x3aac690
0x3aac68c T 0x1f0ef78
0xc8a4ac N 0xc8a4b0
0x1cb34c N 0x1cb350
0x3aac68c N 0x3aac690
0xc8a4ac N 0xc8a4b0
0x3aac68c N 0x3aac690
0x5f28 T 0x4ce0
0x1cb34c N 0x1cb350
0xaefb44 T 0x7c0
0x1cb34c N 0x1cb350
0x1cb34c N 0x1cb350
0x5f28 N 0x5f2c
0x3aac68c N 0x3aac690
0xe6d8c N 0xe6d90
0xaefb44 T 0x7c0
0x3aac68c N 0x3aac690
0x5f28 T 0x4ce0
0x5f28 N 0x5f2c
0x1cb34c N 0x1cb350
0xaefb44 T 0x7c0
0xaefb44 N 0xaefb48
0x5f28 T 0x4ce0
0x5f28 N 0x5f2c
0xe6d8c N 0xe6d90
0xe6d8c N 0xe6d90
0xc8a4ac T 0x23b5ece0
0xe6d8c T 0x516a96f4
0x1cb34c N 0x1cb350
0x1cb34c T 0xe2e4
0x1cb34c T 0xe2e4
0xc8a4ac N 0xc8a4b0
0x3aac68c N 0x3aac690
0xe6d8c N 0xe6d90
0xaefb44 N 0xaefb48
0x3aac68c N 0x3aac690
0xc8a4ac N 0xc8a4b0
0xe6d8c N 0xe6d90
0xaefb44 N 0xaefb48
0x3aac68c N 0x3aac690
0x3aac68c N 0x3aac690
0x3aac68c T 0x1f0ef78
0x1cb34c N 0x1cb350
0x1cb34c T 0xe2e4
0x5f28 N 0x5f2c
0x5f28 N 0x5f2c
0xc8a4ac N 0xc8a4b0
0x3aac68c N 0x3aac690
0x5f28 T 0x4ce0
0x5f28 N 0x5f2c
0x3aac68c N 0x3aac690
0x3aac68c N 0x3aac690
0xe6d8c N 0xe6d90
0x3aac68c N 0x3aac690
0x3aac68c N 0x3aac690
0x3aac68c N 0x3aac690
0x1cb34c N 0x1cb350
0x3aac68c N 0x3aac690
0xaefb44 T 0x7c0
0x3aac68c N 0x3aac690
0x3aac68c N 0x3aac690
0x5f28 T 0x4ce0
0x1cb34c N 0x1cb350
0xaefb44 T 0x7c0
0xaefb44 N 0xaefb48
0xe6d8c N 0xe6d90
0xc8a4ac N 0xc8a4b0
0xc8a4ac N 0xc8a4b0
0xaefb44 T 0x7c0
0xe6d8c N 0xe6d90
0x5f28 N 0x5f2c
0xc8a4ac N 0xc8a4b0
0x3aac68c N 0x3aac690
0xaefb44 T 0x7c0
0x5f28 N 0x5f2c
0xe6d8c N 0xe6d90
0xaefb44 N 0xaefb48
0xaefb44 T 0x7c0
0xc8a4ac N 0xc8a4b0
0xe6d8c N 0xe6d90
0xe6d8c N 0xe6d90
0x1cb34c N 0x1cb350
0x5f28 T 0x4ce0
0xc8a4ac T 0x23b5ece0
0x5f28 N 0x5f2c
0x5f28 N 0x5f2c
0xc8a4ac T 0x23b5ece0
0x1cb34c T 0xe2e4
0x1cb34c T 0xe2e4
0x3aac68c N 0x3aac690
0x3aac68c T 0x1f0ef78
0xaefb44 N 0xaefb48
0x3aac68c T 0x1f0ef78
0x5f28 T 0x4ce0
0x5f28 T 0x4ce0
0x1cb34c N 0x1cb350
0xc8a4ac N 0xc8a4b0
0x1cb34c N 0x1cb350
0xaefb44 N 0xaefb48
0x3aac68c N 0x3aac690
0xc8a4ac N 0xc8a4b0
0xaefb44 N 0xaefb48
0x1cb34c N 0x1cb350
0x3aac68c N 0x3aac690
0xaefb44 T 0x7c0
0x3aac68c N 0x3aac690
0xaefb44 N 0xaefb48
0xe6d8c N 0xe6d90
0xe6d8c N 0xe6d90
0x3aac68c N 0x3aac690
0x1cb34c N 0x1cb350
0x3aac68c N 0x3aac690
0xe6d8c N 0xe6d90
0xc8a4ac T 0x23b5ece0
0xaefb44 N 0xaefb48
0x5f28 T 0x4ce0
0xaefb44 N 0xaefb48
0x3aac68c N 0x3aac690
0x3aac68c N 0x3aac690
0x3aac68c N 0x3aac690
0x3aac68c N 0x3aac690
0xc8a4ac N 0xc8a4b0
0x1cb34c N 0x1cb350
0xc8a4ac N 0xc8a4b0
0xaefb44 T 0x7c0
0xe6d8c N 0xe6d90
0x5f28 T 0x4ce0
0x3aac68c N 0x3aac690
0x1cb34c N 0x1cb350
0xe6d8c N 0xe6d90
0xe6d8c N 0xe6d90
0x1cb34c N 0x1cb350
0xc8a4ac T 0x23b5ece0
0x1cb34c N 0x1cb350
0xaefb44 T 0x7c0
0x3aac68c N 0x3aac690
0x1cb34c N 0x1cb350
0x3aac68c N 0x3aac690
0x1cb34c N 0x1cb350
0xc8a4ac N 0xc8a4b0
0xe6d8c N 0xe6d90
0xc8a4ac N 0xc8a4b0
0xe6d8c N 0xe6d90
0xe6d8c N 0xe6d90
0x5f28 T 0x4ce0
0xe6d8c N 0xe6d90
0xc8a4ac N 0xc8a4b0
0xe6d8c N 0xe6d90
0x3aac68c N 0x3aac690
0xaefb44 N 0xaefb48
0x5f28 T 0x4ce0
0xe6d8c N 0xe6d90
0xaefb44 T 0x7c0
0x1cb34c N 0x1cb350
0xaefb44 N 0xaefb48
0x1cb34c N 0x1cb350
0xaefb44 N 0xaefb48
0x1cb34c T 0xe2e4
0x1cb34c N 0x1cb350
0x5f28 T 0x4ce0
0xe6d8c N 0xe6d90
0xaefb44 T 0x7c0
0x1cb34c N 0x1cb350
0x3aac68c N 0x3aac690
0xc8a4ac T 0x23b5ece0
0x1cb34c N 0x1cb350
0xe6d8c N 0xe6d90
0x3aac68c N 0x3aac690
0xc8a4ac T 0x23b5ece0
0xaefb44 T 0x7c0
0x5f28 N 0x5f2c
0x3aac68c N 0x3aac690
0x3aac68c N 0x3aac690
0xaefb44 T 0x7c0
0x5f28 N 0x5f2c
0xc8a4ac N 0xc8a4b0
0xc8a4ac N 0xc8a4b0
0xc8a4ac N 0xc8a4b0
0x5f28 N 0x5f2c
0xaefb44 T 0x7c0
0x3aac68c N 0x3aac690
0xe6d8c N 0xe6d90
0xaefb44 T 0x7c0
0x3aac68c N 0x3aac690
0xaefb44 T 0x7c0
0x5f28 N 0x5f2c
0xe6d8c N 0xe6d90
0x5f28 T 0x4ce0
0x5f28 N 0x5f2c
0xc8a4ac T 0x23b5ece0
0xaefb44 T 0x7c0
0x1cb34c N 0x1cb350
0xe6d8c N 0xe6d90
0x3aac68c N 0x3aac690
0x1cb34c N 0x1cb350
0xc8a4ac T 0x23b5ece0
0x5f28 T 0x4ce0
0x1cb34c N 0x1cb350
0x1cb34c T 0xe2e4
0x1cb34c N 0x1cb350
0xaefb44 N 0xaefb48
0x1cb34c N 0x1cb350
0x3aac68c N 0x3aac690
0xc8a4ac T 0x23b5ece0
0xe6d8c N 0xe6d90
0x5f28 T 0x4ce0
0xc8a4ac N 0xc8a4b0
0x1cb34c N 0x1cb350
0xaefb44 N 0xaefb48
0x1cb34c N 0x1cb350
0x3aac68c N 0x3aac690
0x3aac68c T 0x1f0ef78
0x3aac68c N 0x3aac690
0x1cb34c N 0x1cb350
0xaefb44 N 0xaefb48
0x3aac68c N 0x3aac690
0xe6d8c N 0xe6d90
0xe6d8c N 0xe6d90
0x5f28 N 0x5f2c
0xc8a4ac N 0xc8a4b0
0x1cb34c N 0x1cb350
0xe6d8c N 0xe6d90
0xe6d8c N 0xe6d90
0xc8a4ac N 0xc8a4b0
0x1cb34c N 0x1cb350
0x5f28 N 0x5f2c
0xc8a4ac N 0xc8a4b0
0xe6d8c N 0xe6d90
0xc8a4ac N 0xc8a4b0
0x1cb34c N 0x1cb350
0xc8a4ac T 0x23b5ece0
0x5f28 T 0x4ce0
0x1cb34c N 0x1cb350
0xaefb44 N 0xaefb48
0x5f28 T 0x4ce0
0x5f28 T 0x4ce0
0x5f28 N 0x5f2c
0x1cb34c N 0x1cb350
0x3aac68c N 0x3aac690
0x5f28 N 0x5f2c
0x5f28 N 0x5f2c
0x3aac68c N 0x3aac690
0xe6d8c N 0xe6d90
0xaefb44 N 0xaefb48
0x3aac68c N 0x3aac690
0xaefb44 N 0xaefb48
0xe6d8c N 0xe6d90
0xc8a4ac T 0x23b5ece0
0x1cb34c N 0x1cb350
0xe6d8c N 0xe6d90
0x3aac68c N 0x3aac690
0xe6d8c N 0xe6d90
0xe6d8c N 0xe6d90
0xc8a4ac N 0xc8a4b0
0x5f28 T 0x4ce0
0xaefb44 N 0xaefb48
0x5f28 N 0x5f2c
0x5f28 T 0x4ce0
0xe6d8c N 0xe6d90
0x1cb34c N 0x1cb350
0xe6d8c N 0xe6d90
0x1cb34c N 0x1cb350
0xaefb44 N 0xaefb48
0x5f28 N 0x5f2c
0x3aac68c N 0x3aac690
0x1cb34c N 0x1cb350
0x3aac68c N 0x3aac690
0xc8a4ac N 0xc8a4b0
0x1cb34c N 0x1cb350
0x5f28 T 0x4ce0
0xe6d8c N 0xe6d90
0x5f28 T 0x4ce0
0x3aac68c N 0x3aac690
0xc8a4ac N 0xc8a4b0
0xe6d8c N 0xe6d90
0x5f28 N 0x5f2c
0x1cb34c N 0x1cb350
0xaefb44 T 0x7c0
0x3aac68c N 0x3aac690
0x5f28 N 0x5f2c
0x1cb34c N 0x1cb350
0xe6d8c N 0xe6d90
0xaefb44 T 0x7c0
0xaefb44 T 0x7c0
0xaefb44 N 0xaefb48
0xaefb44 N 0xaefb48
0xc8a4ac N 0xc8a4b0
0xe6d8c N 0xe6d90
0x5f28 N 0x5f2c
0xaefb44 T 0x7c0
0xc8a4ac N 0xc8a4b0
0x5f28 T 0x4ce0
0x1cb34c N 0x1cb350
0x3aac68c N 0x3aac690
0x5f28 T 0x4ce0
0x3aac68c N 0x3aac690
0xe6d8c N 0xe6d90
0x5f28 T 0x4ce0
0x1cb34c N 0x1cb350
0x5f28 T 0x4ce0
0xe6d8c N 0xe6d90
0xe6d8c N 0xe6d90
0xc8a4ac N 0xc8a4b0
0x1cb34c N 0x1cb350
0xaefb44 T 0x7c0
0xaefb44 N 0xaefb48
0x1cb34c T 0xe2e4
0x5f28 T 0x4ce0
0xc8a4ac N 0xc8a4b0
0xe6d8c N 0xe6d90
0xaefb44 N 0xaefb48
0x1cb34c N 0x1cb350
0x1cb34c N 0x1cb350
0x3aac68c N 0x3aac690
0xc8a4ac T 0x23b5ece0
0xc8a4ac N 0xc8a4b0
0xaefb44 N 0xaefb48
0xc8a4ac N 0xc8a4b0
0x1cb34c N 0x1cb350
0x5f28 N 0x5f2c
0xe6d8c N 0xe6d90
0xe6d8c N 0xe6d90
0xaefb44 T 0x7c0
0xaefb44 T 0x7c0
0xe6d8c N 0xe6d90
0x5f28 N 0x5f2c
0xe6d8c N 0xe6d90
0x3aac68c N 0x3aac690
0xaefb44 T 0x7c0
0xe6d8c N 0xe6d90
0xe6d8c N 0xe6d90
0x1cb34c N 0x1cb350
0x3aac68c N 0x3aac690
0xe6d8c N 0xe6d90
0xaefb44 T 0x7c0
0x1cb34c N 0x1cb350
0xe6d8c N 0xe6d90
0xaefb44 T 0x7c0
0xe6d8c N 0xe6d90
0x1cb34c N 0x1cb350
0xe6d8c N 0xe6d90
0xc8a4ac T 0x23b5ece0
0xe6d8c N 0xe6d90
0x1cb34c N 0x1cb350
0xaefb44 T 0x7c0
0x5f28 T 0x4ce0
0xaefb44 N 0xaefb48
0xc8a4ac N 0xc8a4b0
0xaefb44 T 0x7c0
0xe6d8c N 0xe6d90
0xc8a4ac N 0xc8a4b0
0x1cb34c N 0x1cb350
0xc8a4ac T 0x23b5ece0
0x1cb34c N 0x1cb350
0xaefb44 T 0x7c0
0x1cb34c N 0x1cb350
0x5f28 T 0x4ce0
0x1cb34c N 0x1cb350
0xaefb44 T 0x7c0
0x3aac68c N 0x3aac690
0x3aac68c N 0x3aac690
0xc8a4ac T 0x23b5ece0
0xaefb44 N 0xaefb48
0xc8a4ac N 0xc8a4b0
0x3aac68c N 0x3aac690
0xc8a4ac T 0x23b5ece0
0xaefb44 T 0x7c0
0xe6d8c N 0xe6d90
0xe6d8c T 0x516a96f4
0x5f28 T 0x4ce0
0xe6d8c N 0xe6d90
0x3aac68c N 0x3aac690
0xaefb44 N 0xaefb48
0x5f28 T 0x4ce0
0x5f28 N 0x5f2c
0x5f28 N 0x5f2c
0xe6d8c N 0xe6d90
0xc8a4ac T 0x23b5ece0
0xaefb44 T 0x7c0
0x5f28 N 0x5f2c
0x3aac68c N 0x3aac690
0xc8a4ac N 0xc8a4b0
0x1cb34c N 0x1cb350
0xaefb44 N 0xaefb48
0xaefb44 N 0xaefb48
0xe6d8c N 0xe6d90
0xe6d8c N 0xe6d90
0x5f28 N 0x5f2c
0xe6d8c N 0xe6d90
0xe6d8c N 0xe6d90
0xaefb44 N 0xaefb48
0x5f28 T 0x4ce0
0xc8a4ac T 0x23b5ece0
0x5f28 N 0x5f2c
0x3aac68c N 0x3aac690
0xaefb44 N 0xaefb48
0xe6d8c N 0xe6d90
0x1cb34c N 0x1cb350
0xe6d8c N 0xe6d90
0x5f28 N 0x5f2c
0xaefb44 T 0x7c0
0x5f28 N 0x5f2c
0xe6d8c N 0xe6d90
0xaefb44 T 0x7c0
0xaefb44 N 0xaefb48
0x1cb34c N 0x1cb350
0x5f28 T 0x4ce0
0xc8a4ac T 0x23b5ece0
0x5f28 T 0x4ce0
0x5f28 T 0x4ce0
0x3aac68c N 0x3aac690
0x3aac68c N 0x3aac690
0xe6d8c N 0xe6d90
0x5f28 N 0x5f2c
0x5f28 T 0x4ce0
0x5f28 T 0x4ce0
0x3aac68c N 0x3aac690
0x3aac68c N 0x3aac690
0x3aac68c N 0x3aac690
0xc8a4ac T 0x23b5ece0
0xaefb44 N 0xaefb48
0xaefb44 T 0x7c0
0x1cb34c N 0x1cb350
0xaefb44 T 0x7c0
0xc8a4ac T 0x23b5ece0
0xe6d8c N 0xe6d90
0xc8a4ac N 0xc8a4b0
0xe6d8c N 0xe6d90
0xaefb44 T 0x7c0
0x5f28 T 0x4ce0
0x5f28 T 0x4ce0
0x1cb34c N 0x1cb350
0xe6d8c N 0xe6d90
0xc8a4ac N 0xc8a4b0
0xaefb44 T 0x7c0
0xc8a4ac N 0xc8a4b0
0x5f28 T 0x4ce0
0xaefb44 N 0xaefb48
0x5f28 T 0x4ce0
0xaefb44 T 0x7c0
0xc8a4ac N 0xc8a4b0
0xe6d8c N 0xe6d90
0xe6d8c N 0xe6d90
0x3aac68c N 0x3aac690
0xe6d8c N 0xe6d90
0xc8a4ac N 0xc8a4b0
0xaefb44 T 0x7c0
0x5f28 T 0x4ce0
0x3aac68c N 0x3aac690
0x3aac68c N 0x3aac690
0xc8a4ac N 0xc8a4b0
0x3aac68c N 0x3aac690
0xaefb44 T 0x7c0
0x5f28 T 0x4ce0
0xc8a4ac T 0x23b5ece0
0x5f28 T 0x4ce0
0xe6d8c N 0xe6d90
0xaefb44 T 0x7c0
0xaefb44 N 0xaefb48
0xc8a4ac T 0x23b5ece0
0xc8a4ac T 0x23b5ece0
0xaefb44 N 0xaefb48
0x3aac68c N 0x3aac690
0xe6d8c N 0xe6d90
0x5f28 T 0x4ce0
0x3aac68c N 0x3aac690
0x3aac68c N 0x3aac690
0xe6d8c N 0xe6d90
0x3aac68c N 0x3aac690
0x3aac68c N 0x3aac690
0xe6d8c N 0xe6d90
0x5f28 T 0x4ce0
0xc8a4ac T 0x23b5ece0
0x3aac68c N 0x3aac690
0xe6d8c N 0xe6d90
0x1cb34c N 0x1cb350
0xe6d8c N 0xe6d90
0x5f28 T 0x4ce0
0x1cb34c N 0x1cb350
0x3aac68c N 0x3aac690
0xe6d8c N 0xe6d90
0x3aac68c N 0x3aac690
0x3aac68c N 0x3aac690
0xe6d8c N 0xe6d90
0x1cb34c N 0x1cb350
0xe6d8c N 0xe6d90
0xaefb44 N 0xaefb48
0x5f28 T 0x4ce0
0xaefb44 T 0x7c0
0x5f28 T 0x4ce0
0xe6d8c N 0xe6d90
0xc8a4ac T 0x23b5ece0
0xe6d8c N 0xe6d90
0xaefb44 T 0x7c0
0x1cb34c N 0x1cb350
0xc8a4ac N 0xc8a4b0
0xaefb44 N 0xaefb48
0xc8a4ac T 0x23b5ece0
0x1cb34c N 0x1cb350
0x5f28 N 0x5f2c
0x1cb34c N 0x1cb350
0xc8a4ac T 0x23b5ece0
0x3aac68c N 0x3aac690
0xe6d8c N 0xe6d90
0xaefb44 T 0x7c0
0xc8a4ac N 0xc8a4b0
0x3aac68c N 0x3aac690
0x1cb34c N 0x1cb350
0x3aac68c N 0x3aac690
0xc8a4ac N 0xc8a4b0
0xaefb44 T 0x7c0
0x1cb34c N 0x1cb350
0xe6d8c N 0xe6d90
0xe6d8c N 0xe6d90
0x3aac68c N 0x3aac690
0xc8a4ac N 0xc8a4b0
0xc8a4ac N 0xc8a4b0
0x3aac68c T 0x1f0ef78
0xc8a4ac N 0xc8a4b0
0xc8a4ac T 0x23b5ece0
0xaefb44 T 0x7c0
0x1cb34c N 0x1cb350
0xaefb44 N 0xaefb48
0x5f28 T 0x4ce0
0xe6d8c N 0xe6d90
0xaefb44 N 0xaefb48
0xc8a4ac T 0x23b5ece0
0x3aac68c N 0x3aac690
0xaefb44 T 0x7c0
0x5f28 T 0x4ce0
0xe6d8c N 0xe6d90
0x3aac68c N 0x3aac690
0x3aac68c N 0x3aac690
0xc8a4ac N 0xc8a4b0
0xaefb44 N 0xaefb48
0xaefb44 N 0xaefb48
0x3aac68c N 0x3aac690
0x5f28 T 0x4ce0
0xe6d8c N 0xe6d90
0xaefb44 N 0xaefb48
0xaefb44 T 0x7c0
0x1cb34c N 0x1cb350
0xaefb44 N 0xaefb48
0xaefb44 N 0xaefb48
0x3aac68c N 0x3aac690
0xe6d8c N 0xe6d90
0xaefb44 N 0xaefb48
0xe6d8c N 0xe6d90
0x1cb34c N 0x1cb350
0xe6d8c N 0xe6d90
0x1cb34c N 0x1cb350
0xaefb44 N 0xaefb48
0x3aac68c N 0x3aac690
0xe6d8c N 0xe6d90
0x5f28 T 0x4ce0
0x1cb34c N 0x1cb350
0xaefb44 N 0xaefb48
0xc8a4ac N 0xc8a4b0
0xaefb44 T 0x7c0
0xc8a4ac N 0xc8a4b0
0x1cb34c N 0x1cb350
0x5f28 N 0x5f2c
0xe6d8c N 0xe6d90
0x3aac68c N 0x3aac690
0xc8a4ac N 0xc8a4b0
0xc8a4ac N 0xc8a4b0
0xaefb44 N 0xaefb48
0xc8a4ac T 0x23b5ece0
0x5f28 N 0x5f2c
0xe6d8c N 0xe6d90
0x5f28 N 0x5f2c
0x3aac68c N 0x3aac690
0xe6d8c N 0xe6d90
0x3aac68c N 0x3aac690
0xc8a4ac N 0xc8a4b0
0x1cb34c N 0x1cb350
0x3aac68c N 0x3aac690
0xc8a4ac N 0xc8a4b0
0x3aac68c N 0x3aac690
0x5f28 N 0x5f2c
0xaefb44 T 0x7c0
0xe6d8c N 0xe6d90
0xe6d8c T 0x516a96f4
0xaefb44 T 0x7c0
0xaefb44 T 0x7c0
0xaefb44 T 0x7c0
0x5f28 N 0x5f2c
0x3aac68c N 0x3aac690
0x1cb34c N 0x1cb350
0xaefb44 N 0xaefb48
0x1cb34c N 0x1cb350
0xe6d8c N 0xe6d90
0xc8a4ac N 0xc8a4b0
0xc8a4ac T 0x23b5ece0
0xc8a4ac T 0x23b5ece0
0x5f28 T 0x4ce0
0xe6d8c N 0xe6d90
0x1cb34c N 0x1cb350
0x5f28 T 0x4ce0
0xc8a4ac N 0xc8a4b0
0xc8a4ac N 0xc8a4b0
0x5f28 T 0x4ce0
0xaefb44 T 0x7c0
0x3aac68c N 0x3aac690
0xaefb44 T 0x7c0
0xe6d8c N 0xe6d90
0xe6d8c N 0xe6d90
0xc8a4ac N 0xc8a4b0
0x1cb34c N 0x1cb350
0x5f28 T 0x4ce0
0x1cb34c T 0xe2e4
0xe6d8c N 0xe6d90
0x5f28 N 0x5f2c
0x5f28 N 0x5f2c
0x5f28 N 0x5f2c
0x5f28 T 0x4ce0
0x5f28 T 0x4ce0
0x5f28 T 0x4ce0
0x3aac68c N 0x3aac690
0xe6d8c N 0xe6d90
0x1cb34c N 0x1cb350
0xc8a4ac T 0x23b5ece0
0x1cb34c N 0x1cb350
0xaefb44 T 0x7c0
0x3aac68c N 0x3aac690
0xaefb44 N 0xaefb48
0x1cb34c N 0x1cb350
0xaefb44 N 0xaefb48
0x5f28 N 0x5f2c
0x1cb34c N 0x1cb350
0xe6d8c N 0xe6d90
0xe6d8c T 0x516a96f4
0xaefb44 N 0xaefb48
0x5f28 N 0x5f2c
0xaefb44 N 0xaefb48
0x3aac68c N 0x3aac690
0x3aac68c T 0x1f0ef78
0xaefb44 N 0xaefb48
0x5f28 T 0x4ce0
0x1cb34c N 0x1cb350
0xc8a4ac N 0xc8a4b0
0xaefb44 T 0x7c0
0x5f28 T 0x4ce0
0xaefb44 N 0xaefb48
0xaefb44 N 0xaefb48
0xe6d8c N 0xe6d90
0x5f28 T 0x4ce0
0xc8a4ac N 0xc8a4b0
0xaefb44 N 0xaefb48
0x1cb34c N 0x1cb350
0x3aac68c N 0x3aac690
0x3aac68c N 0x3aac690
0xaefb44 T 0x7c0
0x5f28 T 0x4ce0
0x1cb34c N 0x1cb350
0xaefb44 T 0x7c0
0x5f28 N 0x5f2c
0x5f28 N 0x5f2c
0x1cb34c T 0xe2e4
0x1cb34c N 0x1cb350
0xe6d8c N 0xe6d90
0xc8a4ac T 0x23b5ece0
0xc8a4ac T 0x23b5ece0
0xe6d8c T 0x516a96f4
0xc8a4ac N 0xc8a4b0
0xaefb44 T 0x7c0
0x1cb34c N 0x1cb350
0x5f28 N 0x5f2c
0x5f28 T 0x4ce0
0xaefb44 T 0x7c0
0x1cb34c T 0xe2e4
0xe6d8c N 0xe6d90
0x1cb34c N 0x1cb350
0x3aac68c N 0x3aac690
0xe6d8c N 0xe6d90
0x1cb34c N 0x1cb350
0x1cb34c N 0x1cb350
0x1cb34c N 0x1cb350
0x1cb34c N 0x1cb350
0x1cb34c N 0x1cb350
0xaefb44 N 0xaefb48
0x1cb34c T 0xe2e4
0xaefb44 T 0x7c0
0x3aac68c N 0x3aac690
0xc8a4ac T 0x23b5ece0
0xe6d8c N 0xe6d90
0xaefb44 T 0x7c0
0x3aac68c N 0x3aac690
0x5f28 T 0x4ce0
0xaefb44 N 0xaefb48
0x5f28 N 0x5f2c
0x3aac68c N 0x3aac690
0x1cb34c N 0x1cb350
0xe6d8c N 0xe6d90
0x5f28 N 0x5f2c
0xe6d8c N 0xe6d90
0xc8a4ac T 0x23b5ece0
0xc8a4ac N 0xc8a4b0
0x5f28 N 0x5f2c
0x5f28 N 0x5f2c
0xe6d8c N 0xe6d90
0x5f28 N 0x5f2c
0x3aac68c N 0x3aac690
0xaefb44 T 0x7c0
0x5f28 N 0x5f2c
0x1cb34c N 0x1cb350
0x1cb34c N 0x1cb350
0xe6d8c N 0xe6d90
0xaefb44 N 0xaefb48
0x5f28 N 0x5f2c
0x5f28 N 0x5f2c
0x3aac68c N 0x3aac690
0xe6d8c N 0xe6d90
0x5f28 N 0x5f2c
0xc8a4ac T 0x23b5ece0
0xc8a4ac N 0xc8a4b0
0xc8a4ac T 0x23b5ece0
0x5f28 N 0x5f2c
0xc8a4ac T 0x23b5ece0
0xe6d8c N 0xe6d90
0x1cb34c N 0x1cb350
0xe6d8c N 0xe6d90
0x3aac68c N 0x3aac690
0x5f28 T 0x4ce0
0xaefb44 N 0xaefb48
0x5f28 N 0x5f2c
0xe6d8c N 0xe6d90
0x3aac68c N 0x3aac690
0xaefb44 T 0x7c0
0x3aac68c N 0x3aac690
0x1cb34c N 0x1cb350
0x5f28 T 0x4ce0
0x1cb34c N 0x1cb350
0xe6d8c N 0xe6d90
0x5f28 N 0x5f2c
0xe6d8c N 0xe6d90
0x1cb34c N 0x1cb350
0xe6d8c N 0xe6d90
0xe6d8c N 0xe6d90
0xe6d8c N 0xe6d90
0x3aac68c N 0x3aac690
0xe6d8c N 0xe6d90
0xe6d8c N 0xe6d90
0x3aac68c N 0x3aac690
0xaefb44 T 0x7c0
0xc8a4ac T 0x23b5ece0
0x1cb34c N 0x1cb350
0xc8a4ac N 0xc8a4b0
0x1cb34c N 0x1cb350
0x1cb34c N 0x1cb350
0xaefb44 T 0x7c0
0xaefb44 N 0xaefb48
0xaefb44 T 0x7c0
0x5f28 N 0x5f2c
0x5f28 T 0x4ce0
0xc8a4ac T 0x23b5ece0
0x3aac68c N 0x3aac690
0x1cb34c N 0x1cb350
0x3aac68c N 0x3aac690
0x5f28 N 0x5f2c
0xaefb44 T 0x7c0
0xaefb44 T 0x7c0
0x3aac68c N 0x3aac690
0x5f28 N 0x5f2c
0x5f28 T 0x4ce0
0xc8a4ac N 0xc8a4b0
0x3aac68c N 0x3aac690
0x3aac68c N 0x3aac690
0xc8a4ac N 0xc8a4b0
0xe6d8c N 0xe6d90
0xe6d8c N 0xe6d90
0xaefb44 N 0xaefb48
0xc8a4ac N 0xc8a4b0
0x5f28 N 0x5f2c
0xc8a4ac T 0x23b5ece0
0xaefb44 N 0xaefb48
0x3aac68c N 0x3aac690
0x5f28 N 0x5f2c
0x3aac68c T 0x1f0ef78
0xc8a4ac N 0xc8a4b0
0x1cb34c N 0x1cb350
0xe6d8c N 0xe6d90
0x3aac68c N 0x3aac690
0x5f28 T 0x4ce0
0xc8a4ac T 0x23b5ece0
0x1cb34c N 0x1cb350
0xe6d8c N 0xe6d90
0xc8a4ac N 0xc8a4b0
0x1cb34c N 0x1cb350
0x1cb34c N 0x1cb350
0xe6d8c N 0xe6d90
0x1cb34c N 0x1cb350
0xc8a4ac N 0xc8a4b0
0xc8a4ac T 0x23b5ece0
0x1cb34c N 0x1cb350
0x5f28 N 0x5f2c
0xc8a4ac T 0x23b5ece0
0xc8a4ac T 0x23b5ece0
0xaefb44 N 0xaefb48
0x3aac68c N 0x3aac690
0xe6d8c N 0xe6d90
0xe6d8c N 0xe6d90
0xe6d8c N 0xe6d90
0x1cb34c N 0x1cb350
0xaefb44 T 0x7c0
0xe6d8c N 0xe6d90
0xc8a4ac T 0x23b5ece0
0x5f28 N 0x5f2c
0x5f28 T 0x4ce0
0x5f28 N 0x5f2c
0xaefb44 T 0x7c0
0xc8a4ac T 0x23b5ece0
0x3aac68c N 0x3aac690
0xe6d8c N 0xe6d90
0xc8a4ac N 0xc8a4b0
0xc8a4ac N 0xc8a4b0
0xe6d8c N 0xe6d90
0xaefb44 N 0xaefb48
0x5f28 T 0x4ce0
0xaefb44 N 0xaefb48
0xc8a4ac T 0x23b5ece0
0xc8a4ac N 0xc8a4b0
0x1cb34c N 0x1cb350
0xaefb44 N 0xaefb48
0x3aac68c N 0x3aac690
0xe6d8c N 0xe6d90
0x1cb34c N 0x1cb350
0xc8a4ac T 0x23b5ece0
0xe6d8c N 0xe6d90
0x5f28 T 0x4ce0
0xc8a4ac N 0xc8a4b0
0x1cb34c N 0x1cb350
0x5f28 N 0x5f2c
0x1cb34c N 0x1cb350
0xe6d8c N 0xe6d90
0xc8a4ac N 0xc8a4b0
0x3aac68c N 0x3aac690
0xc8a4ac T 0x23b5ece0
0x5f28 N 0x5f2c
0x3aac68c N 0x3aac690
0xaefb44 N 0xaefb48
0xaefb44 T 0x7c0
0x5f28 N 0x5f2c
0x1cb34c N 0x1cb350
0xe6d8c N 0xe6d90
0x3aac68c N 0x3aac690
0xaefb44 N 0xaefb48
0x1cb34c N 0x1cb350
0x3aac68c N 0x3aac690
0xe6d8c N 0xe6d90
0xaefb44 N 0xaefb48
0xc8a4ac N 0xc8a4b0
0xe6d8c N 0xe6d90
0xe6d8c N 0xe6d90
0xe6d8c N 0xe6d90
0xc8a4ac T 0x23b5ece0
0x1cb34c N 0x1cb350
0x3aac68c N 0x3aac690
0x1cb34c N 0x1cb350
0x1cb34c N 0x1cb350
0x3aac68c N 0x3aac690
0xaefb44 T 0x7c0
0xe6d8c N 0xe6d90
0xc8a4ac T 0x23b5ece0
0xaefb44 T 0x7c0
0xe6d8c N 0xe6d90
0x3aac68c N 0x3aac690
0x5f28 T 0x4ce0
0xaefb44 T 0x7c0
0x3aac68c N 0x3aac690
0xc8a4ac N 0xc8a4b0
0xaefb44 T 0x7c0
0x1cb34c N 0x1cb350
0x3aac68c N 0x3aac690
0x3aac68c N 0x3aac690
0xe6d8c N 0xe6d90
0x1cb34c N 0x1cb350
0x1cb34c N 0x1cb350
0xe6d8c N 0xe6d90
0x1cb34c N 0x1cb350
0x5f28 N 0x5f2c
0xaefb44 T 0x7c0
0xe6d8c N 0xe6d90
0x5f28 N 0x5f2c
0x5f28 N 0x5f2c
0xc8a4ac N 0xc8a4b0
0xaefb44 N 0xaefb48
0xc8a4ac T 0x23b5ece0
0xe6d8c N 0xe6d90
0x3aac68c N 0x3aac690
0xe6d8c N 0xe6d90
0xe6d8c N 0xe6d90
0xe6d8c N 0xe6d90
0x5f28 T 0x4ce0
0x1cb34c N 0x1cb350
0xe6d8c N 0xe6d90
0xaefb44 N 0xaefb48
0x1cb34c N 0x1cb350
0x1cb34c N 0x1cb350
0xc8a4ac T 0x23b5ece0
0x5f28 N 0x5f2c
0x3aac68c N 0x3aac690
0x5f28 T 0x4ce0
0xe6d8c N 0xe6d90
0x1cb34c N 0x1cb350
0xe6d8c N 0xe6d90
0xe6d8c N 0xe6d90
0xc8a4ac N 0xc8a4b0
0x3aac68c N 0x3aac690
0xe6d8c N 0xe6d90
0x5f28 N 0x5f2c
0x3aac68c N 0x3aac690
0x1cb34c N 0x1cb350
0x5f28 N 0x5f2c
0xe6d8c N 0xe6d90
0xc8a4ac T 0x23b5ece0
0x1cb34c N 0x1cb350
0x5f28 T 0x4ce0
0xc8a4ac N 0xc8a4b0
0x1cb34c N 0x1cb350
0xc8a4ac T 0x23b5ece0
0xaefb44 N 0xaefb48
0x1cb34c N 0x1cb350
0x5f28 T 0x4ce0
0xe6d8c N 0xe6d90
0xaefb44 N 0xaefb48
0xe6d8c T 0x516a96f4
0x3aac68c N 0x3aac690
0x1cb34c N 0x1cb350
0x5f28 N 0x5f2c
0x1cb34c N 0x1cb350
0xe6d8c N 0xe6d90
0x5f28 N 0x5f2c
0x5f28 T 0x4ce0
0xe6d8c T 0x516a96f4
0xc8a4ac N 0xc8a4b0
0xc8a4ac N 0xc8a4b0
0x5f28 T 0x4ce0
0xc8a4ac N 0xc8a4b0
0x1cb34c N 0x1cb350
0x3aac68c N 0x3aac690
0xaefb44 T 0x7c0
0xc8a4ac T 0x23b5ece0
0xc8a4ac T 0x23b5ece0
0xaefb44 T 0x7c0
0xaefb44 T 0x7c0
0x3aac68c N 0x3aac690
0x5f28 N 0x5f2c
0x3aac68c N 0x3aac690
0x3aac68c N 0x3aac690
0xc8a4ac T 0x23b5ece0
0xaefb44 N 0xaefb48
0x3aac68c N 0x3aac690
0x3aac68c N 0x3aac690
0x5f28 N 0x5f2c
0xe6d8c N 0xe6d90
0x5f28 T 0x4ce0
0x3aac68c N 0x3aac690
0xe6d8c N 0xe6d90
0x5f28 T 0x4ce0
0x5f28 T 0x4ce0
0x3aac68c N 0x3aac690
0x5f28 T 0x4ce0
0xaefb44 T 0x7c0
0x5f28 T 0x4ce0
0x1cb34c N 0x1cb350
0xaefb44 T 0x7c0
0x5f28 T 0x4ce0
0x3aac68c N 0x3aac690
0x1cb34c N 0x1cb350
0xc8a4ac T 0x23b5ece0
0x5f28 T 0x4ce0
0x1cb34c N 0x1cb350
0x1cb34c N 0x1cb350
0xc8a4ac N 0xc8a4b0
0x1cb34c T 0xe2e4
0xaefb44 N 0xaefb48
0xe6d8c N 0xe6d90
0x1cb34c N 0x1cb350
0x5f28 N 0x5f2c
0x3aac68c N 0x3aac690
0xaefb44 N 0xaefb48
0x3aac68c N 0x3aac690
0x3aac68c N 0x3aac690
0x1cb34c N 0x1cb350
0x1cb34c N 0x1cb350
0x3aac68c N 0x3aac690
0xe6d8c N 0xe6d90
0x5f28 N 0x5f2c
0xaefb44 N 0xaefb48
0x5f28 N 0x5f2c
0xc8a4ac N 0xc8a4b0
0x3aac68c N 0x3aac690
0x3aac68c N 0x3aac690
0x3aac68c N 0x3aac690
0x5f28 T 0x4ce0
0xc8a4ac N 0xc8a4b0
0x5f28 N 0x5f2c
0xaefb44 T 0x7c0
0xe6d8c N 0xe6d90
0x1cb34c N 0x1cb350
0x3aac68c N 0x3aac690
0xc8a4ac T 0x23b5ece0
0x3aac68c N 0x3aac690
0x5f28 N 0x5f2c
0xc8a4ac N 0xc8a4b0
0xaefb44 T 0x7c0
0x1cb34c N 0x1cb350
0x1cb34c N 0x1cb350
0x1cb34c N 0x1cb350
0x1cb34c N 0x1cb350
0xc8a4ac N 0xc8a4b0
0x3aac68c N 0x3aac690
0x5f28 T 0x4ce0
0x1cb34c N 0x1cb350
0xaefb44 T 0x7c0
0xc8a4ac N 0xc8a4b0
0xaefb44 N 0xaefb48
0xc8a4ac N 0xc8a4b0
0x5f28 T 0x4ce0
0xaefb44 N 0xaefb48
0x3aac68c N 0x3aac690
0xe6d8c N 0xe6d90
0x3aac68c N 0x3aac690
0xaefb44 T 0x7c0
0xaefb44 T 0x7c0
0x3aac68c N 0x3aac690
0x3aac68c N 0x3aac690
0xaefb44 N 0xaefb48
0xaefb44 N 0xaefb48
0xe6d8c N 0xe6d90
0x3aac68c N 0x3aac690
0xc8a4ac N 0xc8a4b0
0xaefb44 N 0xaefb48
0xaefb44 T 0x7c0
0x3aac68c N 0x3aac690
0xc8a4ac N 0xc8a4b0
0xc8a4ac T 0x23b5ece0
0x5f28 T 0x4ce0
0x3aac68c N 0x3aac690
0xaefb44 T 0x7c0
0x5f28 N 0x5f2c
0xaefb44 T 0x7c0
0xc8a4ac N 0xc8a4b0
0xc8a4ac T 0x23b5ece0
0xe6d8c N 0xe6d90
0xe6d8c N 0xe6d90
0x5f28 T 0x4ce0
0x5f28 N 0x5f2c
0xaefb44 T 0x7c0
0xe6d8c N 0xe6d90
0x1cb34c N 0x1cb350
0x1cb34c T 0xe2e4
0xe6d8c N 0xe6d90
0x1cb34c N 0x1cb350
0x3aac68c N 0x3aac690
0xaefb44 T 0x7c0
0xc8a4ac T 0x23b5ece0
0x5f28 T 0x4ce0
0x5f28 N 0x5f2c
0xe6d8c N 0xe6d90
0xaefb44 T 0x7c0
0x5f28 T 0x4ce0
0xaefb44 N 0xaefb48
0xe6d8c N 0xe6d90
0x1cb34c N 0x1cb350
0xe6d8c N 0xe6d90
0xc8a4ac N 0xc8a4b0
0x1cb34c N 0x1cb350
0xc8a4ac N 0xc8a4b0
0x5f28 T 0x4ce0
0xaefb44 N 0xaefb48
0x1cb34c N 0x1cb350
0xaefb44 N 0xaefb48
0xaefb44 N 0xaefb48
0xe6d8c N 0xe6d90
0xe6d8c T 0x516a96f4
0xc8a4ac N 0xc8a4b0
0xe6d8c N 0xe6d90
0x1cb34c N 0x1cb350
0xe6d8c N 0xe6d90
0xe6d8c N 0xe6d90
0x5f28 T 0x4ce0
0xc8a4ac N 0xc8a4b0
0x1cb34c N 0x1cb350
0xe6d8c N 0xe6d90
0xe6d8c N 0xe6d90
0x1cb34c N 0x1cb350
0xc8a4ac T 0x23b5ece0
0x5f28 N 0x5f2c
0x1cb34c T 0xe2e4
0xe6d8c N 0xe6d90
0x3aac68c N 0x3aac690
flush_num: 648, br_num: 1307, size: 1152b
