0x47f25b3c BTB index out of boundsN 0x0
0xee0 N 0xee4
0xee0 T 0x6bb46c
0x7c6c8 N 0x7c6cc
0x7c6c8 T 0x6b74ad04
0x354 BTB index out of boundsN 0x0
0x354 BTB index out of boundsN 0x0
0xee0 N 0xee4
0xee0 T 0x6bb46c
0x47f25b3c BTB index out of boundsN 0x0
0x7c6c8 N 0x7c6cc
0x47f25b3c BTB index out of boundsN 0x0
0xee0 N 0xee4
0x7c6c8 N 0x7c6cc
0x354 BTB index out of boundsN 0x0
0x7c6c8 T 0x6b74ad04
0x7c6c8 T 0x6b74ad04
0x354 BTB index out of boundsN 0x0
0x47f25b3c BTB index out of boundsN 0x0
0x354 BTB index out of boundsN 0x0
0x354 BTB index out of boundsN 0x0
0x354 BTB index out of boundsN 0x0
0x7c6c8 T 0x6b74ad04
0x7c6c8 T 0x6b74ad04
0xee0 N 0xee4
0xee0 T 0x6bb46c
0x354 BTB index out of boundsN 0x0
0x354 BTB index out of boundsN 0x0
0x47f25b3c BTB index out of boundsN 0x0
0x354 BTB index out of boundsN 0x0
0x47f25b3c BTB index out of boundsN 0x0
0x7c6c8 N 0x7c6cc
0xee0 N 0xee4
0xee0 T 0x6bb46c
0x7c6c8 N 0x7c6cc
0x354 BTB index out of boundsN 0x0
0xee0 N 0xee4
0x354 BTB index out of boundsN 0x0
0x47f25b3c BTB index out of boundsN 0x0
0x354 BTB index out of boundsN 0x0
0x7c6c8 N 0x7c6cc
0xee0 N 0xee4
0x47f25b3c BTB index out of boundsN 0x0
0x354 BTB index out of boundsN 0x0
0x47f25b3c BTB index out of boundsN 0x0
0x354 BTB index out of boundsN 0x0
0x354 BTB index out of boundsN 0x0
0x47f25b3c BTB index out of boundsN 0x0
0x7c6c8 N 0x7c6cc
0x7c6c8 T 0x6b74ad04
0xee0 N 0xee4
0x47f25b3c BTB index out of boundsN 0x0
0x47f25b3c BTB index out of boundsN 0x0
0x47f25b3c BTB index out of boundsN 0x0
0x7c6c8 N 0x7c6cc
0xee0 N 0xee4
0x354 BTB index out of boundsN 0x0
0x7c6c8 N 0x7c6cc
0x47f25b3c BTB index out of boundsN 0x0
0xee0 N 0xee4
0x47f25b3c BTB index out of boundsN 0x0
0x7c6c8 N 0x7c6cc
0x354 BTB index out of boundsN 0x0
0x354 BTB index out of boundsN 0x0
0x7c6c8 T 0x6b74ad04
0x354 BTB index out of boundsN 0x0
0xee0 N 0xee4
0x47f25b3c BTB index out of boundsN 0x0
0x354 BTB index out of boundsN 0x0
0x47f25b3c BTB index out of boundsN 0x0
0xee0 T 0x6bb46c
0x354 BTB index out of boundsN 0x0
0x7c6c8 N 0x7c6cc
0x7c6c8 T 0x6b74ad04
0x47f25b3c BTB index out of boundsN 0x0
0x7c6c8 T 0x6b74ad04
0x7c6c8 T 0x6b74ad04
0x47f25b3c BTB index out of boundsN 0x0
0x7c6c8 T 0x6b74ad04
0x354 BTB index out of boundsN 0x0
0x7c6c8 T 0x6b74ad04
0x47f25b3c BTB index out of boundsN 0x0
0xee0 N 0xee4
0x47f25b3c BTB index out of boundsN 0x0
0x354 BTB index out of boundsN 0x0
0x354 BTB index out of boundsN 0x0
0x47f25b3c BTB index out of boundsN 0x0
0xee0 T 0x6bb46c
0xee0 T 0x6bb46c
0x354 BTB index out of boundsN 0x0
0xee0 T 0x6bb46c
0xee0 T 0x6bb46c
0x354 BTB index out of boundsN 0x0
0x7c6c8 N 0x7c6cc
0x7c6c8 T 0x6b74ad04
0xee0 N 0xee4
0xee0 T 0x6bb46c
flush_num: 72, br_num: 97, size: 52b
