0x59189118 N 0x5918911c
0xbcf44 BTB index out of boundsN 0x0
0x24c0 N 0x24c4
0xc983e00 N 0xc983e04
0xc983e00 T 0x9bd0c4
0x509dfc BTB index out of boundsN 0x0
0x59189118 N 0x5918911c
0x24c0 N 0x24c4
0x59189118 N 0x5918911c
0x59189118 T 0xb334
0x81c BTB index out of boundsN 0x0
0x509dfc BTB index out of boundsN 0x0
0x81c BTB index out of boundsN 0x0
0x24c0 N 0x24c4
0x509dfc BTB index out of boundsN 0x0
0x24c0 T 0x3188
0x59189118 N 0x5918911c
0x81c BTB index out of boundsN 0x0
0x24c0 N 0x24c4
0x81c BTB index out of boundsN 0x0
0xbcf44 BTB index out of boundsN 0x0
0x81c BTB index out of boundsN 0x0
0x59189118 N 0x5918911c
0xbcf44 BTB index out of boundsN 0x0
0x509dfc BTB index out of boundsN 0x0
0x24c0 N 0x24c4
0x509dfc BTB index out of boundsN 0x0
0x509dfc BTB index out of boundsN 0x0
0xc983e00 N 0xc983e04
0x81c BTB index out of boundsN 0x0
0x509dfc BTB index out of boundsN 0x0
0x59189118 N 0x5918911c
0x24c0 N 0x24c4
0xbcf44 BTB index out of boundsN 0x0
0x24c0 T 0x3188
0x24c0 T 0x3188
0xbcf44 BTB index out of boundsN 0x0
0x24c0 T 0x3188
0x59189118 N 0x5918911c
0x81c BTB index out of boundsN 0x0
0xc983e00 N 0xc983e04
0xbcf44 BTB index out of boundsN 0x0
0x59189118 N 0x5918911c
0xbcf44 BTB index out of boundsN 0x0
0xc983e00 N 0xc983e04
0x509dfc BTB index out of boundsN 0x0
0xbcf44 BTB index out of boundsN 0x0
0x24c0 N 0x24c4
0x24c0 T 0x3188
0xc983e00 N 0xc983e04
0x24c0 N 0x24c4
0x81c BTB index out of boundsN 0x0
0x24c0 T 0x3188
0x24c0 T 0x3188
0x24c0 N 0x24c4
0x509dfc BTB index out of boundsN 0x0
0x509dfc BTB index out of boundsN 0x0
0xc983e00 N 0xc983e04
0xc983e00 T 0x9bd0c4
0x24c0 N 0x24c4
0x509dfc BTB index out of boundsN 0x0
0xc983e00 N 0xc983e04
0xc983e00 T 0x9bd0c4
0xbcf44 BTB index out of boundsN 0x0
0x59189118 N 0x5918911c
0x81c BTB index out of boundsN 0x0
0x81c BTB index out of boundsN 0x0
0xc983e00 N 0xc983e04
0x81c BTB index out of boundsN 0x0
0x24c0 N 0x24c4
0x509dfc BTB index out of boundsN 0x0
0xc983e00 N 0xc983e04
0x59189118 N 0x5918911c
0xc983e00 N 0xc983e04
0x509dfc BTB index out of boundsN 0x0
0x24c0 N 0x24c4
0xc983e00 N 0xc983e04
0xc983e00 T 0x9bd0c4
0xbcf44 BTB index out of boundsN 0x0
0xbcf44 BTB index out of boundsN 0x0
0x59189118 N 0x5918911c
0x59189118 T 0xb334
0x24c0 N 0x24c4
0x81c BTB index out of boundsN 0x0
0x24c0 T 0x3188
0x509dfc BTB index out of boundsN 0x0
0xbcf44 BTB index out of boundsN 0x0
0xc983e00 N 0xc983e04
0x59189118 N 0x5918911c
0x59189118 T 0xb334
0x509dfc BTB index out of boundsN 0x0
0xbcf44 BTB index out of boundsN 0x0
0x59189118 T 0xb334
0x81c BTB index out of boundsN 0x0
0x24c0 N 0x24c4
0x59189118 N 0x5918911c
0xbcf44 BTB index out of boundsN 0x0
0x24c0 N 0x24c4
0x24c0 T 0x3188
0xc983e00 N 0xc983e04
0x24c0 N 0x24c4
0x24c0 T 0x3188
0xc983e00 N 0xc983e04
0x59189118 N 0x5918911c
0x59189118 T 0xb334
0xbcf44 BTB index out of boundsN 0x0
0x509dfc BTB index out of boundsN 0x0
0xc983e00 N 0xc983e04
0xbcf44 BTB index out of boundsN 0x0
0x24c0 N 0x24c4
0x81c BTB index out of boundsN 0x0
0x81c BTB index out of boundsN 0x0
0x81c BTB index out of boundsN 0x0
0xc983e00 N 0xc983e04
0xc983e00 T 0x9bd0c4
0xbcf44 BTB index out of boundsN 0x0
0xc983e00 T 0x9bd0c4
0x509dfc BTB index out of boundsN 0x0
0x81c BTB index out of boundsN 0x0
0x24c0 N 0x24c4
0x59189118 N 0x5918911c
0xc983e00 N 0xc983e04
0x81c BTB index out of boundsN 0x0
0xbcf44 BTB index out of boundsN 0x0
0x81c BTB index out of boundsN 0x0
0x81c BTB index out of boundsN 0x0
0x81c BTB index out of boundsN 0x0
0x59189118 N 0x5918911c
0x509dfc BTB index out of boundsN 0x0
0x24c0 N 0x24c4
0x81c BTB index out of boundsN 0x0
0x509dfc BTB index out of boundsN 0x0
0x24c0 T 0x3188
0x509dfc BTB index out of boundsN 0x0
0x59189118 N 0x5918911c
0x509dfc BTB index out of boundsN 0x0
0xc983e00 N 0xc983e04
0x81c BTB index out of boundsN 0x0
0x81c BTB index out of boundsN 0x0
0xc983e00 T 0x9bd0c4
0xbcf44 BTB index out of boundsN 0x0
0xbcf44 BTB index out of boundsN 0x0
0x59189118 N 0x5918911c
0x509dfc BTB index out of boundsN 0x0
0x509dfc BTB index out of boundsN 0x0
0x509dfc BTB index out of boundsN 0x0
0x59189118 T 0xb334
0x59189118 T 0xb334
0x59189118 T 0xb334
0x59189118 T 0xb334
0xbcf44 BTB index out of boundsN 0x0
0xc983e00 N 0xc983e04
0x59189118 N 0x5918911c
0x59189118 T 0xb334
0x509dfc BTB index out of boundsN 0x0
0xbcf44 BTB index out of boundsN 0x0
0xc983e00 N 0xc983e04
0x24c0 N 0x24c4
0x24c0 T 0x3188
0x509dfc BTB index out of boundsN 0x0
0x81c BTB index out of boundsN 0x0
0x81c BTB index out of boundsN 0x0
0x59189118 N 0x5918911c
0xbcf44 BTB index out of boundsN 0x0
0x81c BTB index out of boundsN 0x0
0xc983e00 N 0xc983e04
0xbcf44 BTB index out of boundsN 0x0
0xc983e00 T 0x9bd0c4
