expected: 2 
 real std::vector<bimodal_FSM> size = 2
