0x3dc BTB index out of boundsN 0x0
0x40798 N 0x4079c
0x40798 N 0x4079c
0x40798 T 0xd7e7ac
0x54277878 N 0x5427787c
0x47f18 N 0x47f1c
0x3dc BTB index out of boundsN 0x0
0x915abc BTB index out of boundsN 0x0
0x39547b0 N 0x39547b4
0x54277878 N 0x5427787c
0x8cc BTB index out of boundsN 0x0
0x54277878 T 0x123c
0x39547b0 N 0x39547b4
0x3dc BTB index out of boundsN 0x0
0x8cc BTB index out of boundsN 0x0
0x3dc BTB index out of boundsN 0x0
0x39547b0 N 0x39547b4
0x915abc BTB index out of boundsN 0x0
0x47f18 N 0x47f1c
0x3dc BTB index out of boundsN 0x0
0x47f18 T 0xb388
0x40798 N 0x4079c
0x915abc BTB index out of boundsN 0x0
0x47f18 N 0x47f1c
0x47f18 N 0x47f1c
0x47f18 T 0xb388
0x8cc BTB index out of boundsN 0x0
0x3dc BTB index out of boundsN 0x0
0x39547b0 N 0x39547b4
0x39547b0 T 0xab5c9168
0x3dc BTB index out of boundsN 0x0
0x54277878 N 0x5427787c
0x47f18 N 0x47f1c
0x3dc BTB index out of boundsN 0x0
0x40798 N 0x4079c
0x915abc BTB index out of boundsN 0x0
0x3dc BTB index out of boundsN 0x0
0x8cc BTB index out of boundsN 0x0
0x47f18 N 0x47f1c
0x915abc BTB index out of boundsN 0x0
0x3dc BTB index out of boundsN 0x0
0x3dc BTB index out of boundsN 0x0
0x54277878 N 0x5427787c
0x8cc BTB index out of boundsN 0x0
0x54277878 T 0x123c
0x39547b0 N 0x39547b4
0x39547b0 N 0x39547b4
0x47f18 N 0x47f1c
0x915abc BTB index out of boundsN 0x0
0x915abc BTB index out of boundsN 0x0
0x915abc BTB index out of boundsN 0x0
0x915abc BTB index out of boundsN 0x0
0x8cc BTB index out of boundsN 0x0
0x915abc BTB index out of boundsN 0x0
0x8cc BTB index out of boundsN 0x0
0x8cc BTB index out of boundsN 0x0
0x40798 N 0x4079c
0x915abc BTB index out of boundsN 0x0
0x8cc BTB index out of boundsN 0x0
0x40798 N 0x4079c
0x54277878 N 0x5427787c
0x8cc BTB index out of boundsN 0x0
0x47f18 N 0x47f1c
0x47f18 T 0xb388
0x39547b0 N 0x39547b4
0x3dc BTB index out of boundsN 0x0
0x54277878 N 0x5427787c
0x915abc BTB index out of boundsN 0x0
0x47f18 N 0x47f1c
0x39547b0 N 0x39547b4
0x915abc BTB index out of boundsN 0x0
0x47f18 N 0x47f1c
0x54277878 N 0x5427787c
0x40798 N 0x4079c
0x915abc BTB index out of boundsN 0x0
0x54277878 N 0x5427787c
0x39547b0 N 0x39547b4
0x40798 N 0x4079c
0x8cc BTB index out of boundsN 0x0
0x47f18 N 0x47f1c
0x47f18 T 0xb388
0x8cc BTB index out of boundsN 0x0
0x3dc BTB index out of boundsN 0x0
0x8cc BTB index out of boundsN 0x0
0x3dc BTB index out of boundsN 0x0
0x54277878 N 0x5427787c
0x8cc BTB index out of boundsN 0x0
0x54277878 T 0x123c
0x40798 N 0x4079c
0x3dc BTB index out of boundsN 0x0
0x39547b0 N 0x39547b4
0x39547b0 T 0xab5c9168
0x39547b0 T 0xab5c9168
0x915abc BTB index out of boundsN 0x0
0x47f18 N 0x47f1c
0x40798 N 0x4079c
0x40798 N 0x4079c
0x54277878 N 0x5427787c
0x40798 N 0x4079c
0x915abc BTB index out of boundsN 0x0
0x3dc BTB index out of boundsN 0x0
0x39547b0 N 0x39547b4
0x54277878 N 0x5427787c
0x8cc BTB index out of boundsN 0x0
0x40798 N 0x4079c
0x8cc BTB index out of boundsN 0x0
0x54277878 N 0x5427787c
0x47f18 N 0x47f1c
0x39547b0 N 0x39547b4
0x40798 N 0x4079c
0x54277878 N 0x5427787c
0x54277878 T 0x123c
0x47f18 N 0x47f1c
0x915abc BTB index out of boundsN 0x0
0x40798 N 0x4079c
0x8cc BTB index out of boundsN 0x0
0x47f18 N 0x47f1c
0x39547b0 N 0x39547b4
0x915abc BTB index out of boundsN 0x0
0x54277878 N 0x5427787c
0x915abc BTB index out of boundsN 0x0
0x8cc BTB index out of boundsN 0x0
0x54277878 T 0x123c
0x47f18 N 0x47f1c
0x39547b0 N 0x39547b4
0x47f18 N 0x47f1c
0x54277878 N 0x5427787c
0x40798 N 0x4079c
0x3dc BTB index out of boundsN 0x0
0x47f18 N 0x47f1c
0x40798 N 0x4079c
0x39547b0 N 0x39547b4
0x47f18 N 0x47f1c
0x54277878 N 0x5427787c
0x54277878 T 0x123c
0x47f18 N 0x47f1c
0x3dc BTB index out of boundsN 0x0
0x39547b0 N 0x39547b4
0x3dc BTB index out of boundsN 0x0
0x39547b0 N 0x39547b4
0x8cc BTB index out of boundsN 0x0
0x39547b0 N 0x39547b4
0x8cc BTB index out of boundsN 0x0
0x3dc BTB index out of boundsN 0x0
0x3dc BTB index out of boundsN 0x0
0x8cc BTB index out of boundsN 0x0
0x3dc BTB index out of boundsN 0x0
0x40798 N 0x4079c
0x40798 N 0x4079c
0x39547b0 N 0x39547b4
0x54277878 N 0x5427787c
0x39547b0 N 0x39547b4
0x915abc BTB index out of boundsN 0x0
0x39547b0 N 0x39547b4
0x3dc BTB index out of boundsN 0x0
0x915abc BTB index out of boundsN 0x0
0x915abc BTB index out of boundsN 0x0
0x54277878 N 0x5427787c
0x47f18 N 0x47f1c
0x3dc BTB index out of boundsN 0x0
0x915abc BTB index out of boundsN 0x0
0x39547b0 N 0x39547b4
0x915abc BTB index out of boundsN 0x0
0x915abc BTB index out of boundsN 0x0
0x915abc BTB index out of boundsN 0x0
0x39547b0 N 0x39547b4
0x915abc BTB index out of boundsN 0x0
0x54277878 N 0x5427787c
0x3dc BTB index out of boundsN 0x0
0x3dc BTB index out of boundsN 0x0
0x47f18 N 0x47f1c
0x39547b0 N 0x39547b4
0x3dc BTB index out of boundsN 0x0
0x8cc BTB index out of boundsN 0x0
0x3dc BTB index out of boundsN 0x0
0x915abc BTB index out of boundsN 0x0
0x39547b0 T 0xab5c9168
0x54277878 N 0x5427787c
0x54277878 N 0x5427787c
0x54277878 T 0x123c
0x40798 N 0x4079c
0x54277878 N 0x5427787c
0x40798 N 0x4079c
0x47f18 N 0x47f1c
0x54277878 N 0x5427787c
0x8cc BTB index out of boundsN 0x0
0x40798 N 0x4079c
0x8cc BTB index out of boundsN 0x0
0x8cc BTB index out of boundsN 0x0
0x8cc BTB index out of boundsN 0x0
0x54277878 N 0x5427787c
0x3dc BTB index out of boundsN 0x0
0x915abc BTB index out of boundsN 0x0
0x915abc BTB index out of boundsN 0x0
0x8cc BTB index out of boundsN 0x0
0x3dc BTB index out of boundsN 0x0
0x39547b0 N 0x39547b4
0x915abc BTB index out of boundsN 0x0
0x47f18 N 0x47f1c
0x3dc BTB index out of boundsN 0x0
0x40798 N 0x4079c
0x40798 N 0x4079c
0x47f18 N 0x47f1c
0x39547b0 N 0x39547b4
0x3dc BTB index out of boundsN 0x0
0x40798 N 0x4079c
0x47f18 N 0x47f1c
0x40798 N 0x4079c
0x47f18 N 0x47f1c
0x915abc BTB index out of boundsN 0x0
0x39547b0 N 0x39547b4
0x40798 N 0x4079c
0x915abc BTB index out of boundsN 0x0
0x3dc BTB index out of boundsN 0x0
0x8cc BTB index out of boundsN 0x0
0x40798 N 0x4079c
0x915abc BTB index out of boundsN 0x0
0x47f18 N 0x47f1c
0x40798 N 0x4079c
0x40798 T 0xd7e7ac
0x39547b0 N 0x39547b4
0x3dc BTB index out of boundsN 0x0
0x39547b0 N 0x39547b4
0x3dc BTB index out of boundsN 0x0
0x54277878 N 0x5427787c
0x3dc BTB index out of boundsN 0x0
0x3dc BTB index out of boundsN 0x0
0x3dc BTB index out of boundsN 0x0
0x39547b0 N 0x39547b4
0x3dc BTB index out of boundsN 0x0
0x47f18 N 0x47f1c
0x915abc BTB index out of boundsN 0x0
0x3dc BTB index out of boundsN 0x0
0x3dc BTB index out of boundsN 0x0
0x40798 N 0x4079c
0x8cc BTB index out of boundsN 0x0
0x39547b0 N 0x39547b4
0x8cc BTB index out of boundsN 0x0
0x39547b0 N 0x39547b4
0x3dc BTB index out of boundsN 0x0
0x47f18 N 0x47f1c
0x54277878 N 0x5427787c
0x8cc BTB index out of boundsN 0x0
0x8cc BTB index out of boundsN 0x0
0x40798 N 0x4079c
0x915abc BTB index out of boundsN 0x0
0x3dc BTB index out of boundsN 0x0
0x39547b0 N 0x39547b4
0x40798 N 0x4079c
0x915abc BTB index out of boundsN 0x0
0x8cc BTB index out of boundsN 0x0
0x8cc BTB index out of boundsN 0x0
0x8cc BTB index out of boundsN 0x0
0x40798 T 0xd7e7ac
0x39547b0 N 0x39547b4
0x47f18 N 0x47f1c
0x54277878 N 0x5427787c
0x39547b0 N 0x39547b4
0x39547b0 N 0x39547b4
0x40798 N 0x4079c
0x3dc BTB index out of boundsN 0x0
0x40798 T 0xd7e7ac
0x3dc BTB index out of boundsN 0x0
0x54277878 N 0x5427787c
0x39547b0 N 0x39547b4
0x8cc BTB index out of boundsN 0x0
0x54277878 N 0x5427787c
0x8cc BTB index out of boundsN 0x0
0x54277878 T 0x123c
0x54277878 T 0x123c
0x3dc BTB index out of boundsN 0x0
0x54277878 T 0x123c
0x8cc BTB index out of boundsN 0x0
0x40798 N 0x4079c
0x40798 N 0x4079c
0x39547b0 N 0x39547b4
0x39547b0 T 0xab5c9168
0x39547b0 T 0xab5c9168
0x47f18 N 0x47f1c
0x47f18 N 0x47f1c
0x915abc BTB index out of boundsN 0x0
0x40798 N 0x4079c
0x8cc BTB index out of boundsN 0x0
0x8cc BTB index out of boundsN 0x0
0x40798 N 0x4079c
0x54277878 N 0x5427787c
0x39547b0 N 0x39547b4
0x915abc BTB index out of boundsN 0x0
0x54277878 N 0x5427787c
0x915abc BTB index out of boundsN 0x0
0x915abc BTB index out of boundsN 0x0
0x40798 N 0x4079c
0x47f18 N 0x47f1c
0x40798 N 0x4079c
0x54277878 N 0x5427787c
0x8cc BTB index out of boundsN 0x0
0x47f18 N 0x47f1c
0x47f18 T 0xb388
0x40798 N 0x4079c
0x915abc BTB index out of boundsN 0x0
0x47f18 N 0x47f1c
0x3dc BTB index out of boundsN 0x0
0x47f18 T 0xb388
0x3dc BTB index out of boundsN 0x0
0x47f18 T 0xb388
0x47f18 T 0xb388
0x54277878 N 0x5427787c
0x54277878 N 0x5427787c
0x8cc BTB index out of boundsN 0x0
0x40798 N 0x4079c
0x40798 N 0x4079c
0x47f18 N 0x47f1c
0x39547b0 N 0x39547b4
0x40798 N 0x4079c
0x915abc BTB index out of boundsN 0x0
0x54277878 N 0x5427787c
0x47f18 N 0x47f1c
0x915abc BTB index out of boundsN 0x0
0x40798 N 0x4079c
0x915abc BTB index out of boundsN 0x0
0x39547b0 N 0x39547b4
0x3dc BTB index out of boundsN 0x0
0x39547b0 T 0xab5c9168
0x54277878 N 0x5427787c
0x3dc BTB index out of boundsN 0x0
0x915abc BTB index out of boundsN 0x0
0x54277878 T 0x123c
0x3dc BTB index out of boundsN 0x0
0x47f18 N 0x47f1c
0x915abc BTB index out of boundsN 0x0
0x8cc BTB index out of boundsN 0x0
0x3dc BTB index out of boundsN 0x0
0x915abc BTB index out of boundsN 0x0
0x3dc BTB index out of boundsN 0x0
0x47f18 N 0x47f1c
0x8cc BTB index out of boundsN 0x0
0x40798 N 0x4079c
0x47f18 N 0x47f1c
0x915abc BTB index out of boundsN 0x0
0x54277878 N 0x5427787c
0x40798 N 0x4079c
0x47f18 N 0x47f1c
0x47f18 N 0x47f1c
0x39547b0 N 0x39547b4
0x40798 N 0x4079c
0x3dc BTB index out of boundsN 0x0
0x3dc BTB index out of boundsN 0x0
0x54277878 N 0x5427787c
0x915abc BTB index out of boundsN 0x0
0x39547b0 N 0x39547b4
0x39547b0 N 0x39547b4
0x39547b0 T 0xab5c9168
0x3dc BTB index out of boundsN 0x0
0x40798 N 0x4079c
0x915abc BTB index out of boundsN 0x0
0x47f18 N 0x47f1c
0x47f18 N 0x47f1c
0x40798 N 0x4079c
0x915abc BTB index out of boundsN 0x0
0x40798 T 0xd7e7ac
0x47f18 N 0x47f1c
0x54277878 N 0x5427787c
0x47f18 N 0x47f1c
0x47f18 N 0x47f1c
0x3dc BTB index out of boundsN 0x0
0x40798 N 0x4079c
0x8cc BTB index out of boundsN 0x0
0x40798 T 0xd7e7ac
0x3dc BTB index out of boundsN 0x0
0x54277878 N 0x5427787c
0x40798 N 0x4079c
0x40798 T 0xd7e7ac
0x3dc BTB index out of boundsN 0x0
0x8cc BTB index out of boundsN 0x0
0x3dc BTB index out of boundsN 0x0
0x54277878 N 0x5427787c
0x39547b0 N 0x39547b4
0x915abc BTB index out of boundsN 0x0
0x47f18 N 0x47f1c
0x54277878 N 0x5427787c
0x915abc BTB index out of boundsN 0x0
0x47f18 N 0x47f1c
0x8cc BTB index out of boundsN 0x0
0x54277878 N 0x5427787c
0x8cc BTB index out of boundsN 0x0
0x54277878 N 0x5427787c
0x39547b0 N 0x39547b4
0x915abc BTB index out of boundsN 0x0
0x47f18 N 0x47f1c
0x3dc BTB index out of boundsN 0x0
0x39547b0 N 0x39547b4
0x40798 N 0x4079c
0x40798 T 0xd7e7ac
0x40798 T 0xd7e7ac
0x8cc BTB index out of boundsN 0x0
0x54277878 N 0x5427787c
0x39547b0 N 0x39547b4
0x54277878 N 0x5427787c
0x40798 N 0x4079c
0x47f18 N 0x47f1c
0x47f18 N 0x47f1c
0x8cc BTB index out of boundsN 0x0
0x39547b0 N 0x39547b4
0x40798 N 0x4079c
0x915abc BTB index out of boundsN 0x0
0x3dc BTB index out of boundsN 0x0
0x915abc BTB index out of boundsN 0x0
0x39547b0 N 0x39547b4
0x915abc BTB index out of boundsN 0x0
0x915abc BTB index out of boundsN 0x0
0x915abc BTB index out of boundsN 0x0
0x40798 N 0x4079c
0x39547b0 N 0x39547b4
0x915abc BTB index out of boundsN 0x0
0x54277878 N 0x5427787c
0x54277878 N 0x5427787c
0x3dc BTB index out of boundsN 0x0
0x40798 N 0x4079c
0x39547b0 N 0x39547b4
0x8cc BTB index out of boundsN 0x0
0x47f18 N 0x47f1c
0x40798 N 0x4079c
0x39547b0 N 0x39547b4
0x40798 N 0x4079c
0x47f18 N 0x47f1c
0x40798 N 0x4079c
0x915abc BTB index out of boundsN 0x0
0x40798 T 0xd7e7ac
0x54277878 N 0x5427787c
0x40798 N 0x4079c
0x40798 T 0xd7e7ac
0x54277878 N 0x5427787c
0x8cc BTB index out of boundsN 0x0
0x39547b0 N 0x39547b4
0x40798 N 0x4079c
0x915abc BTB index out of boundsN 0x0
0x54277878 N 0x5427787c
0x39547b0 N 0x39547b4
0x40798 N 0x4079c
0x915abc BTB index out of boundsN 0x0
0x39547b0 N 0x39547b4
0x47f18 N 0x47f1c
0x54277878 N 0x5427787c
0x915abc BTB index out of boundsN 0x0
0x3dc BTB index out of boundsN 0x0
0x8cc BTB index out of boundsN 0x0
0x8cc BTB index out of boundsN 0x0
0x54277878 N 0x5427787c
0x40798 N 0x4079c
0x8cc BTB index out of boundsN 0x0
0x8cc BTB index out of boundsN 0x0
0x3dc BTB index out of boundsN 0x0
0x40798 N 0x4079c
0x40798 T 0xd7e7ac
0x3dc BTB index out of boundsN 0x0
0x47f18 N 0x47f1c
0x54277878 N 0x5427787c
0x54277878 T 0x123c
0x47f18 N 0x47f1c
0x915abc BTB index out of boundsN 0x0
0x39547b0 N 0x39547b4
0x8cc BTB index out of boundsN 0x0
0x915abc BTB index out of boundsN 0x0
0x39547b0 T 0xab5c9168
0x40798 N 0x4079c
0x915abc BTB index out of boundsN 0x0
0x3dc BTB index out of boundsN 0x0
0x40798 T 0xd7e7ac
0x40798 T 0xd7e7ac
0x39547b0 N 0x39547b4
0x915abc BTB index out of boundsN 0x0
0x40798 N 0x4079c
0x3dc BTB index out of boundsN 0x0
0x8cc BTB index out of boundsN 0x0
0x3dc BTB index out of boundsN 0x0
0x8cc BTB index out of boundsN 0x0
0x915abc BTB index out of boundsN 0x0
0x47f18 N 0x47f1c
0x54277878 N 0x5427787c
0x39547b0 N 0x39547b4
0x54277878 N 0x5427787c
0x39547b0 N 0x39547b4
0x8cc BTB index out of boundsN 0x0
0x915abc BTB index out of boundsN 0x0
0x54277878 N 0x5427787c
0x39547b0 N 0x39547b4
0x47f18 N 0x47f1c
0x40798 N 0x4079c
0x915abc BTB index out of boundsN 0x0
0x54277878 N 0x5427787c
0x40798 N 0x4079c
0x8cc BTB index out of boundsN 0x0
0x47f18 N 0x47f1c
0x39547b0 N 0x39547b4
0x54277878 N 0x5427787c
0x3dc BTB index out of boundsN 0x0
0x47f18 N 0x47f1c
0x40798 N 0x4079c
0x3dc BTB index out of boundsN 0x0
0x8cc BTB index out of boundsN 0x0
0x3dc BTB index out of boundsN 0x0
0x40798 N 0x4079c
0x915abc BTB index out of boundsN 0x0
0x40798 T 0xd7e7ac
0x8cc BTB index out of boundsN 0x0
0x47f18 N 0x47f1c
0x39547b0 N 0x39547b4
0x39547b0 T 0xab5c9168
0x915abc BTB index out of boundsN 0x0
0x47f18 N 0x47f1c
0x8cc BTB index out of boundsN 0x0
0x40798 N 0x4079c
0x47f18 N 0x47f1c
0x39547b0 N 0x39547b4
0x3dc BTB index out of boundsN 0x0
0x8cc BTB index out of boundsN 0x0
0x47f18 N 0x47f1c
0x3dc BTB index out of boundsN 0x0
0x915abc BTB index out of boundsN 0x0
0x3dc BTB index out of boundsN 0x0
0x915abc BTB index out of boundsN 0x0
0x8cc BTB index out of boundsN 0x0
0x915abc BTB index out of boundsN 0x0
0x3dc BTB index out of boundsN 0x0
0x3dc BTB index out of boundsN 0x0
0x3dc BTB index out of boundsN 0x0
0x8cc BTB index out of boundsN 0x0
0x3dc BTB index out of boundsN 0x0
0x40798 N 0x4079c
0x40798 T 0xd7e7ac
0x3dc BTB index out of boundsN 0x0
0x8cc BTB index out of boundsN 0x0
0x47f18 N 0x47f1c
0x915abc BTB index out of boundsN 0x0
0x8cc BTB index out of boundsN 0x0
0x47f18 N 0x47f1c
0x39547b0 N 0x39547b4
0x47f18 N 0x47f1c
0x47f18 T 0xb388
0x915abc BTB index out of boundsN 0x0
0x8cc BTB index out of boundsN 0x0
0x39547b0 N 0x39547b4
0x47f18 N 0x47f1c
0x40798 N 0x4079c
0x39547b0 N 0x39547b4
0x40798 N 0x4079c
0x47f18 N 0x47f1c
0x3dc BTB index out of boundsN 0x0
0x47f18 N 0x47f1c
0x54277878 N 0x5427787c
0x54277878 N 0x5427787c
0x915abc BTB index out of boundsN 0x0
0x3dc BTB index out of boundsN 0x0
0x54277878 N 0x5427787c
0x915abc BTB index out of boundsN 0x0
0x39547b0 N 0x39547b4
0x3dc BTB index out of boundsN 0x0
0x47f18 N 0x47f1c
0x8cc BTB index out of boundsN 0x0
0x39547b0 N 0x39547b4
0x915abc BTB index out of boundsN 0x0
0x54277878 N 0x5427787c
0x40798 N 0x4079c
0x47f18 N 0x47f1c
0x40798 N 0x4079c
0x47f18 N 0x47f1c
0x8cc BTB index out of boundsN 0x0
0x8cc BTB index out of boundsN 0x0
0x47f18 N 0x47f1c
0x915abc BTB index out of boundsN 0x0
0x47f18 N 0x47f1c
0x915abc BTB index out of boundsN 0x0
0x54277878 N 0x5427787c
0x39547b0 N 0x39547b4
0x40798 N 0x4079c
0x47f18 N 0x47f1c
0x54277878 N 0x5427787c
0x47f18 N 0x47f1c
0x40798 N 0x4079c
0x3dc BTB index out of boundsN 0x0
0x8cc BTB index out of boundsN 0x0
0x47f18 N 0x47f1c
0x54277878 N 0x5427787c
0x39547b0 N 0x39547b4
0x54277878 N 0x5427787c
0x3dc BTB index out of boundsN 0x0
0x40798 N 0x4079c
0x3dc BTB index out of boundsN 0x0
0x47f18 N 0x47f1c
0x3dc BTB index out of boundsN 0x0
0x915abc BTB index out of boundsN 0x0
0x39547b0 N 0x39547b4
0x40798 N 0x4079c
0x47f18 N 0x47f1c
0x915abc BTB index out of boundsN 0x0
0x47f18 T 0xb388
0x39547b0 N 0x39547b4
0x47f18 N 0x47f1c
0x3dc BTB index out of boundsN 0x0
0x40798 N 0x4079c
0x40798 N 0x4079c
0x3dc BTB index out of boundsN 0x0
0x47f18 N 0x47f1c
0x915abc BTB index out of boundsN 0x0
0x47f18 T 0xb388
0x47f18 T 0xb388
0x54277878 N 0x5427787c
0x47f18 N 0x47f1c
0x915abc BTB index out of boundsN 0x0
0x39547b0 N 0x39547b4
0x40798 N 0x4079c
0x8cc BTB index out of boundsN 0x0
0x915abc BTB index out of boundsN 0x0
0x40798 N 0x4079c
0x8cc BTB index out of boundsN 0x0
0x54277878 N 0x5427787c
0x54277878 T 0x123c
0x40798 N 0x4079c
0x39547b0 N 0x39547b4
0x47f18 N 0x47f1c
0x39547b0 N 0x39547b4
0x915abc BTB index out of boundsN 0x0
0x47f18 N 0x47f1c
0x47f18 T 0xb388
0x915abc BTB index out of boundsN 0x0
0x54277878 N 0x5427787c
0x8cc BTB index out of boundsN 0x0
0x915abc BTB index out of boundsN 0x0
0x915abc BTB index out of boundsN 0x0
0x47f18 N 0x47f1c
0x3dc BTB index out of boundsN 0x0
0x8cc BTB index out of boundsN 0x0
0x3dc BTB index out of boundsN 0x0
0x3dc BTB index out of boundsN 0x0
0x8cc BTB index out of boundsN 0x0
0x54277878 N 0x5427787c
0x3dc BTB index out of boundsN 0x0
0x3dc BTB index out of boundsN 0x0
0x39547b0 N 0x39547b4
0x915abc BTB index out of boundsN 0x0
0x915abc BTB index out of boundsN 0x0
0x47f18 N 0x47f1c
0x915abc BTB index out of boundsN 0x0
0x47f18 N 0x47f1c
0x3dc BTB index out of boundsN 0x0
0x47f18 N 0x47f1c
0x39547b0 N 0x39547b4
0x39547b0 T 0xab5c9168
0x54277878 N 0x5427787c
0x915abc BTB index out of boundsN 0x0
0x47f18 N 0x47f1c
0x54277878 N 0x5427787c
0x40798 N 0x4079c
0x39547b0 N 0x39547b4
0x40798 N 0x4079c
0x3dc BTB index out of boundsN 0x0
0x54277878 N 0x5427787c
0x915abc BTB index out of boundsN 0x0
0x915abc BTB index out of boundsN 0x0
0x47f18 N 0x47f1c
0x39547b0 N 0x39547b4
0x39547b0 T 0xab5c9168
0x8cc BTB index out of boundsN 0x0
0x3dc BTB index out of boundsN 0x0
0x39547b0 T 0xab5c9168
0x40798 N 0x4079c
0x54277878 N 0x5427787c
0x8cc BTB index out of boundsN 0x0
0x8cc BTB index out of boundsN 0x0
0x915abc BTB index out of boundsN 0x0
0x3dc BTB index out of boundsN 0x0
0x39547b0 N 0x39547b4
0x8cc BTB index out of boundsN 0x0
0x3dc BTB index out of boundsN 0x0
0x40798 N 0x4079c
0x3dc BTB index out of boundsN 0x0
0x54277878 N 0x5427787c
0x40798 N 0x4079c
0x8cc BTB index out of boundsN 0x0
0x40798 N 0x4079c
0x39547b0 N 0x39547b4
0x3dc BTB index out of boundsN 0x0
0x39547b0 N 0x39547b4
0x8cc BTB index out of boundsN 0x0
0x39547b0 T 0xab5c9168
0x3dc BTB index out of boundsN 0x0
0x40798 N 0x4079c
0x8cc BTB index out of boundsN 0x0
0x47f18 N 0x47f1c
0x39547b0 N 0x39547b4
0x8cc BTB index out of boundsN 0x0
0x54277878 N 0x5427787c
0x47f18 N 0x47f1c
0x39547b0 N 0x39547b4
0x40798 N 0x4079c
0x39547b0 N 0x39547b4
0x39547b0 T 0xab5c9168
0x8cc BTB index out of boundsN 0x0
0x915abc BTB index out of boundsN 0x0
0x39547b0 T 0xab5c9168
0x47f18 N 0x47f1c
0x3dc BTB index out of boundsN 0x0
0x3dc BTB index out of boundsN 0x0
0x40798 N 0x4079c
0x39547b0 N 0x39547b4
0x8cc BTB index out of boundsN 0x0
0x47f18 N 0x47f1c
0x8cc BTB index out of boundsN 0x0
0x8cc BTB index out of boundsN 0x0
0x8cc BTB index out of boundsN 0x0
0x3dc BTB index out of boundsN 0x0
0x39547b0 N 0x39547b4
0x8cc BTB index out of boundsN 0x0
0x54277878 N 0x5427787c
0x8cc BTB index out of boundsN 0x0
0x915abc BTB index out of boundsN 0x0
0x8cc BTB index out of boundsN 0x0
0x39547b0 N 0x39547b4
0x47f18 N 0x47f1c
0x40798 N 0x4079c
0x915abc BTB index out of boundsN 0x0
0x47f18 N 0x47f1c
0x47f18 T 0xb388
0x8cc BTB index out of boundsN 0x0
0x40798 N 0x4079c
0x40798 T 0xd7e7ac
0x3dc BTB index out of boundsN 0x0
0x47f18 N 0x47f1c
0x54277878 N 0x5427787c
0x47f18 N 0x47f1c
0x40798 N 0x4079c
0x40798 T 0xd7e7ac
0x54277878 N 0x5427787c
0x915abc BTB index out of boundsN 0x0
0x8cc BTB index out of boundsN 0x0
0x40798 N 0x4079c
0x40798 T 0xd7e7ac
0x54277878 N 0x5427787c
0x3dc BTB index out of boundsN 0x0
0x8cc BTB index out of boundsN 0x0
0x54277878 N 0x5427787c
0x3dc BTB index out of boundsN 0x0
0x47f18 N 0x47f1c
0x39547b0 N 0x39547b4
0x39547b0 T 0xab5c9168
0x40798 N 0x4079c
0x47f18 N 0x47f1c
0x8cc BTB index out of boundsN 0x0
0x47f18 N 0x47f1c
0x8cc BTB index out of boundsN 0x0
0x40798 N 0x4079c
0x39547b0 N 0x39547b4
0x8cc BTB index out of boundsN 0x0
0x915abc BTB index out of boundsN 0x0
0x39547b0 N 0x39547b4
0x40798 N 0x4079c
0x40798 T 0xd7e7ac
0x54277878 N 0x5427787c
0x47f18 N 0x47f1c
0x47f18 N 0x47f1c
0x915abc BTB index out of boundsN 0x0
0x3dc BTB index out of boundsN 0x0
0x3dc BTB index out of boundsN 0x0
0x54277878 N 0x5427787c
0x54277878 N 0x5427787c
0x8cc BTB index out of boundsN 0x0
0x915abc BTB index out of boundsN 0x0
0x40798 N 0x4079c
0x54277878 N 0x5427787c
0x3dc BTB index out of boundsN 0x0
0x54277878 N 0x5427787c
0x39547b0 N 0x39547b4
0x39547b0 T 0xab5c9168
0x40798 N 0x4079c
0x8cc BTB index out of boundsN 0x0
0x47f18 N 0x47f1c
0x915abc BTB index out of boundsN 0x0
0x915abc BTB index out of boundsN 0x0
0x40798 N 0x4079c
0x39547b0 N 0x39547b4
0x39547b0 N 0x39547b4
0x39547b0 N 0x39547b4
0x3dc BTB index out of boundsN 0x0
0x47f18 N 0x47f1c
0x54277878 N 0x5427787c
0x54277878 N 0x5427787c
0x54277878 T 0x123c
0x40798 N 0x4079c
0x3dc BTB index out of boundsN 0x0
0x915abc BTB index out of boundsN 0x0
0x915abc BTB index out of boundsN 0x0
0x3dc BTB index out of boundsN 0x0
0x47f18 N 0x47f1c
0x8cc BTB index out of boundsN 0x0
0x8cc BTB index out of boundsN 0x0
0x40798 N 0x4079c
0x40798 T 0xd7e7ac
0x39547b0 N 0x39547b4
0x54277878 N 0x5427787c
0x915abc BTB index out of boundsN 0x0
0x47f18 N 0x47f1c
0x8cc BTB index out of boundsN 0x0
0x40798 N 0x4079c
0x40798 T 0xd7e7ac
0x40798 T 0xd7e7ac
0x915abc BTB index out of boundsN 0x0
0x8cc BTB index out of boundsN 0x0
0x54277878 N 0x5427787c
0x915abc BTB index out of boundsN 0x0
0x3dc BTB index out of boundsN 0x0
0x47f18 N 0x47f1c
0x54277878 N 0x5427787c
0x39547b0 N 0x39547b4
0x915abc BTB index out of boundsN 0x0
0x8cc BTB index out of boundsN 0x0
0x39547b0 T 0xab5c9168
0x47f18 N 0x47f1c
0x40798 N 0x4079c
0x47f18 N 0x47f1c
0x3dc BTB index out of boundsN 0x0
0x3dc BTB index out of boundsN 0x0
0x8cc BTB index out of boundsN 0x0
0x915abc BTB index out of boundsN 0x0
0x47f18 T 0xb388
0x8cc BTB index out of boundsN 0x0
0x40798 N 0x4079c
0x3dc BTB index out of boundsN 0x0
0x915abc BTB index out of boundsN 0x0
0x40798 N 0x4079c
0x8cc BTB index out of boundsN 0x0
0x54277878 N 0x5427787c
0x8cc BTB index out of boundsN 0x0
0x47f18 N 0x47f1c
0x915abc BTB index out of boundsN 0x0
0x3dc BTB index out of boundsN 0x0
0x915abc BTB index out of boundsN 0x0
0x40798 N 0x4079c
0x915abc BTB index out of boundsN 0x0
0x3dc BTB index out of boundsN 0x0
0x8cc BTB index out of boundsN 0x0
0x54277878 N 0x5427787c
0x3dc BTB index out of boundsN 0x0
0x39547b0 N 0x39547b4
0x8cc BTB index out of boundsN 0x0
0x47f18 N 0x47f1c
0x39547b0 N 0x39547b4
0x3dc BTB index out of boundsN 0x0
0x8cc BTB index out of boundsN 0x0
0x47f18 N 0x47f1c
0x47f18 T 0xb388
0x47f18 T 0xb388
0x3dc BTB index out of boundsN 0x0
0x40798 N 0x4079c
0x47f18 N 0x47f1c
0x8cc BTB index out of boundsN 0x0
0x915abc BTB index out of boundsN 0x0
0x40798 N 0x4079c
0x54277878 N 0x5427787c
0x915abc BTB index out of boundsN 0x0
0x915abc BTB index out of boundsN 0x0
0x40798 N 0x4079c
0x3dc BTB index out of boundsN 0x0
0x54277878 N 0x5427787c
0x3dc BTB index out of boundsN 0x0
0x39547b0 N 0x39547b4
0x915abc BTB index out of boundsN 0x0
0x40798 N 0x4079c
0x47f18 N 0x47f1c
0x915abc BTB index out of boundsN 0x0
0x47f18 N 0x47f1c
0x39547b0 N 0x39547b4
0x40798 N 0x4079c
0x3dc BTB index out of boundsN 0x0
0x54277878 N 0x5427787c
0x8cc BTB index out of boundsN 0x0
0x54277878 N 0x5427787c
0x54277878 N 0x5427787c
0x3dc BTB index out of boundsN 0x0
0x54277878 N 0x5427787c
0x3dc BTB index out of boundsN 0x0
0x39547b0 N 0x39547b4
0x54277878 N 0x5427787c
0x54277878 T 0x123c
0x54277878 T 0x123c
0x47f18 N 0x47f1c
0x8cc BTB index out of boundsN 0x0
0x47f18 T 0xb388
0x8cc BTB index out of boundsN 0x0
0x3dc BTB index out of boundsN 0x0
0x54277878 N 0x5427787c
0x47f18 N 0x47f1c
0x39547b0 N 0x39547b4
0x54277878 N 0x5427787c
0x8cc BTB index out of boundsN 0x0
0x39547b0 N 0x39547b4
0x40798 N 0x4079c
0x8cc BTB index out of boundsN 0x0
0x39547b0 N 0x39547b4
0x915abc BTB index out of boundsN 0x0
0x54277878 N 0x5427787c
0x915abc BTB index out of boundsN 0x0
0x8cc BTB index out of boundsN 0x0
0x8cc BTB index out of boundsN 0x0
0x915abc BTB index out of boundsN 0x0
0x40798 N 0x4079c
0x54277878 N 0x5427787c
0x47f18 N 0x47f1c
0x39547b0 N 0x39547b4
0x40798 N 0x4079c
0x39547b0 N 0x39547b4
0x40798 N 0x4079c
0x40798 T 0xd7e7ac
0x3dc BTB index out of boundsN 0x0
0x8cc BTB index out of boundsN 0x0
0x39547b0 N 0x39547b4
0x3dc BTB index out of boundsN 0x0
0x8cc BTB index out of boundsN 0x0
0x8cc BTB index out of boundsN 0x0
0x8cc BTB index out of boundsN 0x0
0x8cc BTB index out of boundsN 0x0
0x40798 N 0x4079c
0x915abc BTB index out of boundsN 0x0
0x915abc BTB index out of boundsN 0x0
0x915abc BTB index out of boundsN 0x0
0x39547b0 N 0x39547b4
0x54277878 N 0x5427787c
0x39547b0 N 0x39547b4
0x54277878 N 0x5427787c
0x915abc BTB index out of boundsN 0x0
0x39547b0 N 0x39547b4
0x39547b0 N 0x39547b4
0x915abc BTB index out of boundsN 0x0
0x47f18 N 0x47f1c
0x3dc BTB index out of boundsN 0x0
0x54277878 N 0x5427787c
0x8cc BTB index out of boundsN 0x0
0x54277878 N 0x5427787c
0x8cc BTB index out of boundsN 0x0
0x3dc BTB index out of boundsN 0x0
0x40798 N 0x4079c
0x8cc BTB index out of boundsN 0x0
0x47f18 N 0x47f1c
0x915abc BTB index out of boundsN 0x0
0x39547b0 N 0x39547b4
0x3dc BTB index out of boundsN 0x0
0x40798 N 0x4079c
0x40798 T 0xd7e7ac
0x54277878 N 0x5427787c
0x3dc BTB index out of boundsN 0x0
0x54277878 T 0x123c
0x54277878 T 0x123c
0x8cc BTB index out of boundsN 0x0
0x8cc BTB index out of boundsN 0x0
0x3dc BTB index out of boundsN 0x0
0x8cc BTB index out of boundsN 0x0
0x8cc BTB index out of boundsN 0x0
0x8cc BTB index out of boundsN 0x0
0x8cc BTB index out of boundsN 0x0
0x8cc BTB index out of boundsN 0x0
0x915abc BTB index out of boundsN 0x0
0x39547b0 N 0x39547b4
0x47f18 N 0x47f1c
0x47f18 T 0xb388
0x8cc BTB index out of boundsN 0x0
0x40798 N 0x4079c
0x915abc BTB index out of boundsN 0x0
0x47f18 N 0x47f1c
0x40798 N 0x4079c
0x915abc BTB index out of boundsN 0x0
0x3dc BTB index out of boundsN 0x0
0x40798 T 0xd7e7ac
0x3dc BTB index out of boundsN 0x0
0x40798 T 0xd7e7ac
0x47f18 N 0x47f1c
0x47f18 N 0x47f1c
0x915abc BTB index out of boundsN 0x0
0x54277878 N 0x5427787c
0x54277878 T 0x123c
0x39547b0 N 0x39547b4
0x47f18 N 0x47f1c
0x54277878 N 0x5427787c
0x8cc BTB index out of boundsN 0x0
0x40798 N 0x4079c
0x54277878 N 0x5427787c
0x8cc BTB index out of boundsN 0x0
0x8cc BTB index out of boundsN 0x0
0x40798 N 0x4079c
0x40798 T 0xd7e7ac
0x39547b0 N 0x39547b4
0x47f18 N 0x47f1c
0x915abc BTB index out of boundsN 0x0
0x915abc BTB index out of boundsN 0x0
0x40798 N 0x4079c
0x54277878 N 0x5427787c
0x39547b0 N 0x39547b4
0x8cc BTB index out of boundsN 0x0
0x39547b0 T 0xab5c9168
0x40798 N 0x4079c
0x8cc BTB index out of boundsN 0x0
0x8cc BTB index out of boundsN 0x0
0x54277878 N 0x5427787c
0x8cc BTB index out of boundsN 0x0
0x8cc BTB index out of boundsN 0x0
0x3dc BTB index out of boundsN 0x0
0x54277878 T 0x123c
0x54277878 T 0x123c
0x8cc BTB index out of boundsN 0x0
0x3dc BTB index out of boundsN 0x0
0x47f18 N 0x47f1c
0x54277878 N 0x5427787c
0x915abc BTB index out of boundsN 0x0
0x3dc BTB index out of boundsN 0x0
0x915abc BTB index out of boundsN 0x0
0x40798 N 0x4079c
0x39547b0 N 0x39547b4
0x915abc BTB index out of boundsN 0x0
0x40798 N 0x4079c
0x39547b0 N 0x39547b4
0x54277878 N 0x5427787c
0x54277878 N 0x5427787c
0x3dc BTB index out of boundsN 0x0
0x40798 N 0x4079c
0x3dc BTB index out of boundsN 0x0
0x915abc BTB index out of boundsN 0x0
0x39547b0 N 0x39547b4
0x3dc BTB index out of boundsN 0x0
0x3dc BTB index out of boundsN 0x0
0x47f18 N 0x47f1c
0x3dc BTB index out of boundsN 0x0
0x54277878 N 0x5427787c
0x3dc BTB index out of boundsN 0x0
0x8cc BTB index out of boundsN 0x0
0x40798 N 0x4079c
0x54277878 N 0x5427787c
0x39547b0 N 0x39547b4
0x39547b0 N 0x39547b4
0x915abc BTB index out of boundsN 0x0
0x8cc BTB index out of boundsN 0x0
0x54277878 N 0x5427787c
0x54277878 N 0x5427787c
0x915abc BTB index out of boundsN 0x0
0x40798 N 0x4079c
0x39547b0 N 0x39547b4
0x8cc BTB index out of boundsN 0x0
0x47f18 N 0x47f1c
0x39547b0 N 0x39547b4
0x8cc BTB index out of boundsN 0x0
0x39547b0 N 0x39547b4
0x39547b0 N 0x39547b4
0x54277878 N 0x5427787c
0x40798 N 0x4079c
0x3dc BTB index out of boundsN 0x0
0x47f18 N 0x47f1c
0x8cc BTB index out of boundsN 0x0
0x40798 N 0x4079c
0x47f18 N 0x47f1c
0x47f18 N 0x47f1c
0x40798 N 0x4079c
0x3dc BTB index out of boundsN 0x0
0x3dc BTB index out of boundsN 0x0
0x915abc BTB index out of boundsN 0x0
0x8cc BTB index out of boundsN 0x0
0x915abc BTB index out of boundsN 0x0
0x40798 N 0x4079c
0x3dc BTB index out of boundsN 0x0
0x39547b0 N 0x39547b4
0x54277878 N 0x5427787c
0x47f18 N 0x47f1c
0x8cc BTB index out of boundsN 0x0
0x3dc BTB index out of boundsN 0x0
0x39547b0 N 0x39547b4
0x54277878 N 0x5427787c
0x54277878 T 0x123c
0x915abc BTB index out of boundsN 0x0
0x8cc BTB index out of boundsN 0x0
0x8cc BTB index out of boundsN 0x0
0x54277878 T 0x123c
0x8cc BTB index out of boundsN 0x0
0x3dc BTB index out of boundsN 0x0
0x54277878 T 0x123c
0x915abc BTB index out of boundsN 0x0
0x54277878 T 0x123c
0x915abc BTB index out of boundsN 0x0
0x3dc BTB index out of boundsN 0x0
0x54277878 T 0x123c
0x47f18 N 0x47f1c
0x47f18 N 0x47f1c
0x54277878 N 0x5427787c
0x54277878 N 0x5427787c
0x39547b0 N 0x39547b4
0x40798 N 0x4079c
0x40798 N 0x4079c
0x40798 T 0xd7e7ac
0x47f18 N 0x47f1c
0x39547b0 N 0x39547b4
0x40798 N 0x4079c
0x54277878 N 0x5427787c
0x39547b0 N 0x39547b4
0x915abc BTB index out of boundsN 0x0
0x54277878 N 0x5427787c
0x39547b0 N 0x39547b4
0x40798 N 0x4079c
0x40798 N 0x4079c
0x39547b0 N 0x39547b4
0x39547b0 T 0xab5c9168
0x54277878 N 0x5427787c
0x54277878 N 0x5427787c
0x40798 N 0x4079c
0x3dc BTB index out of boundsN 0x0
0x40798 T 0xd7e7ac
0x54277878 N 0x5427787c
0x40798 N 0x4079c
0x8cc BTB index out of boundsN 0x0
0x47f18 N 0x47f1c
0x39547b0 N 0x39547b4
0x8cc BTB index out of boundsN 0x0
0x3dc BTB index out of boundsN 0x0
0x3dc BTB index out of boundsN 0x0
0x915abc BTB index out of boundsN 0x0
0x47f18 N 0x47f1c
0x40798 N 0x4079c
0x54277878 N 0x5427787c
0x54277878 T 0x123c
0x47f18 N 0x47f1c
0x8cc BTB index out of boundsN 0x0
0x47f18 N 0x47f1c
0x3dc BTB index out of boundsN 0x0
0x54277878 N 0x5427787c
0x915abc BTB index out of boundsN 0x0
0x915abc BTB index out of boundsN 0x0
0x39547b0 N 0x39547b4
0x8cc BTB index out of boundsN 0x0
0x40798 N 0x4079c
0x3dc BTB index out of boundsN 0x0
0x47f18 N 0x47f1c
0x915abc BTB index out of boundsN 0x0
0x3dc BTB index out of boundsN 0x0
0x40798 N 0x4079c
0x40798 N 0x4079c
0x54277878 N 0x5427787c
0x40798 N 0x4079c
0x54277878 N 0x5427787c
0x3dc BTB index out of boundsN 0x0
0x3dc BTB index out of boundsN 0x0
0x3dc BTB index out of boundsN 0x0
0x3dc BTB index out of boundsN 0x0
0x40798 N 0x4079c
0x40798 T 0xd7e7ac
0x3dc BTB index out of boundsN 0x0
0x39547b0 N 0x39547b4
0x3dc BTB index out of boundsN 0x0
0x54277878 N 0x5427787c
0x47f18 N 0x47f1c
0x47f18 N 0x47f1c
0x54277878 N 0x5427787c
0x47f18 N 0x47f1c
0x40798 N 0x4079c
0x47f18 N 0x47f1c
0x3dc BTB index out of boundsN 0x0
0x915abc BTB index out of boundsN 0x0
0x3dc BTB index out of boundsN 0x0
0x3dc BTB index out of boundsN 0x0
0x3dc BTB index out of boundsN 0x0
0x47f18 T 0xb388
0x3dc BTB index out of boundsN 0x0
0x47f18 T 0xb388
0x54277878 N 0x5427787c
0x47f18 N 0x47f1c
0x54277878 N 0x5427787c
0x47f18 N 0x47f1c
0x47f18 N 0x47f1c
0x47f18 T 0xb388
0x47f18 T 0xb388
0x915abc BTB index out of boundsN 0x0
0x3dc BTB index out of boundsN 0x0
0x54277878 N 0x5427787c
0x47f18 N 0x47f1c
0x40798 N 0x4079c
0x40798 T 0xd7e7ac
0x39547b0 N 0x39547b4
0x47f18 N 0x47f1c
0x47f18 T 0xb388
0x8cc BTB index out of boundsN 0x0
0x915abc BTB index out of boundsN 0x0
0x54277878 N 0x5427787c
0x3dc BTB index out of boundsN 0x0
0x54277878 T 0x123c
0x40798 N 0x4079c
0x40798 N 0x4079c
0x54277878 N 0x5427787c
0x40798 N 0x4079c
0x3dc BTB index out of boundsN 0x0
0x8cc BTB index out of boundsN 0x0
0x40798 N 0x4079c
0x39547b0 N 0x39547b4
0x40798 N 0x4079c
0x915abc BTB index out of boundsN 0x0
0x3dc BTB index out of boundsN 0x0
0x8cc BTB index out of boundsN 0x0
0x3dc BTB index out of boundsN 0x0
0x47f18 N 0x47f1c
0x47f18 N 0x47f1c
0x39547b0 N 0x39547b4
0x47f18 N 0x47f1c
0x915abc BTB index out of boundsN 0x0
0x3dc BTB index out of boundsN 0x0
0x39547b0 N 0x39547b4
0x3dc BTB index out of boundsN 0x0
0x40798 N 0x4079c
0x40798 T 0xd7e7ac
0x39547b0 N 0x39547b4
0x47f18 N 0x47f1c
0x8cc BTB index out of boundsN 0x0
0x8cc BTB index out of boundsN 0x0
0x54277878 N 0x5427787c
0x8cc BTB index out of boundsN 0x0
0x54277878 T 0x123c
0x915abc BTB index out of boundsN 0x0
0x47f18 N 0x47f1c
0x40798 N 0x4079c
0x3dc BTB index out of boundsN 0x0
0x915abc BTB index out of boundsN 0x0
0x47f18 N 0x47f1c
0x39547b0 N 0x39547b4
0x54277878 N 0x5427787c
0x39547b0 N 0x39547b4
0x40798 N 0x4079c
0x8cc BTB index out of boundsN 0x0
0x8cc BTB index out of boundsN 0x0
0x54277878 N 0x5427787c
0x40798 N 0x4079c
0x39547b0 N 0x39547b4
0x915abc BTB index out of boundsN 0x0
0x8cc BTB index out of boundsN 0x0
0x8cc BTB index out of boundsN 0x0
0x39547b0 T 0xab5c9168
0x39547b0 T 0xab5c9168
0x8cc BTB index out of boundsN 0x0
0x39547b0 T 0xab5c9168
0x47f18 N 0x47f1c
0x8cc BTB index out of boundsN 0x0
0x915abc BTB index out of boundsN 0x0
0x8cc BTB index out of boundsN 0x0
0x3dc BTB index out of boundsN 0x0
0x3dc BTB index out of boundsN 0x0
0x54277878 N 0x5427787c
0x47f18 N 0x47f1c
0x39547b0 N 0x39547b4
0x8cc BTB index out of boundsN 0x0
0x54277878 N 0x5427787c
0x915abc BTB index out of boundsN 0x0
0x39547b0 N 0x39547b4
0x47f18 N 0x47f1c
0x47f18 N 0x47f1c
0x8cc BTB index out of boundsN 0x0
0x915abc BTB index out of boundsN 0x0
0x47f18 T 0xb388
0x47f18 T 0xb388
0x40798 N 0x4079c
0x915abc BTB index out of boundsN 0x0
0x54277878 N 0x5427787c
0x39547b0 N 0x39547b4
0x47f18 N 0x47f1c
0x915abc BTB index out of boundsN 0x0
0x40798 N 0x4079c
0x54277878 N 0x5427787c
0x3dc BTB index out of boundsN 0x0
0x915abc BTB index out of boundsN 0x0
0x40798 N 0x4079c
0x47f18 N 0x47f1c
0x3dc BTB index out of boundsN 0x0
0x40798 N 0x4079c
0x39547b0 N 0x39547b4
0x54277878 N 0x5427787c
0x40798 N 0x4079c
0x8cc BTB index out of boundsN 0x0
0x40798 T 0xd7e7ac
0x40798 T 0xd7e7ac
0x3dc BTB index out of boundsN 0x0
0x8cc BTB index out of boundsN 0x0
0x39547b0 N 0x39547b4
0x915abc BTB index out of boundsN 0x0
0x915abc BTB index out of boundsN 0x0
0x3dc BTB index out of boundsN 0x0
0x3dc BTB index out of boundsN 0x0
0x915abc BTB index out of boundsN 0x0
0x54277878 N 0x5427787c
0x8cc BTB index out of boundsN 0x0
0x54277878 N 0x5427787c
0x54277878 T 0x123c
0x915abc BTB index out of boundsN 0x0
0x54277878 T 0x123c
0x3dc BTB index out of boundsN 0x0
0x39547b0 N 0x39547b4
0x915abc BTB index out of boundsN 0x0
0x54277878 N 0x5427787c
0x47f18 N 0x47f1c
0x3dc BTB index out of boundsN 0x0
0x40798 N 0x4079c
0x3dc BTB index out of boundsN 0x0
0x915abc BTB index out of boundsN 0x0
0x3dc BTB index out of boundsN 0x0
0x915abc BTB index out of boundsN 0x0
0x8cc BTB index out of boundsN 0x0
0x8cc BTB index out of boundsN 0x0
0x915abc BTB index out of boundsN 0x0
0x39547b0 N 0x39547b4
0x47f18 N 0x47f1c
0x54277878 N 0x5427787c
0x39547b0 N 0x39547b4
0x39547b0 T 0xab5c9168
0x47f18 N 0x47f1c
0x40798 N 0x4079c
0x8cc BTB index out of boundsN 0x0
0x3dc BTB index out of boundsN 0x0
0x40798 T 0xd7e7ac
0x915abc BTB index out of boundsN 0x0
0x3dc BTB index out of boundsN 0x0
0x54277878 N 0x5427787c
0x915abc BTB index out of boundsN 0x0
0x40798 N 0x4079c
0x40798 N 0x4079c
0x40798 T 0xd7e7ac
0x40798 T 0xd7e7ac
0x40798 T 0xd7e7ac
0x40798 T 0xd7e7ac
0x3dc BTB index out of boundsN 0x0
0x47f18 N 0x47f1c
0x40798 N 0x4079c
0x39547b0 N 0x39547b4
0x915abc BTB index out of boundsN 0x0
0x54277878 N 0x5427787c
0x47f18 N 0x47f1c
0x47f18 T 0xb388
0x8cc BTB index out of boundsN 0x0
0x3dc BTB index out of boundsN 0x0
0x54277878 N 0x5427787c
0x39547b0 N 0x39547b4
0x47f18 N 0x47f1c
0x915abc BTB index out of boundsN 0x0
0x47f18 T 0xb388
0x47f18 T 0xb388
0x3dc BTB index out of boundsN 0x0
0x3dc BTB index out of boundsN 0x0
0x915abc BTB index out of boundsN 0x0
0x3dc BTB index out of boundsN 0x0
0x47f18 T 0xb388
0x40798 N 0x4079c
0x3dc BTB index out of boundsN 0x0
0x40798 N 0x4079c
0x39547b0 N 0x39547b4
0x3dc BTB index out of boundsN 0x0
0x3dc BTB index out of boundsN 0x0
0x8cc BTB index out of boundsN 0x0
0x8cc BTB index out of boundsN 0x0
0x47f18 N 0x47f1c
0x40798 N 0x4079c
0x3dc BTB index out of boundsN 0x0
0x47f18 N 0x47f1c
0x39547b0 N 0x39547b4
