0x6e4c BTB index out of boundsN 0x0
0x18 N 0x1c
0xcab4f390 N 0xcab4f394
0xebcb0 N 0xebcb4
0x18 N 0x1c
0x382c BTB index out of boundsN 0x0
0x6e4c BTB index out of boundsN 0x0
0x6e4c BTB index out of boundsN 0x0
0x382c BTB index out of boundsN 0x0
0xc1c BTB index out of boundsN 0x0
0xc1c BTB index out of boundsN 0x0
0x6e4c BTB index out of boundsN 0x0
0x94263a54 BTB index out of boundsN 0x0
0xebcb0 N 0xebcb4
0x94263a54 BTB index out of boundsN 0x0
0x94263a54 BTB index out of boundsN 0x0
0xebcb0 N 0xebcb4
0x382c BTB index out of boundsN 0x0
0xebcb0 N 0xebcb4
0x94263a54 BTB index out of boundsN 0x0
0xebcb0 N 0xebcb4
0xebcb0 N 0xebcb4
0x6e4c BTB index out of boundsN 0x0
0x382c BTB index out of boundsN 0x0
0xebcb0 N 0xebcb4
0x382c BTB index out of boundsN 0x0
0xebcb0 N 0xebcb4
0xcab4f390 N 0xcab4f394
0xc1c BTB index out of boundsN 0x0
0x382c BTB index out of boundsN 0x0
0x18 N 0x1c
0x6e4c BTB index out of boundsN 0x0
0x382c BTB index out of boundsN 0x0
0xcab4f390 N 0xcab4f394
0x94263a54 BTB index out of boundsN 0x0
0x382c BTB index out of boundsN 0x0
0x6e4c BTB index out of boundsN 0x0
0x6e4c BTB index out of boundsN 0x0
0xcab4f390 N 0xcab4f394
0x94263a54 BTB index out of boundsN 0x0
0x6e4c BTB index out of boundsN 0x0
0x18 N 0x1c
0xc1c BTB index out of boundsN 0x0
0x382c BTB index out of boundsN 0x0
0xebcb0 N 0xebcb4
0x382c BTB index out of boundsN 0x0
0xcab4f390 N 0xcab4f394
0xc1c BTB index out of boundsN 0x0
0x382c BTB index out of boundsN 0x0
0x382c BTB index out of boundsN 0x0
0xebcb0 N 0xebcb4
0x6e4c BTB index out of boundsN 0x0
0x382c BTB index out of boundsN 0x0
0xebcb0 N 0xebcb4
0x94263a54 BTB index out of boundsN 0x0
0xcab4f390 N 0xcab4f394
0x94263a54 BTB index out of boundsN 0x0
0x18 N 0x1c
0x18 N 0x1c
0x94263a54 BTB index out of boundsN 0x0
0xc1c BTB index out of boundsN 0x0
0x6e4c BTB index out of boundsN 0x0
0x18 N 0x1c
0x18 N 0x1c
0x94263a54 BTB index out of boundsN 0x0
0xc1c BTB index out of boundsN 0x0
0xebcb0 N 0xebcb4
0xcab4f390 N 0xcab4f394
0xc1c BTB index out of boundsN 0x0
0xc1c BTB index out of boundsN 0x0
0x382c BTB index out of boundsN 0x0
0x382c BTB index out of boundsN 0x0
0x6e4c BTB index out of boundsN 0x0
0xebcb0 N 0xebcb4
0xc1c BTB index out of boundsN 0x0
0xcab4f390 N 0xcab4f394
0xc1c BTB index out of boundsN 0x0
0xcab4f390 N 0xcab4f394
0xebcb0 N 0xebcb4
0x382c BTB index out of boundsN 0x0
0x382c BTB index out of boundsN 0x0
0x382c BTB index out of boundsN 0x0
0x18 N 0x1c
0xc1c BTB index out of boundsN 0x0
0xcab4f390 N 0xcab4f394
0x6e4c BTB index out of boundsN 0x0
0xc1c BTB index out of boundsN 0x0
0xcab4f390 N 0xcab4f394
0x94263a54 BTB index out of boundsN 0x0
0x94263a54 BTB index out of boundsN 0x0
0xc1c BTB index out of boundsN 0x0
0xebcb0 N 0xebcb4
0xcab4f390 N 0xcab4f394
0x94263a54 BTB index out of boundsN 0x0
0x94263a54 BTB index out of boundsN 0x0
0x18 N 0x1c
0x18 N 0x1c
0x94263a54 BTB index out of boundsN 0x0
0x94263a54 BTB index out of boundsN 0x0
0x6e4c BTB index out of boundsN 0x0
0x94263a54 BTB index out of boundsN 0x0
0xc1c BTB index out of boundsN 0x0
0xc1c BTB index out of boundsN 0x0
0x382c BTB index out of boundsN 0x0
0xcab4f390 N 0xcab4f394
0xcab4f390 N 0xcab4f394
0x18 N 0x1c
0x382c BTB index out of boundsN 0x0
0x382c BTB index out of boundsN 0x0
0x18 N 0x1c
0xc1c BTB index out of boundsN 0x0
0xcab4f390 N 0xcab4f394
0xebcb0 N 0xebcb4
0xcab4f390 N 0xcab4f394
0xcab4f390 N 0xcab4f394
0xebcb0 N 0xebcb4
0x18 N 0x1c
0x382c BTB index out of boundsN 0x0
0xc1c BTB index out of boundsN 0x0
0x94263a54 BTB index out of boundsN 0x0
0xc1c BTB index out of boundsN 0x0
0xc1c BTB index out of boundsN 0x0
0x382c BTB index out of boundsN 0x0
0x18 N 0x1c
0xebcb0 N 0xebcb4
0x94263a54 BTB index out of boundsN 0x0
0xebcb0 N 0xebcb4
0xcab4f390 N 0xcab4f394
0x6e4c BTB index out of boundsN 0x0
0x382c BTB index out of boundsN 0x0
0xc1c BTB index out of boundsN 0x0
0x18 N 0x1c
0xc1c BTB index out of boundsN 0x0
0x18 N 0x1c
0xebcb0 N 0xebcb4
0x18 N 0x1c
0xebcb0 N 0xebcb4
0x382c BTB index out of boundsN 0x0
0x18 N 0x1c
0xcab4f390 N 0xcab4f394
0x6e4c BTB index out of boundsN 0x0
0xcab4f390 N 0xcab4f394
0x6e4c BTB index out of boundsN 0x0
0xcab4f390 N 0xcab4f394
0x94263a54 BTB index out of boundsN 0x0
0x6e4c BTB index out of boundsN 0x0
0xebcb0 N 0xebcb4
0xebcb0 N 0xebcb4
0xebcb0 N 0xebcb4
0xcab4f390 N 0xcab4f394
0xc1c BTB index out of boundsN 0x0
0x94263a54 BTB index out of boundsN 0x0
0x18 N 0x1c
0xcab4f390 N 0xcab4f394
0xc1c BTB index out of boundsN 0x0
0xebcb0 N 0xebcb4
0x382c BTB index out of boundsN 0x0
0xc1c BTB index out of boundsN 0x0
0xebcb0 N 0xebcb4
0x18 N 0x1c
0x94263a54 BTB index out of boundsN 0x0
0xebcb0 N 0xebcb4
0xc1c BTB index out of boundsN 0x0
0x94263a54 BTB index out of boundsN 0x0
0xc1c BTB index out of boundsN 0x0
0xc1c BTB index out of boundsN 0x0
0xebcb0 N 0xebcb4
0x382c BTB index out of boundsN 0x0
0x94263a54 BTB index out of boundsN 0x0
0x6e4c BTB index out of boundsN 0x0
0x382c BTB index out of boundsN 0x0
0x94263a54 BTB index out of boundsN 0x0
0x18 N 0x1c
0x18 N 0x1c
0x6e4c BTB index out of boundsN 0x0
0xcab4f390 N 0xcab4f394
0xcab4f390 N 0xcab4f394
0x6e4c BTB index out of boundsN 0x0
0x6e4c BTB index out of boundsN 0x0
0x18 N 0x1c
0xcab4f390 N 0xcab4f394
0x18 N 0x1c
0x382c BTB index out of boundsN 0x0
0x382c BTB index out of boundsN 0x0
0xcab4f390 N 0xcab4f394
0x382c BTB index out of boundsN 0x0
0xc1c BTB index out of boundsN 0x0
0xc1c BTB index out of boundsN 0x0
0x6e4c BTB index out of boundsN 0x0
0xc1c BTB index out of boundsN 0x0
0x94263a54 BTB index out of boundsN 0x0
0xebcb0 N 0xebcb4
0x94263a54 BTB index out of boundsN 0x0
0xcab4f390 N 0xcab4f394
0x382c BTB index out of boundsN 0x0
0xebcb0 N 0xebcb4
0xebcb0 N 0xebcb4
0x6e4c BTB index out of boundsN 0x0
0x18 N 0x1c
0x6e4c BTB index out of boundsN 0x0
0xebcb0 N 0xebcb4
0x18 N 0x1c
0x6e4c BTB index out of boundsN 0x0
0xc1c BTB index out of boundsN 0x0
0xc1c BTB index out of boundsN 0x0
0x6e4c BTB index out of boundsN 0x0
0x6e4c BTB index out of boundsN 0x0
0x18 N 0x1c
0x94263a54 BTB index out of boundsN 0x0
0xebcb0 N 0xebcb4
0xebcb0 N 0xebcb4
0xebcb0 N 0xebcb4
0x18 N 0x1c
0xcab4f390 N 0xcab4f394
0xcab4f390 N 0xcab4f394
0x382c BTB index out of boundsN 0x0
0xc1c BTB index out of boundsN 0x0
0x18 N 0x1c
0x382c BTB index out of boundsN 0x0
0xcab4f390 N 0xcab4f394
0x382c BTB index out of boundsN 0x0
0x6e4c BTB index out of boundsN 0x0
0x382c BTB index out of boundsN 0x0
0x382c BTB index out of boundsN 0x0
0xebcb0 N 0xebcb4
0x94263a54 BTB index out of boundsN 0x0
0x18 N 0x1c
0xebcb0 N 0xebcb4
0xcab4f390 N 0xcab4f394
0x18 N 0x1c
0xcab4f390 N 0xcab4f394
0xebcb0 N 0xebcb4
0xc1c BTB index out of boundsN 0x0
0x18 N 0x1c
0x382c BTB index out of boundsN 0x0
0x382c BTB index out of boundsN 0x0
0xc1c BTB index out of boundsN 0x0
0x6e4c BTB index out of boundsN 0x0
0xc1c BTB index out of boundsN 0x0
0x6e4c BTB index out of boundsN 0x0
0xc1c BTB index out of boundsN 0x0
0xcab4f390 N 0xcab4f394
0x18 N 0x1c
0x94263a54 BTB index out of boundsN 0x0
0xebcb0 N 0xebcb4
0xcab4f390 N 0xcab4f394
0xcab4f390 N 0xcab4f394
0x94263a54 BTB index out of boundsN 0x0
0xebcb0 N 0xebcb4
0x18 N 0x1c
0x382c BTB index out of boundsN 0x0
0xebcb0 N 0xebcb4
0x94263a54 BTB index out of boundsN 0x0
0x382c BTB index out of boundsN 0x0
0xc1c BTB index out of boundsN 0x0
0x18 N 0x1c
0x94263a54 BTB index out of boundsN 0x0
0xcab4f390 N 0xcab4f394
0x6e4c BTB index out of boundsN 0x0
0x94263a54 BTB index out of boundsN 0x0
0x382c BTB index out of boundsN 0x0
0x382c BTB index out of boundsN 0x0
0xcab4f390 N 0xcab4f394
0xebcb0 N 0xebcb4
0xebcb0 N 0xebcb4
0x18 N 0x1c
0x382c BTB index out of boundsN 0x0
0xcab4f390 N 0xcab4f394
0xc1c BTB index out of boundsN 0x0
0xc1c BTB index out of boundsN 0x0
0xc1c BTB index out of boundsN 0x0
0x6e4c BTB index out of boundsN 0x0
0xcab4f390 N 0xcab4f394
0xc1c BTB index out of boundsN 0x0
0xebcb0 N 0xebcb4
0x6e4c BTB index out of boundsN 0x0
0x94263a54 BTB index out of boundsN 0x0
0xc1c BTB index out of boundsN 0x0
0x94263a54 BTB index out of boundsN 0x0
0xebcb0 N 0xebcb4
0xc1c BTB index out of boundsN 0x0
0xc1c BTB index out of boundsN 0x0
0x94263a54 BTB index out of boundsN 0x0
0xcab4f390 N 0xcab4f394
0xebcb0 N 0xebcb4
0xc1c BTB index out of boundsN 0x0
0xcab4f390 N 0xcab4f394
0xc1c BTB index out of boundsN 0x0
0xebcb0 N 0xebcb4
0x382c BTB index out of boundsN 0x0
0xcab4f390 N 0xcab4f394
0x6e4c BTB index out of boundsN 0x0
0x6e4c BTB index out of boundsN 0x0
0x94263a54 BTB index out of boundsN 0x0
0x382c BTB index out of boundsN 0x0
0xcab4f390 N 0xcab4f394
0x94263a54 BTB index out of boundsN 0x0
0xc1c BTB index out of boundsN 0x0
0x6e4c BTB index out of boundsN 0x0
0x6e4c BTB index out of boundsN 0x0
0x94263a54 BTB index out of boundsN 0x0
0xcab4f390 N 0xcab4f394
0x6e4c BTB index out of boundsN 0x0
0x94263a54 BTB index out of boundsN 0x0
0x382c BTB index out of boundsN 0x0
0xc1c BTB index out of boundsN 0x0
0x6e4c BTB index out of boundsN 0x0
0x382c BTB index out of boundsN 0x0
0x94263a54 BTB index out of boundsN 0x0
0x382c BTB index out of boundsN 0x0
0x94263a54 BTB index out of boundsN 0x0
0x382c BTB index out of boundsN 0x0
0x18 N 0x1c
0xebcb0 N 0xebcb4
0x94263a54 BTB index out of boundsN 0x0
0x382c BTB index out of boundsN 0x0
0xc1c BTB index out of boundsN 0x0
0x94263a54 BTB index out of boundsN 0x0
0x382c BTB index out of boundsN 0x0
0x18 N 0x1c
0x382c BTB index out of boundsN 0x0
0x382c BTB index out of boundsN 0x0
0xc1c BTB index out of boundsN 0x0
0x18 N 0x1c
0x6e4c BTB index out of boundsN 0x0
0x382c BTB index out of boundsN 0x0
0x18 N 0x1c
0x382c BTB index out of boundsN 0x0
0x18 N 0x1c
0x94263a54 BTB index out of boundsN 0x0
0x18 N 0x1c
0x6e4c BTB index out of boundsN 0x0
0x382c BTB index out of boundsN 0x0
0x94263a54 BTB index out of boundsN 0x0
0xcab4f390 N 0xcab4f394
0xc1c BTB index out of boundsN 0x0
0xc1c BTB index out of boundsN 0x0
0x382c BTB index out of boundsN 0x0
0x18 N 0x1c
0xebcb0 N 0xebcb4
0xebcb0 N 0xebcb4
0xc1c BTB index out of boundsN 0x0
0x6e4c BTB index out of boundsN 0x0
0x18 N 0x1c
0xc1c BTB index out of boundsN 0x0
0x6e4c BTB index out of boundsN 0x0
0x94263a54 BTB index out of boundsN 0x0
0x382c BTB index out of boundsN 0x0
0x6e4c BTB index out of boundsN 0x0
0xc1c BTB index out of boundsN 0x0
0x382c BTB index out of boundsN 0x0
0x6e4c BTB index out of boundsN 0x0
0x382c BTB index out of boundsN 0x0
0x6e4c BTB index out of boundsN 0x0
0x94263a54 BTB index out of boundsN 0x0
0x6e4c BTB index out of boundsN 0x0
0x382c BTB index out of boundsN 0x0
0x94263a54 BTB index out of boundsN 0x0
0xc1c BTB index out of boundsN 0x0
0x18 N 0x1c
0xc1c BTB index out of boundsN 0x0
0xc1c BTB index out of boundsN 0x0
0x382c BTB index out of boundsN 0x0
0xebcb0 N 0xebcb4
0xc1c BTB index out of boundsN 0x0
0x382c BTB index out of boundsN 0x0
0x382c BTB index out of boundsN 0x0
0x382c BTB index out of boundsN 0x0
0xcab4f390 N 0xcab4f394
0xebcb0 N 0xebcb4
0x18 N 0x1c
0xc1c BTB index out of boundsN 0x0
0xcab4f390 N 0xcab4f394
0xc1c BTB index out of boundsN 0x0
0xc1c BTB index out of boundsN 0x0
0xcab4f390 N 0xcab4f394
0x382c BTB index out of boundsN 0x0
0xc1c BTB index out of boundsN 0x0
0x382c BTB index out of boundsN 0x0
0x6e4c BTB index out of boundsN 0x0
0xcab4f390 N 0xcab4f394
0xc1c BTB index out of boundsN 0x0
0x18 N 0x1c
0xcab4f390 N 0xcab4f394
0x382c BTB index out of boundsN 0x0
0xebcb0 N 0xebcb4
0xcab4f390 N 0xcab4f394
0xc1c BTB index out of boundsN 0x0
0x6e4c BTB index out of boundsN 0x0
0xc1c BTB index out of boundsN 0x0
0x382c BTB index out of boundsN 0x0
0xc1c BTB index out of boundsN 0x0
0x94263a54 BTB index out of boundsN 0x0
0xebcb0 N 0xebcb4
0xebcb0 N 0xebcb4
0xc1c BTB index out of boundsN 0x0
0x18 N 0x1c
0x94263a54 BTB index out of boundsN 0x0
0x382c BTB index out of boundsN 0x0
0xcab4f390 N 0xcab4f394
0xc1c BTB index out of boundsN 0x0
0xc1c BTB index out of boundsN 0x0
0x18 N 0x1c
0x6e4c BTB index out of boundsN 0x0
0x6e4c BTB index out of boundsN 0x0
0x382c BTB index out of boundsN 0x0
0x18 N 0x1c
0x382c BTB index out of boundsN 0x0
0x94263a54 BTB index out of boundsN 0x0
0x6e4c BTB index out of boundsN 0x0
0x382c BTB index out of boundsN 0x0
0xcab4f390 N 0xcab4f394
0x6e4c BTB index out of boundsN 0x0
0x382c BTB index out of boundsN 0x0
0x382c BTB index out of boundsN 0x0
0xcab4f390 N 0xcab4f394
0x94263a54 BTB index out of boundsN 0x0
0x18 N 0x1c
0xcab4f390 N 0xcab4f394
0x382c BTB index out of boundsN 0x0
0xcab4f390 N 0xcab4f394
0x94263a54 BTB index out of boundsN 0x0
0xcab4f390 N 0xcab4f394
0x382c BTB index out of boundsN 0x0
0x6e4c BTB index out of boundsN 0x0
0xc1c BTB index out of boundsN 0x0
0xcab4f390 N 0xcab4f394
0xc1c BTB index out of boundsN 0x0
0x382c BTB index out of boundsN 0x0
0x382c BTB index out of boundsN 0x0
0xcab4f390 N 0xcab4f394
0xc1c BTB index out of boundsN 0x0
0xebcb0 N 0xebcb4
0xcab4f390 N 0xcab4f394
0x18 N 0x1c
0xebcb0 N 0xebcb4
0x18 N 0x1c
0xcab4f390 N 0xcab4f394
0x18 N 0x1c
0x382c BTB index out of boundsN 0x0
0x18 N 0x1c
0xc1c BTB index out of boundsN 0x0
0x382c BTB index out of boundsN 0x0
0x6e4c BTB index out of boundsN 0x0
0xc1c BTB index out of boundsN 0x0
0x94263a54 BTB index out of boundsN 0x0
0xc1c BTB index out of boundsN 0x0
0xc1c BTB index out of boundsN 0x0
0xebcb0 N 0xebcb4
0xcab4f390 N 0xcab4f394
0xcab4f390 N 0xcab4f394
0x6e4c BTB index out of boundsN 0x0
0xcab4f390 N 0xcab4f394
0xebcb0 N 0xebcb4
0xcab4f390 N 0xcab4f394
0xc1c BTB index out of boundsN 0x0
0xebcb0 N 0xebcb4
0x6e4c BTB index out of boundsN 0x0
0x18 N 0x1c
0xcab4f390 N 0xcab4f394
0xebcb0 N 0xebcb4
0x382c BTB index out of boundsN 0x0
0xcab4f390 N 0xcab4f394
0x94263a54 BTB index out of boundsN 0x0
0x94263a54 BTB index out of boundsN 0x0
0xc1c BTB index out of boundsN 0x0
0x382c BTB index out of boundsN 0x0
0xebcb0 N 0xebcb4
0x94263a54 BTB index out of boundsN 0x0
0x382c BTB index out of boundsN 0x0
0x18 N 0x1c
0x18 N 0x1c
0xc1c BTB index out of boundsN 0x0
0xc1c BTB index out of boundsN 0x0
0xc1c BTB index out of boundsN 0x0
0x382c BTB index out of boundsN 0x0
0xebcb0 N 0xebcb4
0x94263a54 BTB index out of boundsN 0x0
0x382c BTB index out of boundsN 0x0
0x18 N 0x1c
0xcab4f390 N 0xcab4f394
0x94263a54 BTB index out of boundsN 0x0
0xc1c BTB index out of boundsN 0x0
0x94263a54 BTB index out of boundsN 0x0
0xebcb0 N 0xebcb4
0x94263a54 BTB index out of boundsN 0x0
0x6e4c BTB index out of boundsN 0x0
0x382c BTB index out of boundsN 0x0
0x18 N 0x1c
0x18 N 0x1c
0xcab4f390 N 0xcab4f394
0x94263a54 BTB index out of boundsN 0x0
0x382c BTB index out of boundsN 0x0
0x6e4c BTB index out of boundsN 0x0
0xebcb0 N 0xebcb4
0x382c BTB index out of boundsN 0x0
0xebcb0 N 0xebcb4
0xc1c BTB index out of boundsN 0x0
0x94263a54 BTB index out of boundsN 0x0
0x382c BTB index out of boundsN 0x0
0x18 N 0x1c
0xebcb0 N 0xebcb4
0x382c BTB index out of boundsN 0x0
0x6e4c BTB index out of boundsN 0x0
0x18 N 0x1c
0xebcb0 N 0xebcb4
0x18 N 0x1c
0x94263a54 BTB index out of boundsN 0x0
0xcab4f390 N 0xcab4f394
0xebcb0 N 0xebcb4
0x382c BTB index out of boundsN 0x0
0x94263a54 BTB index out of boundsN 0x0
0x94263a54 BTB index out of boundsN 0x0
0x6e4c BTB index out of boundsN 0x0
0xebcb0 N 0xebcb4
0x18 N 0x1c
0x94263a54 BTB index out of boundsN 0x0
0xcab4f390 N 0xcab4f394
0xc1c BTB index out of boundsN 0x0
0xc1c BTB index out of boundsN 0x0
0x94263a54 BTB index out of boundsN 0x0
0xc1c BTB index out of boundsN 0x0
0xc1c BTB index out of boundsN 0x0
0x6e4c BTB index out of boundsN 0x0
0xc1c BTB index out of boundsN 0x0
0x18 N 0x1c
0x18 N 0x1c
0xebcb0 N 0xebcb4
0x382c BTB index out of boundsN 0x0
0xcab4f390 N 0xcab4f394
0x6e4c BTB index out of boundsN 0x0
0x382c BTB index out of boundsN 0x0
0x94263a54 BTB index out of boundsN 0x0
0x94263a54 BTB index out of boundsN 0x0
0x382c BTB index out of boundsN 0x0
0x382c BTB index out of boundsN 0x0
0xebcb0 N 0xebcb4
0x382c BTB index out of boundsN 0x0
0xc1c BTB index out of boundsN 0x0
0xc1c BTB index out of boundsN 0x0
0xc1c BTB index out of boundsN 0x0
0x18 N 0x1c
0x6e4c BTB index out of boundsN 0x0
0xcab4f390 N 0xcab4f394
0x6e4c BTB index out of boundsN 0x0
0x6e4c BTB index out of boundsN 0x0
0x6e4c BTB index out of boundsN 0x0
0x6e4c BTB index out of boundsN 0x0
0xcab4f390 N 0xcab4f394
0x94263a54 BTB index out of boundsN 0x0
0xc1c BTB index out of boundsN 0x0
0xebcb0 N 0xebcb4
0x6e4c BTB index out of boundsN 0x0
0xcab4f390 N 0xcab4f394
0x94263a54 BTB index out of boundsN 0x0
0xebcb0 N 0xebcb4
0x94263a54 BTB index out of boundsN 0x0
0xc1c BTB index out of boundsN 0x0
0xc1c BTB index out of boundsN 0x0
0xc1c BTB index out of boundsN 0x0
0xcab4f390 N 0xcab4f394
0x94263a54 BTB index out of boundsN 0x0
0xebcb0 N 0xebcb4
0xcab4f390 N 0xcab4f394
0xebcb0 N 0xebcb4
0xebcb0 N 0xebcb4
0xebcb0 N 0xebcb4
0x382c BTB index out of boundsN 0x0
0x6e4c BTB index out of boundsN 0x0
0xc1c BTB index out of boundsN 0x0
0x6e4c BTB index out of boundsN 0x0
0xc1c BTB index out of boundsN 0x0
0x6e4c BTB index out of boundsN 0x0
0xcab4f390 N 0xcab4f394
0xcab4f390 N 0xcab4f394
0x94263a54 BTB index out of boundsN 0x0
0x94263a54 BTB index out of boundsN 0x0
0x18 N 0x1c
0xcab4f390 N 0xcab4f394
0xebcb0 N 0xebcb4
0x6e4c BTB index out of boundsN 0x0
0x94263a54 BTB index out of boundsN 0x0
0xc1c BTB index out of boundsN 0x0
0xebcb0 N 0xebcb4
0xc1c BTB index out of boundsN 0x0
0xc1c BTB index out of boundsN 0x0
0xebcb0 N 0xebcb4
0xebcb0 N 0xebcb4
0xebcb0 N 0xebcb4
0xebcb0 N 0xebcb4
0x6e4c BTB index out of boundsN 0x0
0xcab4f390 N 0xcab4f394
0x94263a54 BTB index out of boundsN 0x0
0x382c BTB index out of boundsN 0x0
0x18 N 0x1c
0xebcb0 N 0xebcb4
0xc1c BTB index out of boundsN 0x0
0xc1c BTB index out of boundsN 0x0
0x382c BTB index out of boundsN 0x0
0x18 N 0x1c
0xcab4f390 N 0xcab4f394
0xc1c BTB index out of boundsN 0x0
0xc1c BTB index out of boundsN 0x0
0xebcb0 N 0xebcb4
0xebcb0 N 0xebcb4
0x6e4c BTB index out of boundsN 0x0
0x6e4c BTB index out of boundsN 0x0
0xc1c BTB index out of boundsN 0x0
0x94263a54 BTB index out of boundsN 0x0
0x18 N 0x1c
0xebcb0 N 0xebcb4
0x382c BTB index out of boundsN 0x0
0xebcb0 N 0xebcb4
0x382c BTB index out of boundsN 0x0
0x94263a54 BTB index out of boundsN 0x0
0x94263a54 BTB index out of boundsN 0x0
0xcab4f390 N 0xcab4f394
0xc1c BTB index out of boundsN 0x0
0x382c BTB index out of boundsN 0x0
0xcab4f390 N 0xcab4f394
0xc1c BTB index out of boundsN 0x0
0xcab4f390 N 0xcab4f394
0x94263a54 BTB index out of boundsN 0x0
0x94263a54 BTB index out of boundsN 0x0
0xebcb0 N 0xebcb4
0x382c BTB index out of boundsN 0x0
0x18 N 0x1c
0x18 N 0x1c
0x18 N 0x1c
0x94263a54 BTB index out of boundsN 0x0
0xcab4f390 N 0xcab4f394
0xc1c BTB index out of boundsN 0x0
0x18 N 0x1c
0xcab4f390 N 0xcab4f394
0xc1c BTB index out of boundsN 0x0
0xebcb0 N 0xebcb4
0x94263a54 BTB index out of boundsN 0x0
0xcab4f390 N 0xcab4f394
0x94263a54 BTB index out of boundsN 0x0
0x6e4c BTB index out of boundsN 0x0
0xc1c BTB index out of boundsN 0x0
0xc1c BTB index out of boundsN 0x0
0xc1c BTB index out of boundsN 0x0
0xebcb0 N 0xebcb4
0x382c BTB index out of boundsN 0x0
0xcab4f390 N 0xcab4f394
0x94263a54 BTB index out of boundsN 0x0
0xcab4f390 N 0xcab4f394
0x18 N 0x1c
0xebcb0 N 0xebcb4
0xcab4f390 N 0xcab4f394
0x382c BTB index out of boundsN 0x0
0x382c BTB index out of boundsN 0x0
0x18 N 0x1c
0xc1c BTB index out of boundsN 0x0
0xebcb0 N 0xebcb4
0x94263a54 BTB index out of boundsN 0x0
0xcab4f390 N 0xcab4f394
0x6e4c BTB index out of boundsN 0x0
0x6e4c BTB index out of boundsN 0x0
0x6e4c BTB index out of boundsN 0x0
0x94263a54 BTB index out of boundsN 0x0
0x94263a54 BTB index out of boundsN 0x0
0xebcb0 N 0xebcb4
0x382c BTB index out of boundsN 0x0
0x382c BTB index out of boundsN 0x0
0x18 N 0x1c
0xebcb0 N 0xebcb4
0xcab4f390 N 0xcab4f394
0xc1c BTB index out of boundsN 0x0
0x6e4c BTB index out of boundsN 0x0
0xebcb0 N 0xebcb4
0xc1c BTB index out of boundsN 0x0
0x382c BTB index out of boundsN 0x0
0xcab4f390 N 0xcab4f394
0x6e4c BTB index out of boundsN 0x0
0xebcb0 N 0xebcb4
0xcab4f390 N 0xcab4f394
0x18 N 0x1c
0x6e4c BTB index out of boundsN 0x0
0x382c BTB index out of boundsN 0x0
0xcab4f390 N 0xcab4f394
0xcab4f390 N 0xcab4f394
0xcab4f390 N 0xcab4f394
0xcab4f390 N 0xcab4f394
0x382c BTB index out of boundsN 0x0
0xc1c BTB index out of boundsN 0x0
0x94263a54 BTB index out of boundsN 0x0
0x6e4c BTB index out of boundsN 0x0
0xcab4f390 N 0xcab4f394
