expected: 16 
 real std::vector<bimodal_FSM> size = 16
