0x4a98 N 0x4a9c
0x3ab2c BTB index out of boundsN 0x0
0x4a98 T 0x3616c0
0x18d10 N 0x18d14
0xf04 BTB index out of boundsN 0x0
0xf04 BTB index out of boundsN 0x0
0x3ab2c BTB index out of boundsN 0x0
0x18d10 T 0xec
0xf04 BTB index out of boundsN 0x0
0x3ab2c BTB index out of boundsN 0x0
0xf04 BTB index out of boundsN 0x0
0x4a98 N 0x4a9c
0x18d10 N 0x18d14
0xf04 BTB index out of boundsN 0x0
0x4a98 N 0x4a9c
0x3ab2c BTB index out of boundsN 0x0
0x18d10 N 0x18d14
0x3ab2c BTB index out of boundsN 0x0
0x3ab2c BTB index out of boundsN 0x0
0xf04 BTB index out of boundsN 0x0
0x4a98 N 0x4a9c
0xf04 BTB index out of boundsN 0x0
0x18d10 N 0x18d14
0x18d10 T 0xec
0x18d10 N 0x18d14
0x18d10 T 0xec
0x18d10 T 0xec
0x4a98 N 0x4a9c
0x4a98 T 0x3616c0
0xf04 BTB index out of boundsN 0x0
0x3ab2c BTB index out of boundsN 0x0
0x18d10 N 0x18d14
0xf04 BTB index out of boundsN 0x0
0x18d10 T 0xec
0x18d10 N 0x18d14
0xf04 BTB index out of boundsN 0x0
0x4a98 N 0x4a9c
0x3ab2c BTB index out of boundsN 0x0
0x3ab2c BTB index out of boundsN 0x0
0x3ab2c BTB index out of boundsN 0x0
0x18d10 N 0x18d14
0x3ab2c BTB index out of boundsN 0x0
0x18d10 N 0x18d14
0x18d10 T 0xec
0x18d10 T 0xec
0x3ab2c BTB index out of boundsN 0x0
0x18d10 T 0xec
0x18d10 T 0xec
0xf04 BTB index out of boundsN 0x0
0x4a98 N 0x4a9c
0xf04 BTB index out of boundsN 0x0
0x18d10 N 0x18d14
0x3ab2c BTB index out of boundsN 0x0
0xf04 BTB index out of boundsN 0x0
0x3ab2c BTB index out of boundsN 0x0
0x4a98 N 0x4a9c
0xf04 BTB index out of boundsN 0x0
0x18d10 N 0x18d14
0x18d10 N 0x18d14
0xf04 BTB index out of boundsN 0x0
0x3ab2c BTB index out of boundsN 0x0
0xf04 BTB index out of boundsN 0x0
0x4a98 N 0x4a9c
0x3ab2c BTB index out of boundsN 0x0
0xf04 BTB index out of boundsN 0x0
0x3ab2c BTB index out of boundsN 0x0
0xf04 BTB index out of boundsN 0x0
0xf04 BTB index out of boundsN 0x0
0x4a98 T 0x3616c0
0x18d10 N 0x18d14
0x3ab2c BTB index out of boundsN 0x0
0x18d10 T 0xec
0x18d10 T 0xec
0x18d10 T 0xec
0xf04 BTB index out of boundsN 0x0
0x18d10 T 0xec
0x18d10 T 0xec
0xf04 BTB index out of boundsN 0x0
0xf04 BTB index out of boundsN 0x0
0x3ab2c BTB index out of boundsN 0x0
0x3ab2c BTB index out of boundsN 0x0
0xf04 BTB index out of boundsN 0x0
0x18d10 T 0xec
0x4a98 N 0x4a9c
0x3ab2c BTB index out of boundsN 0x0
0x18d10 N 0x18d14
0x4a98 N 0x4a9c
0x3ab2c BTB index out of boundsN 0x0
0xf04 BTB index out of boundsN 0x0
0x18d10 N 0x18d14
0x18d10 T 0xec
0x18d10 N 0x18d14
0x18d10 T 0xec
0xf04 BTB index out of boundsN 0x0
0x4a98 N 0x4a9c
0x4a98 T 0x3616c0
0x3ab2c BTB index out of boundsN 0x0
0x4a98 T 0x3616c0
0x3ab2c BTB index out of boundsN 0x0
0x18d10 N 0x18d14
0x18d10 T 0xec
0x4a98 N 0x4a9c
0x4a98 N 0x4a9c
0xf04 BTB index out of boundsN 0x0
0xf04 BTB index out of boundsN 0x0
0x3ab2c BTB index out of boundsN 0x0
0x18d10 N 0x18d14
0x4a98 N 0x4a9c
0xf04 BTB index out of boundsN 0x0
0xf04 BTB index out of boundsN 0x0
0x18d10 N 0x18d14
0xf04 BTB index out of boundsN 0x0
0xf04 BTB index out of boundsN 0x0
0x4a98 N 0x4a9c
0x3ab2c BTB index out of boundsN 0x0
0xf04 BTB index out of boundsN 0x0
0x18d10 N 0x18d14
0x3ab2c BTB index out of boundsN 0x0
0x18d10 T 0xec
0x18d10 N 0x18d14
0x4a98 N 0x4a9c
0x4a98 N 0x4a9c
0xf04 BTB index out of boundsN 0x0
0xf04 BTB index out of boundsN 0x0
0xf04 BTB index out of boundsN 0x0
0x3ab2c BTB index out of boundsN 0x0
0x3ab2c BTB index out of boundsN 0x0
0xf04 BTB index out of boundsN 0x0
0x18d10 N 0x18d14
0x4a98 N 0x4a9c
0x18d10 N 0x18d14
0x4a98 N 0x4a9c
0x4a98 N 0x4a9c
0x3ab2c BTB index out of boundsN 0x0
0x18d10 N 0x18d14
0x3ab2c BTB index out of boundsN 0x0
0x4a98 N 0x4a9c
0x4a98 N 0x4a9c
0x3ab2c BTB index out of boundsN 0x0
0x4a98 T 0x3616c0
0xf04 BTB index out of boundsN 0x0
0x4a98 T 0x3616c0
0x3ab2c BTB index out of boundsN 0x0
0x4a98 T 0x3616c0
0x3ab2c BTB index out of boundsN 0x0
0xf04 BTB index out of boundsN 0x0
0x18d10 N 0x18d14
0x4a98 N 0x4a9c
0xf04 BTB index out of boundsN 0x0
0x4a98 T 0x3616c0
0xf04 BTB index out of boundsN 0x0
0x18d10 N 0x18d14
0x3ab2c BTB index out of boundsN 0x0
0xf04 BTB index out of boundsN 0x0
0x4a98 N 0x4a9c
0xf04 BTB index out of boundsN 0x0
0xf04 BTB index out of boundsN 0x0
0x4a98 T 0x3616c0
0xf04 BTB index out of boundsN 0x0
0x4a98 T 0x3616c0
0x3ab2c BTB index out of boundsN 0x0
0x3ab2c BTB index out of boundsN 0x0
0x4a98 T 0x3616c0
0x18d10 N 0x18d14
0x18d10 T 0xec
0x18d10 N 0x18d14
0x3ab2c BTB index out of boundsN 0x0
0xf04 BTB index out of boundsN 0x0
0x4a98 N 0x4a9c
0xf04 BTB index out of boundsN 0x0
0xf04 BTB index out of boundsN 0x0
0x18d10 N 0x18d14
0xf04 BTB index out of boundsN 0x0
0x4a98 N 0x4a9c
0x3ab2c BTB index out of boundsN 0x0
0xf04 BTB index out of boundsN 0x0
0x4a98 T 0x3616c0
0x3ab2c BTB index out of boundsN 0x0
0x4a98 T 0x3616c0
0xf04 BTB index out of boundsN 0x0
0xf04 BTB index out of boundsN 0x0
0x18d10 N 0x18d14
0x18d10 T 0xec
0x4a98 N 0x4a9c
0x18d10 N 0x18d14
0x3ab2c BTB index out of boundsN 0x0
0x4a98 N 0x4a9c
0xf04 BTB index out of boundsN 0x0
0x18d10 N 0x18d14
0x18d10 T 0xec
0x18d10 T 0xec
0x18d10 T 0xec
0xf04 BTB index out of boundsN 0x0
0xf04 BTB index out of boundsN 0x0
0xf04 BTB index out of boundsN 0x0
0xf04 BTB index out of boundsN 0x0
0x4a98 N 0x4a9c
0xf04 BTB index out of boundsN 0x0
0x4a98 T 0x3616c0
0xf04 BTB index out of boundsN 0x0
0xf04 BTB index out of boundsN 0x0
0x3ab2c BTB index out of boundsN 0x0
0x18d10 N 0x18d14
0x3ab2c BTB index out of boundsN 0x0
0x4a98 N 0x4a9c
0x4a98 T 0x3616c0
0x4a98 T 0x3616c0
0x3ab2c BTB index out of boundsN 0x0
0x4a98 N 0x4a9c
0xf04 BTB index out of boundsN 0x0
0x3ab2c BTB index out of boundsN 0x0
0x4a98 N 0x4a9c
0x3ab2c BTB index out of boundsN 0x0
0x3ab2c BTB index out of boundsN 0x0
0x3ab2c BTB index out of boundsN 0x0
0x18d10 N 0x18d14
0x4a98 N 0x4a9c
0xf04 BTB index out of boundsN 0x0
0xf04 BTB index out of boundsN 0x0
0xf04 BTB index out of boundsN 0x0
0x4a98 N 0x4a9c
0xf04 BTB index out of boundsN 0x0
0x4a98 N 0x4a9c
0x18d10 N 0x18d14
0x4a98 N 0x4a9c
0x18d10 N 0x18d14
0x4a98 N 0x4a9c
0x3ab2c BTB index out of boundsN 0x0
0x3ab2c BTB index out of boundsN 0x0
0x3ab2c BTB index out of boundsN 0x0
0x4a98 T 0x3616c0
0x18d10 N 0x18d14
0x4a98 N 0x4a9c
0xf04 BTB index out of boundsN 0x0
0x18d10 N 0x18d14
0xf04 BTB index out of boundsN 0x0
0x3ab2c BTB index out of boundsN 0x0
0x18d10 T 0xec
0x18d10 N 0x18d14
0x18d10 T 0xec
0x4a98 N 0x4a9c
0x4a98 T 0x3616c0
0x4a98 T 0x3616c0
0x18d10 N 0x18d14
0x4a98 N 0x4a9c
0x18d10 N 0x18d14
0xf04 BTB index out of boundsN 0x0
0x4a98 N 0x4a9c
0x18d10 N 0x18d14
0x18d10 T 0xec
0x3ab2c BTB index out of boundsN 0x0
0x3ab2c BTB index out of boundsN 0x0
0xf04 BTB index out of boundsN 0x0
0x18d10 T 0xec
0x4a98 N 0x4a9c
0x3ab2c BTB index out of boundsN 0x0
0x4a98 N 0x4a9c
0x18d10 N 0x18d14
0x3ab2c BTB index out of boundsN 0x0
0xf04 BTB index out of boundsN 0x0
0x4a98 N 0x4a9c
0x3ab2c BTB index out of boundsN 0x0
0x3ab2c BTB index out of boundsN 0x0
0x18d10 N 0x18d14
0x4a98 N 0x4a9c
0x4a98 T 0x3616c0
0x3ab2c BTB index out of boundsN 0x0
0x4a98 N 0x4a9c
0x18d10 N 0x18d14
0x18d10 N 0x18d14
0x4a98 N 0x4a9c
0x18d10 N 0x18d14
0x18d10 N 0x18d14
0x18d10 N 0x18d14
0xf04 BTB index out of boundsN 0x0
0x3ab2c BTB index out of boundsN 0x0
0xf04 BTB index out of boundsN 0x0
0x3ab2c BTB index out of boundsN 0x0
0x4a98 N 0x4a9c
0x3ab2c BTB index out of boundsN 0x0
0x4a98 T 0x3616c0
0x3ab2c BTB index out of boundsN 0x0
0x3ab2c BTB index out of boundsN 0x0
0x4a98 N 0x4a9c
0x18d10 N 0x18d14
0x3ab2c BTB index out of boundsN 0x0
0x18d10 N 0x18d14
0x3ab2c BTB index out of boundsN 0x0
0x4a98 N 0x4a9c
0x18d10 N 0x18d14
0x3ab2c BTB index out of boundsN 0x0
0x4a98 N 0x4a9c
0x18d10 N 0x18d14
0x18d10 N 0x18d14
0x3ab2c BTB index out of boundsN 0x0
0x4a98 N 0x4a9c
0x18d10 N 0x18d14
0x4a98 N 0x4a9c
0x4a98 N 0x4a9c
0x3ab2c BTB index out of boundsN 0x0
0x18d10 N 0x18d14
0x4a98 N 0x4a9c
0x4a98 N 0x4a9c
0xf04 BTB index out of boundsN 0x0
0x3ab2c BTB index out of boundsN 0x0
0xf04 BTB index out of boundsN 0x0
0x4a98 N 0x4a9c
0x18d10 N 0x18d14
0x3ab2c BTB index out of boundsN 0x0
0x3ab2c BTB index out of boundsN 0x0
0x3ab2c BTB index out of boundsN 0x0
0x4a98 N 0x4a9c
0x18d10 N 0x18d14
0x18d10 N 0x18d14
0x18d10 N 0x18d14
0x18d10 N 0x18d14
0xf04 BTB index out of boundsN 0x0
0x4a98 N 0x4a9c
0x18d10 N 0x18d14
0xf04 BTB index out of boundsN 0x0
0x3ab2c BTB index out of boundsN 0x0
0x3ab2c BTB index out of boundsN 0x0
0xf04 BTB index out of boundsN 0x0
0x3ab2c BTB index out of boundsN 0x0
0x4a98 N 0x4a9c
0x18d10 N 0x18d14
0x4a98 N 0x4a9c
0x18d10 N 0x18d14
0x18d10 N 0x18d14
0x18d10 N 0x18d14
0x18d10 N 0x18d14
0x18d10 T 0xec
0x4a98 N 0x4a9c
0x3ab2c BTB index out of boundsN 0x0
0x18d10 N 0x18d14
0xf04 BTB index out of boundsN 0x0
0xf04 BTB index out of boundsN 0x0
0x3ab2c BTB index out of boundsN 0x0
0x3ab2c BTB index out of boundsN 0x0
0x4a98 N 0x4a9c
0x4a98 N 0x4a9c
0xf04 BTB index out of boundsN 0x0
0x4a98 N 0x4a9c
0x4a98 T 0x3616c0
0x3ab2c BTB index out of boundsN 0x0
0x4a98 T 0x3616c0
0x3ab2c BTB index out of boundsN 0x0
0x18d10 N 0x18d14
0x18d10 T 0xec
0xf04 BTB index out of boundsN 0x0
0xf04 BTB index out of boundsN 0x0
0x4a98 N 0x4a9c
0x18d10 N 0x18d14
0xf04 BTB index out of boundsN 0x0
0x3ab2c BTB index out of boundsN 0x0
0x18d10 N 0x18d14
0xf04 BTB index out of boundsN 0x0
0x3ab2c BTB index out of boundsN 0x0
0x18d10 N 0x18d14
0x4a98 N 0x4a9c
0x3ab2c BTB index out of boundsN 0x0
0xf04 BTB index out of boundsN 0x0
0x4a98 T 0x3616c0
0x3ab2c BTB index out of boundsN 0x0
0x18d10 N 0x18d14
0x4a98 N 0x4a9c
0x4a98 N 0x4a9c
0x4a98 N 0x4a9c
0x4a98 N 0x4a9c
0xf04 BTB index out of boundsN 0x0
0x18d10 N 0x18d14
0x3ab2c BTB index out of boundsN 0x0
0xf04 BTB index out of boundsN 0x0
0x4a98 N 0x4a9c
0x4a98 N 0x4a9c
0xf04 BTB index out of boundsN 0x0
0xf04 BTB index out of boundsN 0x0
0xf04 BTB index out of boundsN 0x0
0x4a98 N 0x4a9c
0x3ab2c BTB index out of boundsN 0x0
0xf04 BTB index out of boundsN 0x0
0xf04 BTB index out of boundsN 0x0
0x3ab2c BTB index out of boundsN 0x0
0x18d10 N 0x18d14
0x3ab2c BTB index out of boundsN 0x0
0x4a98 N 0x4a9c
0xf04 BTB index out of boundsN 0x0
0x4a98 N 0x4a9c
0x3ab2c BTB index out of boundsN 0x0
0xf04 BTB index out of boundsN 0x0
0xf04 BTB index out of boundsN 0x0
0x3ab2c BTB index out of boundsN 0x0
0x18d10 N 0x18d14
0x4a98 N 0x4a9c
0x4a98 N 0x4a9c
0x4a98 N 0x4a9c
0x3ab2c BTB index out of boundsN 0x0
0x4a98 T 0x3616c0
0x4a98 T 0x3616c0
0x18d10 N 0x18d14
0x4a98 N 0x4a9c
0x18d10 N 0x18d14
0xf04 BTB index out of boundsN 0x0
0x18d10 T 0xec
0x4a98 N 0x4a9c
0xf04 BTB index out of boundsN 0x0
0x18d10 N 0x18d14
0x3ab2c BTB index out of boundsN 0x0
0x3ab2c BTB index out of boundsN 0x0
0x3ab2c BTB index out of boundsN 0x0
0x3ab2c BTB index out of boundsN 0x0
0x18d10 N 0x18d14
0x4a98 N 0x4a9c
0x18d10 N 0x18d14
0x4a98 N 0x4a9c
0x18d10 N 0x18d14
0xf04 BTB index out of boundsN 0x0
0xf04 BTB index out of boundsN 0x0
0x18d10 T 0xec
0x18d10 N 0x18d14
0xf04 BTB index out of boundsN 0x0
0x18d10 N 0x18d14
0xf04 BTB index out of boundsN 0x0
0x4a98 N 0x4a9c
0xf04 BTB index out of boundsN 0x0
0xf04 BTB index out of boundsN 0x0
0x18d10 N 0x18d14
0x3ab2c BTB index out of boundsN 0x0
0x18d10 T 0xec
0xf04 BTB index out of boundsN 0x0
0x4a98 N 0x4a9c
0x18d10 N 0x18d14
0xf04 BTB index out of boundsN 0x0
0xf04 BTB index out of boundsN 0x0
0x3ab2c BTB index out of boundsN 0x0
0x4a98 N 0x4a9c
0x3ab2c BTB index out of boundsN 0x0
0x18d10 N 0x18d14
0x18d10 T 0xec
0x18d10 N 0x18d14
0x18d10 T 0xec
0x18d10 T 0xec
0x4a98 N 0x4a9c
0x18d10 N 0x18d14
0x4a98 N 0x4a9c
0x4a98 N 0x4a9c
0xf04 BTB index out of boundsN 0x0
0x18d10 N 0x18d14
0xf04 BTB index out of boundsN 0x0
0xf04 BTB index out of boundsN 0x0
0x4a98 N 0x4a9c
0x4a98 N 0x4a9c
0x4a98 N 0x4a9c
0xf04 BTB index out of boundsN 0x0
0x18d10 N 0x18d14
0x3ab2c BTB index out of boundsN 0x0
0x4a98 N 0x4a9c
0x4a98 N 0x4a9c
0x18d10 N 0x18d14
0x4a98 N 0x4a9c
0x18d10 N 0x18d14
0x4a98 N 0x4a9c
0xf04 BTB index out of boundsN 0x0
0x3ab2c BTB index out of boundsN 0x0
0x4a98 T 0x3616c0
0x3ab2c BTB index out of boundsN 0x0
0x3ab2c BTB index out of boundsN 0x0
0x4a98 N 0x4a9c
0x18d10 N 0x18d14
0x3ab2c BTB index out of boundsN 0x0
0x3ab2c BTB index out of boundsN 0x0
0x4a98 N 0x4a9c
0x4a98 T 0x3616c0
0x4a98 T 0x3616c0
0x18d10 N 0x18d14
0x18d10 T 0xec
0x18d10 T 0xec
0x18d10 N 0x18d14
0xf04 BTB index out of boundsN 0x0
0xf04 BTB index out of boundsN 0x0
0x4a98 N 0x4a9c
0x4a98 T 0x3616c0
0x18d10 N 0x18d14
0x3ab2c BTB index out of boundsN 0x0
0x18d10 T 0xec
0x3ab2c BTB index out of boundsN 0x0
0x18d10 T 0xec
0x4a98 N 0x4a9c
0x18d10 N 0x18d14
0xf04 BTB index out of boundsN 0x0
0x18d10 T 0xec
0xf04 BTB index out of boundsN 0x0
0x4a98 N 0x4a9c
0x3ab2c BTB index out of boundsN 0x0
0xf04 BTB index out of boundsN 0x0
0x18d10 N 0x18d14
0xf04 BTB index out of boundsN 0x0
0xf04 BTB index out of boundsN 0x0
0x3ab2c BTB index out of boundsN 0x0
0xf04 BTB index out of boundsN 0x0
0x4a98 N 0x4a9c
0xf04 BTB index out of boundsN 0x0
0xf04 BTB index out of boundsN 0x0
0x18d10 N 0x18d14
0x3ab2c BTB index out of boundsN 0x0
0x18d10 T 0xec
0x4a98 N 0x4a9c
0x3ab2c BTB index out of boundsN 0x0
0x4a98 T 0x3616c0
0x4a98 T 0x3616c0
0x4a98 T 0x3616c0
0xf04 BTB index out of boundsN 0x0
0x3ab2c BTB index out of boundsN 0x0
0x18d10 N 0x18d14
0xf04 BTB index out of boundsN 0x0
0x18d10 T 0xec
0x3ab2c BTB index out of boundsN 0x0
0x18d10 T 0xec
0x4a98 N 0x4a9c
0x3ab2c BTB index out of boundsN 0x0
0xf04 BTB index out of boundsN 0x0
0x18d10 N 0x18d14
0x3ab2c BTB index out of boundsN 0x0
0xf04 BTB index out of boundsN 0x0
0x18d10 N 0x18d14
0x3ab2c BTB index out of boundsN 0x0
0x4a98 N 0x4a9c
0xf04 BTB index out of boundsN 0x0
0x3ab2c BTB index out of boundsN 0x0
0x3ab2c BTB index out of boundsN 0x0
0x3ab2c BTB index out of boundsN 0x0
0x4a98 T 0x3616c0
0xf04 BTB index out of boundsN 0x0
0x3ab2c BTB index out of boundsN 0x0
0xf04 BTB index out of boundsN 0x0
0x18d10 N 0x18d14
0x3ab2c BTB index out of boundsN 0x0
0x3ab2c BTB index out of boundsN 0x0
0x4a98 N 0x4a9c
0x18d10 N 0x18d14
0x18d10 N 0x18d14
0xf04 BTB index out of boundsN 0x0
0x4a98 N 0x4a9c
0x18d10 N 0x18d14
0x18d10 N 0x18d14
0x4a98 N 0x4a9c
0x3ab2c BTB index out of boundsN 0x0
0xf04 BTB index out of boundsN 0x0
0x4a98 T 0x3616c0
0x3ab2c BTB index out of boundsN 0x0
0x4a98 T 0x3616c0
0xf04 BTB index out of boundsN 0x0
0x18d10 N 0x18d14
0x3ab2c BTB index out of boundsN 0x0
0xf04 BTB index out of boundsN 0x0
0x4a98 N 0x4a9c
0xf04 BTB index out of boundsN 0x0
0xf04 BTB index out of boundsN 0x0
0xf04 BTB index out of boundsN 0x0
0x4a98 T 0x3616c0
0xf04 BTB index out of boundsN 0x0
0x18d10 N 0x18d14
0xf04 BTB index out of boundsN 0x0
0xf04 BTB index out of boundsN 0x0
0x18d10 T 0xec
0x3ab2c BTB index out of boundsN 0x0
0x18d10 N 0x18d14
0x18d10 N 0x18d14
0x18d10 T 0xec
0x18d10 T 0xec
0xf04 BTB index out of boundsN 0x0
0x18d10 T 0xec
0x4a98 N 0x4a9c
0xf04 BTB index out of boundsN 0x0
0x3ab2c BTB index out of boundsN 0x0
0x3ab2c BTB index out of boundsN 0x0
0x18d10 N 0x18d14
0xf04 BTB index out of boundsN 0x0
0x18d10 T 0xec
0x18d10 T 0xec
0x4a98 N 0x4a9c
0x18d10 N 0x18d14
0x18d10 T 0xec
0xf04 BTB index out of boundsN 0x0
0x4a98 N 0x4a9c
0xf04 BTB index out of boundsN 0x0
0x3ab2c BTB index out of boundsN 0x0
0x18d10 N 0x18d14
0x4a98 N 0x4a9c
0x4a98 T 0x3616c0
0x3ab2c BTB index out of boundsN 0x0
0x4a98 N 0x4a9c
0x18d10 N 0x18d14
0xf04 BTB index out of boundsN 0x0
0x4a98 N 0x4a9c
0x3ab2c BTB index out of boundsN 0x0
0x3ab2c BTB index out of boundsN 0x0
0x3ab2c BTB index out of boundsN 0x0
0xf04 BTB index out of boundsN 0x0
0x3ab2c BTB index out of boundsN 0x0
0x18d10 N 0x18d14
0x4a98 N 0x4a9c
0x4a98 T 0x3616c0
0x18d10 N 0x18d14
0xf04 BTB index out of boundsN 0x0
0x18d10 T 0xec
0x3ab2c BTB index out of boundsN 0x0
0x18d10 T 0xec
0xf04 BTB index out of boundsN 0x0
0x3ab2c BTB index out of boundsN 0x0
0x18d10 T 0xec
0x3ab2c BTB index out of boundsN 0x0
0x18d10 T 0xec
0x4a98 N 0x4a9c
0x18d10 N 0x18d14
0x3ab2c BTB index out of boundsN 0x0
0x4a98 N 0x4a9c
0x4a98 T 0x3616c0
0xf04 BTB index out of boundsN 0x0
0x4a98 N 0x4a9c
0x18d10 N 0x18d14
0x18d10 T 0xec
0xf04 BTB index out of boundsN 0x0
0xf04 BTB index out of boundsN 0x0
0x4a98 N 0x4a9c
0x4a98 T 0x3616c0
0xf04 BTB index out of boundsN 0x0
0x4a98 T 0x3616c0
0x4a98 N 0x4a9c
0x3ab2c BTB index out of boundsN 0x0
0x4a98 N 0x4a9c
0x3ab2c BTB index out of boundsN 0x0
0x4a98 N 0x4a9c
0x3ab2c BTB index out of boundsN 0x0
0x18d10 N 0x18d14
0x18d10 T 0xec
0x3ab2c BTB index out of boundsN 0x0
0xf04 BTB index out of boundsN 0x0
0x3ab2c BTB index out of boundsN 0x0
0x3ab2c BTB index out of boundsN 0x0
0xf04 BTB index out of boundsN 0x0
0xf04 BTB index out of boundsN 0x0
0x3ab2c BTB index out of boundsN 0x0
0x4a98 N 0x4a9c
0xf04 BTB index out of boundsN 0x0
0x3ab2c BTB index out of boundsN 0x0
0x4a98 N 0x4a9c
0x4a98 N 0x4a9c
0xf04 BTB index out of boundsN 0x0
0x3ab2c BTB index out of boundsN 0x0
0x3ab2c BTB index out of boundsN 0x0
0x4a98 N 0x4a9c
0x4a98 N 0x4a9c
0x4a98 N 0x4a9c
0x4a98 T 0x3616c0
0x18d10 N 0x18d14
0xf04 BTB index out of boundsN 0x0
0xf04 BTB index out of boundsN 0x0
0x18d10 T 0xec
0xf04 BTB index out of boundsN 0x0
0xf04 BTB index out of boundsN 0x0
0x18d10 T 0xec
0x4a98 N 0x4a9c
0x4a98 N 0x4a9c
0x18d10 N 0x18d14
0x4a98 N 0x4a9c
0x3ab2c BTB index out of boundsN 0x0
0x18d10 N 0x18d14
0x18d10 T 0xec
0x4a98 N 0x4a9c
0x4a98 N 0x4a9c
0xf04 BTB index out of boundsN 0x0
0xf04 BTB index out of boundsN 0x0
0x4a98 T 0x3616c0
0x3ab2c BTB index out of boundsN 0x0
0x18d10 N 0x18d14
0x18d10 T 0xec
0x3ab2c BTB index out of boundsN 0x0
0x4a98 N 0x4a9c
0x3ab2c BTB index out of boundsN 0x0
0x3ab2c BTB index out of boundsN 0x0
0x18d10 N 0x18d14
0xf04 BTB index out of boundsN 0x0
0x4a98 N 0x4a9c
0x4a98 N 0x4a9c
0x3ab2c BTB index out of boundsN 0x0
0x3ab2c BTB index out of boundsN 0x0
0x18d10 N 0x18d14
0x3ab2c BTB index out of boundsN 0x0
0x3ab2c BTB index out of boundsN 0x0
0x18d10 N 0x18d14
0x4a98 N 0x4a9c
0x3ab2c BTB index out of boundsN 0x0
0x4a98 N 0x4a9c
0x3ab2c BTB index out of boundsN 0x0
0x18d10 N 0x18d14
0x18d10 N 0x18d14
0x18d10 T 0xec
0x4a98 N 0x4a9c
0x4a98 N 0x4a9c
0x3ab2c BTB index out of boundsN 0x0
0x4a98 N 0x4a9c
0x3ab2c BTB index out of boundsN 0x0
0x3ab2c BTB index out of boundsN 0x0
0x18d10 N 0x18d14
0xf04 BTB index out of boundsN 0x0
0xf04 BTB index out of boundsN 0x0
0x4a98 N 0x4a9c
0x18d10 N 0x18d14
0x3ab2c BTB index out of boundsN 0x0
0x3ab2c BTB index out of boundsN 0x0
0x3ab2c BTB index out of boundsN 0x0
0x4a98 N 0x4a9c
0x4a98 N 0x4a9c
0x18d10 N 0x18d14
0x4a98 N 0x4a9c
0x4a98 N 0x4a9c
0x4a98 N 0x4a9c
0x18d10 N 0x18d14
0xf04 BTB index out of boundsN 0x0
0xf04 BTB index out of boundsN 0x0
0xf04 BTB index out of boundsN 0x0
0xf04 BTB index out of boundsN 0x0
0x18d10 N 0x18d14
0x3ab2c BTB index out of boundsN 0x0
0xf04 BTB index out of boundsN 0x0
0x3ab2c BTB index out of boundsN 0x0
0x4a98 N 0x4a9c
0x3ab2c BTB index out of boundsN 0x0
0x18d10 N 0x18d14
0x3ab2c BTB index out of boundsN 0x0
0x18d10 T 0xec
0x4a98 N 0x4a9c
0x3ab2c BTB index out of boundsN 0x0
0x4a98 N 0x4a9c
0x18d10 N 0x18d14
0x4a98 N 0x4a9c
0x18d10 N 0x18d14
0x18d10 T 0xec
0x4a98 N 0x4a9c
0x18d10 N 0x18d14
0xf04 BTB index out of boundsN 0x0
0xf04 BTB index out of boundsN 0x0
0x4a98 N 0x4a9c
0xf04 BTB index out of boundsN 0x0
0x18d10 N 0x18d14
0xf04 BTB index out of boundsN 0x0
0xf04 BTB index out of boundsN 0x0
0xf04 BTB index out of boundsN 0x0
0x18d10 T 0xec
0x18d10 T 0xec
0x4a98 N 0x4a9c
0x4a98 N 0x4a9c
0x18d10 N 0x18d14
0x4a98 N 0x4a9c
0xf04 BTB index out of boundsN 0x0
0xf04 BTB index out of boundsN 0x0
0x3ab2c BTB index out of boundsN 0x0
0x3ab2c BTB index out of boundsN 0x0
0x18d10 N 0x18d14
0xf04 BTB index out of boundsN 0x0
0x4a98 N 0x4a9c
0xf04 BTB index out of boundsN 0x0
0x3ab2c BTB index out of boundsN 0x0
0xf04 BTB index out of boundsN 0x0
0xf04 BTB index out of boundsN 0x0
0x18d10 N 0x18d14
0x3ab2c BTB index out of boundsN 0x0
0x3ab2c BTB index out of boundsN 0x0
0x18d10 T 0xec
0x4a98 N 0x4a9c
0x4a98 N 0x4a9c
0x18d10 N 0x18d14
0xf04 BTB index out of boundsN 0x0
0x3ab2c BTB index out of boundsN 0x0
0x4a98 N 0x4a9c
0x18d10 N 0x18d14
0x3ab2c BTB index out of boundsN 0x0
0xf04 BTB index out of boundsN 0x0
0x3ab2c BTB index out of boundsN 0x0
0xf04 BTB index out of boundsN 0x0
0xf04 BTB index out of boundsN 0x0
0x4a98 N 0x4a9c
0xf04 BTB index out of boundsN 0x0
0x3ab2c BTB index out of boundsN 0x0
0xf04 BTB index out of boundsN 0x0
0x18d10 N 0x18d14
0xf04 BTB index out of boundsN 0x0
0x3ab2c BTB index out of boundsN 0x0
0x4a98 N 0x4a9c
0x3ab2c BTB index out of boundsN 0x0
0xf04 BTB index out of boundsN 0x0
0xf04 BTB index out of boundsN 0x0
0x18d10 N 0x18d14
0xf04 BTB index out of boundsN 0x0
0x18d10 T 0xec
0x4a98 N 0x4a9c
0x4a98 N 0x4a9c
0x18d10 N 0x18d14
0x4a98 N 0x4a9c
0xf04 BTB index out of boundsN 0x0
0x4a98 N 0x4a9c
0xf04 BTB index out of boundsN 0x0
0x3ab2c BTB index out of boundsN 0x0
0x18d10 N 0x18d14
0x3ab2c BTB index out of boundsN 0x0
0x3ab2c BTB index out of boundsN 0x0
0xf04 BTB index out of boundsN 0x0
0x18d10 T 0xec
0x3ab2c BTB index out of boundsN 0x0
0x3ab2c BTB index out of boundsN 0x0
0xf04 BTB index out of boundsN 0x0
0x3ab2c BTB index out of boundsN 0x0
0xf04 BTB index out of boundsN 0x0
0x18d10 T 0xec
0x18d10 T 0xec
0x18d10 T 0xec
0x3ab2c BTB index out of boundsN 0x0
0x4a98 N 0x4a9c
0x18d10 N 0x18d14
0xf04 BTB index out of boundsN 0x0
0x18d10 T 0xec
0x3ab2c BTB index out of boundsN 0x0
0x18d10 T 0xec
0x3ab2c BTB index out of boundsN 0x0
0x3ab2c BTB index out of boundsN 0x0
0x18d10 N 0x18d14
0x3ab2c BTB index out of boundsN 0x0
0x4a98 N 0x4a9c
0x3ab2c BTB index out of boundsN 0x0
0xf04 BTB index out of boundsN 0x0
0xf04 BTB index out of boundsN 0x0
0x3ab2c BTB index out of boundsN 0x0
0xf04 BTB index out of boundsN 0x0
0x3ab2c BTB index out of boundsN 0x0
0xf04 BTB index out of boundsN 0x0
0x3ab2c BTB index out of boundsN 0x0
0x4a98 N 0x4a9c
0xf04 BTB index out of boundsN 0x0
0xf04 BTB index out of boundsN 0x0
0x3ab2c BTB index out of boundsN 0x0
0x18d10 N 0x18d14
0x4a98 N 0x4a9c
0x3ab2c BTB index out of boundsN 0x0
0xf04 BTB index out of boundsN 0x0
0x4a98 N 0x4a9c
0xf04 BTB index out of boundsN 0x0
0x3ab2c BTB index out of boundsN 0x0
0x3ab2c BTB index out of boundsN 0x0
0x3ab2c BTB index out of boundsN 0x0
0x18d10 N 0x18d14
0x3ab2c BTB index out of boundsN 0x0
0x3ab2c BTB index out of boundsN 0x0
0x18d10 N 0x18d14
0x3ab2c BTB index out of boundsN 0x0
0x4a98 N 0x4a9c
0xf04 BTB index out of boundsN 0x0
0x3ab2c BTB index out of boundsN 0x0
0x18d10 N 0x18d14
0x3ab2c BTB index out of boundsN 0x0
0x4a98 N 0x4a9c
0x3ab2c BTB index out of boundsN 0x0
0x3ab2c BTB index out of boundsN 0x0
0xf04 BTB index out of boundsN 0x0
0xf04 BTB index out of boundsN 0x0
0x3ab2c BTB index out of boundsN 0x0
0x18d10 N 0x18d14
0x18d10 N 0x18d14
0xf04 BTB index out of boundsN 0x0
0x4a98 N 0x4a9c
0x18d10 N 0x18d14
0x3ab2c BTB index out of boundsN 0x0
0x4a98 N 0x4a9c
0x4a98 N 0x4a9c
0xf04 BTB index out of boundsN 0x0
0x18d10 N 0x18d14
0x18d10 N 0x18d14
0x4a98 N 0x4a9c
0xf04 BTB index out of boundsN 0x0
0x3ab2c BTB index out of boundsN 0x0
0x18d10 N 0x18d14
0x18d10 N 0x18d14
0x18d10 N 0x18d14
0x4a98 N 0x4a9c
0x4a98 N 0x4a9c
0x18d10 N 0x18d14
0x3ab2c BTB index out of boundsN 0x0
0xf04 BTB index out of boundsN 0x0
0x4a98 N 0x4a9c
0x4a98 N 0x4a9c
0x4a98 N 0x4a9c
0x4a98 T 0x3616c0
0xf04 BTB index out of boundsN 0x0
0x18d10 N 0x18d14
0xf04 BTB index out of boundsN 0x0
0xf04 BTB index out of boundsN 0x0
0x3ab2c BTB index out of boundsN 0x0
0x18d10 N 0x18d14
0x18d10 N 0x18d14
0xf04 BTB index out of boundsN 0x0
0x4a98 N 0x4a9c
0x3ab2c BTB index out of boundsN 0x0
0x4a98 N 0x4a9c
0x4a98 N 0x4a9c
0x18d10 N 0x18d14
0x18d10 N 0x18d14
0xf04 BTB index out of boundsN 0x0
0xf04 BTB index out of boundsN 0x0
0x18d10 N 0x18d14
0x3ab2c BTB index out of boundsN 0x0
0x18d10 N 0x18d14
0x3ab2c BTB index out of boundsN 0x0
0xf04 BTB index out of boundsN 0x0
0x3ab2c BTB index out of boundsN 0x0
0x18d10 N 0x18d14
0x3ab2c BTB index out of boundsN 0x0
0x18d10 T 0xec
0xf04 BTB index out of boundsN 0x0
0xf04 BTB index out of boundsN 0x0
0x18d10 T 0xec
0x4a98 N 0x4a9c
0x4a98 T 0x3616c0
0xf04 BTB index out of boundsN 0x0
0x4a98 N 0x4a9c
0xf04 BTB index out of boundsN 0x0
0x18d10 N 0x18d14
0x4a98 N 0x4a9c
0x4a98 T 0x3616c0
0xf04 BTB index out of boundsN 0x0
0x4a98 N 0x4a9c
0x18d10 N 0x18d14
0x4a98 N 0x4a9c
0x4a98 T 0x3616c0
0xf04 BTB index out of boundsN 0x0
0x18d10 N 0x18d14
0xf04 BTB index out of boundsN 0x0
0x18d10 N 0x18d14
0xf04 BTB index out of boundsN 0x0
0xf04 BTB index out of boundsN 0x0
0x18d10 N 0x18d14
0x18d10 N 0x18d14
0x18d10 N 0x18d14
0x3ab2c BTB index out of boundsN 0x0
0x18d10 N 0x18d14
0x18d10 T 0xec
0x18d10 T 0xec
0x3ab2c BTB index out of boundsN 0x0
0xf04 BTB index out of boundsN 0x0
0xf04 BTB index out of boundsN 0x0
0xf04 BTB index out of boundsN 0x0
0x3ab2c BTB index out of boundsN 0x0
0x18d10 T 0xec
0x4a98 N 0x4a9c
0x18d10 N 0x18d14
0xf04 BTB index out of boundsN 0x0
0x3ab2c BTB index out of boundsN 0x0
0x4a98 N 0x4a9c
0x18d10 N 0x18d14
0xf04 BTB index out of boundsN 0x0
0xf04 BTB index out of boundsN 0x0
0x3ab2c BTB index out of boundsN 0x0
0x4a98 N 0x4a9c
0x3ab2c BTB index out of boundsN 0x0
0xf04 BTB index out of boundsN 0x0
0xf04 BTB index out of boundsN 0x0
0x3ab2c BTB index out of boundsN 0x0
0x18d10 N 0x18d14
0x3ab2c BTB index out of boundsN 0x0
0x18d10 N 0x18d14
0x18d10 N 0x18d14
0xf04 BTB index out of boundsN 0x0
0x3ab2c BTB index out of boundsN 0x0
0xf04 BTB index out of boundsN 0x0
0x3ab2c BTB index out of boundsN 0x0
0xf04 BTB index out of boundsN 0x0
0xf04 BTB index out of boundsN 0x0
0xf04 BTB index out of boundsN 0x0
0x4a98 N 0x4a9c
0x18d10 N 0x18d14
0x3ab2c BTB index out of boundsN 0x0
0x4a98 N 0x4a9c
0x18d10 N 0x18d14
0x18d10 N 0x18d14
0x3ab2c BTB index out of boundsN 0x0
0xf04 BTB index out of boundsN 0x0
0x3ab2c BTB index out of boundsN 0x0
0x18d10 N 0x18d14
0x4a98 N 0x4a9c
0xf04 BTB index out of boundsN 0x0
0xf04 BTB index out of boundsN 0x0
0x4a98 T 0x3616c0
0x3ab2c BTB index out of boundsN 0x0
0x3ab2c BTB index out of boundsN 0x0
0x18d10 N 0x18d14
0x4a98 N 0x4a9c
0x18d10 N 0x18d14
0x18d10 N 0x18d14
0x18d10 N 0x18d14
0x3ab2c BTB index out of boundsN 0x0
0x18d10 N 0x18d14
0x3ab2c BTB index out of boundsN 0x0
0x3ab2c BTB index out of boundsN 0x0
0x3ab2c BTB index out of boundsN 0x0
0xf04 BTB index out of boundsN 0x0
0x4a98 N 0x4a9c
0xf04 BTB index out of boundsN 0x0
0x3ab2c BTB index out of boundsN 0x0
0x18d10 N 0x18d14
0x18d10 N 0x18d14
0x18d10 N 0x18d14
0x18d10 N 0x18d14
0x18d10 N 0x18d14
0x4a98 N 0x4a9c
0xf04 BTB index out of boundsN 0x0
0xf04 BTB index out of boundsN 0x0
0x4a98 T 0x3616c0
0x18d10 N 0x18d14
0x4a98 N 0x4a9c
0xf04 BTB index out of boundsN 0x0
0x3ab2c BTB index out of boundsN 0x0
0x4a98 T 0x3616c0
0xf04 BTB index out of boundsN 0x0
0x18d10 N 0x18d14
0x3ab2c BTB index out of boundsN 0x0
0x3ab2c BTB index out of boundsN 0x0
0x3ab2c BTB index out of boundsN 0x0
0xf04 BTB index out of boundsN 0x0
0x4a98 N 0x4a9c
0x3ab2c BTB index out of boundsN 0x0
0x4a98 N 0x4a9c
0x3ab2c BTB index out of boundsN 0x0
0x3ab2c BTB index out of boundsN 0x0
0xf04 BTB index out of boundsN 0x0
0x18d10 N 0x18d14
0xf04 BTB index out of boundsN 0x0
0xf04 BTB index out of boundsN 0x0
0x3ab2c BTB index out of boundsN 0x0
0x18d10 N 0x18d14
0x18d10 N 0x18d14
0xf04 BTB index out of boundsN 0x0
0xf04 BTB index out of boundsN 0x0
0xf04 BTB index out of boundsN 0x0
0x3ab2c BTB index out of boundsN 0x0
0x3ab2c BTB index out of boundsN 0x0
0xf04 BTB index out of boundsN 0x0
0xf04 BTB index out of boundsN 0x0
0xf04 BTB index out of boundsN 0x0
0xf04 BTB index out of boundsN 0x0
0x18d10 T 0xec
0xf04 BTB index out of boundsN 0x0
0xf04 BTB index out of boundsN 0x0
0x18d10 T 0xec
0x4a98 N 0x4a9c
0x4a98 N 0x4a9c
0xf04 BTB index out of boundsN 0x0
0xf04 BTB index out of boundsN 0x0
0x18d10 N 0x18d14
0x3ab2c BTB index out of boundsN 0x0
0x4a98 N 0x4a9c
0x4a98 N 0x4a9c
0x4a98 N 0x4a9c
0xf04 BTB index out of boundsN 0x0
0x4a98 N 0x4a9c
0xf04 BTB index out of boundsN 0x0
0x4a98 T 0x3616c0
0x18d10 N 0x18d14
0x18d10 T 0xec
0x4a98 N 0x4a9c
0x4a98 N 0x4a9c
0x4a98 N 0x4a9c
0x4a98 T 0x3616c0
0x18d10 N 0x18d14
0x4a98 N 0x4a9c
0x18d10 N 0x18d14
0xf04 BTB index out of boundsN 0x0
0x18d10 N 0x18d14
