0x14028 N 0x1402c
0x3e3d8 N 0x3e3dc
0x9c0 N 0x9c4
0x47a0 N 0x47a4
0x1ff2afc BTB index out of boundsN 0x0
0x580b878 N 0x580b87c
0x14028 N 0x1402c
0xf04 BTB index out of boundsN 0x0
0x9c0 N 0x9c4
0x47a0 N 0x47a4
0x91d24abc BTB index out of boundsN 0x0
0x9c0 N 0x9c4
0x47a0 N 0x47a4
0x361d5410 N 0x361d5414
0x14028 N 0x1402c
0x3e3d8 N 0x3e3dc
0x1ff2afc BTB index out of boundsN 0x0
0x1ff2afc BTB index out of boundsN 0x0
0xf04 BTB index out of boundsN 0x0
0xf04 BTB index out of boundsN 0x0
0x47a0 N 0x47a4
0x9c0 N 0x9c4
0x47a0 N 0x47a4
0xf04 BTB index out of boundsN 0x0
0xf04 BTB index out of boundsN 0x0
0xaa16bb8 N 0xaa16bbc
0x14028 N 0x1402c
0x1ff2afc BTB index out of boundsN 0x0
0x361d5410 N 0x361d5414
0xf04 BTB index out of boundsN 0x0
0x3e3d8 N 0x3e3dc
0x47a0 N 0x47a4
0x580b878 N 0x580b87c
0x9c0 N 0x9c4
0xaa16bb8 N 0xaa16bbc
0xf04 BTB index out of boundsN 0x0
0x14028 N 0x1402c
0x9c0 N 0x9c4
0x1ff2afc BTB index out of boundsN 0x0
0xf04 BTB index out of boundsN 0x0
0x14028 N 0x1402c
0x14028 N 0x1402c
0xf04 BTB index out of boundsN 0x0
0x91d24abc BTB index out of boundsN 0x0
0x580b878 N 0x580b87c
0x580b878 N 0x580b87c
0xaa16bb8 N 0xaa16bbc
0x9c0 N 0x9c4
0x3e3d8 N 0x3e3dc
0xaa16bb8 N 0xaa16bbc
0x361d5410 N 0x361d5414
0x3e3d8 N 0x3e3dc
0x1ff2afc BTB index out of boundsN 0x0
0xf04 BTB index out of boundsN 0x0
0x361d5410 N 0x361d5414
0x580b878 N 0x580b87c
0xaa16bb8 N 0xaa16bbc
0x361d5410 N 0x361d5414
0x14028 N 0x1402c
0xaa16bb8 N 0xaa16bbc
0x3e3d8 N 0x3e3dc
0x47a0 N 0x47a4
0xaa16bb8 N 0xaa16bbc
0x361d5410 N 0x361d5414
0x91d24abc BTB index out of boundsN 0x0
0x361d5410 N 0x361d5414
0x580b878 N 0x580b87c
0xaa16bb8 N 0xaa16bbc
0xaa16bb8 N 0xaa16bbc
0x1ff2afc BTB index out of boundsN 0x0
0x361d5410 N 0x361d5414
0xf04 BTB index out of boundsN 0x0
0x1ff2afc BTB index out of boundsN 0x0
0x9c0 N 0x9c4
0x361d5410 N 0x361d5414
0x47a0 N 0x47a4
0x9c0 N 0x9c4
0x1ff2afc BTB index out of boundsN 0x0
0x361d5410 N 0x361d5414
0xf04 BTB index out of boundsN 0x0
0x91d24abc BTB index out of boundsN 0x0
0x1ff2afc BTB index out of boundsN 0x0
0x14028 N 0x1402c
0x3e3d8 N 0x3e3dc
0x3e3d8 N 0x3e3dc
0x91d24abc BTB index out of boundsN 0x0
0x580b878 N 0x580b87c
0x14028 N 0x1402c
0x361d5410 N 0x361d5414
0xaa16bb8 N 0xaa16bbc
0x580b878 N 0x580b87c
0x14028 N 0x1402c
0x91d24abc BTB index out of boundsN 0x0
0x47a0 N 0x47a4
0x9c0 N 0x9c4
0x361d5410 N 0x361d5414
0x14028 N 0x1402c
0x91d24abc BTB index out of boundsN 0x0
0x14028 N 0x1402c
0x361d5410 N 0x361d5414
0x9c0 N 0x9c4
0xf04 BTB index out of boundsN 0x0
0x361d5410 N 0x361d5414
0x1ff2afc BTB index out of boundsN 0x0
0x361d5410 N 0x361d5414
0x9c0 N 0x9c4
0xf04 BTB index out of boundsN 0x0
0x3e3d8 N 0x3e3dc
0x14028 N 0x1402c
0x9c0 N 0x9c4
0x3e3d8 N 0x3e3dc
0x361d5410 N 0x361d5414
0x91d24abc BTB index out of boundsN 0x0
0x1ff2afc BTB index out of boundsN 0x0
0xaa16bb8 N 0xaa16bbc
0x580b878 N 0x580b87c
0xf04 BTB index out of boundsN 0x0
0x361d5410 N 0x361d5414
0x91d24abc BTB index out of boundsN 0x0
0x47a0 N 0x47a4
0xaa16bb8 N 0xaa16bbc
0x580b878 N 0x580b87c
0xf04 BTB index out of boundsN 0x0
0x9c0 N 0x9c4
0x47a0 N 0x47a4
0x9c0 N 0x9c4
0xaa16bb8 N 0xaa16bbc
0x580b878 N 0x580b87c
0x3e3d8 N 0x3e3dc
0x14028 N 0x1402c
0x14028 N 0x1402c
0x91d24abc BTB index out of boundsN 0x0
0x361d5410 N 0x361d5414
0x3e3d8 N 0x3e3dc
0x47a0 N 0x47a4
0x580b878 N 0x580b87c
0xaa16bb8 N 0xaa16bbc
0x361d5410 N 0x361d5414
0x9c0 N 0x9c4
0xaa16bb8 N 0xaa16bbc
0x47a0 N 0x47a4
0x3e3d8 N 0x3e3dc
0x14028 N 0x1402c
0xf04 BTB index out of boundsN 0x0
0xf04 BTB index out of boundsN 0x0
0x47a0 N 0x47a4
0x361d5410 N 0x361d5414
0x9c0 N 0x9c4
0x14028 N 0x1402c
0x91d24abc BTB index out of boundsN 0x0
0xaa16bb8 N 0xaa16bbc
0x14028 N 0x1402c
0xf04 BTB index out of boundsN 0x0
0x14028 N 0x1402c
0x14028 N 0x1402c
0x91d24abc BTB index out of boundsN 0x0
0x1ff2afc BTB index out of boundsN 0x0
0x1ff2afc BTB index out of boundsN 0x0
0x3e3d8 N 0x3e3dc
0x91d24abc BTB index out of boundsN 0x0
0x91d24abc BTB index out of boundsN 0x0
0x47a0 N 0x47a4
0x1ff2afc BTB index out of boundsN 0x0
0x47a0 N 0x47a4
0x3e3d8 N 0x3e3dc
0xf04 BTB index out of boundsN 0x0
0x3e3d8 N 0x3e3dc
0x47a0 N 0x47a4
0x1ff2afc BTB index out of boundsN 0x0
0x47a0 N 0x47a4
0xaa16bb8 N 0xaa16bbc
0x580b878 N 0x580b87c
0x1ff2afc BTB index out of boundsN 0x0
0x91d24abc BTB index out of boundsN 0x0
0x91d24abc BTB index out of boundsN 0x0
0x14028 N 0x1402c
0x91d24abc BTB index out of boundsN 0x0
0xf04 BTB index out of boundsN 0x0
0x91d24abc BTB index out of boundsN 0x0
0x361d5410 N 0x361d5414
0x14028 N 0x1402c
0x580b878 N 0x580b87c
0xf04 BTB index out of boundsN 0x0
0x361d5410 N 0x361d5414
0x1ff2afc BTB index out of boundsN 0x0
0x1ff2afc BTB index out of boundsN 0x0
0x580b878 N 0x580b87c
0x580b878 N 0x580b87c
0xaa16bb8 N 0xaa16bbc
0x361d5410 N 0x361d5414
0x14028 N 0x1402c
0x3e3d8 N 0x3e3dc
0x361d5410 N 0x361d5414
0xaa16bb8 N 0xaa16bbc
0xf04 BTB index out of boundsN 0x0
0xf04 BTB index out of boundsN 0x0
0x91d24abc BTB index out of boundsN 0x0
0xaa16bb8 N 0xaa16bbc
0xf04 BTB index out of boundsN 0x0
0x361d5410 N 0x361d5414
0x3e3d8 N 0x3e3dc
0x91d24abc BTB index out of boundsN 0x0
0x91d24abc BTB index out of boundsN 0x0
0x1ff2afc BTB index out of boundsN 0x0
0xaa16bb8 N 0xaa16bbc
0x361d5410 N 0x361d5414
0x14028 N 0x1402c
0x91d24abc BTB index out of boundsN 0x0
0x9c0 N 0x9c4
0x580b878 N 0x580b87c
0xaa16bb8 N 0xaa16bbc
0x91d24abc BTB index out of boundsN 0x0
0x9c0 N 0x9c4
0x47a0 N 0x47a4
0xaa16bb8 N 0xaa16bbc
0xaa16bb8 N 0xaa16bbc
0xaa16bb8 N 0xaa16bbc
0x91d24abc BTB index out of boundsN 0x0
0xf04 BTB index out of boundsN 0x0
0x580b878 N 0x580b87c
0x580b878 N 0x580b87c
0x14028 N 0x1402c
0x9c0 N 0x9c4
0x3e3d8 N 0x3e3dc
0x3e3d8 N 0x3e3dc
0x14028 N 0x1402c
0x1ff2afc BTB index out of boundsN 0x0
0x14028 N 0x1402c
0x9c0 N 0x9c4
0x3e3d8 N 0x3e3dc
0x47a0 N 0x47a4
0x361d5410 N 0x361d5414
0x361d5410 N 0x361d5414
0xf04 BTB index out of boundsN 0x0
0x91d24abc BTB index out of boundsN 0x0
0x47a0 N 0x47a4
0x580b878 N 0x580b87c
0xaa16bb8 N 0xaa16bbc
0x91d24abc BTB index out of boundsN 0x0
0x361d5410 N 0x361d5414
0x580b878 N 0x580b87c
0x1ff2afc BTB index out of boundsN 0x0
0x14028 N 0x1402c
0x47a0 N 0x47a4
0x91d24abc BTB index out of boundsN 0x0
0x47a0 N 0x47a4
0x1ff2afc BTB index out of boundsN 0x0
0x1ff2afc BTB index out of boundsN 0x0
0xf04 BTB index out of boundsN 0x0
0xaa16bb8 N 0xaa16bbc
0x47a0 N 0x47a4
0xaa16bb8 N 0xaa16bbc
0x3e3d8 N 0x3e3dc
0x91d24abc BTB index out of boundsN 0x0
0xaa16bb8 N 0xaa16bbc
0x14028 N 0x1402c
0x91d24abc BTB index out of boundsN 0x0
0x1ff2afc BTB index out of boundsN 0x0
0x91d24abc BTB index out of boundsN 0x0
0x91d24abc BTB index out of boundsN 0x0
0x9c0 N 0x9c4
0x361d5410 N 0x361d5414
0x47a0 N 0x47a4
0x9c0 N 0x9c4
0x580b878 N 0x580b87c
0x1ff2afc BTB index out of boundsN 0x0
0xf04 BTB index out of boundsN 0x0
0x47a0 N 0x47a4
0x47a0 N 0x47a4
0x91d24abc BTB index out of boundsN 0x0
0x3e3d8 N 0x3e3dc
0x9c0 N 0x9c4
0x9c0 N 0x9c4
0x3e3d8 N 0x3e3dc
0x1ff2afc BTB index out of boundsN 0x0
0x91d24abc BTB index out of boundsN 0x0
0x361d5410 N 0x361d5414
0x47a0 N 0x47a4
0x1ff2afc BTB index out of boundsN 0x0
0x1ff2afc BTB index out of boundsN 0x0
0x47a0 N 0x47a4
0x361d5410 N 0x361d5414
0xaa16bb8 N 0xaa16bbc
0x361d5410 N 0x361d5414
0xf04 BTB index out of boundsN 0x0
0x1ff2afc BTB index out of boundsN 0x0
0x14028 N 0x1402c
0x9c0 N 0x9c4
0xf04 BTB index out of boundsN 0x0
0xf04 BTB index out of boundsN 0x0
0x14028 N 0x1402c
0x3e3d8 N 0x3e3dc
0x9c0 N 0x9c4
0x580b878 N 0x580b87c
0x1ff2afc BTB index out of boundsN 0x0
0x3e3d8 N 0x3e3dc
0x3e3d8 N 0x3e3dc
0xf04 BTB index out of boundsN 0x0
0x3e3d8 N 0x3e3dc
0x580b878 N 0x580b87c
0x14028 N 0x1402c
0x9c0 N 0x9c4
0x91d24abc BTB index out of boundsN 0x0
0x14028 N 0x1402c
0x14028 N 0x1402c
0x580b878 N 0x580b87c
0x580b878 N 0x580b87c
0xf04 BTB index out of boundsN 0x0
0x1ff2afc BTB index out of boundsN 0x0
0x3e3d8 N 0x3e3dc
0x1ff2afc BTB index out of boundsN 0x0
0x3e3d8 N 0x3e3dc
0xf04 BTB index out of boundsN 0x0
0x91d24abc BTB index out of boundsN 0x0
0x9c0 N 0x9c4
0xf04 BTB index out of boundsN 0x0
0x580b878 N 0x580b87c
0xf04 BTB index out of boundsN 0x0
0x47a0 N 0x47a4
0x47a0 N 0x47a4
0x47a0 N 0x47a4
0xf04 BTB index out of boundsN 0x0
0xaa16bb8 N 0xaa16bbc
0x1ff2afc BTB index out of boundsN 0x0
0x361d5410 N 0x361d5414
0x9c0 N 0x9c4
0x14028 N 0x1402c
0x3e3d8 N 0x3e3dc
0xf04 BTB index out of boundsN 0x0
0x47a0 N 0x47a4
0x14028 N 0x1402c
0x1ff2afc BTB index out of boundsN 0x0
0x580b878 N 0x580b87c
0xf04 BTB index out of boundsN 0x0
0x3e3d8 N 0x3e3dc
0x14028 N 0x1402c
0x3e3d8 N 0x3e3dc
0xf04 BTB index out of boundsN 0x0
0x361d5410 N 0x361d5414
0xaa16bb8 N 0xaa16bbc
0xaa16bb8 N 0xaa16bbc
0x91d24abc BTB index out of boundsN 0x0
0x47a0 N 0x47a4
0x361d5410 N 0x361d5414
0x14028 N 0x1402c
0x14028 N 0x1402c
0x580b878 N 0x580b87c
0xf04 BTB index out of boundsN 0x0
0x47a0 N 0x47a4
0x91d24abc BTB index out of boundsN 0x0
0x9c0 N 0x9c4
0xf04 BTB index out of boundsN 0x0
0x3e3d8 N 0x3e3dc
0x91d24abc BTB index out of boundsN 0x0
0x361d5410 N 0x361d5414
0x3e3d8 N 0x3e3dc
0xf04 BTB index out of boundsN 0x0
0xaa16bb8 N 0xaa16bbc
0x9c0 N 0x9c4
0x361d5410 N 0x361d5414
0xf04 BTB index out of boundsN 0x0
0x3e3d8 N 0x3e3dc
0x361d5410 N 0x361d5414
0x580b878 N 0x580b87c
0x580b878 N 0x580b87c
0x1ff2afc BTB index out of boundsN 0x0
0x47a0 N 0x47a4
0xaa16bb8 N 0xaa16bbc
0x14028 N 0x1402c
0x3e3d8 N 0x3e3dc
0xf04 BTB index out of boundsN 0x0
0x9c0 N 0x9c4
0x9c0 N 0x9c4
0x1ff2afc BTB index out of boundsN 0x0
0x1ff2afc BTB index out of boundsN 0x0
0x14028 N 0x1402c
0xf04 BTB index out of boundsN 0x0
0x3e3d8 N 0x3e3dc
0x9c0 N 0x9c4
0x47a0 N 0x47a4
0xaa16bb8 N 0xaa16bbc
0x14028 N 0x1402c
0x1ff2afc BTB index out of boundsN 0x0
0xaa16bb8 N 0xaa16bbc
0x1ff2afc BTB index out of boundsN 0x0
0x9c0 N 0x9c4
0x361d5410 N 0x361d5414
0x47a0 N 0x47a4
0x9c0 N 0x9c4
0x3e3d8 N 0x3e3dc
0x91d24abc BTB index out of boundsN 0x0
0x9c0 N 0x9c4
0x1ff2afc BTB index out of boundsN 0x0
0x9c0 N 0x9c4
0x361d5410 N 0x361d5414
0x14028 N 0x1402c
0xf04 BTB index out of boundsN 0x0
0x580b878 N 0x580b87c
0x580b878 N 0x580b87c
0x14028 N 0x1402c
0x1ff2afc BTB index out of boundsN 0x0
0xf04 BTB index out of boundsN 0x0
0x47a0 N 0x47a4
0x14028 N 0x1402c
0x14028 N 0x1402c
0x91d24abc BTB index out of boundsN 0x0
0xaa16bb8 N 0xaa16bbc
0xf04 BTB index out of boundsN 0x0
0xaa16bb8 N 0xaa16bbc
0xaa16bb8 N 0xaa16bbc
0x91d24abc BTB index out of boundsN 0x0
0x580b878 N 0x580b87c
0x9c0 N 0x9c4
0x47a0 N 0x47a4
0x14028 N 0x1402c
0x3e3d8 N 0x3e3dc
0x91d24abc BTB index out of boundsN 0x0
0xf04 BTB index out of boundsN 0x0
0x3e3d8 N 0x3e3dc
0x14028 N 0x1402c
0x3e3d8 N 0x3e3dc
0x361d5410 N 0x361d5414
0x580b878 N 0x580b87c
0x361d5410 N 0x361d5414
0x14028 N 0x1402c
0x14028 N 0x1402c
0x47a0 N 0x47a4
0x91d24abc BTB index out of boundsN 0x0
0x47a0 N 0x47a4
0x9c0 N 0x9c4
0x47a0 N 0x47a4
0xf04 BTB index out of boundsN 0x0
0x91d24abc BTB index out of boundsN 0x0
0x14028 N 0x1402c
0x1ff2afc BTB index out of boundsN 0x0
0x580b878 N 0x580b87c
0x580b878 N 0x580b87c
0xaa16bb8 N 0xaa16bbc
0x361d5410 N 0x361d5414
0x1ff2afc BTB index out of boundsN 0x0
0x1ff2afc BTB index out of boundsN 0x0
0x1ff2afc BTB index out of boundsN 0x0
0x361d5410 N 0x361d5414
0x1ff2afc BTB index out of boundsN 0x0
0x9c0 N 0x9c4
0xf04 BTB index out of boundsN 0x0
0x3e3d8 N 0x3e3dc
0x91d24abc BTB index out of boundsN 0x0
0x361d5410 N 0x361d5414
0x361d5410 N 0x361d5414
0x47a0 N 0x47a4
0x14028 N 0x1402c
0xaa16bb8 N 0xaa16bbc
0x14028 N 0x1402c
0xaa16bb8 N 0xaa16bbc
0xf04 BTB index out of boundsN 0x0
0x9c0 N 0x9c4
0xf04 BTB index out of boundsN 0x0
0x9c0 N 0x9c4
0x361d5410 N 0x361d5414
0x47a0 N 0x47a4
0x3e3d8 N 0x3e3dc
0xf04 BTB index out of boundsN 0x0
0x1ff2afc BTB index out of boundsN 0x0
0xaa16bb8 N 0xaa16bbc
0x580b878 N 0x580b87c
0x361d5410 N 0x361d5414
0x14028 N 0x1402c
0x1ff2afc BTB index out of boundsN 0x0
0xf04 BTB index out of boundsN 0x0
0x361d5410 N 0x361d5414
0x91d24abc BTB index out of boundsN 0x0
0x1ff2afc BTB index out of boundsN 0x0
0x9c0 N 0x9c4
0x3e3d8 N 0x3e3dc
0x47a0 N 0x47a4
0x580b878 N 0x580b87c
0x47a0 N 0x47a4
0x14028 N 0x1402c
0xaa16bb8 N 0xaa16bbc
0x361d5410 N 0x361d5414
0x14028 N 0x1402c
0x14028 N 0x1402c
0x361d5410 N 0x361d5414
0x3e3d8 N 0x3e3dc
0x47a0 N 0x47a4
0x14028 N 0x1402c
0x9c0 N 0x9c4
0x361d5410 N 0x361d5414
0x580b878 N 0x580b87c
0x9c0 N 0x9c4
0x47a0 N 0x47a4
0x9c0 N 0x9c4
0x91d24abc BTB index out of boundsN 0x0
0x3e3d8 N 0x3e3dc
0x47a0 N 0x47a4
0x1ff2afc BTB index out of boundsN 0x0
0x91d24abc BTB index out of boundsN 0x0
0x580b878 N 0x580b87c
0x14028 N 0x1402c
0x580b878 N 0x580b87c
0x361d5410 N 0x361d5414
0x1ff2afc BTB index out of boundsN 0x0
0xaa16bb8 N 0xaa16bbc
0xf04 BTB index out of boundsN 0x0
0x14028 N 0x1402c
0x361d5410 N 0x361d5414
0x580b878 N 0x580b87c
0x361d5410 N 0x361d5414
0xaa16bb8 N 0xaa16bbc
0x91d24abc BTB index out of boundsN 0x0
0xf04 BTB index out of boundsN 0x0
0x91d24abc BTB index out of boundsN 0x0
0xaa16bb8 N 0xaa16bbc
0x580b878 N 0x580b87c
0x1ff2afc BTB index out of boundsN 0x0
0x361d5410 N 0x361d5414
0x3e3d8 N 0x3e3dc
0x14028 N 0x1402c
0xaa16bb8 N 0xaa16bbc
0x3e3d8 N 0x3e3dc
0x361d5410 N 0x361d5414
0x3e3d8 N 0x3e3dc
0x47a0 N 0x47a4
0x580b878 N 0x580b87c
0x91d24abc BTB index out of boundsN 0x0
0x91d24abc BTB index out of boundsN 0x0
0xaa16bb8 N 0xaa16bbc
0x1ff2afc BTB index out of boundsN 0x0
0x47a0 N 0x47a4
0x91d24abc BTB index out of boundsN 0x0
0xaa16bb8 N 0xaa16bbc
0x91d24abc BTB index out of boundsN 0x0
0x580b878 N 0x580b87c
0x1ff2afc BTB index out of boundsN 0x0
0xaa16bb8 N 0xaa16bbc
0x47a0 N 0x47a4
0x9c0 N 0x9c4
0x1ff2afc BTB index out of boundsN 0x0
0x3e3d8 N 0x3e3dc
0xf04 BTB index out of boundsN 0x0
0x361d5410 N 0x361d5414
0xaa16bb8 N 0xaa16bbc
0x9c0 N 0x9c4
0x580b878 N 0x580b87c
0x3e3d8 N 0x3e3dc
0xf04 BTB index out of boundsN 0x0
0x361d5410 N 0x361d5414
0x1ff2afc BTB index out of boundsN 0x0
0xf04 BTB index out of boundsN 0x0
0xf04 BTB index out of boundsN 0x0
0xf04 BTB index out of boundsN 0x0
0x91d24abc BTB index out of boundsN 0x0
0x580b878 N 0x580b87c
0x361d5410 N 0x361d5414
0xaa16bb8 N 0xaa16bbc
0x14028 N 0x1402c
0x9c0 N 0x9c4
0x580b878 N 0x580b87c
0x580b878 N 0x580b87c
0x580b878 N 0x580b87c
0xaa16bb8 N 0xaa16bbc
0x9c0 N 0x9c4
0x3e3d8 N 0x3e3dc
0xaa16bb8 N 0xaa16bbc
0x9c0 N 0x9c4
0x91d24abc BTB index out of boundsN 0x0
0x1ff2afc BTB index out of boundsN 0x0
0x3e3d8 N 0x3e3dc
0xaa16bb8 N 0xaa16bbc
0x361d5410 N 0x361d5414
0x1ff2afc BTB index out of boundsN 0x0
0x9c0 N 0x9c4
0x9c0 N 0x9c4
0x580b878 N 0x580b87c
0x9c0 N 0x9c4
0x14028 N 0x1402c
0xf04 BTB index out of boundsN 0x0
0xaa16bb8 N 0xaa16bbc
0x91d24abc BTB index out of boundsN 0x0
0x3e3d8 N 0x3e3dc
0xf04 BTB index out of boundsN 0x0
0xf04 BTB index out of boundsN 0x0
0x361d5410 N 0x361d5414
0x47a0 N 0x47a4
0x1ff2afc BTB index out of boundsN 0x0
0x91d24abc BTB index out of boundsN 0x0
0x3e3d8 N 0x3e3dc
0x47a0 N 0x47a4
0x3e3d8 N 0x3e3dc
0x14028 N 0x1402c
0xf04 BTB index out of boundsN 0x0
0x14028 N 0x1402c
0x361d5410 N 0x361d5414
0x91d24abc BTB index out of boundsN 0x0
0x14028 N 0x1402c
0x91d24abc BTB index out of boundsN 0x0
0x47a0 N 0x47a4
0x91d24abc BTB index out of boundsN 0x0
0xaa16bb8 N 0xaa16bbc
0x3e3d8 N 0x3e3dc
0x47a0 N 0x47a4
0x361d5410 N 0x361d5414
0x91d24abc BTB index out of boundsN 0x0
0xf04 BTB index out of boundsN 0x0
0xaa16bb8 N 0xaa16bbc
0x91d24abc BTB index out of boundsN 0x0
0xaa16bb8 N 0xaa16bbc
0x580b878 N 0x580b87c
0x9c0 N 0x9c4
0x361d5410 N 0x361d5414
0x580b878 N 0x580b87c
0x9c0 N 0x9c4
0x580b878 N 0x580b87c
0xf04 BTB index out of boundsN 0x0
0x47a0 N 0x47a4
0x1ff2afc BTB index out of boundsN 0x0
0x9c0 N 0x9c4
0xaa16bb8 N 0xaa16bbc
0x580b878 N 0x580b87c
0x580b878 N 0x580b87c
0x47a0 N 0x47a4
0x361d5410 N 0x361d5414
0x9c0 N 0x9c4
0x3e3d8 N 0x3e3dc
0xf04 BTB index out of boundsN 0x0
0x1ff2afc BTB index out of boundsN 0x0
0x3e3d8 N 0x3e3dc
0x91d24abc BTB index out of boundsN 0x0
0x580b878 N 0x580b87c
0x580b878 N 0x580b87c
0xf04 BTB index out of boundsN 0x0
0xaa16bb8 N 0xaa16bbc
0xaa16bb8 N 0xaa16bbc
0x14028 N 0x1402c
0x361d5410 N 0x361d5414
0x14028 N 0x1402c
0x14028 N 0x1402c
0xf04 BTB index out of boundsN 0x0
0xaa16bb8 N 0xaa16bbc
0x361d5410 N 0x361d5414
0xf04 BTB index out of boundsN 0x0
0x1ff2afc BTB index out of boundsN 0x0
0x91d24abc BTB index out of boundsN 0x0
0x580b878 N 0x580b87c
0x9c0 N 0x9c4
0xf04 BTB index out of boundsN 0x0
0x9c0 N 0x9c4
0x1ff2afc BTB index out of boundsN 0x0
0x9c0 N 0x9c4
0x47a0 N 0x47a4
0xf04 BTB index out of boundsN 0x0
0x3e3d8 N 0x3e3dc
0x9c0 N 0x9c4
0x361d5410 N 0x361d5414
0xf04 BTB index out of boundsN 0x0
0x3e3d8 N 0x3e3dc
0x47a0 N 0x47a4
0xaa16bb8 N 0xaa16bbc
0x14028 N 0x1402c
0x14028 N 0x1402c
0x9c0 N 0x9c4
0x9c0 N 0x9c4
0xaa16bb8 N 0xaa16bbc
0x1ff2afc BTB index out of boundsN 0x0
0x91d24abc BTB index out of boundsN 0x0
0x580b878 N 0x580b87c
0x3e3d8 N 0x3e3dc
0xaa16bb8 N 0xaa16bbc
0x1ff2afc BTB index out of boundsN 0x0
0x3e3d8 N 0x3e3dc
0x91d24abc BTB index out of boundsN 0x0
0x47a0 N 0x47a4
0xaa16bb8 N 0xaa16bbc
0x1ff2afc BTB index out of boundsN 0x0
0x47a0 N 0x47a4
0x1ff2afc BTB index out of boundsN 0x0
0x580b878 N 0x580b87c
0x580b878 N 0x580b87c
0x14028 N 0x1402c
0x361d5410 N 0x361d5414
0xf04 BTB index out of boundsN 0x0
0x14028 N 0x1402c
0xaa16bb8 N 0xaa16bbc
0x580b878 N 0x580b87c
0x580b878 N 0x580b87c
0x361d5410 N 0x361d5414
0x361d5410 N 0x361d5414
0x47a0 N 0x47a4
0x3e3d8 N 0x3e3dc
0x361d5410 N 0x361d5414
0x14028 N 0x1402c
0xf04 BTB index out of boundsN 0x0
0x361d5410 N 0x361d5414
0xaa16bb8 N 0xaa16bbc
0x3e3d8 N 0x3e3dc
0x91d24abc BTB index out of boundsN 0x0
0x91d24abc BTB index out of boundsN 0x0
0xaa16bb8 N 0xaa16bbc
0xaa16bb8 N 0xaa16bbc
0x9c0 N 0x9c4
0x47a0 N 0x47a4
0x47a0 N 0x47a4
0x361d5410 N 0x361d5414
0x14028 N 0x1402c
0xf04 BTB index out of boundsN 0x0
0x580b878 N 0x580b87c
0xaa16bb8 N 0xaa16bbc
0xf04 BTB index out of boundsN 0x0
0x91d24abc BTB index out of boundsN 0x0
0x9c0 N 0x9c4
0x580b878 N 0x580b87c
0x3e3d8 N 0x3e3dc
0x47a0 N 0x47a4
0x91d24abc BTB index out of boundsN 0x0
0x91d24abc BTB index out of boundsN 0x0
0xaa16bb8 N 0xaa16bbc
0x14028 N 0x1402c
0x91d24abc BTB index out of boundsN 0x0
0x361d5410 N 0x361d5414
0xaa16bb8 N 0xaa16bbc
0x9c0 N 0x9c4
0x9c0 N 0x9c4
0x3e3d8 N 0x3e3dc
0x361d5410 N 0x361d5414
0xf04 BTB index out of boundsN 0x0
0x1ff2afc BTB index out of boundsN 0x0
0x9c0 N 0x9c4
0x3e3d8 N 0x3e3dc
0x47a0 N 0x47a4
0x47a0 N 0x47a4
0x14028 N 0x1402c
0x580b878 N 0x580b87c
0x14028 N 0x1402c
0x91d24abc BTB index out of boundsN 0x0
0x580b878 N 0x580b87c
0x9c0 N 0x9c4
0x9c0 N 0x9c4
0x91d24abc BTB index out of boundsN 0x0
0x47a0 N 0x47a4
0x3e3d8 N 0x3e3dc
0x47a0 N 0x47a4
0x3e3d8 N 0x3e3dc
0xf04 BTB index out of boundsN 0x0
0xaa16bb8 N 0xaa16bbc
0x14028 N 0x1402c
0x14028 N 0x1402c
0x91d24abc BTB index out of boundsN 0x0
0x361d5410 N 0x361d5414
0xf04 BTB index out of boundsN 0x0
0xaa16bb8 N 0xaa16bbc
0x9c0 N 0x9c4
0x1ff2afc BTB index out of boundsN 0x0
0x3e3d8 N 0x3e3dc
0x9c0 N 0x9c4
0x3e3d8 N 0x3e3dc
0x3e3d8 N 0x3e3dc
0x14028 N 0x1402c
0x9c0 N 0x9c4
0x9c0 N 0x9c4
0x14028 N 0x1402c
0x9c0 N 0x9c4
0x3e3d8 N 0x3e3dc
0x361d5410 N 0x361d5414
0x1ff2afc BTB index out of boundsN 0x0
0x14028 N 0x1402c
0x14028 N 0x1402c
0x9c0 N 0x9c4
0x9c0 N 0x9c4
0x3e3d8 N 0x3e3dc
0x580b878 N 0x580b87c
0x14028 N 0x1402c
0x361d5410 N 0x361d5414
0x1ff2afc BTB index out of boundsN 0x0
0x14028 N 0x1402c
0x3e3d8 N 0x3e3dc
0xf04 BTB index out of boundsN 0x0
0x47a0 N 0x47a4
0x14028 N 0x1402c
0xf04 BTB index out of boundsN 0x0
0x3e3d8 N 0x3e3dc
0x3e3d8 N 0x3e3dc
0x580b878 N 0x580b87c
0x91d24abc BTB index out of boundsN 0x0
0x3e3d8 N 0x3e3dc
0xaa16bb8 N 0xaa16bbc
0xaa16bb8 N 0xaa16bbc
0x361d5410 N 0x361d5414
0xf04 BTB index out of boundsN 0x0
0x361d5410 N 0x361d5414
0x9c0 N 0x9c4
0x1ff2afc BTB index out of boundsN 0x0
0x1ff2afc BTB index out of boundsN 0x0
0xf04 BTB index out of boundsN 0x0
0x3e3d8 N 0x3e3dc
0xaa16bb8 N 0xaa16bbc
0x47a0 N 0x47a4
0x361d5410 N 0x361d5414
0x580b878 N 0x580b87c
0x580b878 N 0x580b87c
0x14028 N 0x1402c
0x91d24abc BTB index out of boundsN 0x0
0x9c0 N 0x9c4
0xf04 BTB index out of boundsN 0x0
0x91d24abc BTB index out of boundsN 0x0
0x9c0 N 0x9c4
0x1ff2afc BTB index out of boundsN 0x0
0x361d5410 N 0x361d5414
0x3e3d8 N 0x3e3dc
0x3e3d8 N 0x3e3dc
0x47a0 N 0x47a4
0x3e3d8 N 0x3e3dc
0x14028 N 0x1402c
0xf04 BTB index out of boundsN 0x0
0x9c0 N 0x9c4
0xf04 BTB index out of boundsN 0x0
0xaa16bb8 N 0xaa16bbc
0xf04 BTB index out of boundsN 0x0
0x91d24abc BTB index out of boundsN 0x0
0x9c0 N 0x9c4
0x3e3d8 N 0x3e3dc
0x1ff2afc BTB index out of boundsN 0x0
0x1ff2afc BTB index out of boundsN 0x0
0x361d5410 N 0x361d5414
0x580b878 N 0x580b87c
0x361d5410 N 0x361d5414
0x3e3d8 N 0x3e3dc
0x47a0 N 0x47a4
0x14028 N 0x1402c
0x91d24abc BTB index out of boundsN 0x0
0x9c0 N 0x9c4
0x14028 N 0x1402c
0x1ff2afc BTB index out of boundsN 0x0
0x14028 N 0x1402c
0x1ff2afc BTB index out of boundsN 0x0
0x91d24abc BTB index out of boundsN 0x0
0x580b878 N 0x580b87c
0x47a0 N 0x47a4
0xaa16bb8 N 0xaa16bbc
0x3e3d8 N 0x3e3dc
0x580b878 N 0x580b87c
0xf04 BTB index out of boundsN 0x0
0x3e3d8 N 0x3e3dc
0x14028 N 0x1402c
0x91d24abc BTB index out of boundsN 0x0
0x361d5410 N 0x361d5414
0x361d5410 N 0x361d5414
0x9c0 N 0x9c4
0x91d24abc BTB index out of boundsN 0x0
0x47a0 N 0x47a4
0x3e3d8 N 0x3e3dc
0x47a0 N 0x47a4
0xaa16bb8 N 0xaa16bbc
0x580b878 N 0x580b87c
0x3e3d8 N 0x3e3dc
0x580b878 N 0x580b87c
0x14028 N 0x1402c
0x3e3d8 N 0x3e3dc
0x361d5410 N 0x361d5414
0x580b878 N 0x580b87c
0xf04 BTB index out of boundsN 0x0
0x91d24abc BTB index out of boundsN 0x0
0x3e3d8 N 0x3e3dc
0x580b878 N 0x580b87c
0x1ff2afc BTB index out of boundsN 0x0
0x580b878 N 0x580b87c
0xaa16bb8 N 0xaa16bbc
0x91d24abc BTB index out of boundsN 0x0
0x14028 N 0x1402c
0x1ff2afc BTB index out of boundsN 0x0
0x1ff2afc BTB index out of boundsN 0x0
0x9c0 N 0x9c4
0x361d5410 N 0x361d5414
0x3e3d8 N 0x3e3dc
0xaa16bb8 N 0xaa16bbc
0xaa16bb8 N 0xaa16bbc
0x580b878 N 0x580b87c
0x580b878 N 0x580b87c
0xf04 BTB index out of boundsN 0x0
0x91d24abc BTB index out of boundsN 0x0
0xaa16bb8 N 0xaa16bbc
0xaa16bb8 N 0xaa16bbc
0x47a0 N 0x47a4
0x361d5410 N 0x361d5414
0x1ff2afc BTB index out of boundsN 0x0
0xf04 BTB index out of boundsN 0x0
0x91d24abc BTB index out of boundsN 0x0
0x47a0 N 0x47a4
0x47a0 N 0x47a4
0xaa16bb8 N 0xaa16bbc
0x580b878 N 0x580b87c
0x14028 N 0x1402c
0x1ff2afc BTB index out of boundsN 0x0
0x580b878 N 0x580b87c
0x14028 N 0x1402c
0x1ff2afc BTB index out of boundsN 0x0
0x580b878 N 0x580b87c
0x1ff2afc BTB index out of boundsN 0x0
0xaa16bb8 N 0xaa16bbc
0x91d24abc BTB index out of boundsN 0x0
0x9c0 N 0x9c4
0x580b878 N 0x580b87c
0x3e3d8 N 0x3e3dc
0x3e3d8 N 0x3e3dc
0x580b878 N 0x580b87c
0xaa16bb8 N 0xaa16bbc
0x9c0 N 0x9c4
0xf04 BTB index out of boundsN 0x0
0x1ff2afc BTB index out of boundsN 0x0
0x1ff2afc BTB index out of boundsN 0x0
0x91d24abc BTB index out of boundsN 0x0
0x47a0 N 0x47a4
0x47a0 N 0x47a4
0x47a0 N 0x47a4
0xaa16bb8 N 0xaa16bbc
0x91d24abc BTB index out of boundsN 0x0
0x14028 N 0x1402c
0xf04 BTB index out of boundsN 0x0
0xf04 BTB index out of boundsN 0x0
0x3e3d8 N 0x3e3dc
0xaa16bb8 N 0xaa16bbc
0x361d5410 N 0x361d5414
0x1ff2afc BTB index out of boundsN 0x0
0x14028 N 0x1402c
0x3e3d8 N 0x3e3dc
0xaa16bb8 N 0xaa16bbc
0x47a0 N 0x47a4
0x1ff2afc BTB index out of boundsN 0x0
0x1ff2afc BTB index out of boundsN 0x0
0x14028 N 0x1402c
0x91d24abc BTB index out of boundsN 0x0
0x91d24abc BTB index out of boundsN 0x0
0xaa16bb8 N 0xaa16bbc
0x361d5410 N 0x361d5414
0x580b878 N 0x580b87c
0x1ff2afc BTB index out of boundsN 0x0
0x1ff2afc BTB index out of boundsN 0x0
0xaa16bb8 N 0xaa16bbc
0x14028 N 0x1402c
0x361d5410 N 0x361d5414
0x361d5410 N 0x361d5414
0xaa16bb8 N 0xaa16bbc
0x9c0 N 0x9c4
0x580b878 N 0x580b87c
0x580b878 N 0x580b87c
0x9c0 N 0x9c4
0x47a0 N 0x47a4
0x47a0 N 0x47a4
0x9c0 N 0x9c4
0x1ff2afc BTB index out of boundsN 0x0
0xaa16bb8 N 0xaa16bbc
0x1ff2afc BTB index out of boundsN 0x0
0x47a0 N 0x47a4
0x1ff2afc BTB index out of boundsN 0x0
0xf04 BTB index out of boundsN 0x0
0x9c0 N 0x9c4
0x14028 N 0x1402c
0x580b878 N 0x580b87c
0x47a0 N 0x47a4
0x361d5410 N 0x361d5414
0x361d5410 N 0x361d5414
0x47a0 N 0x47a4
0x14028 N 0x1402c
0x361d5410 N 0x361d5414
0xaa16bb8 N 0xaa16bbc
0x47a0 N 0x47a4
0x9c0 N 0x9c4
0x3e3d8 N 0x3e3dc
0xaa16bb8 N 0xaa16bbc
0xf04 BTB index out of boundsN 0x0
0x1ff2afc BTB index out of boundsN 0x0
0x47a0 N 0x47a4
0xaa16bb8 N 0xaa16bbc
0x1ff2afc BTB index out of boundsN 0x0
0x3e3d8 N 0x3e3dc
0x361d5410 N 0x361d5414
0x9c0 N 0x9c4
0x14028 N 0x1402c
0xf04 BTB index out of boundsN 0x0
0x1ff2afc BTB index out of boundsN 0x0
0x361d5410 N 0x361d5414
0xf04 BTB index out of boundsN 0x0
0x361d5410 N 0x361d5414
0x14028 N 0x1402c
0x3e3d8 N 0x3e3dc
0x14028 N 0x1402c
0xf04 BTB index out of boundsN 0x0
0x1ff2afc BTB index out of boundsN 0x0
0x3e3d8 N 0x3e3dc
0x14028 N 0x1402c
0x14028 N 0x1402c
0xf04 BTB index out of boundsN 0x0
0xf04 BTB index out of boundsN 0x0
0xf04 BTB index out of boundsN 0x0
0x1ff2afc BTB index out of boundsN 0x0
0x580b878 N 0x580b87c
0x1ff2afc BTB index out of boundsN 0x0
0x47a0 N 0x47a4
0xf04 BTB index out of boundsN 0x0
0x361d5410 N 0x361d5414
0x47a0 N 0x47a4
0x14028 N 0x1402c
0x1ff2afc BTB index out of boundsN 0x0
0xf04 BTB index out of boundsN 0x0
0xaa16bb8 N 0xaa16bbc
0x361d5410 N 0x361d5414
0xaa16bb8 N 0xaa16bbc
0x14028 N 0x1402c
0xf04 BTB index out of boundsN 0x0
0x1ff2afc BTB index out of boundsN 0x0
0x91d24abc BTB index out of boundsN 0x0
0xaa16bb8 N 0xaa16bbc
0xf04 BTB index out of boundsN 0x0
0x91d24abc BTB index out of boundsN 0x0
0x9c0 N 0x9c4
0x91d24abc BTB index out of boundsN 0x0
0x14028 N 0x1402c
0x1ff2afc BTB index out of boundsN 0x0
0x91d24abc BTB index out of boundsN 0x0
0x361d5410 N 0x361d5414
0x580b878 N 0x580b87c
0x14028 N 0x1402c
0x14028 N 0x1402c
0xf04 BTB index out of boundsN 0x0
0x580b878 N 0x580b87c
0xf04 BTB index out of boundsN 0x0
0x361d5410 N 0x361d5414
0x580b878 N 0x580b87c
0x1ff2afc BTB index out of boundsN 0x0
0xaa16bb8 N 0xaa16bbc
0x3e3d8 N 0x3e3dc
0x47a0 N 0x47a4
0x3e3d8 N 0x3e3dc
0x3e3d8 N 0x3e3dc
0x580b878 N 0x580b87c
0xf04 BTB index out of boundsN 0x0
0x9c0 N 0x9c4
0x580b878 N 0x580b87c
0x3e3d8 N 0x3e3dc
0x47a0 N 0x47a4
0x14028 N 0x1402c
0xf04 BTB index out of boundsN 0x0
0x3e3d8 N 0x3e3dc
0x361d5410 N 0x361d5414
0x361d5410 N 0x361d5414
0x47a0 N 0x47a4
0x91d24abc BTB index out of boundsN 0x0
0xaa16bb8 N 0xaa16bbc
0x1ff2afc BTB index out of boundsN 0x0
0x580b878 N 0x580b87c
0x91d24abc BTB index out of boundsN 0x0
0x3e3d8 N 0x3e3dc
0x91d24abc BTB index out of boundsN 0x0
0x9c0 N 0x9c4
0x1ff2afc BTB index out of boundsN 0x0
0x14028 N 0x1402c
0x3e3d8 N 0x3e3dc
0x1ff2afc BTB index out of boundsN 0x0
0x361d5410 N 0x361d5414
0xf04 BTB index out of boundsN 0x0
0x47a0 N 0x47a4
0x47a0 N 0x47a4
0x1ff2afc BTB index out of boundsN 0x0
0x91d24abc BTB index out of boundsN 0x0
0x580b878 N 0x580b87c
0x14028 N 0x1402c
0x580b878 N 0x580b87c
0x580b878 N 0x580b87c
0x9c0 N 0x9c4
0xaa16bb8 N 0xaa16bbc
0xaa16bb8 N 0xaa16bbc
0x91d24abc BTB index out of boundsN 0x0
0x14028 N 0x1402c
0x361d5410 N 0x361d5414
0x9c0 N 0x9c4
0x3e3d8 N 0x3e3dc
0xf04 BTB index out of boundsN 0x0
0x1ff2afc BTB index out of boundsN 0x0
0x91d24abc BTB index out of boundsN 0x0
0x580b878 N 0x580b87c
0x91d24abc BTB index out of boundsN 0x0
0x14028 N 0x1402c
0x580b878 N 0x580b87c
0x9c0 N 0x9c4
0x3e3d8 N 0x3e3dc
0x14028 N 0x1402c
0x91d24abc BTB index out of boundsN 0x0
0x3e3d8 N 0x3e3dc
0xaa16bb8 N 0xaa16bbc
0x361d5410 N 0x361d5414
0x580b878 N 0x580b87c
0x47a0 N 0x47a4
0x14028 N 0x1402c
0xf04 BTB index out of boundsN 0x0
0x580b878 N 0x580b87c
0x3e3d8 N 0x3e3dc
0x14028 N 0x1402c
0x47a0 N 0x47a4
0x91d24abc BTB index out of boundsN 0x0
0xf04 BTB index out of boundsN 0x0
0x580b878 N 0x580b87c
0x91d24abc BTB index out of boundsN 0x0
0xaa16bb8 N 0xaa16bbc
0x9c0 N 0x9c4
0x9c0 N 0x9c4
0xf04 BTB index out of boundsN 0x0
0xf04 BTB index out of boundsN 0x0
0xf04 BTB index out of boundsN 0x0
0x9c0 N 0x9c4
0x47a0 N 0x47a4
0x1ff2afc BTB index out of boundsN 0x0
0x47a0 N 0x47a4
0xaa16bb8 N 0xaa16bbc
0x91d24abc BTB index out of boundsN 0x0
0x1ff2afc BTB index out of boundsN 0x0
0x47a0 N 0x47a4
0x3e3d8 N 0x3e3dc
0xaa16bb8 N 0xaa16bbc
0x91d24abc BTB index out of boundsN 0x0
0x580b878 N 0x580b87c
0x14028 N 0x1402c
0xaa16bb8 N 0xaa16bbc
0x14028 N 0x1402c
0x1ff2afc BTB index out of boundsN 0x0
0x580b878 N 0x580b87c
0x14028 N 0x1402c
0xf04 BTB index out of boundsN 0x0
0x47a0 N 0x47a4
0xf04 BTB index out of boundsN 0x0
0x47a0 N 0x47a4
0x1ff2afc BTB index out of boundsN 0x0
0x3e3d8 N 0x3e3dc
0xaa16bb8 N 0xaa16bbc
0x580b878 N 0x580b87c
0xf04 BTB index out of boundsN 0x0
0x3e3d8 N 0x3e3dc
0x361d5410 N 0x361d5414
0x47a0 N 0x47a4
0x9c0 N 0x9c4
0x47a0 N 0x47a4
0x9c0 N 0x9c4
0x9c0 N 0x9c4
0x3e3d8 N 0x3e3dc
0x9c0 N 0x9c4
0x47a0 N 0x47a4
0xf04 BTB index out of boundsN 0x0
0x47a0 N 0x47a4
0x91d24abc BTB index out of boundsN 0x0
0x9c0 N 0x9c4
0xaa16bb8 N 0xaa16bbc
0x9c0 N 0x9c4
0x580b878 N 0x580b87c
0x47a0 N 0x47a4
0xf04 BTB index out of boundsN 0x0
0x91d24abc BTB index out of boundsN 0x0
0x47a0 N 0x47a4
0xaa16bb8 N 0xaa16bbc
0x47a0 N 0x47a4
0x1ff2afc BTB index out of boundsN 0x0
0x580b878 N 0x580b87c
0x3e3d8 N 0x3e3dc
0x47a0 N 0x47a4
0x47a0 N 0x47a4
0x47a0 N 0x47a4
0x14028 N 0x1402c
0x14028 N 0x1402c
0xf04 BTB index out of boundsN 0x0
0x47a0 N 0x47a4
0xaa16bb8 N 0xaa16bbc
0xaa16bb8 N 0xaa16bbc
0x580b878 N 0x580b87c
0x14028 N 0x1402c
0x580b878 N 0x580b87c
0x14028 N 0x1402c
0x91d24abc BTB index out of boundsN 0x0
0x580b878 N 0x580b87c
0xf04 BTB index out of boundsN 0x0
0xaa16bb8 N 0xaa16bbc
0x580b878 N 0x580b87c
0xaa16bb8 N 0xaa16bbc
0xaa16bb8 N 0xaa16bbc
0x580b878 N 0x580b87c
0x3e3d8 N 0x3e3dc
0x14028 N 0x1402c
0x14028 N 0x1402c
0x580b878 N 0x580b87c
0x3e3d8 N 0x3e3dc
0x9c0 N 0x9c4
0x1ff2afc BTB index out of boundsN 0x0
0xf04 BTB index out of boundsN 0x0
0x580b878 N 0x580b87c
0x91d24abc BTB index out of boundsN 0x0
0x361d5410 N 0x361d5414
0x91d24abc BTB index out of boundsN 0x0
0x580b878 N 0x580b87c
0x9c0 N 0x9c4
0x47a0 N 0x47a4
0x3e3d8 N 0x3e3dc
0x3e3d8 N 0x3e3dc
0x361d5410 N 0x361d5414
0x91d24abc BTB index out of boundsN 0x0
0x3e3d8 N 0x3e3dc
0x9c0 N 0x9c4
0x14028 N 0x1402c
0xaa16bb8 N 0xaa16bbc
0x14028 N 0x1402c
0x47a0 N 0x47a4
0x14028 N 0x1402c
0x14028 N 0x1402c
0x580b878 N 0x580b87c
0x3e3d8 N 0x3e3dc
0x91d24abc BTB index out of boundsN 0x0
0x47a0 N 0x47a4
0xf04 BTB index out of boundsN 0x0
0x1ff2afc BTB index out of boundsN 0x0
0xf04 BTB index out of boundsN 0x0
0xaa16bb8 N 0xaa16bbc
0x14028 N 0x1402c
0x14028 N 0x1402c
0x9c0 N 0x9c4
0x1ff2afc BTB index out of boundsN 0x0
0x3e3d8 N 0x3e3dc
0x361d5410 N 0x361d5414
0xf04 BTB index out of boundsN 0x0
0x14028 N 0x1402c
0x3e3d8 N 0x3e3dc
0x580b878 N 0x580b87c
0x9c0 N 0x9c4
0x1ff2afc BTB index out of boundsN 0x0
0xf04 BTB index out of boundsN 0x0
0x91d24abc BTB index out of boundsN 0x0
0x14028 N 0x1402c
0x3e3d8 N 0x3e3dc
0x91d24abc BTB index out of boundsN 0x0
0x9c0 N 0x9c4
0x580b878 N 0x580b87c
0x14028 N 0x1402c
0xaa16bb8 N 0xaa16bbc
0x1ff2afc BTB index out of boundsN 0x0
0x361d5410 N 0x361d5414
0x361d5410 N 0x361d5414
0x9c0 N 0x9c4
0xaa16bb8 N 0xaa16bbc
0x14028 N 0x1402c
0x3e3d8 N 0x3e3dc
0x9c0 N 0x9c4
0x14028 N 0x1402c
0x47a0 N 0x47a4
0x91d24abc BTB index out of boundsN 0x0
0x361d5410 N 0x361d5414
0x47a0 N 0x47a4
0x3e3d8 N 0x3e3dc
0x361d5410 N 0x361d5414
0xf04 BTB index out of boundsN 0x0
0x47a0 N 0x47a4
0x91d24abc BTB index out of boundsN 0x0
0x9c0 N 0x9c4
0x3e3d8 N 0x3e3dc
0xaa16bb8 N 0xaa16bbc
0xf04 BTB index out of boundsN 0x0
0x47a0 N 0x47a4
0x3e3d8 N 0x3e3dc
0x580b878 N 0x580b87c
0x14028 N 0x1402c
0x1ff2afc BTB index out of boundsN 0x0
0x1ff2afc BTB index out of boundsN 0x0
0x47a0 N 0x47a4
0x91d24abc BTB index out of boundsN 0x0
0x1ff2afc BTB index out of boundsN 0x0
0xf04 BTB index out of boundsN 0x0
0x14028 N 0x1402c
0xf04 BTB index out of boundsN 0x0
0xf04 BTB index out of boundsN 0x0
0x91d24abc BTB index out of boundsN 0x0
0x47a0 N 0x47a4
0x47a0 N 0x47a4
0x580b878 N 0x580b87c
0x580b878 N 0x580b87c
0xf04 BTB index out of boundsN 0x0
0x580b878 N 0x580b87c
0x47a0 N 0x47a4
0xaa16bb8 N 0xaa16bbc
0x9c0 N 0x9c4
0x14028 N 0x1402c
0x361d5410 N 0x361d5414
0x3e3d8 N 0x3e3dc
0x3e3d8 N 0x3e3dc
0x580b878 N 0x580b87c
0x9c0 N 0x9c4
0xf04 BTB index out of boundsN 0x0
0x9c0 N 0x9c4
0x3e3d8 N 0x3e3dc
0x9c0 N 0x9c4
0x1ff2afc BTB index out of boundsN 0x0
0x91d24abc BTB index out of boundsN 0x0
0x580b878 N 0x580b87c
0x47a0 N 0x47a4
0x47a0 N 0x47a4
0x1ff2afc BTB index out of boundsN 0x0
0x361d5410 N 0x361d5414
0xaa16bb8 N 0xaa16bbc
0x47a0 N 0x47a4
0x91d24abc BTB index out of boundsN 0x0
0xaa16bb8 N 0xaa16bbc
0x9c0 N 0x9c4
0x3e3d8 N 0x3e3dc
0x361d5410 N 0x361d5414
0x14028 N 0x1402c
0x47a0 N 0x47a4
0x580b878 N 0x580b87c
0x580b878 N 0x580b87c
0x580b878 N 0x580b87c
0x580b878 N 0x580b87c
0x47a0 N 0x47a4
0x14028 N 0x1402c
0x9c0 N 0x9c4
0x91d24abc BTB index out of boundsN 0x0
0x580b878 N 0x580b87c
0x91d24abc BTB index out of boundsN 0x0
0xaa16bb8 N 0xaa16bbc
0xf04 BTB index out of boundsN 0x0
0x91d24abc BTB index out of boundsN 0x0
0x91d24abc BTB index out of boundsN 0x0
0x3e3d8 N 0x3e3dc
0x14028 N 0x1402c
0x91d24abc BTB index out of boundsN 0x0
0x14028 N 0x1402c
0x91d24abc BTB index out of boundsN 0x0
0x91d24abc BTB index out of boundsN 0x0
0x361d5410 N 0x361d5414
0x91d24abc BTB index out of boundsN 0x0
0x580b878 N 0x580b87c
0x47a0 N 0x47a4
0x91d24abc BTB index out of boundsN 0x0
0xaa16bb8 N 0xaa16bbc
0x361d5410 N 0x361d5414
0x1ff2afc BTB index out of boundsN 0x0
0x3e3d8 N 0x3e3dc
0x91d24abc BTB index out of boundsN 0x0
0x47a0 N 0x47a4
0xaa16bb8 N 0xaa16bbc
0x1ff2afc BTB index out of boundsN 0x0
0x1ff2afc BTB index out of boundsN 0x0
0xaa16bb8 N 0xaa16bbc
0x91d24abc BTB index out of boundsN 0x0
0x14028 N 0x1402c
0x1ff2afc BTB index out of boundsN 0x0
0x9c0 N 0x9c4
0x580b878 N 0x580b87c
0x3e3d8 N 0x3e3dc
0xaa16bb8 N 0xaa16bbc
0x580b878 N 0x580b87c
0x580b878 N 0x580b87c
0x361d5410 N 0x361d5414
0x1ff2afc BTB index out of boundsN 0x0
0xaa16bb8 N 0xaa16bbc
0xf04 BTB index out of boundsN 0x0
0x47a0 N 0x47a4
0x47a0 N 0x47a4
0x1ff2afc BTB index out of boundsN 0x0
0x580b878 N 0x580b87c
0x1ff2afc BTB index out of boundsN 0x0
0xaa16bb8 N 0xaa16bbc
0x91d24abc BTB index out of boundsN 0x0
0x47a0 N 0x47a4
0xf04 BTB index out of boundsN 0x0
0x9c0 N 0x9c4
0x3e3d8 N 0x3e3dc
0xf04 BTB index out of boundsN 0x0
0xf04 BTB index out of boundsN 0x0
0x14028 N 0x1402c
0x580b878 N 0x580b87c
0x3e3d8 N 0x3e3dc
0x9c0 N 0x9c4
0x47a0 N 0x47a4
0x580b878 N 0x580b87c
0x9c0 N 0x9c4
0x47a0 N 0x47a4
0xaa16bb8 N 0xaa16bbc
0x9c0 N 0x9c4
0x1ff2afc BTB index out of boundsN 0x0
0x361d5410 N 0x361d5414
0x580b878 N 0x580b87c
0x580b878 N 0x580b87c
0xaa16bb8 N 0xaa16bbc
0x91d24abc BTB index out of boundsN 0x0
0x9c0 N 0x9c4
0x14028 N 0x1402c
0xaa16bb8 N 0xaa16bbc
0x9c0 N 0x9c4
0x47a0 N 0x47a4
0x580b878 N 0x580b87c
0x91d24abc BTB index out of boundsN 0x0
0x580b878 N 0x580b87c
0x580b878 N 0x580b87c
0x14028 N 0x1402c
0x91d24abc BTB index out of boundsN 0x0
0x1ff2afc BTB index out of boundsN 0x0
0x47a0 N 0x47a4
0x91d24abc BTB index out of boundsN 0x0
0x47a0 N 0x47a4
0x580b878 N 0x580b87c
0xaa16bb8 N 0xaa16bbc
0x580b878 N 0x580b87c
0x3e3d8 N 0x3e3dc
0xf04 BTB index out of boundsN 0x0
0x47a0 N 0x47a4
0xf04 BTB index out of boundsN 0x0
0x1ff2afc BTB index out of boundsN 0x0
0x361d5410 N 0x361d5414
0xaa16bb8 N 0xaa16bbc
0x1ff2afc BTB index out of boundsN 0x0
0x3e3d8 N 0x3e3dc
0x361d5410 N 0x361d5414
0x580b878 N 0x580b87c
0x580b878 N 0x580b87c
0x9c0 N 0x9c4
0x91d24abc BTB index out of boundsN 0x0
0xf04 BTB index out of boundsN 0x0
0x1ff2afc BTB index out of boundsN 0x0
0x14028 N 0x1402c
0x361d5410 N 0x361d5414
0x9c0 N 0x9c4
0x91d24abc BTB index out of boundsN 0x0
0xaa16bb8 N 0xaa16bbc
0xaa16bb8 N 0xaa16bbc
0x3e3d8 N 0x3e3dc
0x47a0 N 0x47a4
0xf04 BTB index out of boundsN 0x0
0x91d24abc BTB index out of boundsN 0x0
0x3e3d8 N 0x3e3dc
0x580b878 N 0x580b87c
0x91d24abc BTB index out of boundsN 0x0
0x14028 N 0x1402c
0x1ff2afc BTB index out of boundsN 0x0
0x361d5410 N 0x361d5414
0x14028 N 0x1402c
0xf04 BTB index out of boundsN 0x0
0x3e3d8 N 0x3e3dc
0x14028 N 0x1402c
0x14028 N 0x1402c
0x9c0 N 0x9c4
0xf04 BTB index out of boundsN 0x0
0x1ff2afc BTB index out of boundsN 0x0
0xaa16bb8 N 0xaa16bbc
0x361d5410 N 0x361d5414
0x9c0 N 0x9c4
0x580b878 N 0x580b87c
0x1ff2afc BTB index out of boundsN 0x0
0x47a0 N 0x47a4
0x3e3d8 N 0x3e3dc
0x14028 N 0x1402c
0x47a0 N 0x47a4
0x580b878 N 0x580b87c
0xf04 BTB index out of boundsN 0x0
0x14028 N 0x1402c
0x9c0 N 0x9c4
0xf04 BTB index out of boundsN 0x0
0x1ff2afc BTB index out of boundsN 0x0
0x91d24abc BTB index out of boundsN 0x0
0x580b878 N 0x580b87c
0x47a0 N 0x47a4
0x3e3d8 N 0x3e3dc
0x361d5410 N 0x361d5414
0x3e3d8 N 0x3e3dc
0xaa16bb8 N 0xaa16bbc
0x9c0 N 0x9c4
0x47a0 N 0x47a4
0x3e3d8 N 0x3e3dc
0x91d24abc BTB index out of boundsN 0x0
0x580b878 N 0x580b87c
0x14028 N 0x1402c
0x1ff2afc BTB index out of boundsN 0x0
0x361d5410 N 0x361d5414
0x47a0 N 0x47a4
0x14028 N 0x1402c
0x9c0 N 0x9c4
0xaa16bb8 N 0xaa16bbc
0x47a0 N 0x47a4
0x1ff2afc BTB index out of boundsN 0x0
0x9c0 N 0x9c4
0x14028 N 0x1402c
0x1ff2afc BTB index out of boundsN 0x0
0x9c0 N 0x9c4
0xf04 BTB index out of boundsN 0x0
0x14028 N 0x1402c
0x47a0 N 0x47a4
0x14028 N 0x1402c
0x91d24abc BTB index out of boundsN 0x0
0x580b878 N 0x