0xa50 N 0xa54
0xa7f7978 N 0xa7f797c
0x74686ac0 N 0x74686ac4
0x74686ac0 N 0x74686ac4
0xa50 N 0xa54
0x4b50 N 0x4b54
0xa50 N 0xa54
0xa7f7978 N 0xa7f797c
0x74686ac0 N 0x74686ac4
0xa50 N 0xa54
0x74686ac0 N 0x74686ac4
0xa50 N 0xa54
0x4b50 N 0x4b54
0x4b50 N 0x4b54
0xa7f7978 N 0xa7f797c
0xa7f7978 N 0xa7f797c
0xa7f7978 N 0xa7f797c
0xa7f7978 N 0xa7f797c
0xa50 N 0xa54
0x74686ac0 N 0x74686ac4
0x4b50 N 0x4b54
0xa7f7978 N 0xa7f797c
0xa7f7978 N 0xa7f797c
0x4b50 N 0x4b54
0x74686ac0 N 0x74686ac4
0xa50 N 0xa54
0xa50 N 0xa54
0x74686ac0 N 0x74686ac4
0x4b50 N 0x4b54
0xa7f7978 N 0xa7f797c
0x4b50 N 0x4b54
0x74686ac0 N 0x74686ac4
0xa7f7978 N 0xa7f797c
0xa50 N 0xa54
0x74686ac0 N 0x74686ac4
0x4b50 N 0x4b54
0x4b50 N 0x4b54
0x74686ac0 N 0x74686ac4
0x74686ac0 N 0x74686ac4
0xa50 N 0xa54
0xa7f7978 N 0xa7f797c
0x4b50 N 0x4b54
0x4b50 N 0x4b54
0xa50 N 0xa54
0x4b50 N 0x4b54
0xa7f7978 N 0xa7f797c
0x74686ac0 N 0x74686ac4
0x74686ac0 T 0x9770c
0xa50 N 0xa54
0x4b50 N 0x4b54
0xa50 N 0xa54
0xa7f7978 N 0xa7f797c
0xa50 N 0xa54
0xa7f7978 N 0xa7f797c
0x4b50 N 0x4b54
0xa50 N 0xa54
0x4b50 N 0x4b54
0x74686ac0 N 0x74686ac4
0x74686ac0 T 0x9770c
0xa50 N 0xa54
0xa50 T 0x696f978
0x74686ac0 N 0x74686ac4
0x4b50 N 0x4b54
0x74686ac0 N 0x74686ac4
0xa7f7978 N 0xa7f797c
0xa7f7978 T 0xf50c5c
0xa50 N 0xa54
0x74686ac0 N 0x74686ac4
flush_num: 42, br_num: 68, size: 1122b
