0xabdc N 0xabe0
 before history update 0
fsm index 0
history after update 0
branch num: 1
PC: 0xabdc, Target PC: 0xa833f588, Predicted Dest Addr: 0xabe0, Taken: False, Flush Num: 0
0xabdc T 0xa833f588
 before history update 0
fsm index 0
history after update 0
branch num: 2
PC: 0xabdc, Target PC: 0xa833f588, Predicted Dest Addr: 0xa833f588, Taken: False, Flush Num: 1
0xe3b24ee0 N 0xe3b24ee4
 before history update 0
fsm index 0
history after update 0
branch num: 3
PC: 0xe3b24ee0, Target PC: 0x211c7a40, Predicted Dest Addr: 0xe3b24ee4, Taken: False, Flush Num: 1
0x495f54 N 0x495f58
 before history update 0
fsm index 1
history after update 1
branch num: 4
PC: 0x495f54, Target PC: 0x7ab8, Predicted Dest Addr: 0x495f58, Taken: True, Flush Num: 2
0xabdc T 0xa833f588
 before history update 2
fsm index 2
history after update 2
branch num: 5
PC: 0xabdc, Target PC: 0xa833f588, Predicted Dest Addr: 0xa833f588, Taken: False, Flush Num: 3
0xe3b24ee0 T 0x211c7a40
 before history update 4
fsm index 4
history after update 4
branch num: 6
PC: 0xe3b24ee0, Target PC: 0x211c7a40, Predicted Dest Addr: 0x211c7a40, Taken: False, Flush Num: 4
0x495f54 T 0x7ab8
 before history update 8
fsm index 0
history after update 0
branch num: 7
PC: 0x495f54, Target PC: 0x7ab8, Predicted Dest Addr: 0x7ab8, Taken: False, Flush Num: 5
0xabdc N 0xabe0
 before history update 0
fsm index 0
history after update 0
branch num: 8
PC: 0xabdc, Target PC: 0xa833f588, Predicted Dest Addr: 0xabe0, Taken: False, Flush Num: 5
0xe3b24ee0 N 0xe3b24ee4
 before history update 0
fsm index 1
history after update 1
branch num: 9
PC: 0xe3b24ee0, Target PC: 0x211c7a40, Predicted Dest Addr: 0xe3b24ee4, Taken: True, Flush Num: 6
0x495f54 T 0x7ab8
 before history update 2
fsm index 2
history after update 2
branch num: 10
PC: 0x495f54, Target PC: 0x7ab8, Predicted Dest Addr: 0x7ab8, Taken: False, Flush Num: 7
0xe3b24ee0 N 0xe3b24ee4
 before history update 4
fsm index 4
history after update 4
branch num: 11
PC: 0xe3b24ee0, Target PC: 0x211c7a40, Predicted Dest Addr: 0xe3b24ee4, Taken: False, Flush Num: 7
0xabdc N 0xabe0
 before history update 8
fsm index 0
history after update 0
branch num: 12
PC: 0xabdc, Target PC: 0xa833f588, Predicted Dest Addr: 0xabe0, Taken: False, Flush Num: 7
0x495f54 N 0x495f58
 before history update 0
fsm index 0
history after update 0
branch num: 13
PC: 0x495f54, Target PC: 0x7ab8, Predicted Dest Addr: 0x495f58, Taken: False, Flush Num: 7
0xe3b24ee0 N 0xe3b24ee4
 before history update 0
fsm index 0
history after update 0
branch num: 14
PC: 0xe3b24ee0, Target PC: 0x211c7a40, Predicted Dest Addr: 0xe3b24ee4, Taken: False, Flush Num: 7
0xe3b24ee0 N 0xe3b24ee4
 before history update 0
fsm index 1
history after update 1
branch num: 15
PC: 0xe3b24ee0, Target PC: 0x211c7a40, Predicted Dest Addr: 0xe3b24ee4, Taken: True, Flush Num: 8
0x495f54 T 0x7ab8
 before history update 2
fsm index 2
history after update 2
branch num: 16
PC: 0x495f54, Target PC: 0x7ab8, Predicted Dest Addr: 0x7ab8, Taken: False, Flush Num: 9
0xabdc N 0xabe0
 before history update 4
fsm index 5
history after update 5
branch num: 17
PC: 0xabdc, Target PC: 0xa833f588, Predicted Dest Addr: 0xabe0, Taken: True, Flush Num: 10
0xe3b24ee0 T 0x211c7a40
 before history update 10
fsm index 2
history after update 2
branch num: 18
PC: 0xe3b24ee0, Target PC: 0x211c7a40, Predicted Dest Addr: 0x211c7a40, Taken: False, Flush Num: 11
0xe3b24ee0 N 0xe3b24ee4
 before history update 4
fsm index 5
history after update 5
branch num: 19
PC: 0xe3b24ee0, Target PC: 0x211c7a40, Predicted Dest Addr: 0xe3b24ee4, Taken: True, Flush Num: 12
0xabdc T 0xa833f588
 before history update 10
fsm index 3
history after update 3
branch num: 20
PC: 0xabdc, Target PC: 0xa833f588, Predicted Dest Addr: 0xa833f588, Taken: True, Flush Num: 12
0xabdc T 0xa833f588
 before history update 6
fsm index 6
history after update 6
branch num: 21
PC: 0xabdc, Target PC: 0xa833f588, Predicted Dest Addr: 0xa833f588, Taken: False, Flush Num: 13
0x495f54 T 0x7ab8
 before history update 12
fsm index 5
history after update 5
branch num: 22
PC: 0x495f54, Target PC: 0x7ab8, Predicted Dest Addr: 0x7ab8, Taken: True, Flush Num: 13
0x495f54 T 0x7ab8
 before history update 10
fsm index 2
history after update 2
branch num: 23
PC: 0x495f54, Target PC: 0x7ab8, Predicted Dest Addr: 0x7ab8, Taken: False, Flush Num: 14
0xe3b24ee0 N 0xe3b24ee4
 before history update 4
fsm index 5
history after update 5
branch num: 24
PC: 0xe3b24ee0, Target PC: 0x211c7a40, Predicted Dest Addr: 0xe3b24ee4, Taken: True, Flush Num: 15
0xe3b24ee0 T 0x211c7a40
 before history update 10
fsm index 2
history after update 2
branch num: 25
PC: 0xe3b24ee0, Target PC: 0x211c7a40, Predicted Dest Addr: 0x211c7a40, Taken: False, Flush Num: 16
0xe3b24ee0 N 0xe3b24ee4
 before history update 4
fsm index 4
history after update 4
branch num: 26
PC: 0xe3b24ee0, Target PC: 0x211c7a40, Predicted Dest Addr: 0xe3b24ee4, Taken: False, Flush Num: 16
0xe3b24ee0 N 0xe3b24ee4
 before history update 8
fsm index 1
history after update 1
branch num: 27
PC: 0xe3b24ee0, Target PC: 0x211c7a40, Predicted Dest Addr: 0xe3b24ee4, Taken: True, Flush Num: 17
0x495f54 T 0x7ab8
 before history update 2
fsm index 2
history after update 2
branch num: 28
PC: 0x495f54, Target PC: 0x7ab8, Predicted Dest Addr: 0x7ab8, Taken: False, Flush Num: 18
0xe3b24ee0 N 0xe3b24ee4
 before history update 4
fsm index 4
history after update 4
branch num: 29
PC: 0xe3b24ee0, Target PC: 0x211c7a40, Predicted Dest Addr: 0xe3b24ee4, Taken: False, Flush Num: 18
0xabdc N 0xabe0
 before history update 8
fsm index 1
history after update 1
branch num: 30
PC: 0xabdc, Target PC: 0xa833f588, Predicted Dest Addr: 0xabe0, Taken: True, Flush Num: 19
0xabdc T 0xa833f588
 before history update 2
fsm index 2
history after update 2
branch num: 31
PC: 0xabdc, Target PC: 0xa833f588, Predicted Dest Addr: 0xa833f588, Taken: False, Flush Num: 20
0x495f54 N 0x495f58
 before history update 4
fsm index 4
history after update 4
branch num: 32
PC: 0x495f54, Target PC: 0x7ab8, Predicted Dest Addr: 0x495f58, Taken: False, Flush Num: 20
0xe3b24ee0 N 0xe3b24ee4
 before history update 8
fsm index 1
history after update 1
branch num: 33
PC: 0xe3b24ee0, Target PC: 0x211c7a40, Predicted Dest Addr: 0xe3b24ee4, Taken: True, Flush Num: 21
0xabdc T 0xa833f588
 before history update 2
fsm index 2
history after update 2
branch num: 34
PC: 0xabdc, Target PC: 0xa833f588, Predicted Dest Addr: 0xa833f588, Taken: False, Flush Num: 22
0xabdc N 0xabe0
 before history update 4
fsm index 5
history after update 5
branch num: 35
PC: 0xabdc, Target PC: 0xa833f588, Predicted Dest Addr: 0xabe0, Taken: True, Flush Num: 23
0xabdc T 0xa833f588
 before history update 10
fsm index 3
history after update 3
branch num: 36
PC: 0xabdc, Target PC: 0xa833f588, Predicted Dest Addr: 0xa833f588, Taken: True, Flush Num: 23
0xabdc T 0xa833f588
 before history update 6
fsm index 6
history after update 6
branch num: 37
PC: 0xabdc, Target PC: 0xa833f588, Predicted Dest Addr: 0xa833f588, Taken: False, Flush Num: 24
0xabdc N 0xabe0
 before history update 12
fsm index 5
history after update 5
branch num: 38
PC: 0xabdc, Target PC: 0xa833f588, Predicted Dest Addr: 0xabe0, Taken: True, Flush Num: 25
0xabdc T 0xa833f588
 before history update 10
fsm index 2
history after update 2
branch num: 39
PC: 0xabdc, Target PC: 0xa833f588, Predicted Dest Addr: 0xa833f588, Taken: False, Flush Num: 26
0x495f54 N 0x495f58
 before history update 4
fsm index 5
history after update 5
branch num: 40
PC: 0x495f54, Target PC: 0x7ab8, Predicted Dest Addr: 0x495f58, Taken: True, Flush Num: 27
0x495f54 T 0x7ab8
 before history update 10
fsm index 3
history after update 3
branch num: 41
PC: 0x495f54, Target PC: 0x7ab8, Predicted Dest Addr: 0x7ab8, Taken: True, Flush Num: 27
0xe3b24ee0 T 0x211c7a40
 before history update 6
fsm index 7
history after update 7
branch num: 42
PC: 0xe3b24ee0, Target PC: 0x211c7a40, Predicted Dest Addr: 0x211c7a40, Taken: True, Flush Num: 27
0x495f54 T 0x7ab8
 before history update 14
fsm index 7
history after update 7
branch num: 43
PC: 0x495f54, Target PC: 0x7ab8, Predicted Dest Addr: 0x7ab8, Taken: True, Flush Num: 27
0x495f54 T 0x7ab8
 before history update 14
fsm index 6
history after update 6
branch num: 44
PC: 0x495f54, Target PC: 0x7ab8, Predicted Dest Addr: 0x7ab8, Taken: False, Flush Num: 28
0x495f54 N 0x495f58
 before history update 12
fsm index 5
history after update 5
branch num: 45
PC: 0x495f54, Target PC: 0x7ab8, Predicted Dest Addr: 0x495f58, Taken: True, Flush Num: 29
0xe3b24ee0 T 0x211c7a40
 before history update 10
fsm index 2
history after update 2
branch num: 46
PC: 0xe3b24ee0, Target PC: 0x211c7a40, Predicted Dest Addr: 0x211c7a40, Taken: False, Flush Num: 30
0xabdc N 0xabe0
 before history update 4
fsm index 5
history after update 5
branch num: 47
PC: 0xabdc, Target PC: 0xa833f588, Predicted Dest Addr: 0xabe0, Taken: True, Flush Num: 31
0x495f54 T 0x7ab8
 before history update 10
fsm index 3
history after update 3
branch num: 48
PC: 0x495f54, Target PC: 0x7ab8, Predicted Dest Addr: 0x7ab8, Taken: True, Flush Num: 31
0x495f54 T 0x7ab8
 before history update 6
fsm index 7
history after update 7
branch num: 49
PC: 0x495f54, Target PC: 0x7ab8, Predicted Dest Addr: 0x7ab8, Taken: True, Flush Num: 31
0xabdc T 0xa833f588
 before history update 14
fsm index 6
history after update 6
branch num: 50
PC: 0xabdc, Target PC: 0xa833f588, Predicted Dest Addr: 0xa833f588, Taken: False, Flush Num: 32
0x495f54 N 0x495f58
 before history update 12
fsm index 4
history after update 4
branch num: 51
PC: 0x495f54, Target PC: 0x7ab8, Predicted Dest Addr: 0x495f58, Taken: False, Flush Num: 32
0xabdc N 0xabe0
 before history update 8
fsm index 0
history after update 0
branch num: 52
PC: 0xabdc, Target PC: 0xa833f588, Predicted Dest Addr: 0xabe0, Taken: False, Flush Num: 32
0xabdc N 0xabe0
 before history update 0
fsm index 0
history after update 0
branch num: 53
PC: 0xabdc, Target PC: 0xa833f588, Predicted Dest Addr: 0xabe0, Taken: False, Flush Num: 32
0x495f54 N 0x495f58
 before history update 0
fsm index 1
history after update 1
branch num: 54
PC: 0x495f54, Target PC: 0x7ab8, Predicted Dest Addr: 0x495f58, Taken: True, Flush Num: 33
0x495f54 T 0x7ab8
 before history update 2
fsm index 3
history after update 3
branch num: 55
PC: 0x495f54, Target PC: 0x7ab8, Predicted Dest Addr: 0x7ab8, Taken: True, Flush Num: 33
0xe3b24ee0 T 0x211c7a40
 before history update 6
fsm index 6
history after update 6
branch num: 56
PC: 0xe3b24ee0, Target PC: 0x211c7a40, Predicted Dest Addr: 0x211c7a40, Taken: False, Flush Num: 34
0x495f54 N 0x495f58
 before history update 12
fsm index 5
history after update 5
branch num: 57
PC: 0x495f54, Target PC: 0x7ab8, Predicted Dest Addr: 0x495f58, Taken: True, Flush Num: 35
0xe3b24ee0 T 0x211c7a40
 before history update 10
fsm index 2
history after update 2
branch num: 58
PC: 0xe3b24ee0, Target PC: 0x211c7a40, Predicted Dest Addr: 0x211c7a40, Taken: False, Flush Num: 36
0x495f54 N 0x495f58
 before history update 4
fsm index 5
history after update 5
branch num: 59
PC: 0x495f54, Target PC: 0x7ab8, Predicted Dest Addr: 0x495f58, Taken: True, Flush Num: 37
0x495f54 T 0x7ab8
 before history update 10
fsm index 2
history after update 2
branch num: 60
PC: 0x495f54, Target PC: 0x7ab8, Predicted Dest Addr: 0x7ab8, Taken: False, Flush Num: 38
0xe3b24ee0 N 0xe3b24ee4
 before history update 4
fsm index 4
history after update 4
branch num: 61
PC: 0xe3b24ee0, Target PC: 0x211c7a40, Predicted Dest Addr: 0xe3b24ee4, Taken: False, Flush Num: 38
0x495f54 N 0x495f58
 before history update 8
fsm index 1
history after update 1
branch num: 62
PC: 0x495f54, Target PC: 0x7ab8, Predicted Dest Addr: 0x495f58, Taken: True, Flush Num: 39
0xe3b24ee0 T 0x211c7a40
 before history update 2
fsm index 2
history after update 2
branch num: 63
PC: 0xe3b24ee0, Target PC: 0x211c7a40, Predicted Dest Addr: 0x211c7a40, Taken: False, Flush Num: 40
0xabdc N 0xabe0
 before history update 4
fsm index 4
history after update 4
branch num: 64
PC: 0xabdc, Target PC: 0xa833f588, Predicted Dest Addr: 0xabe0, Taken: False, Flush Num: 40
0x495f54 N 0x495f58
 before history update 8
fsm index 1
history after update 1
branch num: 65
PC: 0x495f54, Target PC: 0x7ab8, Predicted Dest Addr: 0x495f58, Taken: True, Flush Num: 41
0x495f54 T 0x7ab8
 before history update 2
fsm index 2
history after update 2
branch num: 66
PC: 0x495f54, Target PC: 0x7ab8, Predicted Dest Addr: 0x7ab8, Taken: False, Flush Num: 42
0x495f54 N 0x495f58
 before history update 4
fsm index 4
history after update 4
branch num: 67
PC: 0x495f54, Target PC: 0x7ab8, Predicted Dest Addr: 0x495f58, Taken: False, Flush Num: 42
0xabdc N 0xabe0
 before history update 8
fsm index 0
history after update 0
branch num: 68
PC: 0xabdc, Target PC: 0xa833f588, Predicted Dest Addr: 0xabe0, Taken: False, Flush Num: 42
0x495f54 N 0x495f58
 before history update 0
fsm index 1
history after update 1
branch num: 69
PC: 0x495f54, Target PC: 0x7ab8, Predicted Dest Addr: 0x495f58, Taken: True, Flush Num: 43
0xabdc T 0xa833f588
 before history update 2
fsm index 3
history after update 3
branch num: 70
PC: 0xabdc, Target PC: 0xa833f588, Predicted Dest Addr: 0xa833f588, Taken: True, Flush Num: 43
0xabdc T 0xa833f588
 before history update 6
fsm index 6
history after update 6
branch num: 71
PC: 0xabdc, Target PC: 0xa833f588, Predicted Dest Addr: 0xa833f588, Taken: False, Flush Num: 44
0xe3b24ee0 N 0xe3b24ee4
 before history update 12
fsm index 4
history after update 4
branch num: 72
PC: 0xe3b24ee0, Target PC: 0x211c7a40, Predicted Dest Addr: 0xe3b24ee4, Taken: False, Flush Num: 44
0x495f54 N 0x495f58
 before history update 8
fsm index 1
history after update 1
branch num: 73
PC: 0x495f54, Target PC: 0x7ab8, Predicted Dest Addr: 0x495f58, Taken: True, Flush Num: 45
0xe3b24ee0 T 0x211c7a40
 before history update 2
fsm index 3
history after update 3
branch num: 74
PC: 0xe3b24ee0, Target PC: 0x211c7a40, Predicted Dest Addr: 0x211c7a40, Taken: True, Flush Num: 45
0xe3b24ee0 T 0x211c7a40
 before history update 6
fsm index 6
history after update 6
branch num: 75
PC: 0xe3b24ee0, Target PC: 0x211c7a40, Predicted Dest Addr: 0x211c7a40, Taken: False, Flush Num: 46
0xabdc N 0xabe0
 before history update 12
fsm index 4
history after update 4
branch num: 76
PC: 0xabdc, Target PC: 0xa833f588, Predicted Dest Addr: 0xabe0, Taken: False, Flush Num: 46
0xe3b24ee0 N 0xe3b24ee4
 before history update 8
fsm index 0
history after update 0
branch num: 77
PC: 0xe3b24ee0, Target PC: 0x211c7a40, Predicted Dest Addr: 0xe3b24ee4, Taken: False, Flush Num: 46
0xe3b24ee0 N 0xe3b24ee4
 before history update 0
fsm index 1
history after update 1
branch num: 78
PC: 0xe3b24ee0, Target PC: 0x211c7a40, Predicted Dest Addr: 0xe3b24ee4, Taken: True, Flush Num: 47
0xe3b24ee0 T 0x211c7a40
 before history update 2
fsm index 3
history after update 3
branch num: 79
PC: 0xe3b24ee0, Target PC: 0x211c7a40, Predicted Dest Addr: 0x211c7a40, Taken: True, Flush Num: 47
0xe3b24ee0 T 0x211c7a40
 before history update 6
fsm index 6
history after update 6
branch num: 80
PC: 0xe3b24ee0, Target PC: 0x211c7a40, Predicted Dest Addr: 0x211c7a40, Taken: False, Flush Num: 48
0xabdc N 0xabe0
 before history update 12
fsm index 5
history after update 5
branch num: 81
PC: 0xabdc, Target PC: 0xa833f588, Predicted Dest Addr: 0xabe0, Taken: True, Flush Num: 49
0x495f54 T 0x7ab8
 before history update 10
fsm index 3
history after update 3
branch num: 82
PC: 0x495f54, Target PC: 0x7ab8, Predicted Dest Addr: 0x7ab8, Taken: True, Flush Num: 49
0xabdc T 0xa833f588
 before history update 6
fsm index 7
history after update 7
branch num: 83
PC: 0xabdc, Target PC: 0xa833f588, Predicted Dest Addr: 0xa833f588, Taken: True, Flush Num: 49
0x495f54 T 0x7ab8
 before history update 14
fsm index 6
history after update 6
branch num: 84
PC: 0x495f54, Target PC: 0x7ab8, Predicted Dest Addr: 0x7ab8, Taken: False, Flush Num: 50
0xabdc N 0xabe0
 before history update 12
fsm index 4
history after update 4
branch num: 85
PC: 0xabdc, Target PC: 0xa833f588, Predicted Dest Addr: 0xabe0, Taken: False, Flush Num: 50
0x495f54 N 0x495f58
 before history update 8
fsm index 1
history after update 1
branch num: 86
PC: 0x495f54, Target PC: 0x7ab8, Predicted Dest Addr: 0x495f58, Taken: True, Flush Num: 51
0x495f54 T 0x7ab8
 before history update 2
fsm index 2
history after update 2
branch num: 87
PC: 0x495f54, Target PC: 0x7ab8, Predicted Dest Addr: 0x7ab8, Taken: False, Flush Num: 52
0xe3b24ee0 N 0xe3b24ee4
 before history update 4
fsm index 4
history after update 4
branch num: 88
PC: 0xe3b24ee0, Target PC: 0x211c7a40, Predicted Dest Addr: 0xe3b24ee4, Taken: False, Flush Num: 52
0xabdc N 0xabe0
 before history update 8
fsm index 0
history after update 0
branch num: 89
PC: 0xabdc, Target PC: 0xa833f588, Predicted Dest Addr: 0xabe0, Taken: False, Flush Num: 52
0xe3b24ee0 N 0xe3b24ee4
 before history update 0
fsm index 1
history after update 1
branch num: 90
PC: 0xe3b24ee0, Target PC: 0x211c7a40, Predicted Dest Addr: 0xe3b24ee4, Taken: True, Flush Num: 53
0x495f54 T 0x7ab8
 before history update 2
fsm index 2
history after update 2
branch num: 91
PC: 0x495f54, Target PC: 0x7ab8, Predicted Dest Addr: 0x7ab8, Taken: False, Flush Num: 54
0x495f54 N 0x495f58
 before history update 4
fsm index 5
history after update 5
branch num: 92
PC: 0x495f54, Target PC: 0x7ab8, Predicted Dest Addr: 0x495f58, Taken: True, Flush Num: 55
0x495f54 T 0x7ab8
 before history update 10
fsm index 3
history after update 3
branch num: 93
PC: 0x495f54, Target PC: 0x7ab8, Predicted Dest Addr: 0x7ab8, Taken: True, Flush Num: 55
0x495f54 T 0x7ab8
 before history update 6
fsm index 6
history after update 6
branch num: 94
PC: 0x495f54, Target PC: 0x7ab8, Predicted Dest Addr: 0x7ab8, Taken: False, Flush Num: 56
0x495f54 N 0x495f58
 before history update 12
fsm index 4
history after update 4
branch num: 95
PC: 0x495f54, Target PC: 0x7ab8, Predicted Dest Addr: 0x495f58, Taken: False, Flush Num: 56
0xabdc N 0xabe0
 before history update 8
fsm index 0
history after update 0
branch num: 96
PC: 0xabdc, Target PC: 0xa833f588, Predicted Dest Addr: 0xabe0, Taken: False, Flush Num: 56
0xe3b24ee0 N 0xe3b24ee4
 before history update 0
fsm index 0
history after update 0
branch num: 97
PC: 0xe3b24ee0, Target PC: 0x211c7a40, Predicted Dest Addr: 0xe3b24ee4, Taken: False, Flush Num: 56
0xe3b24ee0 N 0xe3b24ee4
 before history update 0
fsm index 0
history after update 0
branch num: 98
PC: 0xe3b24ee0, Target PC: 0x211c7a40, Predicted Dest Addr: 0xe3b24ee4, Taken: False, Flush Num: 56
0xabdc N 0xabe0
 before history update 0
fsm index 1
history after update 1
branch num: 99
PC: 0xabdc, Target PC: 0xa833f588, Predicted Dest Addr: 0xabe0, Taken: True, Flush Num: 57
0x495f54 T 0x7ab8
 before history update 2
fsm index 3
history after update 3
branch num: 100
PC: 0x495f54, Target PC: 0x7ab8, Predicted Dest Addr: 0x7ab8, Taken: True, Flush Num: 57
0xabdc T 0xa833f588
 before history update 6
fsm index 6
history after update 6
branch num: 101
PC: 0xabdc, Target PC: 0xa833f588, Predicted Dest Addr: 0xa833f588, Taken: False, Flush Num: 58
0x495f54 N 0x495f58
 before history update 12
fsm index 5
history after update 5
branch num: 102
PC: 0x495f54, Target PC: 0x7ab8, Predicted Dest Addr: 0x495f58, Taken: True, Flush Num: 59
0xabdc T 0xa833f588
 before history update 10
fsm index 2
history after update 2
branch num: 103
PC: 0xabdc, Target PC: 0xa833f588, Predicted Dest Addr: 0xa833f588, Taken: False, Flush Num: 60
0xabdc N 0xabe0
 before history update 4
fsm index 4
history after update 4
branch num: 104
PC: 0xabdc, Target PC: 0xa833f588, Predicted Dest Addr: 0xabe0, Taken: False, Flush Num: 60
0xabdc N 0xabe0
 before history update 8
fsm index 1
history after update 1
branch num: 105
PC: 0xabdc, Target PC: 0xa833f588, Predicted Dest Addr: 0xabe0, Taken: True, Flush Num: 61
0xabdc T 0xa833f588
 before history update 2
fsm index 2
history after update 2
branch num: 106
PC: 0xabdc, Target PC: 0xa833f588, Predicted Dest Addr: 0xa833f588, Taken: False, Flush Num: 62
0xe3b24ee0 N 0xe3b24ee4
 before history update 4
fsm index 5
history after update 5
branch num: 107
PC: 0xe3b24ee0, Target PC: 0x211c7a40, Predicted Dest Addr: 0xe3b24ee4, Taken: True, Flush Num: 63
0xabdc T 0xa833f588
 before history update 10
fsm index 3
history after update 3
branch num: 108
PC: 0xabdc, Target PC: 0xa833f588, Predicted Dest Addr: 0xa833f588, Taken: True, Flush Num: 63
0xabdc T 0xa833f588
 before history update 6
fsm index 6
history after update 6
branch num: 109
PC: 0xabdc, Target PC: 0xa833f588, Predicted Dest Addr: 0xa833f588, Taken: False, Flush Num: 64
0x495f54 N 0x495f58
 before history update 12
fsm index 4
history after update 4
branch num: 110
PC: 0x495f54, Target PC: 0x7ab8, Predicted Dest Addr: 0x495f58, Taken: False, Flush Num: 64
0x495f54 N 0x495f58
 before history update 8
fsm index 1
history after update 1
branch num: 111
PC: 0x495f54, Target PC: 0x7ab8, Predicted Dest Addr: 0x495f58, Taken: True, Flush Num: 65
0xe3b24ee0 T 0x211c7a40
 before history update 2
fsm index 3
history after update 3
branch num: 112
PC: 0xe3b24ee0, Target PC: 0x211c7a40, Predicted Dest Addr: 0x211c7a40, Taken: True, Flush Num: 65
0x495f54 T 0x7ab8
 before history update 6
fsm index 7
history after update 7
branch num: 113
PC: 0x495f54, Target PC: 0x7ab8, Predicted Dest Addr: 0x7ab8, Taken: True, Flush Num: 65
0xabdc T 0xa833f588
 before history update 14
fsm index 7
history after update 7
branch num: 114
PC: 0xabdc, Target PC: 0xa833f588, Predicted Dest Addr: 0xa833f588, Taken: True, Flush Num: 65
0xe3b24ee0 T 0x211c7a40
 before history update 14
fsm index 7
history after update 7
branch num: 115
PC: 0xe3b24ee0, Target PC: 0x211c7a40, Predicted Dest Addr: 0x211c7a40, Taken: True, Flush Num: 65
0xe3b24ee0 T 0x211c7a40
 before history update 14
fsm index 6
history after update 6
branch num: 116
PC: 0xe3b24ee0, Target PC: 0x211c7a40, Predicted Dest Addr: 0x211c7a40, Taken: False, Flush Num: 66
0xe3b24ee0 N 0xe3b24ee4
 before history update 12
fsm index 4
history after update 4
branch num: 117
PC: 0xe3b24ee0, Target PC: 0x211c7a40, Predicted Dest Addr: 0xe3b24ee4, Taken: False, Flush Num: 66
0xe3b24ee0 N 0xe3b24ee4
 before history update 8
fsm index 1
history after update 1
branch num: 118
PC: 0xe3b24ee0, Target PC: 0x211c7a40, Predicted Dest Addr: 0xe3b24ee4, Taken: True, Flush Num: 67
0xabdc T 0xa833f588
 before history update 2
fsm index 2
history after update 2
branch num: 119
PC: 0xabdc, Target PC: 0xa833f588, Predicted Dest Addr: 0xa833f588, Taken: False, Flush Num: 68
0x495f54 N 0x495f58
 before history update 4
fsm index 4
history after update 4
branch num: 120
PC: 0x495f54, Target PC: 0x7ab8, Predicted Dest Addr: 0x495f58, Taken: False, Flush Num: 68
0x495f54 N 0x495f58
 before history update 8
fsm index 0
history after update 0
branch num: 121
PC: 0x495f54, Target PC: 0x7ab8, Predicted Dest Addr: 0x495f58, Taken: False, Flush Num: 68
0x495f54 N 0x495f58
 before history update 0
fsm index 0
history after update 0
branch num: 122
PC: 0x495f54, Target PC: 0x7ab8, Predicted Dest Addr: 0x495f58, Taken: False, Flush Num: 68
0xe3b24ee0 N 0xe3b24ee4
 before history update 0
fsm index 0
history after update 0
branch num: 123
PC: 0xe3b24ee0, Target PC: 0x211c7a40, Predicted Dest Addr: 0xe3b24ee4, Taken: False, Flush Num: 68
0xabdc N 0xabe0
 before history update 0
fsm index 0
history after update 0
branch num: 124
PC: 0xabdc, Target PC: 0xa833f588, Predicted Dest Addr: 0xabe0, Taken: False, Flush Num: 68
0xe3b24ee0 N 0xe3b24ee4
 before history update 0
fsm index 1
history after update 1
branch num: 125
PC: 0xe3b24ee0, Target PC: 0x211c7a40, Predicted Dest Addr: 0xe3b24ee4, Taken: True, Flush Num: 69
0x495f54 T 0x7ab8
 before history update 2
fsm index 3
history after update 3
branch num: 126
PC: 0x495f54, Target PC: 0x7ab8, Predicted Dest Addr: 0x7ab8, Taken: True, Flush Num: 69
0x495f54 T 0x7ab8
 before history update 6
fsm index 7
history after update 7
branch num: 127
PC: 0x495f54, Target PC: 0x7ab8, Predicted Dest Addr: 0x7ab8, Taken: True, Flush Num: 69
0xe3b24ee0 T 0x211c7a40
 before history update 14
fsm index 6
history after update 6
branch num: 128
PC: 0xe3b24ee0, Target PC: 0x211c7a40, Predicted Dest Addr: 0x211c7a40, Taken: False, Flush Num: 70
0x495f54 N 0x495f58
 before history update 12
fsm index 5
history after update 5
branch num: 129
PC: 0x495f54, Target PC: 0x7ab8, Predicted Dest Addr: 0x495f58, Taken: True, Flush Num: 71
0xe3b24ee0 T 0x211c7a40
 before history update 10
fsm index 3
history after update 3
branch num: 130
PC: 0xe3b24ee0, Target PC: 0x211c7a40, Predicted Dest Addr: 0x211c7a40, Taken: True, Flush Num: 71
0x495f54 T 0x7ab8
 before history update 6
fsm index 6
history after update 6
branch num: 131
PC: 0x495f54, Target PC: 0x7ab8, Predicted Dest Addr: 0x7ab8, Taken: False, Flush Num: 72
0x495f54 N 0x495f58
 before history update 12
fsm index 4
history after update 4
branch num: 132
PC: 0x495f54, Target PC: 0x7ab8, Predicted Dest Addr: 0x495f58, Taken: False, Flush Num: 72
0xe3b24ee0 N 0xe3b24ee4
 before history update 8
fsm index 1
history after update 1
branch num: 133
PC: 0xe3b24ee0, Target PC: 0x211c7a40, Predicted Dest Addr: 0xe3b24ee4, Taken: True, Flush Num: 73
0xabdc T 0xa833f588
 before history update 2
fsm index 3
history after update 3
branch num: 134
PC: 0xabdc, Target PC: 0xa833f588, Predicted Dest Addr: 0xa833f588, Taken: True, Flush Num: 73
0xabdc T 0xa833f588
 before history update 6
fsm index 7
history after update 7
branch num: 135
PC: 0xabdc, Target PC: 0xa833f588, Predicted Dest Addr: 0xa833f588, Taken: True, Flush Num: 73
0x495f54 T 0x7ab8
 before history update 14
fsm index 6
history after update 6
branch num: 136
PC: 0x495f54, Target PC: 0x7ab8, Predicted Dest Addr: 0x7ab8, Taken: False, Flush Num: 74
0xe3b24ee0 N 0xe3b24ee4
 before history update 12
fsm index 5
history after update 5
branch num: 137
PC: 0xe3b24ee0, Target PC: 0x211c7a40, Predicted Dest Addr: 0xe3b24ee4, Taken: True, Flush Num: 75
0xabdc T 0xa833f588
 before history update 10
fsm index 2
history after update 2
branch num: 138
PC: 0xabdc, Target PC: 0xa833f588, Predicted Dest Addr: 0xa833f588, Taken: False, Flush Num: 76
0x495f54 N 0x495f58
 before history update 4
fsm index 4
history after update 4
branch num: 139
PC: 0x495f54, Target PC: 0x7ab8, Predicted Dest Addr: 0x495f58, Taken: False, Flush Num: 76
0x495f54 N 0x495f58
 before history update 8
fsm index 1
history after update 1
branch num: 140
PC: 0x495f54, Target PC: 0x7ab8, Predicted Dest Addr: 0x495f58, Taken: True, Flush Num: 77
0xe3b24ee0 T 0x211c7a40
 before history update 2
fsm index 2
history after update 2
branch num: 141
PC: 0xe3b24ee0, Target PC: 0x211c7a40, Predicted Dest Addr: 0x211c7a40, Taken: False, Flush Num: 78
0xe3b24ee0 N 0xe3b24ee4
 before history update 4
fsm index 5
history after update 5
branch num: 142
PC: 0xe3b24ee0, Target PC: 0x211c7a40, Predicted Dest Addr: 0xe3b24ee4, Taken: True, Flush Num: 79
0xabdc T 0xa833f588
 before history update 10
fsm index 2
history after update 2
branch num: 143
PC: 0xabdc, Target PC: 0xa833f588, Predicted Dest Addr: 0xa833f588, Taken: False, Flush Num: 80
0x495f54 N 0x495f58
 before history update 4
fsm index 4
history after update 4
branch num: 144
PC: 0x495f54, Target PC: 0x7ab8, Predicted Dest Addr: 0x495f58, Taken: False, Flush Num: 80
0xe3b24ee0 N 0xe3b24ee4
 before history update 8
fsm index 1
history after update 1
branch num: 145
PC: 0xe3b24ee0, Target PC: 0x211c7a40, Predicted Dest Addr: 0xe3b24ee4, Taken: True, Flush Num: 81
0xe3b24ee0 T 0x211c7a40
 before history update 2
fsm index 2
history after update 2
branch num: 146
PC: 0xe3b24ee0, Target PC: 0x211c7a40, Predicted Dest Addr: 0x211c7a40, Taken: False, Flush Num: 82
0xe3b24ee0 N 0xe3b24ee4
 before history update 4
fsm index 4
history after update 4
branch num: 147
PC: 0xe3b24ee0, Target PC: 0x211c7a40, Predicted Dest Addr: 0xe3b24ee4, Taken: False, Flush Num: 82
0x495f54 N 0x495f58
 before history update 8
fsm index 1
history after update 1
branch num: 148
PC: 0x495f54, Target PC: 0x7ab8, Predicted Dest Addr: 0x495f58, Taken: True, Flush Num: 83
0x495f54 T 0x7ab8
 before history update 2
fsm index 3
history after update 3
branch num: 149
PC: 0x495f54, Target PC: 0x7ab8, Predicted Dest Addr: 0x7ab8, Taken: True, Flush Num: 83
0xabdc T 0xa833f588
 before history update 6
fsm index 7
history after update 7
branch num: 150
PC: 0xabdc, Target PC: 0xa833f588, Predicted Dest Addr: 0xa833f588, Taken: True, Flush Num: 83
flush_num: 83, br_num: 150, size: 1203b
