0x91a8c BTB index out of boundsN 0x0
0x6478c0 N 0x6478c4
0x6478c0 T 0xd5f8
0x91a8c BTB index out of boundsN 0x0
0xab0a4 BTB index out of boundsN 0x0
0xab0a4 BTB index out of boundsN 0x0
0xab0a4 BTB index out of boundsN 0x0
0xab0a4 BTB index out of boundsN 0x0
0xab0a4 BTB index out of boundsN 0x0
0x77a90c4 BTB index out of boundsN 0x0
0x6478c0 T 0xd5f8
0x91a8c BTB index out of boundsN 0x0
0x77a90c4 BTB index out of boundsN 0x0
0xab0a4 BTB index out of boundsN 0x0
0x6478c0 T 0xd5f8
