0xba88 N 0xba8c
0x5224 BTB index out of boundsN 0x0
0x310d69c BTB index out of boundsN 0x0
0xba88 T 0x58ddec
0x58b28 N 0x58b2c
0xe14 BTB index out of boundsN 0x0
0xe14 BTB index out of boundsN 0x0
0xe14 BTB index out of boundsN 0x0
0xe14 BTB index out of boundsN 0x0
0x58b28 T 0xbb0c
0x407c1f4 BTB index out of boundsN 0x0
0x5224 BTB index out of boundsN 0x0
0x5224 BTB index out of boundsN 0x0
0x310d69c BTB index out of boundsN 0x0
0x2c232270 N 0x2c232274
0x5224 BTB index out of boundsN 0x0
0x58b28 N 0x58b2c
0x58b28 T 0xbb0c
0xe14 BTB index out of boundsN 0x0
0x58b28 T 0xbb0c
0x407c1f4 BTB index out of boundsN 0x0
0x5224 BTB index out of boundsN 0x0
0x310d69c BTB index out of boundsN 0x0
0xe14 BTB index out of boundsN 0x0
0x2c232270 N 0x2c232274
0x2c232270 N 0x2c232274
0x58b28 N 0x58b2c
0xba88 N 0xba8c
0x5224 BTB index out of boundsN 0x0
0xba88 N 0xba8c
0xba88 N 0xba8c
0xe14 BTB index out of boundsN 0x0
0xba88 N 0xba8c
0x58b28 N 0x58b2c
0x58b28 N 0x58b2c
0x5224 BTB index out of boundsN 0x0
0x5224 BTB index out of boundsN 0x0
0xba88 N 0xba8c
0x2c232270 N 0x2c232274
0xba88 N 0xba8c
0xba88 N 0xba8c
0xe14 BTB index out of boundsN 0x0
0x407c1f4 BTB index out of boundsN 0x0
0xe14 BTB index out of boundsN 0x0
0x407c1f4 BTB index out of boundsN 0x0
0x5224 BTB index out of boundsN 0x0
0x58b28 N 0x58b2c
0x2c232270 N 0x2c232274
0xe14 BTB index out of boundsN 0x0
0x310d69c BTB index out of boundsN 0x0
0x58b28 N 0x58b2c
0xba88 N 0xba8c
0x407c1f4 BTB index out of boundsN 0x0
0x2c232270 N 0x2c232274
0x407c1f4 BTB index out of boundsN 0x0
0x310d69c BTB index out of boundsN 0x0
0xba88 N 0xba8c
0xba88 N 0xba8c
0x2c232270 N 0x2c232274
0x407c1f4 BTB index out of boundsN 0x0
0x310d69c BTB index out of boundsN 0x0
0x310d69c BTB index out of boundsN 0x0
0xba88 N 0xba8c
0x310d69c BTB index out of boundsN 0x0
0x310d69c BTB index out of boundsN 0x0
0x310d69c BTB index out of boundsN 0x0
0x2c232270 N 0x2c232274
0x407c1f4 BTB index out of boundsN 0x0
0xe14 BTB index out of boundsN 0x0
0x58b28 N 0x58b2c
0xe14 BTB index out of boundsN 0x0
0x58b28 N 0x58b2c
0x5224 BTB index out of boundsN 0x0
0x2c232270 N 0x2c232274
0x5224 BTB index out of boundsN 0x0
0x310d69c BTB index out of boundsN 0x0
0xba88 N 0xba8c
0x2c232270 N 0x2c232274
0x2c232270 N 0x2c232274
0x5224 BTB index out of boundsN 0x0
0x310d69c BTB index out of boundsN 0x0
0x310d69c BTB index out of boundsN 0x0
0x407c1f4 BTB index out of boundsN 0x0
0x58b28 N 0x58b2c
0x2c232270 N 0x2c232274
0x407c1f4 BTB index out of boundsN 0x0
0xe14 BTB index out of boundsN 0x0
0xe14 BTB index out of boundsN 0x0
0x58b28 N 0x58b2c
0x2c232270 N 0x2c232274
0x58b28 N 0x58b2c
0xe14 BTB index out of boundsN 0x0
0xe14 BTB index out of boundsN 0x0
0xba88 N 0xba8c
0x5224 BTB index out of boundsN 0x0
0x2c232270 N 0x2c232274
0x407c1f4 BTB index out of boundsN 0x0
0x407c1f4 BTB index out of boundsN 0x0
0x58b28 N 0x58b2c
0x2c232270 N 0x2c232274
0x5224 BTB index out of boundsN 0x0
0xe14 BTB index out of boundsN 0x0
0x5224 BTB index out of boundsN 0x0
0x407c1f4 BTB index out of boundsN 0x0
0x2c232270 T 0xc
0x58b28 N 0x58b2c
0x407c1f4 BTB index out of boundsN 0x0
0x407c1f4 BTB index out of boundsN 0x0
0xba88 N 0xba8c
0xba88 T 0x58ddec
0x2c232270 N 0x2c232274
0x2c232270 T 0xc
0xe14 BTB index out of boundsN 0x0
0xba88 N 0xba8c
0xe14 BTB index out of boundsN 0x0
0xba88 T 0x58ddec
0x310d69c BTB index out of boundsN 0x0
0x310d69c BTB index out of boundsN 0x0
0x5224 BTB index out of boundsN 0x0
0x407c1f4 BTB index out of boundsN 0x0
0x407c1f4 BTB index out of boundsN 0x0
0xba88 T 0x58ddec
0x310d69c BTB index out of boundsN 0x0
0x310d69c BTB index out of boundsN 0x0
0x58b28 N 0x58b2c
0xe14 BTB index out of boundsN 0x0
0x310d69c BTB index out of boundsN 0x0
0x5224 BTB index out of boundsN 0x0
0x407c1f4 BTB index out of boundsN 0x0
0x2c232270 N 0x2c232274
0x58b28 N 0x58b2c
0x5224 BTB index out of boundsN 0x0
0x5224 BTB index out of boundsN 0x0
0xe14 BTB index out of boundsN 0x0
0x310d69c BTB index out of boundsN 0x0
0x58b28 T 0xbb0c
0xba88 N 0xba8c
0x2c232270 N 0x2c232274
0x2c232270 T 0xc
0xe14 BTB index out of boundsN 0x0
0x5224 BTB index out of boundsN 0x0
0x2c232270 T 0xc
0xba88 N 0xba8c
0xe14 BTB index out of boundsN 0x0
0x310d69c BTB index out of boundsN 0x0
0xe14 BTB index out of boundsN 0x0
0x310d69c BTB index out of boundsN 0x0
0x310d69c BTB index out of boundsN 0x0
0xe14 BTB index out of boundsN 0x0
0xe14 BTB index out of boundsN 0x0
0x2c232270 N 0x2c232274
0xba88 N 0xba8c
0x58b28 N 0x58b2c
0xba88 N 0xba8c
0x5224 BTB index out of boundsN 0x0
0xe14 BTB index out of boundsN 0x0
0xba88 N 0xba8c
0x310d69c BTB index out of boundsN 0x0
0xe14 BTB index out of boundsN 0x0
0x310d69c BTB index out of boundsN 0x0
0xe14 BTB index out of boundsN 0x0
0x310d69c BTB index out of boundsN 0x0
0xe14 BTB index out of boundsN 0x0
0x310d69c BTB index out of boundsN 0x0
0x5224 BTB index out of boundsN 0x0
0x407c1f4 BTB index out of boundsN 0x0
0xe14 BTB index out of boundsN 0x0
0xe14 BTB index out of boundsN 0x0
0x310d69c BTB index out of boundsN 0x0
0x310d69c BTB index out of boundsN 0x0
0x58b28 N 0x58b2c
0xe14 BTB index out of boundsN 0x0
0x5224 BTB index out of boundsN 0x0
0x58b28 N 0x58b2c
0x407c1f4 BTB index out of boundsN 0x0
0x58b28 N 0x58b2c
0x310d69c BTB index out of boundsN 0x0
0x407c1f4 BTB index out of boundsN 0x0
0xe14 BTB index out of boundsN 0x0
0x58b28 T 0xbb0c
0x2c232270 N 0x2c232274
0x310d69c BTB index out of boundsN 0x0
0x407c1f4 BTB index out of boundsN 0x0
0x5224 BTB index out of boundsN 0x0
0x2c232270 N 0x2c232274
0x58b28 N 0x58b2c
0x58b28 N 0x58b2c
0x5224 BTB index out of boundsN 0x0
0xe14 BTB index out of boundsN 0x0
0x310d69c BTB index out of boundsN 0x0
0x407c1f4 BTB index out of boundsN 0x0
0x407c1f4 BTB index out of boundsN 0x0
0xba88 N 0xba8c
0xba88 N 0xba8c
0x58b28 N 0x58b2c
0x407c1f4 BTB index out of boundsN 0x0
0x2c232270 N 0x2c232274
0xba88 N 0xba8c
0xba88 T 0x58ddec
0x5224 BTB index out of boundsN 0x0
0x5224 BTB index out of boundsN 0x0
0xba88 N 0xba8c
0x5224 BTB index out of boundsN 0x0
0x58b28 N 0x58b2c
0xe14 BTB index out of boundsN 0x0
0x310d69c BTB index out of boundsN 0x0
0x2c232270 N 0x2c232274
0x5224 BTB index out of boundsN 0x0
0x407c1f4 BTB index out of boundsN 0x0
0x2c232270 N 0x2c232274
0x310d69c BTB index out of boundsN 0x0
0x310d69c BTB index out of boundsN 0x0
0x310d69c BTB index out of boundsN 0x0
0xe14 BTB index out of boundsN 0x0
0xba88 N 0xba8c
0x2c232270 N 0x2c232274
0xba88 N 0xba8c
0x5224 BTB index out of boundsN 0x0
0xe14 BTB index out of boundsN 0x0
0x58b28 N 0x58b2c
0xba88 N 0xba8c
0x58b28 N 0x58b2c
0x58b28 N 0x58b2c
0x58b28 T 0xbb0c
0xe14 BTB index out of boundsN 0x0
0x310d69c BTB index out of boundsN 0x0
0x5224 BTB index out of boundsN 0x0
0x310d69c BTB index out of boundsN 0x0
0x2c232270 N 0x2c232274
0x407c1f4 BTB index out of boundsN 0x0
0xe14 BTB index out of boundsN 0x0
0xe14 BTB index out of boundsN 0x0
0x2c232270 N 0x2c232274
0x58b28 N 0x58b2c
0x58b28 N 0x58b2c
0x58b28 N 0x58b2c
0xba88 N 0xba8c
0x58b28 N 0x58b2c
0x310d69c BTB index out of boundsN 0x0
0x58b28 N 0x58b2c
0x2c232270 N 0x2c232274
0xe14 BTB index out of boundsN 0x0
0x2c232270 N 0x2c232274
0x310d69c BTB index out of boundsN 0x0
0xba88 N 0xba8c
0xba88 N 0xba8c
0x407c1f4 BTB index out of boundsN 0x0
0x2c232270 N 0x2c232274
0x58b28 N 0x58b2c
0x2c232270 N 0x2c232274
0x310d69c BTB index out of boundsN 0x0
0x5224 BTB index out of boundsN 0x0
0xba88 N 0xba8c
0xba88 N 0xba8c
0xba88 T 0x58ddec
0x58b28 N 0x58b2c
0xe14 BTB index out of boundsN 0x0
0x310d69c BTB index out of boundsN 0x0
0x58b28 T 0xbb0c
0x2c232270 N 0x2c232274
0x58b28 N 0x58b2c
0x407c1f4 BTB index out of boundsN 0x0
0x2c232270 N 0x2c232274
0x58b28 N 0x58b2c
0xe14 BTB index out of boundsN 0x0
0xba88 N 0xba8c
0xe14 BTB index out of boundsN 0x0
0x407c1f4 BTB index out of boundsN 0x0
0x310d69c BTB index out of boundsN 0x0
0x310d69c BTB index out of boundsN 0x0
0x407c1f4 BTB index out of boundsN 0x0
0xba88 N 0xba8c
0xba88 T 0x58ddec
0x5224 BTB index out of boundsN 0x0
0x310d69c BTB index out of boundsN 0x0
0x2c232270 N 0x2c232274
0x5224 BTB index out of boundsN 0x0
0xba88 N 0xba8c
0x2c232270 N 0x2c232274
0x407c1f4 BTB index out of boundsN 0x0
0x2c232270 T 0xc
0x310d69c BTB index out of boundsN 0x0
0x58b28 N 0x58b2c
0x407c1f4 BTB index out of boundsN 0x0
0x310d69c BTB index out of boundsN 0x0
0xba88 N 0xba8c
0x58b28 N 0x58b2c
0x58b28 N 0x58b2c
0x5224 BTB index out of boundsN 0x0
0xba88 N 0xba8c
0x5224 BTB index out of boundsN 0x0
0x407c1f4 BTB index out of boundsN 0x0
0x58b28 N 0x58b2c
0x58b28 T 0xbb0c
0xba88 N 0xba8c
0x58b28 N 0x58b2c
0x407c1f4 BTB index out of boundsN 0x0
0xe14 BTB index out of boundsN 0x0
0x407c1f4 BTB index out of boundsN 0x0
0x407c1f4 BTB index out of boundsN 0x0
0x58b28 T 0xbb0c
0x310d69c BTB index out of boundsN 0x0
0x5224 BTB index out of boundsN 0x0
0x5224 BTB index out of boundsN 0x0
0xe14 BTB index out of boundsN 0x0
0xe14 BTB index out of boundsN 0x0
0xe14 BTB index out of boundsN 0x0
0x407c1f4 BTB index out of boundsN 0x0
0x58b28 T 0xbb0c
0x58b28 N 0x58b2c
0x407c1f4 BTB index out of boundsN 0x0
0x310d69c BTB index out of boundsN 0x0
0x310d69c BTB index out of boundsN 0x0
0x5224 BTB index out of boundsN 0x0
0x5224 BTB index out of boundsN 0x0
0x407c1f4 BTB index out of boundsN 0x0
0x310d69c BTB index out of boundsN 0x0
0x2c232270 N 0x2c232274
0x5224 BTB index out of boundsN 0x0
0x2c232270 T 0xc
0x2c232270 N 0x2c232274
0x310d69c BTB index out of boundsN 0x0
0x407c1f4 BTB index out of boundsN 0x0
0x2c232270 N 0x2c232274
0x407c1f4 BTB index out of boundsN 0x0
0x58b28 N 0x58b2c
0x407c1f4 BTB index out of boundsN 0x0
0x2c232270 N 0x2c232274
0x2c232270 N 0x2c232274
0xba88 N 0xba8c
0x310d69c BTB index out of boundsN 0x0
0x2c232270 N 0x2c232274
0x5224 BTB index out of boundsN 0x0
0x58b28 N 0x58b2c
0x58b28 N 0x58b2c
0xba88 N 0xba8c
0x310d69c BTB index out of boundsN 0x0
0x5224 BTB index out of boundsN 0x0
0x407c1f4 BTB index out of boundsN 0x0
0x5224 BTB index out of boundsN 0x0
0x5224 BTB index out of boundsN 0x0
0x5224 BTB index out of boundsN 0x0
0x310d69c BTB index out of boundsN 0x0
0x310d69c BTB index out of boundsN 0x0
0x5224 BTB index out of boundsN 0x0
0x58b28 N 0x58b2c
0x407c1f4 BTB index out of boundsN 0x0
0xba88 N 0xba8c
0xba88 N 0xba8c
0x2c232270 N 0x2c232274
0x58b28 N 0x58b2c
0xe14 BTB index out of boundsN 0x0
0x5224 BTB index out of boundsN 0x0
0x5224 BTB index out of boundsN 0x0
0x58b28 N 0x58b2c
0x2c232270 N 0x2c232274
0x2c232270 N 0x2c232274
0x58b28 N 0x58b2c
0xe14 BTB index out of boundsN 0x0
0x310d69c BTB index out of boundsN 0x0
0x407c1f4 BTB index out of boundsN 0x0
0xba88 N 0xba8c
0xba88 T 0x58ddec
0xe14 BTB index out of boundsN 0x0
0x407c1f4 BTB index out of boundsN 0x0
0xba88 T 0x58ddec
0x2c232270 N 0x2c232274
0x58b28 N 0x58b2c
0x58b28 T 0xbb0c
0x5224 BTB index out of boundsN 0x0
0x58b28 T 0xbb0c
0x58b28 N 0x58b2c
0x2c232270 N 0x2c232274
0x5224 BTB index out of boundsN 0x0
0x2c232270 N 0x2c232274
0x2c232270 T 0xc
0xe14 BTB index out of boundsN 0x0
0xba88 N 0xba8c
0x2c232270 N 0x2c232274
0x58b28 N 0x58b2c
0x58b28 N 0x58b2c
0x5224 BTB index out of boundsN 0x0
0xba88 N 0xba8c
0x5224 BTB index out of boundsN 0x0
0x5224 BTB index out of boundsN 0x0
0x58b28 N 0x58b2c
0x58b28 N 0x58b2c
0x407c1f4 BTB index out of boundsN 0x0
0xba88 N 0xba8c
0x2c232270 N 0x2c232274
0x58b28 N 0x58b2c
0xe14 BTB index out of boundsN 0x0
0x5224 BTB index out of boundsN 0x0
0x58b28 N 0x58b2c
0x2c232270 N 0x2c232274
0x2c232270 N 0x2c232274
0x407c1f4 BTB index out of boundsN 0x0
0x58b28 N 0x58b2c
0x407c1f4 BTB index out of boundsN 0x0
0x5224 BTB index out of boundsN 0x0
0x310d69c BTB index out of boundsN 0x0
0x407c1f4 BTB index out of boundsN 0x0
0xba88 N 0xba8c
0x407c1f4 BTB index out of boundsN 0x0
0xba88 N 0xba8c
0xe14 BTB index out of boundsN 0x0
0x407c1f4 BTB index out of boundsN 0x0
0x5224 BTB index out of boundsN 0x0
0x310d69c BTB index out of boundsN 0x0
0x407c1f4 BTB index out of boundsN 0x0
0x2c232270 N 0x2c232274
0x58b28 N 0x58b2c
0x58b28 N 0x58b2c
0xba88 N 0xba8c
0x58b28 N 0x58b2c
0x310d69c BTB index out of boundsN 0x0
0x5224 BTB index out of boundsN 0x0
0xba88 N 0xba8c
0xba88 T 0x58ddec
0x2c232270 N 0x2c232274
0x58b28 N 0x58b2c
0xba88 N 0xba8c
0x5224 BTB index out of boundsN 0x0
0xba88 T 0x58ddec
0x2c232270 N 0x2c232274
0xe14 BTB index out of boundsN 0x0
0x5224 BTB index out of boundsN 0x0
0x2c232270 T 0xc
0x310d69c BTB index out of boundsN 0x0
0xba88 N 0xba8c
0x58b28 N 0x58b2c
0x58b28 T 0xbb0c
0x5224 BTB index out of boundsN 0x0
0x58b28 T 0xbb0c
0x5224 BTB index out of boundsN 0x0
0x2c232270 N 0x2c232274
0x5224 BTB index out of boundsN 0x0
0xba88 N 0xba8c
0x407c1f4 BTB index out of boundsN 0x0
0xba88 T 0x58ddec
0xba88 T 0x58ddec
0x407c1f4 BTB index out of boundsN 0x0
0x58b28 N 0x58b2c
0xba88 N 0xba8c
0x2c232270 N 0x2c232274
0x310d69c BTB index out of boundsN 0x0
0x2c232270 N 0x2c232274
0x2c232270 T 0xc
0x2c232270 T 0xc
0x2c232270 T 0xc
0x58b28 N 0x58b2c
0xba88 N 0xba8c
0xe14 BTB index out of boundsN 0x0
0x5224 BTB index out of boundsN 0x0
0xba88 T 0x58ddec
0x5224 BTB index out of boundsN 0x0
0x310d69c BTB index out of boundsN 0x0
0x407c1f4 BTB index out of boundsN 0x0
0x2c232270 N 0x2c232274
0x407c1f4 BTB index out of boundsN 0x0
0x5224 BTB index out of boundsN 0x0
0x2c232270 N 0x2c232274
0x2c232270 N 0x2c232274
0xe14 BTB index out of boundsN 0x0
0x2c232270 T 0xc
0x407c1f4 BTB index out of boundsN 0x0
0x5224 BTB index out of boundsN 0x0
0x5224 BTB index out of boundsN 0x0
0x5224 BTB index out of boundsN 0x0
0x2c232270 T 0xc
0x310d69c BTB index out of boundsN 0x0
0x2c232270 T 0xc
0xba88 N 0xba8c
