0x94c BTB index out of boundsN 0x0
0xcba4 BTB index out of boundsN 0x0
0xf1fd8 N 0xf1fdc
0xcba4 BTB index out of boundsN 0x0
0x94c BTB index out of boundsN 0x0
0x2f558f70 N 0x2f558f74
0x988 N 0x98c
0x2f558f70 N 0x2f558f74
0x988 N 0x98c
0x988 T 0xc10e624
0x714 BTB index out of boundsN 0x0
0xf1fd8 N 0xf1fdc
0x988 N 0x98c
0x2f558f70 N 0x2f558f74
0x714 BTB index out of boundsN 0x0
0x714 BTB index out of boundsN 0x0
0xf1fd8 N 0xf1fdc
0x988 N 0x98c
0x2f558f70 N 0x2f558f74
0x94c BTB index out of boundsN 0x0
0xf1fd8 N 0xf1fdc
0x714 BTB index out of boundsN 0x0
0x2f558f70 N 0x2f558f74
0x2f558f70 T 0x7e500
0x2f558f70 T 0x7e500
0x94c BTB index out of boundsN 0x0
0x2f558f70 T 0x7e500
0xf1fd8 N 0xf1fdc
0x94c BTB index out of boundsN 0x0
0x988 N 0x98c
0xf1fd8 N 0xf1fdc
0xcba4 BTB index out of boundsN 0x0
0x94c BTB index out of boundsN 0x0
0x2f558f70 N 0x2f558f74
0x988 N 0x98c
0xf1fd8 N 0xf1fdc
0xcba4 BTB index out of boundsN 0x0
0x714 BTB index out of boundsN 0x0
0xf1fd8 T 0xa48fc
0xf1fd8 T 0xa48fc
0x988 N 0x98c
0x94c BTB index out of boundsN 0x0
0x2f558f70 N 0x2f558f74
0x94c BTB index out of boundsN 0x0
0x988 N 0x98c
0xcba4 BTB index out of boundsN 0x0
0x714 BTB index out of boundsN 0x0
0x2f558f70 N 0x2f558f74
0xcba4 BTB index out of boundsN 0x0
0xf1fd8 N 0xf1fdc
0x2f558f70 N 0x2f558f74
0x94c BTB index out of boundsN 0x0
0x2f558f70 T 0x7e500
0x988 N 0x98c
0x94c BTB index out of boundsN 0x0
0x714 BTB index out of boundsN 0x0
0xf1fd8 N 0xf1fdc
0x714 BTB index out of boundsN 0x0
0xf1fd8 T 0xa48fc
0x2f558f70 N 0x2f558f74
0x988 N 0x98c
0xf1fd8 N 0xf1fdc
0xf1fd8 T 0xa48fc
0x988 N 0x98c
0x714 BTB index out of boundsN 0x0
0x2f558f70 N 0x2f558f74
0x2f558f70 T 0x7e500
0xcba4 BTB index out of boundsN 0x0
0x2f558f70 T 0x7e500
0x988 N 0x98c
0x94c BTB index out of boundsN 0x0
0x714 BTB index out of boundsN 0x0
0x714 BTB index out of boundsN 0x0
0x988 T 0xc10e624
0x94c BTB index out of boundsN 0x0
0x988 T 0xc10e624
0x714 BTB index out of boundsN 0x0
0x714 BTB index out of boundsN 0x0
0xcba4 BTB index out of boundsN 0x0
0x988 T 0xc10e624
0xf1fd8 N 0xf1fdc
0x714 BTB index out of boundsN 0x0
0xcba4 BTB index out of boundsN 0x0
0xf1fd8 T 0xa48fc
0xcba4 BTB index out of boundsN 0x0
0xcba4 BTB index out of boundsN 0x0
0x714 BTB index out of boundsN 0x0
0x2f558f70 N 0x2f558f74
0x988 N 0x98c
0x988 T 0xc10e624
0xf1fd8 N 0xf1fdc
0x988 N 0x98c
0x2f558f70 N 0x2f558f74
0xf1fd8 N 0xf1fdc
0x94c BTB index out of boundsN 0x0
0x988 N 0x98c
0x94c BTB index out of boundsN 0x0
0x714 BTB index out of boundsN 0x0
0xcba4 BTB index out of boundsN 0x0
0xf1fd8 N 0xf1fdc
0xf1fd8 T 0xa48fc
0x714 BTB index out of boundsN 0x0
0x988 N 0x98c
0x988 T 0xc10e624
0x988 N 0x98c
0x2f558f70 N 0x2f558f74
0xcba4 BTB index out of boundsN 0x0
0xf1fd8 N 0xf1fdc
0xcba4 BTB index out of boundsN 0x0
0xf1fd8 T 0xa48fc
0xcba4 BTB index out of boundsN 0x0
0x2f558f70 N 0x2f558f74
0x94c BTB index out of boundsN 0x0
0x2f558f70 T 0x7e500
0x2f558f70 N 0x2f558f74
0xcba4 BTB index out of boundsN 0x0
0x94c BTB index out of boundsN 0x0
0xf1fd8 N 0xf1fdc
0x94c BTB index out of boundsN 0x0
0x714 BTB index out of boundsN 0x0
0x2f558f70 N 0x2f558f74
0xf1fd8 N 0xf1fdc
0x714 BTB index out of boundsN 0x0
0x714 BTB index out of boundsN 0x0
0x714 BTB index out of boundsN 0x0
0x714 BTB index out of boundsN 0x0
0x94c BTB index out of boundsN 0x0
0x714 BTB index out of boundsN 0x0
0xf1fd8 T 0xa48fc
0x988 N 0x98c
0x714 BTB index out of boundsN 0x0
0xcba4 BTB index out of boundsN 0x0
0x94c BTB index out of boundsN 0x0
0x988 T 0xc10e624
0x94c BTB index out of boundsN 0x0
0x714 BTB index out of boundsN 0x0
0x94c BTB index out of boundsN 0x0
0x94c BTB index out of boundsN 0x0
0x714 BTB index out of boundsN 0x0
0x94c BTB index out of boundsN 0x0
0xf1fd8 N 0xf1fdc
0x2f558f70 N 0x2f558f74
0xf1fd8 N 0xf1fdc
0xcba4 BTB index out of boundsN 0x0
0x2f558f70 N 0x2f558f74
0x988 N 0x98c
0xcba4 BTB index out of boundsN 0x0
0x714 BTB index out of boundsN 0x0
0x714 BTB index out of boundsN 0x0
0x2f558f70 N 0x2f558f74
0x714 BTB index out of boundsN 0x0
0x988 N 0x98c
0x714 BTB index out of boundsN 0x0
0xf1fd8 N 0xf1fdc
0x988 N 0x98c
0x94c BTB index out of boundsN 0x0
0xf1fd8 N 0xf1fdc
0xcba4 BTB index out of boundsN 0x0
0x988 N 0x98c
0xcba4 BTB index out of boundsN 0x0
0xf1fd8 N 0xf1fdc
0x94c BTB index out of boundsN 0x0
0x2f558f70 N 0x2f558f74
0x94c BTB index out of boundsN 0x0
0x94c BTB index out of boundsN 0x0
0xcba4 BTB index out of boundsN 0x0
0xcba4 BTB index out of boundsN 0x0
0xcba4 BTB index out of boundsN 0x0
0xf1fd8 N 0xf1fdc
0xcba4 BTB index out of boundsN 0x0
0x2f558f70 N 0x2f558f74
0xcba4 BTB index out of boundsN 0x0
0xcba4 BTB index out of boundsN 0x0
0x988 N 0x98c
0x714 BTB index out of boundsN 0x0
0xf1fd8 N 0xf1fdc
0x94c BTB index out of boundsN 0x0
0x988 N 0x98c
0x94c BTB index out of boundsN 0x0
0xcba4 BTB index out of boundsN 0x0
0xcba4 BTB index out of boundsN 0x0
0x714 BTB index out of boundsN 0x0
0x714 BTB index out of boundsN 0x0
0x988 T 0xc10e624
0xf1fd8 N 0xf1fdc
0xf1fd8 T 0xa48fc
0xf1fd8 N 0xf1fdc
0x2f558f70 N 0x2f558f74
0x94c BTB index out of boundsN 0x0
0x94c BTB index out of boundsN 0x0
0xcba4 BTB index out of boundsN 0x0
0x988 N 0x98c
0x988 T 0xc10e624
0xf1fd8 N 0xf1fdc
0xcba4 BTB index out of boundsN 0x0
0x94c BTB index out of boundsN 0x0
0x94c BTB index out of boundsN 0x0
0x714 BTB index out of boundsN 0x0
0xcba4 BTB index out of boundsN 0x0
0x988 N 0x98c
0x2f558f70 N 0x2f558f74
0xf1fd8 N 0xf1fdc
0xcba4 BTB index out of boundsN 0x0
0x988 N 0x98c
0xcba4 BTB index out of boundsN 0x0
0x714 BTB index out of boundsN 0x0
0x94c BTB index out of boundsN 0x0
0xf1fd8 N 0xf1fdc
0x2f558f70 N 0x2f558f74
0x988 N 0x98c
0xcba4 BTB index out of boundsN 0x0
0x714 BTB index out of boundsN 0x0
0x714 BTB index out of boundsN 0x0
0xf1fd8 N 0xf1fdc
0x988 N 0x98c
0xcba4 BTB index out of boundsN 0x0
0x2f558f70 N 0x2f558f74
0x714 BTB index out of boundsN 0x0
0x2f558f70 T 0x7e500
0x988 N 0x98c
0x94c BTB index out of boundsN 0x0
0xf1fd8 N 0xf1fdc
0x2f558f70 N 0x2f558f74
0x94c BTB index out of boundsN 0x0
0x714 BTB index out of boundsN 0x0
0x2f558f70 T 0x7e500
0x94c BTB index out of boundsN 0x0
0xcba4 BTB index out of boundsN 0x0
0xf1fd8 N 0xf1fdc
0x2f558f70 N 0x2f558f74
0x94c BTB index out of boundsN 0x0
0x94c BTB index out of boundsN 0x0
0x714 BTB index out of boundsN 0x0
0x2f558f70 T 0x7e500
0x94c BTB index out of boundsN 0x0
0xf1fd8 N 0xf1fdc
0x988 N 0x98c
0x714 BTB index out of boundsN 0x0
0x714 BTB index out of boundsN 0x0
0x2f558f70 N 0x2f558f74
0x988 N 0x98c
0x988 T 0xc10e624
0x714 BTB index out of boundsN 0x0
0xcba4 BTB index out of boundsN 0x0
0xcba4 BTB index out of boundsN 0x0
0x94c BTB index out of boundsN 0x0
0xcba4 BTB index out of boundsN 0x0
0x714 BTB index out of boundsN 0x0
0x94c BTB index out of boundsN 0x0
0xcba4 BTB index out of boundsN 0x0
0x2f558f70 N 0x2f558f74
0xcba4 BTB index out of boundsN 0x0
0x714 BTB index out of boundsN 0x0
0x988 N 0x98c
0x94c BTB index out of boundsN 0x0
0x714 BTB index out of boundsN 0x0
0xf1fd8 N 0xf1fdc
0x94c BTB index out of boundsN 0x0
0x988 N 0x98c
0x714 BTB index out of boundsN 0x0
0x2f558f70 N 0x2f558f74
0xcba4 BTB index out of boundsN 0x0
0x988 N 0x98c
0x714 BTB index out of boundsN 0x0
0xf1fd8 N 0xf1fdc
0xf1fd8 T 0xa48fc
0x94c BTB index out of boundsN 0x0
0x2f558f70 N 0x2f558f74
0xcba4 BTB index out of boundsN 0x0
0x714 BTB index out of boundsN 0x0
0x94c BTB index out of boundsN 0x0
0x988 N 0x98c
0x94c BTB index out of boundsN 0x0
0x714 BTB index out of boundsN 0x0
0x94c BTB index out of boundsN 0x0
0x2f558f70 N 0x2f558f74
0x714 BTB index out of boundsN 0x0
0xf1fd8 N 0xf1fdc
0x2f558f70 N 0x2f558f74
0x2f558f70 T 0x7e500
0x2f558f70 N 0x2f558f74
0x94c BTB index out of boundsN 0x0
0x2f558f70 N 0x2f558f74
0xcba4 BTB index out of boundsN 0x0
0x2f558f70 N 0x2f558f74
0x2f558f70 N 0x2f558f74
0xf1fd8 N 0xf1fdc
0xf1fd8 T 0xa48fc
0x94c BTB index out of boundsN 0x0
0x988 N 0x98c
0x94c BTB index out of boundsN 0x0
0x714 BTB index out of boundsN 0x0
0x988 T 0xc10e624
0x714 BTB index out of boundsN 0x0
0x714 BTB index out of boundsN 0x0
0x94c BTB index out of boundsN 0x0
0x714 BTB index out of boundsN 0x0
0xcba4 BTB index out of boundsN 0x0
0x94c BTB index out of boundsN 0x0
0x94c BTB index out of boundsN 0x0
0x94c BTB index out of boundsN 0x0
0x2f558f70 N 0x2f558f74
0x988 N 0x98c
0x2f558f70 N 0x2f558f74
0x714 BTB index out of boundsN 0x0
0xf1fd8 N 0xf1fdc
0x988 N 0x98c
0x714 BTB index out of boundsN 0x0
0x988 T 0xc10e624
0x94c BTB index out of boundsN 0x0
0x714 BTB index out of boundsN 0x0
0x2f558f70 N 0x2f558f74
0x988 N 0x98c
0x988 T 0xc10e624
0xcba4 BTB index out of boundsN 0x0
0x2f558f70 N 0x2f558f74
0x714 BTB index out of boundsN 0x0
0x94c BTB index out of boundsN 0x0
0x988 N 0x98c
0x714 BTB index out of boundsN 0x0
0x2f558f70 N 0x2f558f74
0xcba4 BTB index out of boundsN 0x0
0x2f558f70 T 0x7e500
0x714 BTB index out of boundsN 0x0
0x94c BTB index out of boundsN 0x0
0x988 N 0x98c
0xcba4 BTB index out of boundsN 0x0
0xf1fd8 N 0xf1fdc
0x2f558f70 N 0x2f558f74
0x988 N 0x98c
0xcba4 BTB index out of boundsN 0x0
0x2f558f70 N 0x2f558f74
0xf1fd8 N 0xf1fdc
0xcba4 BTB index out of boundsN 0x0
0xcba4 BTB index out of boundsN 0x0
0x2f558f70 N 0x2f558f74
0x714 BTB index out of boundsN 0x0
0x714 BTB index out of boundsN 0x0
0x94c BTB index out of boundsN 0x0
0x2f558f70 T 0x7e500
0x2f558f70 T 0x7e500
0xf1fd8 N 0xf1fdc
0x714 BTB index out of boundsN 0x0
0x2f558f70 N 0x2f558f74
0x988 N 0x98c
0x988 T 0xc10e624
0x988 T 0xc10e624
0xcba4 BTB index out of boundsN 0x0
0x988 T 0xc10e624
0x714 BTB index out of boundsN 0x0
0x2f558f70 N 0x2f558f74
0x2f558f70 T 0x7e500
0x714 BTB index out of boundsN 0x0
0xcba4 BTB index out of boundsN 0x0
0xf1fd8 N 0xf1fdc
0x2f558f70 N 0x2f558f74
0x714 BTB index out of boundsN 0x0
0xcba4 BTB index out of boundsN 0x0
0x988 N 0x98c
0x714 BTB index out of boundsN 0x0
0x94c BTB index out of boundsN 0x0
0x2f558f70 N 0x2f558f74
0x988 N 0x98c
0x2f558f70 N 0x2f558f74
0x94c BTB index out of boundsN 0x0
0x94c BTB index out of boundsN 0x0
0xcba4 BTB index out of boundsN 0x0
0x2f558f70 T 0x7e500
0x2f558f70 T 0x7e500
0x714 BTB index out of boundsN 0x0
0x988 N 0x98c
0xf1fd8 N 0xf1fdc
0x2f558f70 N 0x2f558f74
0xcba4 BTB index out of boundsN 0x0
0x94c BTB index out of boundsN 0x0
0x988 N 0x98c
0xcba4 BTB index out of boundsN 0x0
0xf1fd8 N 0xf1fdc
0xf1fd8 T 0xa48fc
0x2f558f70 N 0x2f558f74
0x94c BTB index out of boundsN 0x0
0x94c BTB index out of boundsN 0x0
0xcba4 BTB index out of boundsN 0x0
0xf1fd8 N 0xf1fdc
0x714 BTB index out of boundsN 0x0
0x2f558f70 N 0x2f558f74
0x94c BTB index out of boundsN 0x0
0x94c BTB index out of boundsN 0x0
0x94c BTB index out of boundsN 0x0
0xcba4 BTB index out of boundsN 0x0
0xf1fd8 N 0xf1fdc
0xcba4 BTB index out of boundsN 0x0
0x94c BTB index out of boundsN 0x0
0x94c BTB index out of boundsN 0x0
0x988 N 0x98c
0x714 BTB index out of boundsN 0x0
0xf1fd8 N 0xf1fdc
0xcba4 BTB index out of boundsN 0x0
0xcba4 BTB index out of boundsN 0x0
0xf1fd8 T 0xa48fc
0x714 BTB index out of boundsN 0x0
0x988 N 0x98c
0x94c BTB index out of boundsN 0x0
0x714 BTB index out of boundsN 0x0
0x988 T 0xc10e624
0xf1fd8 N 0xf1fdc
0x2f558f70 N 0x2f558f74
0x2f558f70 T 0x7e500
0xf1fd8 N 0xf1fdc
0x2f558f70 N 0x2f558f74
0x988 N 0x98c
0xf1fd8 N 0xf1fdc
0xcba4 BTB index out of boundsN 0x0
0xcba4 BTB index out of boundsN 0x0
0x94c BTB index out of boundsN 0x0
0x714 BTB index out of boundsN 0x0
0x988 N 0x98c
0xcba4 BTB index out of boundsN 0x0
0x2f558f70 N 0x2f558f74
0x988 N 0x98c
0x988 T 0xc10e624
0x2f558f70 N 0x2f558f74
0xf1fd8 N 0xf1fdc
0xcba4 BTB index out of boundsN 0x0
0xcba4 BTB index out of boundsN 0x0
0x714 BTB index out of boundsN 0x0
0x94c BTB index out of boundsN 0x0
0x988 N 0x98c
0x988 T 0xc10e624
0xcba4 BTB index out of boundsN 0x0
0xcba4 BTB index out of boundsN 0x0
0x714 BTB index out of boundsN 0x0
0x94c BTB index out of boundsN 0x0
0x714 BTB index out of boundsN 0x0
0x988 T 0xc10e624
0x714 BTB index out of boundsN 0x0
0x714 BTB index out of boundsN 0x0
0x2f558f70 N 0x2f558f74
0x94c BTB index out of boundsN 0x0
0xf1fd8 N 0xf1fdc
0xf1fd8 T 0xa48fc
0xcba4 BTB index out of boundsN 0x0
0x2f558f70 N 0x2f558f74
0x714 BTB index out of boundsN 0x0
0x2f558f70 T 0x7e500
0xf1fd8 N 0xf1fdc
0x94c BTB index out of boundsN 0x0
0xf1fd8 T 0xa48fc
0x988 N 0x98c
0xf1fd8 N 0xf1fdc
0x2f558f70 N 0x2f558f74
0x988 N 0x98c
0x94c BTB index out of boundsN 0x0
0x2f558f70 N 0x2f558f74
0xcba4 BTB index out of boundsN 0x0
0xf1fd8 N 0xf1fdc
0xf1fd8 T 0xa48fc
0x2f558f70 N 0x2f558f74
0x2f558f70 T 0x7e500
0xcba4 BTB index out of boundsN 0x0
0x2f558f70 T 0x7e500
0x988 N 0x98c
0x714 BTB index out of boundsN 0x0
0x94c BTB index out of boundsN 0x0
0x988 T 0xc10e624
0x2f558f70 N 0x2f558f74
0x714 BTB index out of boundsN 0x0
0x2f558f70 T 0x7e500
0x94c BTB index out of boundsN 0x0
0xf1fd8 N 0xf1fdc
0x714 BTB index out of boundsN 0x0
0x94c BTB index out of boundsN 0x0
0x94c BTB index out of boundsN 0x0
0xcba4 BTB index out of boundsN 0x0
0x94c BTB index out of boundsN 0x0
0xf1fd8 T 0xa48fc
0xf1fd8 N 0xf1fdc
0x2f558f70 N 0x2f558f74
0x714 BTB index out of boundsN 0x0
0xf1fd8 N 0xf1fdc
0xf1fd8 T 0xa48fc
0x94c BTB index out of boundsN 0x0
0x2f558f70 N 0x2f558f74
0x714 BTB index out of boundsN 0x0
0xf1fd8 N 0xf1fdc
0x988 N 0x98c
0xf1fd8 N 0xf1fdc
0x2f558f70 N 0x2f558f74
0x2f558f70 T 0x7e500
0xf1fd8 N 0xf1fdc
0xcba4 BTB index out of boundsN 0x0
0xf1fd8 T 0xa48fc
0x714 BTB index out of boundsN 0x0
0x94c BTB index out of boundsN 0x0
0x2f558f70 N 0x2f558f74
0x714 BTB index out of boundsN 0x0
0x94c BTB index out of boundsN 0x0
0xf1fd8 N 0xf1fdc
0xcba4 BTB index out of boundsN 0x0
0xcba4 BTB index out of boundsN 0x0
0xcba4 BTB index out of boundsN 0x0
0x988 N 0x98c
0x714 BTB index out of boundsN 0x0
0xcba4 BTB index out of boundsN 0x0
0x988 T 0xc10e624
0x2f558f70 N 0x2f558f74
0xf1fd8 N 0xf1fdc
0x94c BTB index out of boundsN 0x0
0x2f558f70 N 0x2f558f74
0x988 N 0x98c
0x714 BTB index out of boundsN 0x0
0x94c BTB index out of boundsN 0x0
0x714 BTB index out of boundsN 0x0
0x94c BTB index out of boundsN 0x0
0x988 T 0xc10e624
0xcba4 BTB index out of boundsN 0x0
0x714 BTB index out of boundsN 0x0
0x94c BTB index out of boundsN 0x0
0xf1fd8 N 0xf1fdc
0xf1fd8 T 0xa48fc
0x988 N 0x98c
0xf1fd8 N 0xf1fdc
0x2f558f70 N 0x2f558f74
0x988 N 0x98c
0x94c BTB index out of boundsN 0x0
0x94c BTB index out of boundsN 0x0
0xcba4 BTB index out of boundsN 0x0
0x2f558f70 N 0x2f558f74
0xcba4 BTB index out of boundsN 0x0
0x2f558f70 T 0x7e500
0xf1fd8 N 0xf1fdc
0x94c BTB index out of boundsN 0x0
0xf1fd8 T 0xa48fc
0x714 BTB index out of boundsN 0x0
0x2f558f70 N 0x2f558f74
0x2f558f70 T 0x7e500
0xcba4 BTB index out of boundsN 0x0
0x2f558f70 N 0x2f558f74
0x94c BTB index out of boundsN 0x0
0xcba4 BTB index out of boundsN 0x0
0x714 BTB index out of boundsN 0x0
0x94c BTB index out of boundsN 0x0
0x94c BTB index out of boundsN 0x0
0xf1fd8 N 0xf1fdc
0x94c BTB index out of boundsN 0x0
0x2f558f70 N 0x2f558f74
0x714 BTB index out of boundsN 0x0
0xf1fd8 N 0xf1fdc
0x2f558f70 N 0x2f558f74
0x988 N 0x98c
0x94c BTB index out of boundsN 0x0
0x714 BTB index out of boundsN 0x0
0x94c BTB index out of boundsN 0x0
0xcba4 BTB index out of boundsN 0x0
0x714 BTB index out of boundsN 0x0
0x988 T 0xc10e624
0x2f558f70 N 0x2f558f74
0x94c BTB index out of boundsN 0x0
0x2f558f70 T 0x7e500
0x714 BTB index out of boundsN 0x0
0x714 BTB index out of boundsN 0x0
0x94c BTB index out of boundsN 0x0
0xf1fd8 N 0xf1fdc
0x714 BTB index out of boundsN 0x0
0x2f558f70 N 0x2f558f74
0xcba4 BTB index out of boundsN 0x0
0xcba4 BTB index out of boundsN 0x0
0x714 BTB index out of boundsN 0x0
0xf1fd8 N 0xf1fdc
0x94c BTB index out of boundsN 0x0
0x94c BTB index out of boundsN 0x0
0xf1fd8 T 0xa48fc
0xcba4 BTB index out of boundsN 0x0
0x714 BTB index out of boundsN 0x0
0x94c BTB index out of boundsN 0x0
0xf1fd8 T 0xa48fc
0x714 BTB index out of boundsN 0x0
0xcba4 BTB index out of boundsN 0x0
0x714 BTB index out of boundsN 0x0
0x714 BTB index out of boundsN 0x0
0x2f558f70 N 0x2f558f74
0x2f558f70 T 0x7e500
0xcba4 BTB index out of boundsN 0x0
0xf1fd8 N 0xf1fdc
0x714 BTB index out of boundsN 0x0
0xcba4 BTB index out of boundsN 0x0
0x94c BTB index out of boundsN 0x0
0x988 N 0x98c
0x714 BTB index out of boundsN 0x0
0x714 BTB index out of boundsN 0x0
0xcba4 BTB index out of boundsN 0x0
0xcba4 BTB index out of boundsN 0x0
0xcba4 BTB index out of boundsN 0x0
0x714 BTB index out of boundsN 0x0
0x714 BTB index out of boundsN 0x0
0x94c BTB index out of boundsN 0x0
0x2f558f70 N 0x2f558f74
0xf1fd8 N 0xf1fdc
0x714 BTB index out of boundsN 0x0
0xf1fd8 T 0xa48fc
0xf1fd8 N 0xf1fdc
0x2f558f70 N 0x2f558f74
0xf1fd8 N 0xf1fdc
0x94c BTB index out of boundsN 0x0
0x2f558f70 N 0x2f558f74
0x94c BTB index out of boundsN 0x0
0x714 BTB index out of boundsN 0x0
0xf1fd8 N 0xf1fdc
0x2f558f70 N 0x2f558f74
0x988 N 0x98c
0xf1fd8 N 0xf1fdc
0x988 N 0x98c
0x714 BTB index out of boundsN 0x0
0x988 T 0xc10e624
0x2f558f70 N 0x2f558f74
0x714 BTB index out of boundsN 0x0
0x2f558f70 T 0x7e500
0xf1fd8 N 0xf1fdc
0x94c BTB index out of boundsN 0x0
0x2f558f70 N 0x2f558f74
0x2f558f70 T 0x7e500
0x2f558f70 T 0x7e500
0x988 N 0x98c
0x94c BTB index out of boundsN 0x0
0xf1fd8 N 0xf1fdc
0x2f558f70 N 0x2f558f74
0x988 N 0x98c
0x714 BTB index out of boundsN 0x0
0x94c BTB index out of boundsN 0x0
0xf1fd8 N 0xf1fdc
0x714 BTB index out of boundsN 0x0
0x714 BTB index out of boundsN 0x0
0xcba4 BTB index out of boundsN 0x0
0x988 N 0x98c
0xf1fd8 N 0xf1fdc
0x988 N 0x98c
0x94c BTB index out of boundsN 0x0
0x94c BTB index out of boundsN 0x0
0x2f558f70 N 0x2f558f74
0x2f558f70 T 0x7e500
0xcba4 BTB index out of boundsN 0x0
0x94c BTB index out of boundsN 0x0
0xcba4 BTB index out of boundsN 0x0
0xcba4 BTB index out of boundsN 0x0
0xcba4 BTB index out of boundsN 0x0
0xcba4 BTB index out of boundsN 0x0
0x988 N 0x98c
0xf1fd8 N 0xf1fdc
0x714 BTB index out of boundsN 0x0
0xf1fd8 T 0xa48fc
0xcba4 BTB index out of boundsN 0x0
0x988 N 0x98c
0x988 T 0xc10e624
0x988 T 0xc10e624
0x94c BTB index out of boundsN 0x0
0xcba4 BTB index out of boundsN 0x0
0xcba4 BTB index out of boundsN 0x0
0x988 T 0xc10e624
0xf1fd8 N 0xf1fdc
0x2f558f70 N 0x2f558f74
0x988 N 0x98c
0xcba4 BTB index out of boundsN 0x0
0x94c BTB index out of boundsN 0x0
0x714 BTB index out of boundsN 0x0
0x2f558f70 N 0x2f558f74
0xcba4 BTB index out of boundsN 0x0
0x714 BTB index out of boundsN 0x0
0x988 N 0x98c
0x988 T 0xc10e624
0x94c BTB index out of boundsN 0x0
0xf1fd8 N 0xf1fdc
0xcba4 BTB index out of boundsN 0x0
0xcba4 BTB index out of boundsN 0x0
0x988 N 0x98c
0x988 T 0xc10e624
0x94c BTB index out of boundsN 0x0
0x2f558f70 N 0x2f558f74
0xf1fd8 N 0xf1fdc
0x94c BTB index out of boundsN 0x0
0x714 BTB index out of boundsN 0x0
0x714 BTB index out of boundsN 0x0
0x714 BTB index out of boundsN 0x0
0xf1fd8 T 0xa48fc
0x2f558f70 N 0x2f558f74
0x714 BTB index out of boundsN 0x0
0x94c BTB index out of boundsN 0x0
0xf1fd8 N 0xf1fdc
0x714 BTB index out of boundsN 0x0
0x714 BTB index out of boundsN 0x0
0x94c BTB index out of boundsN 0x0
0xf1fd8 T 0xa48fc
0xcba4 BTB index out of boundsN 0x0
0xf1fd8 T 0xa48fc
0xcba4 BTB index out of boundsN 0x0
0xf1fd8 T 0xa48fc
0xcba4 BTB index out of boundsN 0x0
0x2f558f70 N 0x2f558f74
0x2f558f70 T 0x7e500
0x94c BTB index out of boundsN 0x0
0x2f558f70 N 0x2f558f74
0x988 N 0x98c
0xcba4 BTB index out of boundsN 0x0
0x988 T 0xc10e624
0x2f558f70 N 0x2f558f74
0xf1fd8 N 0xf1fdc
0x94c BTB index out of boundsN 0x0
0x714 BTB index out of boundsN 0x0
0x714 BTB index out of boundsN 0x0
0x714 BTB index out of boundsN 0x0
0xf1fd8 T 0xa48fc
0x94c BTB index out of boundsN 0x0
0xf1fd8 T 0xa48fc
0x714 BTB index out of boundsN 0x0
0x2f558f70 N 0x2f558f74
0x714 BTB index out of boundsN 0x0
0x94c BTB index out of boundsN 0x0
0xcba4 BTB index out of boundsN 0x0
0x94c BTB index out of boundsN 0x0
0x2f558f70 T 0x7e500
0xf1fd8 N 0xf1fdc
0x714 BTB index out of boundsN 0x0
0x714 BTB index out of boundsN 0x0
0x714 BTB index out of boundsN 0x0
0x988 N 0x98c
0xcba4 BTB index out of boundsN 0x0
0xcba4 BTB index out of boundsN 0x0
0xf1fd8 N 0xf1fdc
0x714 BTB index out of boundsN 0x0
0x94c BTB index out of boundsN 0x0
0x714 BTB index out of boundsN 0x0
0xf1fd8 T 0xa48fc
0x2f558f70 N 0x2f558f74
0x2f558f70 T 0x7e500
0xcba4 BTB index out of boundsN 0x0
0x94c BTB index out of boundsN 0x0
0x714 BTB index out of boundsN 0x0
0x94c BTB index out of boundsN 0x0
0x988 N 0x98c
0xcba4 BTB index out of boundsN 0x0
0x94c BTB index out of boundsN 0x0
0x2f558f70 N 0x2f558f74
0x988 N 0x98c
0x988 T 0xc10e624
0x988 T 0xc10e624
0x988 T 0xc10e624
0x988 T 0xc10e624
0xcba4 BTB index out of boundsN 0x0
0x2f558f70 N 0x2f558f74
0x714 BTB index out of boundsN 0x0
0x988 N 0x98c
0x2f558f70 N 0x2f558f74
0x94c BTB index out of boundsN 0x0
0xcba4 BTB index out of boundsN 0x0
0xcba4 BTB index out of boundsN 0x0
0x94c BTB index out of boundsN 0x0
0x2f558f70 T 0x7e500
0x2f558f70 T 0x7e500
0xf1fd8 N 0xf1fdc
0x2f558f70 N 0x2f558f74
