0xf75b8 N 0xf75bc
0xf75b8 N 0xf75bc
0x73144 BTB index out of boundsN 0x0
0x228 N 0x22c
0xc5b5b8 N 0xc5b5bc
0x73144 BTB index out of boundsN 0x0
0x94d538 T 0x4140
0x73144 BTB index out of boundsN 0x0
0x228 N 0x22c
0x228 T 0x83950
0xf75b8 N 0xf75bc
0x94d538 N 0x94d53c
0x228 N 0x22c
0xc5b5b8 N 0xc5b5bc
0xf75b8 T 0x4140
0x73144 BTB index out of boundsN 0x0
0x228 N 0x22c
0xc5b5b8 N 0xc5b5bc
0x228 N 0x22c
0x73144 BTB index out of boundsN 0x0
0x228 T 0x83950
0xf75b8 N 0xf75bc
0xf75b8 T 0xe6e430
0x94d538 T 0xe6e430
0xc5b5b8 T 0x2039b00
0xf75b8 T 0x4140
0xc5b5b8 N 0xc5b5bc
0xc5b5b8 N 0xc5b5bc
0x73144 BTB index out of boundsN 0x0
0xc5b5b8 T 0x4140
0x94d538 T 0x4140
0x228 N 0x22c
0xc5b5b8 N 0xc5b5bc
0xc5b5b8 T 0x4140
0x228 N 0x22c
0x228 N 0x22c
0x73144 BTB index out of boundsN 0x0
0xc5b5b8 N 0xc5b5bc
0x73144 BTB index out of boundsN 0x0
0x73144 BTB index out of boundsN 0x0
0xf75b8 T 0x4140
0xc5b5b8 T 0xe6e430
0xf75b8 N 0xf75bc
0x94d538 T 0xe6e430
0x94d538 T 0x2039b00
0xf75b8 N 0xf75bc
0x94d538 T 0xe6e430
0xc5b5b8 T 0x2039b00
0x94d538 T 0x4140
0xc5b5b8 T 0x2039b00
0x228 N 0x22c
0xf75b8 N 0xf75bc
0x73144 BTB index out of boundsN 0x0
0x94d538 N 0x94d53c
0xc5b5b8 N 0xc5b5bc
0xc5b5b8 N 0xc5b5bc
0x73144 BTB index out of boundsN 0x0
0xc5b5b8 T 0x4140
0x228 N 0x22c
0x228 N 0x22c
0xc5b5b8 N 0xc5b5bc
0xc5b5b8 T 0x4140
0x94d538 N 0x94d53c
0x73144 BTB index out of boundsN 0x0
0x73144 BTB index out of boundsN 0x0
0x94d538 N 0x94d53c
0x94d538 T 0x2039b00
0x73144 BTB index out of boundsN 0x0
0x94d538 T 0x2039b00
0x228 N 0x22c
0x228 N 0x22c
0x228 N 0x22c
0x228 T 0x83950
0xc5b5b8 N 0xc5b5bc
0xf75b8 T 0x4140
0x73144 BTB index out of boundsN 0x0
0x228 N 0x22c
0xc5b5b8 N 0xc5b5bc
0x228 N 0x22c
0x228 T 0x83950
0xc5b5b8 N 0xc5b5bc
0x73144 BTB index out of boundsN 0x0
0x94d538 N 0x94d53c
0x94d538 N 0x94d53c
0x94d538 N 0x94d53c
0x94d538 N 0x94d53c
0xc5b5b8 T 0x2039b00
0x228 N 0x22c
0xc5b5b8 N 0xc5b5bc
0xc5b5b8 T 0x4140
0xc5b5b8 N 0xc5b5bc
0x228 N 0x22c
0x228 N 0x22c
0x228 T 0x83950
0xf75b8 N 0xf75bc
0x94d538 N 0x94d53c
0x73144 BTB index out of boundsN 0x0
0xf75b8 T 0x2039b00
0x228 N 0x22c
0x228 T 0x83950
0x94d538 N 0x94d53c
0x73144 BTB index out of boundsN 0x0
0x94d538 T 0x2039b00
0x73144 BTB index out of boundsN 0x0
0xf75b8 T 0x2039b00
0x73144 BTB index out of boundsN 0x0
0x73144 BTB index out of boundsN 0x0
0x228 N 0x22c
0x73144 BTB index out of boundsN 0x0
0x228 T 0x83950
0x73144 BTB index out of boundsN 0x0
0xf75b8 N 0xf75bc
0xc5b5b8 T 0xe6e430
0xf75b8 T 0x4140
0x94d538 T 0xe6e430
0xf75b8 T 0x2039b00
0x73144 BTB index out of boundsN 0x0
0xf75b8 T 0xe6e430
0xc5b5b8 T 0xe6e430
0x73144 BTB index out of boundsN 0x0
0x228 N 0x22c
0x73144 BTB index out of boundsN 0x0
0x94d538 N 0x94d53c
0x73144 BTB index out of boundsN 0x0
0x228 N 0x22c
0xc5b5b8 N 0xc5b5bc
0xc5b5b8 T 0x4140
0x73144 BTB index out of boundsN 0x0
0x73144 BTB index out of boundsN 0x0
0x228 N 0x22c
0xc5b5b8 N 0xc5b5bc
0x228 N 0x22c
0x73144 BTB index out of boundsN 0x0
0x94d538 N 0x94d53c
0xf75b8 T 0x2039b00
0xf75b8 N 0xf75bc
0x73144 BTB index out of boundsN 0x0
0x94d538 T 0xe6e430
0x94d538 T 0x2039b00
0x94d538 T 0x2039b00
0x94d538 T 0x2039b00
0x228 N 0x22c
0xf75b8 N 0xf75bc
0xf75b8 T 0xe6e430
0x228 N 0x22c
0xc5b5b8 N 0xc5b5bc
0xc5b5b8 T 0x4140
0x73144 BTB index out of boundsN 0x0
0xc5b5b8 N 0xc5b5bc
0x94d538 T 0x4140
0xf75b8 N 0xf75bc
0xf75b8 T 0xe6e430
0xc5b5b8 T 0xe6e430
0xf75b8 N 0xf75bc
0x228 N 0x22c
0xc5b5b8 N 0xc5b5bc
0x228 N 0x22c
0xf75b8 N 0xf75bc
0xc5b5b8 T 0xe6e430
0xf75b8 T 0x4140
0x73144 BTB index out of boundsN 0x0
0xc5b5b8 N 0xc5b5bc
0x228 N 0x22c
0xc5b5b8 N 0xc5b5bc
0x94d538 T 0x4140
0x94d538 T 0x2039b00
0xf75b8 N 0xf75bc
0x228 N 0x22c
0xf75b8 N 0xf75bc
0x73144 BTB index out of boundsN 0x0
0x73144 BTB index out of boundsN 0x0
0xf75b8 T 0xe6e430
0xf75b8 N 0xf75bc
0x228 N 0x22c
0x73144 BTB index out of boundsN 0x0
0xc5b5b8 N 0xc5b5bc
0x73144 BTB index out of boundsN 0x0
0x73144 BTB index out of boundsN 0x0
0x94d538 N 0x94d53c
0x94d538 T 0x2039b00
0x94d538 N 0x94d53c
0xf75b8 T 0x2039b00
0x228 N 0x22c
0x94d538 N 0x94d53c
0xc5b5b8 T 0x2039b00
0x94d538 T 0x4140
0xf75b8 T 0x2039b00
0x73144 BTB index out of boundsN 0x0
0x94d538 T 0xe6e430
0x94d538 T 0x2039b00
0xf75b8 T 0x2039b00
0x73144 BTB index out of boundsN 0x0
0xc5b5b8 T 0xe6e430
0x94d538 T 0x4140
0x228 N 0x22c
0xf75b8 N 0xf75bc
0xc5b5b8 T 0xe6e430
0xc5b5b8 T 0x4140
0x228 N 0x22c
0xc5b5b8 N 0xc5b5bc
0x94d538 T 0x4140
0xf75b8 T 0x2039b00
0xc5b5b8 T 0xe6e430
0x94d538 N 0x94d53c
0xc5b5b8 N 0xc5b5bc
0x73144 BTB index out of boundsN 0x0
0x228 N 0x22c
0x94d538 N 0x94d53c
0x228 N 0x22c
0xf75b8 N 0xf75bc
0x73144 BTB index out of boundsN 0x0
0x73144 BTB index out of boundsN 0x0
0x94d538 T 0xe6e430
0xf75b8 N 0xf75bc
0xf75b8 T 0xe6e430
0x73144 BTB index out of boundsN 0x0
0x94d538 T 0xe6e430
0x73144 BTB index out of boundsN 0x0
0xc5b5b8 N 0xc5b5bc
0x73144 BTB index out of boundsN 0x0
0xf75b8 T 0x4140
0x94d538 T 0xe6e430
0x94d538 N 0x94d53c
0x228 N 0x22c
0xf75b8 N 0xf75bc
0xc5b5b8 T 0xe6e430
0xc5b5b8 N 0xc5b5bc
0x94d538 N 0x94d53c
0x228 N 0x22c
0xc5b5b8 N 0xc5b5bc
0x73144 BTB index out of boundsN 0x0
0x228 N 0x22c
0x94d538 N 0x94d53c
0xf75b8 T 0x2039b00
0x228 N 0x22c
0x73144 BTB index out of boundsN 0x0
0x73144 BTB index out of boundsN 0x0
0x228 T 0x83950
0x94d538 N 0x94d53c
0x73144 BTB index out of boundsN 0x0
0x94d538 T 0x2039b00
0xc5b5b8 T 0x2039b00
0xc5b5b8 T 0x4140
0xf75b8 T 0x4140
0x73144 BTB index out of boundsN 0x0
0xc5b5b8 N 0xc5b5bc
0x73144 BTB index out of boundsN 0x0
0xf75b8 T 0x4140
0xf75b8 T 0xe6e430
0x94d538 N 0x94d53c
0xf75b8 T 0x2039b00
0x73144 BTB index out of boundsN 0x0
0xf75b8 T 0xe6e430
0xc5b5b8 T 0xe6e430
0xf75b8 T 0x4140
0x73144 BTB index out of boundsN 0x0
0x94d538 T 0xe6e430
0x228 N 0x22c
0x73144 BTB index out of boundsN 0x0
0x94d538 N 0x94d53c
0xc5b5b8 T 0x2039b00
0xf75b8 N 0xf75bc
0xf75b8 T 0xe6e430
0x228 N 0x22c
0x228 N 0x22c
0x228 N 0x22c
0x73144 BTB index out of boundsN 0x0
0xc5b5b8 N 0xc5b5bc
0x94d538 T 0x4140
0xf75b8 N 0xf75bc
0x228 N 0x22c
0xf75b8 N 0xf75bc
0x228 N 0x22c
0xc5b5b8 N 0xc5b5bc
0x94d538 N 0x94d53c
0x228 N 0x22c
0x73144 BTB index out of boundsN 0x0
0x94d538 N 0x94d53c
0x228 N 0x22c
0x94d538 N 0x94d53c
0x228 N 0x22c
0x73144 BTB index out of boundsN 0x0
0x73144 BTB index out of boundsN 0x0
0x73144 BTB index out of boundsN 0x0
0x228 T 0x83950
0x73144 BTB index out of boundsN 0x0
0x73144 BTB index out of boundsN 0x0
0x228 T 0x83950
0x228 T 0x83950
0xf75b8 N 0xf75bc
0xc5b5b8 T 0xe6e430
0x73144 BTB index out of boundsN 0x0
0x94d538 T 0x4140
0x94d538 N 0x94d53c
0x94d538 N 0x94d53c
0x73144 BTB index out of boundsN 0x0
0x94d538 T 0x2039b00
0x94d538 T 0x2039b00
0xc5b5b8 N 0xc5b5bc
0xc5b5b8 T 0x4140
0xf75b8 N 0xf75bc
0x73144 BTB index out of boundsN 0x0
0x73144 BTB index out of boundsN 0x0
0xf75b8 N 0xf75bc
0x228 N 0x22c
0x73144 BTB index out of boundsN 0x0
0x94d538 N 0x94d53c
0x94d538 T 0x2039b00
0x73144 BTB index out of boundsN 0x0
0x228 N 0x22c
0x73144 BTB index out of boundsN 0x0
0x73144 BTB index out of boundsN 0x0
0xc5b5b8 N 0xc5b5bc
0x94d538 T 0x4140
0x94d538 N 0x94d53c
0xf75b8 T 0x2039b00
0xc5b5b8 T 0xe6e430
0x73144 BTB index out of boundsN 0x0
0xf75b8 T 0x4140
0xf75b8 T 0xe6e430
0xc5b5b8 T 0xe6e430
0x228 N 0x22c
0x94d538 N 0x94d53c
0xf75b8 T 0x2039b00
0xc5b5b8 T 0xe6e430
0xf75b8 N 0xf75bc
0x94d538 N 0x94d53c
0xf75b8 T 0x2039b00
0x228 N 0x22c
0xf75b8 N 0xf75bc
0x94d538 T 0xe6e430
0x94d538 N 0x94d53c
0x228 N 0x22c
0xf75b8 N 0xf75bc
0x228 N 0x22c
0x94d538 N 0x94d53c
0xf75b8 T 0x2039b00
0x73144 BTB index out of boundsN 0x0
0xc5b5b8 T 0xe6e430
0xc5b5b8 T 0x4140
0xc5b5b8 N 0xc5b5bc
0xc5b5b8 N 0xc5b5bc
0x228 N 0x22c
0x94d538 N 0x94d53c
0xc5b5b8 N 0xc5b5bc
0x228 N 0x22c
0xc5b5b8 N 0xc5b5bc
0xc5b5b8 T 0x4140
0x228 N 0x22c
0x94d538 N 0x94d53c
0x228 N 0x22c
0xc5b5b8 N 0xc5b5bc
0xc5b5b8 T 0x4140
0xf75b8 N 0xf75bc
0x228 N 0x22c
0xc5b5b8 N 0xc5b5bc
0xc5b5b8 T 0x4140
0x94d538 T 0x4140
0x73144 BTB index out of boundsN 0x0
0xf75b8 T 0x2039b00
0xf75b8 N 0xf75bc
0x228 N 0x22c
0x94d538 N 0x94d53c
0xf75b8 N 0xf75bc
0x94d538 N 0x94d53c
0x94d538 N 0x94d53c
0x94d538 T 0x2039b00
0x73144 BTB index out of boundsN 0x0
0x228 N 0x22c
0x228 T 0x83950
0x228 N 0x22c
0x73144 BTB index out of boundsN 0x0
0x73144 BTB index out of boundsN 0x0
0x94d538 N 0x94d53c
0xf75b8 N 0xf75bc
0x94d538 T 0xe6e430
0xc5b5b8 N 0xc5b5bc
0x228 N 0x22c
0xc5b5b8 N 0xc5b5bc
0x228 N 0x22c
0x228 T 0x83950
0x73144 BTB index out of boundsN 0x0
0xc5b5b8 N 0xc5b5bc
0x228 N 0x22c
0x228 T 0x83950
0xc5b5b8 N 0xc5b5bc
0xf75b8 N 0xf75bc
0x94d538 N 0x94d53c
0xf75b8 T 0x2039b00
0xc5b5b8 T 0xe6e430
0x228 N 0x22c
0xc5b5b8 N 0xc5b5bc
0x94d538 N 0x94d53c
0xc5b5b8 T 0x2039b00
0x94d538 N 0x94d53c
0xf75b8 T 0x2039b00
0xc5b5b8 T 0xe6e430
0x228 N 0x22c
0xc5b5b8 N 0xc5b5bc
0x228 N 0x22c
0xf75b8 N 0xf75bc
0xf75b8 T 0xe6e430
0x228 N 0x22c
0x228 T 0x83950
0x228 N 0x22c
0xf75b8 N 0xf75bc
0x94d538 T 0xe6e430
0x73144 BTB index out of boundsN 0x0
0xc5b5b8 T 0x2039b00
0x94d538 N 0x94d53c
0x94d538 N 0x94d53c
0x94d538 N 0x94d53c
0x73144 BTB index out of boundsN 0x0
0xc5b5b8 N 0xc5b5bc
0x73144 BTB index out of boundsN 0x0
0x228 N 0x22c
0xc5b5b8 N 0xc5b5bc
0xc5b5b8 T 0x4140
0x228 N 0x22c
0x228 T 0x83950
0xf75b8 N 0xf75bc
0x228 N 0x22c
0x94d538 N 0x94d53c
0x94d538 T 0x2039b00
0x94d538 N 0x94d53c
0x228 N 0x22c
0x73144 BTB index out of boundsN 0x0
0xc5b5b8 N 0xc5b5bc
0xc5b5b8 T 0x4140
0x73144 BTB index out of boundsN 0x0
0xc5b5b8 T 0x4140
0x94d538 N 0x94d53c
0x94d538 T 0x2039b00
0xf75b8 T 0x2039b00
0xf75b8 T 0xe6e430
0x73144 BTB index out of boundsN 0x0
0xf75b8 T 0xe6e430
0xc5b5b8 T 0xe6e430
0xf75b8 N 0xf75bc
0xf75b8 T 0xe6e430
0xf75b8 T 0xe6e430
0xc5b5b8 N 0xc5b5bc
0xc5b5b8 T 0x4140
0xc5b5b8 T 0x4140
0x228 N 0x22c
0x73144 BTB index out of boundsN 0x0
0x94d538 N 0x94d53c
0xf75b8 N 0xf75bc
0xf75b8 N 0xf75bc
0x228 N 0x22c
0xf75b8 N 0xf75bc
0x228 N 0x22c
0x94d538 N 0x94d53c
0x228 N 0x22c
0xc5b5b8 N 0xc5b5bc
0xc5b5b8 T 0x4140
0x228 N 0x22c
0xc5b5b8 N 0xc5b5bc
0xf75b8 T 0x4140
0xc5b5b8 T 0xe6e430
0xf75b8 T 0x4140
0x73144 BTB index out of boundsN 0x0
0xf75b8 N 0xf75bc
0x94d538 T 0xe6e430
0x228 N 0x22c
0x94d538 N 0x94d53c
0xc5b5b8 T 0x2039b00
0x94d538 N 0x94d53c
0x73144 BTB index out of boundsN 0x0
0x94d538 N 0x94d53c
0x73144 BTB index out of boundsN 0x0
0x228 N 0x22c
0x228 T 0x83950
0x73144 BTB index out of boundsN 0x0
0x228 T 0x83950
0x73144 BTB index out of boundsN 0x0
0xc5b5b8 N 0xc5b5bc
0xc5b5b8 T 0x4140
0x73144 BTB index out of boundsN 0x0
0x228 N 0x22c
0xf75b8 N 0xf75bc
0x94d538 T 0xe6e430
0x73144 BTB index out of boundsN 0x0
0xc5b5b8 T 0x2039b00
0xf75b8 N 0xf75bc
0x228 N 0x22c
0xc5b5b8 N 0xc5b5bc
0x228 N 0x22c
0xc5b5b8 N 0xc5b5bc
0xf75b8 T 0x4140
0xc5b5b8 T 0xe6e430
0x228 N 0x22c
0xf75b8 N 0xf75bc
0x94d538 N 0x94d53c
0xf75b8 T 0x2039b00
0x73144 BTB index out of boundsN 0x0
0xc5b5b8 T 0xe6e430
0xc5b5b8 T 0x4140
0x228 N 0x22c
0xc5b5b8 N 0xc5b5bc
0xf75b8 T 0x4140
0x94d538 N 0x94d53c
0x73144 BTB index out of boundsN 0x0
0x228 N 0x22c
0xf75b8 N 0xf75bc
0xf75b8 T 0xe6e430
0x228 N 0x22c
0x228 T 0x83950
0x73144 BTB index out of boundsN 0x0
0x94d538 N 0x94d53c
0xc5b5b8 T 0x2039b00
0x228 N 0x22c
0xf75b8 N 0xf75bc
0x73144 BTB index out of boundsN 0x0
0x228 N 0x22c
0x73144 BTB index out of boundsN 0x0
0x94d538 N 0x94d53c
0x228 N 0x22c
0xf75b8 N 0xf75bc
0x73144 BTB index out of boundsN 0x0
0xc5b5b8 T 0xe6e430
0xf75b8 T 0x4140
0x94d538 T 0xe6e430
0x73144 BTB index out of boundsN 0x0
0x228 N 0x22c
0x94d538 N 0x94d53c
0x94d538 T 0x2039b00
0xc5b5b8 T 0x2039b00
0xf75b8 T 0x4140
0xf75b8 T 0xe6e430
0x94d538 N 0x94d53c
0x228 N 0x22c
0x94d538 N 0x94d53c
0xc5b5b8 T 0x2039b00
0x228 N 0x22c
0x94d538 N 0x94d53c
0x228 N 0x22c
0x73144 BTB index out of boundsN 0x0
0x228 T 0x83950
0xf75b8 N 0xf75bc
0xc5b5b8 T 0xe6e430
0x73144 BTB index out of boundsN 0x0
0x73144 BTB index out of boundsN 0x0
0x73144 BTB index out of boundsN 0x0
0x73144 BTB index out of boundsN 0x0
0x73144 BTB index out of boundsN 0x0
0x228 N 0x22c
0x228 T 0x83950
0xf75b8 N 0xf75bc
0x228 N 0x22c
0xf75b8 N 0xf75bc
0xf75b8 T 0xe6e430
0xc5b5b8 T 0xe6e430
0xc5b5b8 T 0x4140
0xc5b5b8 T 0x4140
0xc5b5b8 T 0x4140
0x228 N 0x22c
0x73144 BTB index out of boundsN 0x0
0x73144 BTB index out of boundsN 0x0
0x73144 BTB index out of boundsN 0x0
0xc5b5b8 N 0xc5b5bc
0x73144 BTB index out of boundsN 0x0
0xc5b5b8 T 0x4140
0xc5b5b8 N 0xc5b5bc
0x73144 BTB index out of boundsN 0x0
0xc5b5b8 T 0x4140
0x228 N 0x22c
0x73144 BTB index out of boundsN 0x0
0xc5b5b8 N 0xc5b5bc
0xc5b5b8 T 0x4140
0x73144 BTB index out of boundsN 0x0
0x228 N 0x22c
0x228 T 0x83950
0xf75b8 N 0xf75bc
0x73144 BTB index out of boundsN 0x0
0xc5b5b8 N 0xc5b5bc
0x94d538 N 0x94d53c
0x228 N 0x22c
0x228 N 0x22c
0xf75b8 N 0xf75bc
0x94d538 T 0xe6e430
0x94d538 N 0x94d53c
0x73144 BTB index out of boundsN 0x0
0xf75b8 T 0x2039b00
0x73144 BTB index out of boundsN 0x0
0x94d538 T 0xe6e430
0x73144 BTB index out of boundsN 0x0
0xc5b5b8 T 0x2039b00
0xc5b5b8 T 0x4140
0x94d538 T 0x4140
0x228 N 0x22c
0x228 N 0x22c
0xc5b5b8 N 0xc5b5bc
0x73144 BTB index out of boundsN 0x0
0xc5b5b8 T 0x4140
0x94d538 N 0x94d53c
0x94d538 T 0x2039b00
0xf75b8 N 0xf75bc
0xc5b5b8 T 0xe6e430
0xc5b5b8 N 0xc5b5bc
0x228 N 0x22c
0xc5b5b8 N 0xc5b5bc
0xc5b5b8 T 0x4140
0x94d538 N 0x94d53c
0xc5b5b8 T 0x2039b00
0x228 N 0x22c
0xc5b5b8 N 0xc5b5bc
0x73144 BTB index out of boundsN 0x0
0x94d538 T 0x4140
0x94d538 N 0x94d53c
0x94d538 N 0x94d53c
0x73144 BTB index out of boundsN 0x0
0x94d538 N 0x94d53c
0x94d538 T 0x2039b00
0xf75b8 T 0x2039b00
0x228 N 0x22c
0x94d538 N 0x94d53c
0x94d538 T 0x2039b00
0x228 N 0x22c
0xf75b8 N 0xf75bc
0x228 N 0x22c
0x228 T 0x83950
0xc5b5b8 N 0xc5b5bc
0x228 N 0x22c
0x94d538 N 0x94d53c
0x73144 BTB index out of boundsN 0x0
0x228 N 0x22c
0xf75b8 N 0xf75bc
0x73144 BTB index out of boundsN 0x0
0x73144 BTB index out of boundsN 0x0
0xc5b5b8 T 0xe6e430
0x73144 BTB index out of boundsN 0x0
0xc5b5b8 T 0x4140
0x73144 BTB index out of boundsN 0x0
0x94d538 T 0x4140
0x94d538 T 0x2039b00
0xc5b5b8 T 0x2039b00
0xf75b8 T 0x4140
0x94d538 T 0xe6e430
0xc5b5b8 N 0xc5b5bc
0xc5b5b8 T 0x4140
0x94d538 T 0x4140
0xf75b8 N 0xf75bc
0xf75b8 T 0xe6e430
0x228 N 0x22c
0x228 T 0x83950
0x94d538 N 0x94d53c
0x73144 BTB index out of boundsN 0x0
0x73144 BTB index out of boundsN 0x0
0xc5b5b8 T 0x2039b00
0xf75b8 T 0x4140
0xc5b5b8 T 0xe6e430
0x94d538 N 0x94d53c
0x94d538 T 0x2039b00
0x73144 BTB index out of boundsN 0x0
0x73144 BTB index out of boundsN 0x0
0x73144 BTB index out of boundsN 0x0
0x94d538 N 0x94d53c
0xf75b8 T 0x2039b00
0x94d538 T 0xe6e430
0x228 N 0x22c
0xf75b8 N 0xf75bc
0xc5b5b8 T 0xe6e430
0x73144 BTB index out of boundsN 0x0
0x73144 BTB index out of boundsN 0x0
0x94d538 N 0x94d53c
0xf75b8 T 0x2039b00
0x94d538 T 0xe6e430
0x94d538 T 0x2039b00
0xc5b5b8 N 0xc5b5bc
0x73144 BTB index out of boundsN 0x0
0x73144 BTB index out of boundsN 0x0
0xc5b5b8 T 0x4140
0x94d538 T 0x4140
0x228 N 0x22c
0xc5b5b8 N 0xc5b5bc
0x228 N 0x22c
0x94d538 N 0x94d53c
0x73144 BTB index out of boundsN 0x0
0xc5b5b8 T 0x2039b00
0x94d538 N 0x94d53c
0x228 N 0x22c
0xc5b5b8 N 0xc5b5bc
0x228 N 0x22c
0xc5b5b8 N 0xc5b5bc
0x228 N 0x22c
0x228 T 0x83950
0xf75b8 N 0xf75bc
0xf75b8 T 0xe6e430
0xf75b8 N 0xf75bc
0x94d538 T 0xe6e430
0x94d538 N 0x94d53c
0x94d538 T 0x2039b00
0x228 N 0x22c
0xc5b5b8 N 0xc5b5bc
0x228 N 0x22c
0x228 T 0x83950
0x94d538 N 0x94d53c
0x94d538 T 0x2039b00
0xf75b8 T 0x2039b00
0x228 N 0x22c
0x73144 BTB index out of boundsN 0x0
0x94d538 N 0x94d53c
0x73144 BTB index out of boundsN 0x0
0x94d538 T 0x2039b00
0x94d538 N 0x94d53c
0x94d538 T 0x2039b00
0x94d538 N 0x94d53c
0xf75b8 T 0x2039b00
0x73144 BTB index out of boundsN 0x0
0x228 N 0x22c
0x228 T 0x83950
0x228 T 0x83950
0x228 T 0x83950
0x94d538 N 0x94d53c
0x73144 BTB index out of boundsN 0x0
0xf75b8 T 0x2039b00
0x94d538 T 0xe6e430
0xf75b8 T 0x2039b00
0xc5b5b8 T 0xe6e430
0x94d538 N 0x94d53c
0x228 N 0x22c
0x94d538 N 0x94d53c
0xc5b5b8 T 0x2039b00
0xf75b8 T 0x4140
0xf75b8 T 0xe6e430
0x94d538 N 0x94d53c
0x73144 BTB index out of boundsN 0x0
0x73144 BTB index out of boundsN 0x0
0x94d538 N 0x94d53c
0x94d538 T 0x2039b00
0x73144 BTB index out of boundsN 0x0
0x94d538 T 0x2039b00
0xf75b8 T 0x2039b00
0x94d538 T 0xe6e430
0x73144 BTB index out of boundsN 0x0
0x73144 BTB index out of boundsN 0x0
0x228 N 0x22c
0x228 T 0x83950
0xc5b5b8 N 0xc5b5bc
0x73144 BTB index out of boundsN 0x0
0x73144 BTB index out of boundsN 0x0
0x94d538 T 0x4140
0x94d538 N 0x94d53c
0x73144 BTB index out of boundsN 0x0
0x73144 BTB index out of boundsN 0x0
0xc5b5b8 T 0x2039b00
0xf75b8 T 0x4140
0xf75b8 T 0xe6e430
0x73144 BTB index out of boundsN 0x0
0x228 N 0x22c
0xc5b5b8 N 0xc5b5bc
0x228 N 0x22c
0xc5b5b8 N 0xc5b5bc
0x73144 BTB index out of boundsN 0x0
0x94d538 T 0x4140
0x73144 BTB index out of boundsN 0x0
0x228 N 0x22c
0xf75b8 N 0xf75bc
0x94d538 N 0x94d53c
0xf75b8 T 0x2039b00
0x73144 BTB index out of boundsN 0x0
0xc5b5b8 T 0xe6e430
0x73144 BTB index out of boundsN 0x0
0xc5b5b8 T 0x4140
0xc5b5b8 T 0x4140
0x228 N 0x22c
0x94d538 N 0x94d53c
0xc5b5b8 T 0x2039b00
0xc5b5b8 N 0xc5b5bc
0x94d538 T 0x4140
0xf75b8 T 0x2039b00
0x228 N 0x22c
0x228 T 0x83950
0xc5b5b8 N 0xc5b5bc
0xc5b5b8 N 0xc5b5bc
0xc5b5b8 T 0x4140
0x73144 BTB index out of boundsN 0x0
0xf75b8 T 0x4140
0x94d538 T 0xe6e430
0x94d538 T 0x2039b00
0x73144 BTB index out of boundsN 0x0
0xc5b5b8 T 0x2039b00
0x228 N 0x22c
0xc5b5b8 N 0xc5b5bc
0x94d538 T 0x4140
0x94d538 T 0x2039b00
0x228 N 0x22c
0xc5b5b8 N 0xc5b5bc
0xc5b5b8 T 0x4140
0x94d538 N 0x94d53c
0xc5b5b8 T 0x2039b00
0xc5b5b8 T 0x4140
0xc5b5b8 N 0xc5b5bc
0x73144 BTB index out of boundsN 0x0
0xc5b5b8 T 0x4140
0x94d538 N 0x94d53c
0x73144 BTB index out of boundsN 0x0
0xf75b8 T 0x2039b00
0x73144 BTB index out of boundsN 0x0
0x228 N 0x22c
0x73144 BTB index out of boundsN 0x0
0x228 T 0x83950
0x228 T 0x83950
0x73144 BTB index out of boundsN 0x0
0xc5b5b8 N 0xc5b5bc
0x228 N 0x22c
0x94d538 N 0x94d53c
0x228 N 0x22c
0x228 T 0x83950
0xc5b5b8 N 0xc5b5bc
0x94d538 T 0x4140
0x73144 BTB index out of boundsN 0x0
0xc5b5b8 T 0x2039b00
0x73144 BTB index out of boundsN 0x0
0xc5b5b8 T 0x4140
0x94d538 N 0x94d53c
0xf75b8 T 0x2039b00
0xf75b8 T 0xe6e430
0xc5b5b8 T 0xe6e430
0xf75b8 T 0x4140
0xc5b5b8 T 0xe6e430
0xc5b5b8 N 0xc5b5bc
0x94d538 T 0x4140
0x73144 BTB index out of boundsN 0x0
0x228 N 0x22c
0x94d538 N 0x94d53c
0xc5b5b8 N 0xc5b5bc
0xf75b8 T 0x4140
0x228 N 0x22c
0xf75b8 N 0xf75bc
0x94d538 T 0xe6e430
0xc5b5b8 T 0x2039b00
0x228 N 0x22c
0x73144 BTB index out of boundsN 0x0
0x73144 BTB index out of boundsN 0x0
0xc5b5b8 N 0xc5b5bc
0x228 N 0x22c
0x94d538 N 0x94d53c
0x228 N 0x22c
0xf75b8 N 0xf75bc
0x94d538 T 0xe6e430
0xc5b5b8 T 0x2039b00
0x228 N 0x22c
0x73144 BTB index out of boundsN 0x0
0x73144 BTB index out of boundsN 0x0
0x73144 BTB index out of boundsN 0x0
0x73144 BTB index out of boundsN 0x0
0x73144 BTB index out of boundsN 0x0
0xf75b8 N 0xf75bc
0xc5b5b8 T 0xe6e430
0x73144 BTB index out of boundsN 0x0
0xf75b8 N 0xf75bc
0x94d538 N 0x94d53c
0x228 N 0x22c
0x94d538 N 0x94d53c
0x94d538 T 0x2039b00
0xc5b5b8 T 0x2039b00
0xf75b8 N 0xf75bc
0xf75b8 T 0xe6e430
0x228 N 0x22c
0x228 T 0x83950
0xf75b8 N 0xf75bc
0x228 N 0x22c
0x228 T 0x83950
0xc5b5b8 N 0xc5b5bc
0x73144 BTB index out of boundsN 0x0
0x73144 BTB index out of boundsN 0x0
0xc5b5b8 T 0x4140
0xf75b8 T 0x4140
0xf75b8 N 0xf75bc
0xf75b8 T 0xe6e430
0xf75b8 T 0xe6e430
0x73144 BTB index out of boundsN 0x0
0x73144 BTB index out of boundsN 0x0
0xf75b8 T 0xe6e430
0xf75b8 T 0xe6e430
0x73144 BTB index out of boundsN 0x0
0x228 N 0x22c
0x94d538 N 0x94d53c
0x94d538 T 0x2039b00
0x94d538 N 0x94d53c
0xf75b8 T 0x2039b00
0x94d538 N 0x94d53c
0x228 N 0x22c
0xf75b8 N 0xf75bc
0x73144 BTB index out of boundsN 0x0
0x73144 BTB index out of boundsN 0x0
0xc5b5b8 N 0xc5b5bc
0xf75b8 N 0xf75bc
0x228 N 0x22c
0xf75b8 N 0xf75bc
0x73144 BTB index out of boundsN 0x0
0x228 N 0x22c
0x228 T 0x83950
0xf75b8 N 0xf75bc
0x73144 BTB index out of boundsN 0x0
0xf75b8 T 0xe6e430
0x228 N 0x22c
0xf75b8 N 0xf75bc
0x228 N 0x22c
0xf75b8 N 0xf75bc
0x228 N 0x22c
0x73144 BTB index out of boundsN 0x0
0xc5b5b8 N 0xc5b5bc
0xc5b5b8 T 0x4140
0x73144 BTB index out of boundsN 0x0
0x228 N 0x22c
0xc5b5b8 N 0xc5b5bc
0x73144 BTB index out of boundsN 0x0
0x228 N 0x22c
0xc5b5b8 N 0xc5b5bc
0x73144 BTB index out of boundsN 0x0
0x228 N 0x22c
0x73144 BTB index out of boundsN 0x0
0x94d538 N 0x94d53c
0x94d538 T 0x2039b00
0x73144 BTB index out of boundsN 0x0
0xf75b8 T 0x2039b00
0x73144 BTB index out of boundsN 0x0
0xf75b8 T 0xe6e430
0x228 N 0x22c
0x73144 BTB index out of boundsN 0x0
0x73144 BTB index out of boundsN 0x0
0x228 T 0x83950
0xf75b8 N 0xf75bc
0x73144 BTB index out of boundsN 0x0
0x228 N 0x22c
0x228 T 0x83950
0x73144 BTB index out of boundsN 0x0
0xf75b8 N 0xf75bc
0x228 N 0x22c
0x94d538 N 0x94d53c
0x228 N 0x22c
0xc5b5b8 N 0xc5b5bc
0x94d538 T 0x4140
0x94d538 N 0x94d53c
0xf75b8 T 0x2039b00
0x228 N 0x22c
0x94d538 N 0x94d53c
0xc5b5b8 T 0x2039b00
0xf75b8 T 0x4140
0x94d538 T 0xe6e430
0x94d538 T 0x2039b00
0xf75b8 T 0x2039b00
0xf75b8 T 0xe6e430
0x228 N 0x22c
0xc5b5b8 N 0xc5b5bc
0x228 N 0x22c
0xc5b5b8 N 0xc5b5bc
0xf75b8 T 0x4140
0x228 N 0x22c
0xc5b5b8 N 0xc5b5bc
0x94d538 T 0x4140
0x228 N 0x22c
0xf75b8 N 0xf75bc
0x73144 BTB index out of boundsN 0x0
0xf75b8 T 0xe6e430
0xc5b5b8 T 0xe6e430
0xc5b5b8 T 0x4140
0xc5b5b8 N 0xc5b5bc
0x94d538 T 0x4140
0x228 N 0x22c
0x73144 BTB index out of boundsN 0x0
0xf75b8 N 0xf75bc
0x73144 BTB index out of boundsN 0x0
0xf75b8 T 0xe6e430
0xf75b8 N 0xf75bc
0x228 N 0x22c
0xf75b8 N 0xf75bc
0xf75b8 T 0xe6e430
0x228 N 0x22c
0xf75b8 N 0xf75bc
0xc5b5b8 T 0xe6e430
0xf75b8 T 0x4140
0x94d538 T 0xe6e430
0x73144 BTB index out of boundsN 0x0
0xf75b8 T 0x2039b00
0xc5b5b8 N 0xc5b5bc
0x228 N 0x22c
0xf75b8 N 0xf75bc
0x228 N 0x22c
0x228 T 0x83950
0x94d538 N 0x94d53c
0x73144 BTB index out of boundsN 0x0
0x73144 BTB index out of boundsN 0x0
0x73144 BTB index out of boundsN 0x0
0xf75b8 T 0x2039b00
0x73144 BTB index out of boundsN 0x0
0x73144 BTB index out of boundsN 0x0
0x228 N 0x22c
0x73144 BTB index out of boundsN 0x0
0xc5b5b8 N 0xc5b5bc
0x94d538 N 0x94d53c
0x94d538 N 0x94d53c
0x228 N 0x22c
0x73144 BTB index out of boundsN 0x0
0xf75b8 N 0xf75bc
0xc5b5b8 T 0xe6e430
0x73144 BTB index out of boundsN 0x0
0x228 N 0x22c
0x73144 BTB index out of boundsN 0x0
0x228 T 0x83950
0xf75b8 N 0xf75bc
0xf75b8 T 0xe6e430
0xf75b8 N 0xf75bc
0x94d538 T 0xe6e430
0xc5b5b8 T 0x2039b00
0x94d538 N 0x94d53c
0xc5b5b8 T 0x2039b00
0xc5b5b8 T 0x4140
0x73144 BTB index out of boundsN 0x0
0xf75b8 N 0xf75bc
0xc5b5b8 T 0xe6e430
0xc5b5b8 T 0x4140
0x94d538 T 0x4140
0xc5b5b8 T 0x2039b00
0x94d538 T 0x4140
0x73144 BTB index out of boundsN 0x0
0x73144 BTB index out of boundsN 0x0
0x228 N 0x22c
0xc5b5b8 N 0xc5b5bc
0xf75b8 T 0x4140
0x94d538 N 0x94d53c
0x73144 BTB index out of boundsN 0x0
0x94d538 N 0x94d53c
0xf75b8 T 0x2039b00
0x228 N 0x22c
0x228 N 0x22c
0x73144 BTB index out of boundsN 0x0
0x228 N 0x22c
0x228 T 0x83950
0xf75b8 N 0xf75bc
0xc5b5b8 T 0xe6e430
0xc5b5b8 T 0x4140
0xc5b5b8 T 0x4140
0xf75b8 T 0x4140
0x228 N 0x22c
0xf75b8 N 0xf75bc
0xf75b8 T 0xe6e430
0x73144 BTB index out of boundsN 0x0
0x228 N 0x22c
0x94d538 N 0x94d53c
0xc5b5b8 T 0x2039b00
0x228 N 0x22c
0xc5b5b8 N 0xc5b5bc
0x228 N 0x22c
0x73144 BTB index out of boundsN 0x0
0x94d538 N 0x94d53c
0xc5b5b8 T 0x2039b00
0x94d538 N 0x94d53c
0xc5b5b8 T 0x2039b00
0xf75b8 T 0x4140
0xf75b8 N 0xf75bc
0x73144 BTB index out of boundsN 0x0
0x228 N 0x22c
0x94d538 N 0x94d53c
0x94d538 T 0x2039b00
0x73144 BTB index out of boundsN 0x0
0x73144 BTB index out of boundsN 0x0
0x73144 BTB index out of boundsN 0x0
0x94d538 N 0x94d53c
0xf75b8 T 0x2039b00
0x73144 BTB index out of boundsN 0x0
0xf75b8 T 0xe6e430
0x94d538 T 0xe6e430
0x94d538 T 0x2039b00
0x94d538 T 0x2039b00
0x228 N 0x22c
0x228 T 0x83950
0xc5b5b8 N 0xc5b5bc
0x73144 BTB index out of boundsN 0x0
0xc5b5b8 T 0x4140
0xc5b5b8 N 0xc5b5bc
0xc5b5b8 N 0xc5b5bc
0x228 N 0x22c
0x73144 BTB index out of boundsN 0x0
0x73144 BTB index out of boundsN 0x0
0x228 T 0x83950
0xc5b5b8 N 0xc5b5bc
0xc5b5b8 N 0xc5b5bc
0xf75b8 T 0x4140
0xc5b5b8 T 0xe6e430
0x73144 BTB index out of boundsN 0x0
0x228 N 0x22c
0xc5b5b8 N 0xc5b5bc
0x228 N 0x22c
0xc5b5b8 N 0xc5b5bc
0xc5b5b8 T 0x4140
0x73144 BTB index out of boundsN 0x0
0x94d538 N 0x94d53c
0x94d538 T 0x2039b00
0x228 N 0x22c
0x94d538 N 0x94d53c
0x228 N 0x22c
0xc5b5b8 N 0xc5b5bc
0x73144 BTB index out of boundsN 0x0
0x228 N 0x22c
0xf75b8 N 0xf75bc
0xc5b5b8 T 0xe6e430
0xf75b8 T 0x4140
0xf75b8 T 0xe6e430
0x94d538 T 0xe6e430
0x73144 BTB index out of boundsN 0x0
0x228 N 0x22c
0x228 T 0x83950
0xf75b8 N 0xf75bc
0x73144 BTB index out of boundsN 0x0
0x73144 BTB index out of boundsN 0x0
0x228 N 0x22c
0x94d538 N 0x94d53c
0xc5b5b8 T 0x2039b00
0xc5b5b8 N 0xc5b5bc
0x228 N 0x22c
0xf75b8 N 0xf75bc
0xc5b5b8 N 0xc5b5bc
0xc5b5b8 T 0x4140
0x228 N 0x22c
0x94d538 N 0x94d53c
0xf75b8 T 0x2039b00
0x94d538 T 0xe6e430
0x94d538 T 0x2039b00
0xc5b5b8 T 0x2039b00
0xc5b5b8 T 0x4140
0x94d538 T 0x4140
0xc5b5b8 N 0xc5b5bc
0x94d538 T 0x4140
0xc5b5b8 N 0xc5b5bc
0x73144 BTB index out of boundsN 0x0
0xf75b8 T 0x4140
0x73144 BTB index out of boundsN 0x0
0xf75b8 N 0xf75bc
0xf75b8 T 0xe6e430
0x228 N 0x22c
0x73144 BTB index out of boundsN 0x0
0x94d538 N 0x94d53c
0xf75b8 T 0x2039b00
0x228 N 0x22c
0x73144 BTB index out of boundsN 0x0
0xf75b8 N 0xf75bc
0x228 N 0x22c
0x73144 BTB index out of boundsN 0x0
0xf75b8 N 0xf75bc
0x94d538 T 0xe6e430
0x73144 BTB index out of boundsN 0x0
0x73144 BTB index out of boundsN 0x0
0x94d538 N 0x94d53c
0xc5b5b8 N 0xc5b5bc
0x228 N 0x22c
0xc5b5b8 N 0xc5b5bc
0x73144 BTB index out of boundsN 0x0
0x94d538 T 0x4140
0x94d538 T 0x2039b00
0x228 N 0x22c
0xc5b5b8 N 0xc5b5bc
0xf75b8 T 0x4140
0xf75b8 T 0xe6e430
0x73144 BTB index out of boundsN 0x0
0xc5b5b8 T 0xe6e430
0x73144 BTB index out of boundsN 0x0
0x94d538 T 0x4140
0xf75b8 T 0x2039b00
0xc5b5b8 T 0xe6e430
0x73144 BTB index out of boundsN 0x0
0xf75b8 T 0x4140
0xc5b5b8 T 0xe6e430
0x94d538 N 0x94d53c
0xf75b8 T 0x2039b00
0x94d538 T 0xe6e430
0x94d538 T 0x2039b00
0xc5b5b8 T 0x2039b00
0xc5b5b8 N 0xc5b5bc
0x73144 BTB index out of boundsN 0x0
0x94d538 T 0x4140
0x73144 BTB index out of boundsN 0x0
0x228 N 0x22c
0x94d538 N 0x94d53c
0x73144 BTB index out of boundsN 0x0
0x73144 BTB index out of boundsN 0x0
0xf75b8 T 0x2039b00
0xf75b8 T 0xe6e430
0x94d538 T 0xe6e430
0x228 N 0x22c
0x73144 BTB index out of boundsN 0x0
0xf75b8 N 0xf75bc
0x73144 BTB index out of boundsN 0x0
0x73144 BTB index out of boundsN 0x0
0xf75b8 T 0xe6e430
0x94d538 T 0xe6e430
0xf75b8 N 0xf75bc
0x73144 BTB index out of boundsN 0x0
0x94d538 T 0xe6e430
0xc5b5b8 T 0x2039b00
0xf75b8 T 0x4140
0xc5b5b8 T 0xe6e430
0x228 N 0x22c
0x73144 BTB index out of boundsN 0x0
0x228 T 0x83950
0xc5b5b8 N 0xc5b5bc
0xc5b5b8 T 0x4140
0x73144 BTB index out of boundsN 0x0
0xf75b8 T 0x4140
0x73144 BTB index out of boundsN 0x0
0x94d538 T 0xe6e430
0x94d538 T 0x2039b00
0xc5b5b8 T 0x2039b00
0x228 N 0x22c
0x94d538 N 0x94d53c
0x228 N 0x22c
0xc5b5b8 N 0xc5b5bc
0x73144 BTB index out of boundsN 0x0
0x94d538 T 0x4140
0xf75b8 N 0xf75bc
0xf75b8 N 0xf75bc
0xf75b8 N 0xf75bc
0x73144 BTB index out of boundsN 0x0
0x73144 BTB index out of boundsN 0x0
0xc5b5b8 T 0xe6e430
0x73144 BTB index out of boundsN 0x0
0xf75b8 T 0x4140
0xf75b8 N 0xf75bc
0xf75b8 T 0xe6e430
0x94d538 T 0xe6e430
0xc5b5b8 T 0x2039b00
0x228 N 0x22c
0x73144 BTB index out of boundsN 0x0
0xf75b8 N 0xf75bc
0x94d538 N 0x94d53c
0xf75b8 T 0x2039b00
0x228 N 0x22c
0x73144 BTB index out of boundsN 0x0
0xf75b8 N 0xf75bc
0x228 N 0x22c
0xf75b8 N 0xf75bc
0x94d538 N 0x94d53c
0x94d538 N 0x94d53c
0x94d538 N 0x94d53c
0xf75b8 T 0x2039b00
0x228 N 0x22c
0x73144 BTB index out of boundsN 0x0
0xf75b8 N 0xf75bc
0x94d538 N 0x94d53c
0x228 N 0x22c
0x228 T 0x83950
0xf75b8 N 0xf75bc
0xf75b8 T 0xe6e430
0xf75b8 T 0xe6e430
0xf75b8 N 0xf75bc
0x73144 BTB index out of boundsN 0x0
0x73144 BTB index out of boundsN 0x0
0x73144 BTB index out of boundsN 0x0
0xc5b5b8 T 0xe6e430
0x73144 BTB index out of boundsN 0x0
0xc5b5b8 T 0x4140
0xc5b5b8 T 0x4140
0x228 N 0x22c
0x73144 BTB index out of boundsN 0x0
0xf75b8 N 0xf75bc
0xc5b5b8 T 0xe6e430
0x94d538 N 0x94d53c
0xc5b5b8 T 0x2039b00
0xc5b5b8 T 0x4140
0x73144 BTB index out of boundsN 0x0
0x94d538 T 0x4140
0x228 N 0x22c
0xc5b5b8 N 0xc5b5bc
0xf75b8 T 0x4140
0x73144 BTB index out of boundsN 0x0
0xf75b8 N 0xf75bc
0xf75b8 N 0xf75bc
0x73144 BTB index out of boundsN 0x0
0xf75b8 N 0xf75bc
0x73144 BTB index out of boundsN 0x0
0x73144 BTB index out of boundsN 0x0
0x228 N 0x22c
0xf75b8 N 0xf75bc
0x228 N 0x22c
0xf75b8 N 0xf75bc
0x228 N 0x22c
0x228 T 0x83950
0x73144 BTB index out of boundsN 0x0
0x73144 BTB index out of boundsN 0x0
0x228 N 0x22c
0x228 N 0x22c
0xc5b5b8 N 0xc5b5bc
0xf75b8 T 0x4140
0xc5b5b8 T 0xe6e430
0x73144 BTB index out of boundsN 0x0
0xf75b8 N 0xf75bc
0xf75b8 T 0xe6e430
0x94d538 T 0xe6e430
0x94d538 N 0x94d53c
0xc5b5b8 N 0xc5b5bc
0x228 N 0x22c
0x73144 BTB index out of boundsN 0x0
0x73144 BTB index out of boundsN 0x0
0xf75b8 N 0xf75bc
0x94d538 N 0x94d53c
0x73144 BTB index out of boundsN 0x0
0xc5b5b8 N 0xc5b5bc
0xf75b8 T 0x4140
0x94d538 N 0x94d53c
0x228 N 0x22c
0xc5b5b8 N 0xc5b5bc
0xf75b8 N 0xf75bc
0x228 N 0x22c
0x73144 BTB index out of boundsN 0x0
0xc5b5b8 N 0xc5b5bc
0xf75b8 T 0x4140
0xc5b5b8 T 0xe6e430
0x94d538 N 0x94d53c
0xf75b8 T 0x2039b00
0x94d538 N 0x94d53c
0x73144 BTB index out of boundsN 0x0
0x94d538 T 0x2039b00
0xc5b5b8 T 0x2039b00
0x228 N 0x22c
0xc5b5b8 N 0xc5b5bc
0x94d538 N 0x94d53c
0xc5b5b8 T 0x2039b00
0x73144 BTB index out of boundsN 0x0
0xf75b8 N 0xf75bc
0x94d538 T 0xe6e430
0x228 N 0x22c
0x94d538 N 0x94d53c
0x228 N 0x22c
0x94d538 N 0x94d53c
0x94d538 T 0x2039b00
0x228 N 0x22c
0x94d538 N 0x94d53c
0x73144 BTB index out of boundsN 0x0
0x94d538 T 0x2039b00
0xc5b5b8 T 0x2039b00
0xf75b8 N 0xf75bc
0x228 N 0x22c
0x73144 BTB index out of boundsN 0x0
0xf75b8 N 0xf75bc
0xf75b8 T 0xe6e430
0xf75b8 N 0xf75bc
0xf75b8 N 0xf75bc
0x228 N 0x22c
0x228 T 0x83950
0x73144 BTB index out of boundsN 0x0
0xf75b8 N 0xf75bc
0x228 N 0x22c
0x73144 BTB index out of boundsN 0x0
0x94d538 N 0x94d53c
0x94d538 T 0x2039b00
0xf75b8 T 0x2039b00
0x73144 BTB index out of boundsN 0x0
0x94d538 T 0xe6e430
0xc5b5b8 T 0x2039b00
0x94d538 T 0x4140
0x94d538 T 0x2039b00
0x94d538 T 0x2039b00
0xc5b5b8 T 0x2039b00
0x73144 BTB index out of boundsN 0x0
0xc5b5b8 T 0x4140
0x73144 BTB index out of boundsN 0x0
0x228 N 0x22c
0x94d538 N 0x94d53c
0xc5b5b8 T 0x2039b00
0x73144 BTB index out of boundsN 0x0
0x94d538 T 0x4140
0x94d538 N 0x94d53c
0x228 N 0x22c
0x73144 BTB index out of boundsN 0x0
0x73144 BTB index out of boundsN 0x0
0x94d538 N 0x94d53c
0xf75b8 T 0x2039b00
0x228 N 0x22c
0xf75b8 N 0xf75bc
0x73144 BTB index out of boundsN 0x0
0x228 N 0x22c
0x228 T 0x83950
0xf75b8 N 0xf75bc
0x73144 BTB index out of boundsN 0x0
0xf75b8 T 0xe6e430
0xf75b8 T 0xe6e430
0x73144 BTB index out of boundsN 0x0
0x228 N 0x22c
0xf75b8 N 0xf75bc
0xf75b8 T 0xe6e430
0xf75b8 N 0xf75bc
0xf75b8 T 0xe6e430
0xf75b8 N 0xf75bc
0x228 N 0x22c
0xc5b5b8 N 0xc5b5bc
0x73144 BTB index out of boundsN 0x0
0xc5b5b8 T 0x4140
0xc5b5b8 N 0xc5b5bc
0xc5b5b8 N 0xc5b5bc
0x228 N 0x22c
0xf75b8 N 0xf75bc
0x94d538 T 0xe6e430
0x73144 BTB index out of boundsN 0x0
0xc5b5b8 T 0x2039b00
0x73144 BTB index out of boundsN 0x0
0xc5b5b8 N 0xc5b5bc
0x73144 BTB index out of boundsN 0x0
0x228 N 0x22c
0x228 T 0x83950
0xf75b8 N 0xf75bc
0x228 N 0x22c
0x228 T 0x83950
0x228 N 0x22c
0x73144 BTB index out of boundsN 0x0
0x94d538 N 0x94d53c
0xf75b8 T 0x2039b00
0x228 N 0x22c
0x94d538 N 0x94d53c
0xf75b8 N 0xf75bc
0xc5b5b8 N 0xc5b5bc
0xf75b8 N 0xf75bc
0xc5b5b8 N 0xc5b5bc
0xc5b5b8 N 0xc5b5bc
0xf75b8 N 0xf75bc
0x94d538 T 0xe6e430
0x228 N 0x22c
0xf75b8 N 0xf75bc
0x94d538 T 0xe6e430
0xf75b8 T 0x2039b00
0x94d538 T 0xe6e430
0xc5b5b8 T 0x2039b00
0x228 N 0x22c
0x228 T 0x83950
0x228 T 0x83950
0xf75b8 N 0xf75bc
0x94d538 T 0xe6e430
0x228 N 0x22c
0x228 T 0x83950
0x228 T 0x83950
0x228 N 0x22c
0x73144 BTB index out of boundsN 0x0
0xf75b8 N 0xf75bc
0x73144 BTB index out of boundsN 0x0
0x73144 BTB index out of boundsN 0x0
0x73144 BTB index out of boundsN 0x0
0x228 N 0x22c
0x73144 BTB index out of boundsN 0x0
0x228 T 0x83950
0x73144 BTB index out of boundsN 0x0
0x73144 BTB index out of boundsN 0x0
0xc5b5b8 N 0xc5b5bc
0x73144 BTB index out of boundsN 0x0
0x228 N 0x22c
0x228 T 0x83950
0xf75b8 N 0xf75bc
0x73144 BTB index out of boundsN 0x0
0xc5b5b8 N 0xc5b5bc
0xc5b5b8 N 0xc5b5bc
0x94d538 T 0x4140
0xc5b5b8 N 0xc5b5bc
0x73144 BTB index out of boundsN 0x0
0x228 N 0x22c
0x228 T 0x83950
0x228 T 0x83950
0x73144 BTB index out of boundsN 0x0
0x94d538 N 0x94d53c
0xf75b8 T 0x2039b00
0x73144 BTB index out of boundsN 0x0
0xc5b5b8 T 0xe6e430
0xf75b8 T 0x4140
0x94d538 T 0xe6e430
0x94d538 N 0x94d53c
0x73144 BTB index out of boundsN 0x0
0x73144 BTB index out of boundsN 0x0
0x73144 BTB index out of boundsN 0x0
0xc5b5b8 T 0x2039b00
0x73144 BTB index out of boundsN 0x0
0x73144 BTB index out of boundsN 0x0
0x94d538 T 0x4140
0xc5b5b8 T 0x2039b00
0xf75b8 N 0xf75bc
0x94d538 N 0x94d53c
0x73144 BTB index out of boundsN 0x0
0xc5b5b8 N 0xc5b5bc
0x94d538 N 0x94d53c
0x94d538 T 0x2039b00
0x228 N 0x22c
0x94d538 N 0x94d53c
0x228 N 0x22c
0xc5b5b8 N 0xc5b5bc
0x94d538 T 0x4140
0x228 N 0x22c
0x94d538 N 0x94d53c
0x94d538 T 0x2039b00
0xc5b5b8 T 0x2039b00
0x94d538 T 0x4140
0x94d538 N 0x94d53c
0x73144 BTB