0x4d0 N 0x4d4
0x894 BTB index out of boundsN 0x0
0xf6594 BTB index out of boundsN 0x0
0xd5a8cf30 N 0xd5a8cf34
0x894 BTB index out of boundsN 0x0
0xfa38 N 0xfa3c
0x5102c84 BTB index out of boundsN 0x0
0x6aa4 BTB index out of boundsN 0x0
0x7d0 N 0x7d4
0xeedd58 N 0xeedd5c
0x554a4e5c BTB index out of boundsN 0x0
0xc30f4c BTB index out of boundsN 0x0
0x894 BTB index out of boundsN 0x0
0xda7c BTB index out of boundsN 0x0
0x4d242644 BTB index out of boundsN 0x0
0x75ffd60c BTB index out of boundsN 0x0
0x718 N 0x71c
0x75ffd60c BTB index out of boundsN 0x0
0x508 N 0x50c
0x96100ec BTB index out of boundsN 0x0
0xdab8c00 N 0xdab8c04
0xeedd58 N 0xeedd5c
0x93fc BTB index out of boundsN 0x0
0x88e599c BTB index out of boundsN 0x0
0xe5745564 BTB index out of boundsN 0x0
0x88e599c BTB index out of boundsN 0x0
0xb52a08 N 0xb52a0c
0xfa38 N 0xfa3c
0xec0a32c BTB index out of boundsN 0x0
0x508 N 0x50c
0xeedd58 N 0xeedd5c
0x894 BTB index out of boundsN 0x0
0xdab8c00 N 0xdab8c04
0xa4feb8 N 0xa4febc
0x75ffd60c BTB index out of boundsN 0x0
0xdab8c00 N 0xdab8c04
0x6cdc BTB index out of boundsN 0x0
0x22c0db2c BTB index out of boundsN 0x0
0x88e599c BTB index out of boundsN 0x0
0x11f4 BTB index out of boundsN 0x0
0x894 BTB index out of boundsN 0x0
0x93fc BTB index out of boundsN 0x0
0xc30f4c BTB index out of boundsN 0x0
0xe5745564 BTB index out of boundsN 0x0
0x11f4 BTB index out of boundsN 0x0
0xc30f4c BTB index out of boundsN 0x0
0xa4feb8 N 0xa4febc
0xd5a8cf30 N 0xd5a8cf34
0x554a4e5c BTB index out of boundsN 0x0
0x6cdc BTB index out of boundsN 0x0
0x5102c84 BTB index out of boundsN 0x0
0x4d242644 BTB index out of boundsN 0x0
0xf403718 N 0xf40371c
0xdab8c00 N 0xdab8c04
0x4d242644 BTB index out of boundsN 0x0
0x389a268 N 0x389a26c
0x220f4f28 N 0x220f4f2c
0xdab8c00 N 0xdab8c04
0xf6594 BTB index out of boundsN 0x0
0x6c2f4 BTB index out of boundsN 0x0
0xe5745564 BTB index out of boundsN 0x0
0xe388 N 0xe38c
0xe5745564 BTB index out of boundsN 0x0
0x389a268 N 0x389a26c
0x22c0db2c BTB index out of boundsN 0x0
0x22c0db2c BTB index out of boundsN 0x0
0x554a4e5c BTB index out of boundsN 0x0
0x7d0 N 0x7d4
0x220f4f28 N 0x220f4f2c
0x11f4 BTB index out of boundsN 0x0
0x554a4e5c BTB index out of boundsN 0x0
0x389a268 N 0x389a26c
0x11f4 BTB index out of boundsN 0x0
0x389a268 N 0x389a26c
0xd5a8cf30 N 0xd5a8cf34
0x718 N 0x71c
0x96100ec BTB index out of boundsN 0x0
0x220f4f28 N 0x220f4f2c
0xd5a8cf30 N 0xd5a8cf34
0x22c0db2c BTB index out of boundsN 0x0
0xeedd58 N 0xeedd5c
0x6cdc BTB index out of boundsN 0x0
0xb52a08 N 0xb52a0c
0xc30f4c BTB index out of boundsN 0x0
0x11f4 BTB index out of boundsN 0x0
0xdab8c00 N 0xdab8c04
0xe5745564 BTB index out of boundsN 0x0
0xeedd58 N 0xeedd5c
0xa4feb8 N 0xa4febc
0xd5a8cf30 N 0xd5a8cf34
0x11f4 BTB index out of boundsN 0x0
0xe388 N 0xe38c
0xda7c BTB index out of boundsN 0x0
0x6aa4 BTB index out of boundsN 0x0
0x4d0 N 0x4d4
0xec0a32c BTB index out of boundsN 0x0
0xc30f4c BTB index out of boundsN 0x0
0x4d0 N 0x4d4
0xc30f4c BTB index out of boundsN 0x0
0x11f4 BTB index out of boundsN 0x0
0x220f4f28 N 0x220f4f2c
0x22c0db2c BTB index out of boundsN 0x0
0xd5a8cf30 N 0xd5a8cf34
0x4d242644 BTB index out of boundsN 0x0
0xb52a08 N 0xb52a0c
0xf403718 N 0xf40371c
0x22c0db2c BTB index out of boundsN 0x0
0x389a268 N 0x389a26c
0x6c2f4 BTB index out of boundsN 0x0
0x5102c84 BTB index out of boundsN 0x0
0x6cdc BTB index out of boundsN 0x0
0xf403718 N 0xf40371c
0x554a4e5c BTB index out of boundsN 0x0
0x6cdc BTB index out of boundsN 0x0
0x7d0 N 0x7d4
0x22c0db2c BTB index out of boundsN 0x0
0x96100ec BTB index out of boundsN 0x0
0x96100ec BTB index out of boundsN 0x0
0xda7c BTB index out of boundsN 0x0
0xa4feb8 N 0xa4febc
0x93fc BTB index out of boundsN 0x0
0x894 BTB index out of boundsN 0x0
0x7b8 N 0x7bc
0xf403718 N 0xf40371c
0x220f4f28 N 0x220f4f2c
0xec0a32c BTB index out of boundsN 0x0
0xec0a32c BTB index out of boundsN 0x0
0x718 N 0x71c
0xe5745564 BTB index out of boundsN 0x0
0x3c736f8 N 0x3c736fc
0xd5a8cf30 N 0xd5a8cf34
0x718 N 0x71c
0xe5745564 BTB index out of boundsN 0x0
0xda7c BTB index out of boundsN 0x0
0x93fc BTB index out of boundsN 0x0
0x508 N 0x50c
0xeedd58 N 0xeedd5c
0xdab8c00 N 0xdab8c04
0x7b8 N 0x7bc
0xa4feb8 N 0xa4febc
0x5102c84 BTB index out of boundsN 0x0
0xdab8c00 N 0xdab8c04
0x6cdc BTB index out of boundsN 0x0
0x93fc BTB index out of boundsN 0x0
0x894 BTB index out of boundsN 0x0
0x7d0 N 0x7d4
0x2a2e0bc BTB index out of boundsN 0x0
0xe388 N 0xe38c
0x220f4f28 N 0x220f4f2c
0x389a268 N 0x389a26c
0xc30f4c BTB index out of boundsN 0x0
0x96100ec BTB index out of boundsN 0x0
0x4d0 N 0x4d4
0x7d0 N 0x7d4
0x22c0db2c BTB index out of boundsN 0x0
0xcda448 N 0xcda44c
0x3c736f8 N 0x3c736fc
0x6cdc BTB index out of boundsN 0x0
0x554a4e5c BTB index out of boundsN 0x0
0xeedd58 N 0xeedd5c
0xb52a08 N 0xb52a0c
0xd5a8cf30 N 0xd5a8cf34
0x718 N 0x71c
0xb52a08 N 0xb52a0c
0xa4feb8 N 0xa4febc
0xc30f4c BTB index out of boundsN 0x0
0xc30f4c BTB index out of boundsN 0x0
0xe5745564 BTB index out of boundsN 0x0
0xf6594 BTB index out of boundsN 0x0
0x2a2e0bc BTB index out of boundsN 0x0
0x11f4 BTB index out of boundsN 0x0
0xa4feb8 N 0xa4febc
0x6c2f4 BTB index out of boundsN 0x0
0x93fc BTB index out of boundsN 0x0
0x93fc BTB index out of boundsN 0x0
0x7b8 N 0x7bc
0x718 N 0x71c
0x7b8 N 0x7bc
0x894 BTB index out of boundsN 0x0
0xdab8c00 N 0xdab8c04
0x894 BTB index out of boundsN 0x0
0x88e599c BTB index out of boundsN 0x0
0xeedd58 N 0xeedd5c
0x508 N 0x50c
0xec0a32c BTB index out of boundsN 0x0
0xe388 N 0xe38c
0x508 N 0x50c
0xc30f4c BTB index out of boundsN 0x0
0x7d0 N 0x7d4
0xf403718 N 0xf40371c
0x93fc BTB index out of boundsN 0x0
0x4d242644 BTB index out of boundsN 0x0
0x7b8 N 0x7bc
0x508 N 0x50c
0xb52a08 N 0xb52a0c
0xd5a8cf30 N 0xd5a8cf34
0x389a268 N 0x389a26c
0x88e599c BTB index out of boundsN 0x0
0x96100ec BTB index out of boundsN 0x0
0xb52a08 N 0xb52a0c
0xd5a8cf30 N 0xd5a8cf34
0x6c2f4 BTB index out of boundsN 0x0
0x7b8 N 0x7bc
0x7b8 N 0x7bc
0x22c0db2c BTB index out of boundsN 0x0
0xf403718 N 0xf40371c
0xd5a8cf30 N 0xd5a8cf34
0x3c736f8 N 0x3c736fc
0xcda448 N 0xcda44c
0xf403718 N 0xf40371c
0x11f4 BTB index out of boundsN 0x0
0x6aa4 BTB index out of boundsN 0x0
0x7b8 N 0x7bc
0xe5745564 BTB index out of boundsN 0x0
0x6c2f4 BTB index out of boundsN 0x0
0x6aa4 BTB index out of boundsN 0x0
0x93fc BTB index out of boundsN 0x0
0x6aa4 BTB index out of boundsN 0x0
0x11f4 BTB index out of boundsN 0x0
0xb52a08 N 0xb52a0c
0xe388 N 0xe38c
0x2a2e0bc BTB index out of boundsN 0x0
0xf6594 BTB index out of boundsN 0x0
0x7b8 N 0x7bc
0x22c0db2c BTB index out of boundsN 0x0
0x2a2e0bc BTB index out of boundsN 0x0
0x508 N 0x50c
0xfa38 N 0xfa3c
0xf0a93f28 N 0xf0a93f2c
0x96100ec BTB index out of boundsN 0x0
0x7b8 N 0x7bc
0x7d0 N 0x7d4
0xe388 N 0xe38c
0x96100ec BTB index out of boundsN 0x0
0xf6594 BTB index out of boundsN 0x0
0x3c736f8 N 0x3c736fc
0xf403718 N 0xf40371c
0x6aa4 BTB index out of boundsN 0x0
0x11f4 BTB index out of boundsN 0x0
0xa4feb8 N 0xa4febc
0x93fc BTB index out of boundsN 0x0
0x93fc BTB index out of boundsN 0x0
0x894 BTB index out of boundsN 0x0
0x508 N 0x50c
0xeedd58 N 0xeedd5c
0x894 BTB index out of boundsN 0x0
0xfa38 N 0xfa3c
0x5102c84 BTB index out of boundsN 0x0
0x96100ec BTB index out of boundsN 0x0
0xe388 N 0xe38c
0x6aa4 BTB index out of boundsN 0x0
0x894 BTB index out of boundsN 0x0
0xc30f4c BTB index out of boundsN 0x0
0x93fc BTB index out of boundsN 0x0
0x508 N 0x50c
0x93fc BTB index out of boundsN 0x0
0x718 N 0x71c
0xec0a32c BTB index out of boundsN 0x0
0x718 N 0x71c
0x220f4f28 N 0x220f4f2c
0x5102c84 BTB index out of boundsN 0x0
0xb52a08 N 0xb52a0c
0xf403718 N 0xf40371c
0x7d0 N 0x7d4
0x220f4f28 N 0x220f4f2c
0x5102c84 BTB index out of boundsN 0x0
0x96100ec BTB index out of boundsN 0x0
0xe5745564 BTB index out of boundsN 0x0
0xc30f4c BTB index out of boundsN 0x0
0xd5a8cf30 N 0xd5a8cf34
0xf0a93f28 N 0xf0a93f2c
0xd5a8cf30 N 0xd5a8cf34
0xf6594 BTB index out of boundsN 0x0
0x3c736f8 N 0x3c736fc
0x93fc BTB index out of boundsN 0x0
0xf6594 BTB index out of boundsN 0x0
0xe5745564 BTB index out of boundsN 0x0
0x6c2f4 BTB index out of boundsN 0x0
0xfa38 N 0xfa3c
0x389a268 N 0x389a26c
0x4d242644 BTB index out of boundsN 0x0
0x389a268 N 0x389a26c
0x3c736f8 N 0x3c736fc
0x894 BTB index out of boundsN 0x0
0xb52a08 N 0xb52a0c
0x6aa4 BTB index out of boundsN 0x0
0xf0a93f28 N 0xf0a93f2c
0xe388 N 0xe38c
0xec0a32c BTB index out of boundsN 0x0
0x7b8 N 0x7bc
0x7d0 N 0x7d4
0xda7c BTB index out of boundsN 0x0
0xf6594 BTB index out of boundsN 0x0
0x554a4e5c BTB index out of boundsN 0x0
0xeedd58 N 0xeedd5c
0xc30f4c BTB index out of boundsN 0x0
0xec0a32c BTB index out of boundsN 0x0
0x7d0 N 0x7d4
0x220f4f28 N 0x220f4f2c
0xeedd58 N 0xeedd5c
0x508 N 0x50c
0x5102c84 BTB index out of boundsN 0x0
0x554a4e5c BTB index out of boundsN 0x0
0xcda448 N 0xcda44c
0x3c736f8 N 0x3c736fc
0x894 BTB index out of boundsN 0x0
0x508 N 0x50c
0xb52a08 N 0xb52a0c
0xf6594 BTB index out of boundsN 0x0
0x22c0db2c BTB index out of boundsN 0x0
0x6aa4 BTB index out of boundsN 0x0
0xcda448 N 0xcda44c
0x4d0 N 0x4d4
0x3c736f8 N 0x3c736fc
0x96100ec BTB index out of boundsN 0x0
0x6aa4 BTB index out of boundsN 0x0
0x718 N 0x71c
0xfa38 N 0xfa3c
0xd5a8cf30 N 0xd5a8cf34
0xfa38 N 0xfa3c
0xd5a8cf30 N 0xd5a8cf34
0x220f4f28 N 0x220f4f2c
0xcda448 N 0xcda44c
0xb52a08 N 0xb52a0c
0xda7c BTB index out of boundsN 0x0
0x4d242644 BTB index out of boundsN 0x0
0x894 BTB index out of boundsN 0x0
0x4d0 N 0x4d4
0x389a268 N 0x389a26c
0x718 N 0x71c
0xda7c BTB index out of boundsN 0x0
0xb52a08 N 0xb52a0c
0x508 N 0x50c
0xec0a32c BTB index out of boundsN 0x0
0x508 N 0x50c
0x894 BTB index out of boundsN 0x0
0x554a4e5c BTB index out of boundsN 0x0
0xe388 N 0xe38c
0x7d0 N 0x7d4
0xcda448 N 0xcda44c
0x5102c84 BTB index out of boundsN 0x0
0xda7c BTB index out of boundsN 0x0
0x6c2f4 BTB index out of boundsN 0x0
0x3c736f8 N 0x3c736fc
0x22c0db2c BTB index out of boundsN 0x0
0x88e599c BTB index out of boundsN 0x0
0x5102c84 BTB index out of boundsN 0x0
0xec0a32c BTB index out of boundsN 0x0
0x75ffd60c BTB index out of boundsN 0x0
0xdab8c00 N 0xdab8c04
0x220f4f28 N 0x220f4f2c
0x2a2e0bc BTB index out of boundsN 0x0
0x5102c84 BTB index out of boundsN 0x0
0x718 N 0x71c
0xd5a8cf30 N 0xd5a8cf34
0x894 BTB index out of boundsN 0x0
0xec0a32c BTB index out of boundsN 0x0
0xcda448 N 0xcda44c
0x2a2e0bc BTB index out of boundsN 0x0
0xec0a32c BTB index out of boundsN 0x0
0x6c2f4 BTB index out of boundsN 0x0
0x389a268 N 0x389a26c
0x93fc BTB index out of boundsN 0x0
0x4d242644 BTB index out of boundsN 0x0
0xf6594 BTB index out of boundsN 0x0
0x894 BTB index out of boundsN 0x0
0x75ffd60c BTB index out of boundsN 0x0
0xe5745564 BTB index out of boundsN 0x0
0x554a4e5c BTB index out of boundsN 0x0
0xda7c BTB index out of boundsN 0x0
0x718 N 0x71c
0xfa38 N 0xfa3c
0xc30f4c BTB index out of boundsN 0x0
0x894 BTB index out of boundsN 0x0
0x389a268 N 0x389a26c
0x894 BTB index out of boundsN 0x0
0x554a4e5c BTB index out of boundsN 0x0
0x6c2f4 BTB index out of boundsN 0x0
0x389a268 N 0x389a26c
0xe388 N 0xe38c
0x11f4 BTB index out of boundsN 0x0
0xf0a93f28 N 0xf0a93f2c
0xd5a8cf30 N 0xd5a8cf34
0x554a4e5c BTB index out of boundsN 0x0
0x4d242644 BTB index out of boundsN 0x0
0xf403718 N 0xf40371c
0xeedd58 N 0xeedd5c
0x96100ec BTB index out of boundsN 0x0
0x6cdc BTB index out of boundsN 0x0
0xfa38 N 0xfa3c
0xe5745564 BTB index out of boundsN 0x0
0x508 N 0x50c
0x11f4 BTB index out of boundsN 0x0
0x2a2e0bc BTB index out of boundsN 0x0
0x718 N 0x71c
0xf6594 BTB index out of boundsN 0x0
0x7b8 N 0x7bc
0xcda448 N 0xcda44c
0xf0a93f28 N 0xf0a93f2c
0xe5745564 BTB index out of boundsN 0x0
0x2a2e0bc BTB index out of boundsN 0x0
0xf6594 BTB index out of boundsN 0x0
0xe5745564 BTB index out of boundsN 0x0
0xd5a8cf30 N 0xd5a8cf34
0x6c2f4 BTB index out of boundsN 0x0
0x6aa4 BTB index out of boundsN 0x0
0x718 N 0x71c
0xa4feb8 N 0xa4febc
0xe5745564 BTB index out of boundsN 0x0
0x4d242644 BTB index out of boundsN 0x0
0x554a4e5c BTB index out of boundsN 0x0
0xd5a8cf30 N 0xd5a8cf34
0x6cdc BTB index out of boundsN 0x0
0x7b8 N 0x7bc
0xf403718 N 0xf40371c
0xd5a8cf30 N 0xd5a8cf34
0xb52a08 N 0xb52a0c
0x88e599c BTB index out of boundsN 0x0
0x6cdc BTB index out of boundsN 0x0
0x7d0 N 0x7d4
0xe388 N 0xe38c
0xb52a08 N 0xb52a0c
0xa4feb8 N 0xa4febc
0xf403718 N 0xf40371c
0xc30f4c BTB index out of boundsN 0x0
0xe388 N 0xe38c
0x389a268 N 0x389a26c
0x3c736f8 N 0x3c736fc
0x554a4e5c BTB index out of boundsN 0x0
0x11f4 BTB index out of boundsN 0x0
0xb52a08 N 0xb52a0c
0xdab8c00 N 0xdab8c04
0x220f4f28 N 0x220f4f2c
0x4d0 N 0x4d4
0x5102c84 BTB index out of boundsN 0x0
0xf0a93f28 N 0xf0a93f2c
0x11f4 BTB index out of boundsN 0x0
0x220f4f28 N 0x220f4f2c
0x508 N 0x50c
0x7b8 N 0x7bc
0xf403718 N 0xf40371c
0xec0a32c BTB index out of boundsN 0x0
0xf403718 N 0xf40371c
0xcda448 N 0xcda44c
0x2a2e0bc BTB index out of boundsN 0x0
0x3c736f8 N 0x3c736fc
0xeedd58 N 0xeedd5c
0x6aa4 BTB index out of boundsN 0x0
0xe5745564 BTB index out of boundsN 0x0
0x718 N 0x71c
0xfa38 N 0xfa3c
0x508 N 0x50c
0x2a2e0bc BTB index out of boundsN 0x0
0xec0a32c BTB index out of boundsN 0x0
0x93fc BTB index out of boundsN 0x0
0x11f4 BTB index out of boundsN 0x0
0xeedd58 N 0xeedd5c
0x22c0db2c BTB index out of boundsN 0x0
0xfa38 N 0xfa3c
0xdab8c00 N 0xdab8c04
0x88e599c BTB index out of boundsN 0x0
0x7d0 N 0x7d4
0x2a2e0bc BTB index out of boundsN 0x0
0x6c2f4 BTB index out of boundsN 0x0
0xda7c BTB index out of boundsN 0x0
0x5102c84 BTB index out of boundsN 0x0
0xb52a08 N 0xb52a0c
0x96100ec BTB index out of boundsN 0x0
0x6cdc BTB index out of boundsN 0x0
0xdab8c00 N 0xdab8c04
0xa4feb8 N 0xa4febc
0x22c0db2c BTB index out of boundsN 0x0
0xdab8c00 N 0xdab8c04
0xe388 N 0xe38c
0x6cdc BTB index out of boundsN 0x0
0x22c0db2c BTB index out of boundsN 0x0
0x7d0 N 0x7d4
0x6c2f4 BTB index out of boundsN 0x0
0x93fc BTB index out of boundsN 0x0
0xfa38 N 0xfa3c
0x22c0db2c BTB index out of boundsN 0x0
0x6c2f4 BTB index out of boundsN 0x0
0xa4feb8 N 0xa4febc
0xf0a93f28 N 0xf0a93f2c
0x4d0 N 0x4d4
0xd5a8cf30 N 0xd5a8cf34
0x5102c84 BTB index out of boundsN 0x0
0xe388 N 0xe38c
0xf403718 N 0xf40371c
0x96100ec BTB index out of boundsN 0x0
0xe388 N 0xe38c
0x75ffd60c BTB index out of boundsN 0x0
0x11f4 BTB index out of boundsN 0x0
0xe5745564 BTB index out of boundsN 0x0
0xc30f4c BTB index out of boundsN 0x0
0x11f4 BTB index out of boundsN 0x0
0xda7c BTB index out of boundsN 0x0
0xb52a08 N 0xb52a0c
0x7b8 N 0x7bc
0xa4feb8 N 0xa4febc
0x5102c84 BTB index out of boundsN 0x0
0x7d0 N 0x7d4
0xcda448 N 0xcda44c
0xd5a8cf30 N 0xd5a8cf34
0x6aa4 BTB index out of boundsN 0x0
0x11f4 BTB index out of boundsN 0x0
0xec0a32c BTB index out of boundsN 0x0
0x554a4e5c BTB index out of boundsN 0x0
0x389a268 N 0x389a26c
0xd5a8cf30 N 0xd5a8cf34
0x554a4e5c BTB index out of boundsN 0x0
0xa4feb8 N 0xa4febc
0xda7c BTB index out of boundsN 0x0
0x5102c84 BTB index out of boundsN 0x0
0x554a4e5c BTB index out of boundsN 0x0
0x718 N 0x71c
0xe388 N 0xe38c
0xf403718 N 0xf40371c
0x508 N 0x50c
0xe5745564 BTB index out of boundsN 0x0
0x2a2e0bc BTB index out of boundsN 0x0
0xc30f4c BTB index out of boundsN 0x0
0x2a2e0bc BTB index out of boundsN 0x0
0x554a4e5c BTB index out of boundsN 0x0
0x93fc BTB index out of boundsN 0x0
0xcda448 N 0xcda44c
0xf403718 N 0xf40371c
0x2a2e0bc BTB index out of boundsN 0x0
0xd5a8cf30 N 0xd5a8cf34
0x3c736f8 N 0x3c736fc
0x718 N 0x71c
0x718 N 0x71c
0x11f4 BTB index out of boundsN 0x0
0xd5a8cf30 N 0xd5a8cf34
0x3c736f8 N 0x3c736fc
0x6cdc BTB index out of boundsN 0x0
0x718 N 0x71c
0x6c2f4 BTB index out of boundsN 0x0
0x5102c84 BTB index out of boundsN 0x0
0x7b8 N 0x7bc
0x5102c84 BTB index out of boundsN 0x0
0x93fc BTB index out of boundsN 0x0
0x718 N 0x71c
0xda7c BTB index out of boundsN 0x0
0xfa38 N 0xfa3c
0x894 BTB index out of boundsN 0x0
0x554a4e5c BTB index out of boundsN 0x0
0xa4feb8 N 0xa4febc
0x75ffd60c BTB index out of boundsN 0x0
0x4d0 N 0x4d4
0x389a268 N 0x389a26c
0x2a2e0bc BTB index out of boundsN 0x0
0x894 BTB index out of boundsN 0x0
0x11f4 BTB index out of boundsN 0x0
0xe388 N 0xe38c
0xb52a08 N 0xb52a0c
0xe5745564 BTB index out of boundsN 0x0
0xec0a32c BTB index out of boundsN 0x0
0x554a4e5c BTB index out of boundsN 0x0
0x22c0db2c BTB index out of boundsN 0x0
0xe5745564 BTB index out of boundsN 0x0
0xa4feb8 N 0xa4febc
0x5102c84 BTB index out of boundsN 0x0
0x6cdc BTB index out of boundsN 0x0
0x22c0db2c BTB index out of boundsN 0x0
0x11f4 BTB index out of boundsN 0x0
0xfa38 N 0xfa3c
0x718 N 0x71c
0x554a4e5c BTB index out of boundsN 0x0
0x11f4 BTB index out of boundsN 0x0
0x4d0 N 0x4d4
0x508 N 0x50c
0xd5a8cf30 N 0xd5a8cf34
0x22c0db2c BTB index out of boundsN 0x0
0xcda448 N 0xcda44c
0x389a268 N 0x389a26c
0x88e599c BTB index out of boundsN 0x0
0xec0a32c BTB index out of boundsN 0x0
0xfa38 N 0xfa3c
0xa4feb8 N 0xa4febc
0x389a268 N 0x389a26c
0x389a268 N 0x389a26c
0x96100ec BTB index out of boundsN 0x0
0x6cdc BTB index out of boundsN 0x0
0x894 BTB index out of boundsN 0x0
0xec0a32c BTB index out of boundsN 0x0
0x4d0 N 0x4d4
0x11f4 BTB index out of boundsN 0x0
0x389a268 N 0x389a26c
0x75ffd60c BTB index out of boundsN 0x0
0x6cdc BTB index out of boundsN 0x0
0xf6594 BTB index out of boundsN 0x0
0xf6594 BTB index out of boundsN 0x0
0xdab8c00 N 0xdab8c04
0xa4feb8 N 0xa4febc
0xfa38 N 0xfa3c
0x11f4 BTB index out of boundsN 0x0
0x4d0 N 0x4d4
0x2a2e0bc BTB index out of boundsN 0x0
0x389a268 N 0x389a26c
0x75ffd60c BTB index out of boundsN 0x0
0x6aa4 BTB index out of boundsN 0x0
0x96100ec BTB index out of boundsN 0x0
0xd5a8cf30 N 0xd5a8cf34
0x88e599c BTB index out of boundsN 0x0
0x718 N 0x71c
0xe5745564 BTB index out of boundsN 0x0
0xcda448 N 0xcda44c
0x93fc BTB index out of boundsN 0x0
0xa4feb8 N 0xa4febc
0xf6594 BTB index out of boundsN 0x0
0xda7c BTB index out of boundsN 0x0
0x6aa4 BTB index out of boundsN 0x0
0xb52a08 N 0xb52a0c
0xa4feb8 N 0xa4febc
0xa4feb8 N 0xa4febc
0x389a268 N 0x389a26c
0xec0a32c BTB index out of boundsN 0x0
0xf6594 BTB index out of boundsN 0x0
0xb52a08 N 0xb52a0c
0x6cdc BTB index out of boundsN 0x0
0x3c736f8 N 0x3c736fc
0x7b8 N 0x7bc
0xcda448 N 0xcda44c
0x11f4 BTB index out of boundsN 0x0
0x7d0 N 0x7d4
0x93fc BTB index out of boundsN 0x0
0x6cdc BTB index out of boundsN 0x0
0x75ffd60c BTB index out of boundsN 0x0
0x11f4 BTB index out of boundsN 0x0
0x75ffd60c BTB index out of boundsN 0x0
0xa4feb8 N 0xa4febc
0x6aa4 BTB index out of boundsN 0x0
0x93fc BTB index out of boundsN 0x0
0xa4feb8 N 0xa4febc
0x6cdc BTB index out of boundsN 0x0
0x894 BTB index out of boundsN 0x0
0x7b8 N 0x7bc
0xf6594 BTB index out of boundsN 0x0
0x7b8 N 0x7bc
0x7d0 N 0x7d4
0x4d0 N 0x4d4
0xe5745564 BTB index out of boundsN 0x0
0xcda448 N 0xcda44c
0xf403718 N 0xf40371c
0xf0a93f28 N 0xf0a93f2c
0xec0a32c BTB index out of boundsN 0x0
0x11f4 BTB index out of boundsN 0x0
0xda7c BTB index out of boundsN 0x0
0x508 N 0x50c
0x508 N 0x50c
0x508 N 0x50c
0x220f4f28 N 0x220f4f2c
0x389a268 N 0x389a26c
0xc30f4c BTB index out of boundsN 0x0
0xe5745564 BTB index out of boundsN 0x0
0xb52a08 N 0xb52a0c
0xec0a32c BTB index out of boundsN 0x0
0xa4feb8 N 0xa4febc
0x6aa4 BTB index out of boundsN 0x0
0x93fc BTB index out of boundsN 0x0
0xf0a93f28 N 0xf0a93f2c
0x7b8 N 0x7bc
0xe388 N 0xe38c
0xf403718 N 0xf40371c
0xe5745564 BTB index out of boundsN 0x0
0xeedd58 N 0xeedd5c
0x894 BTB index out of boundsN 0x0
0xf6594 BTB index out of boundsN 0x0
0xf0a93f28 N 0xf0a93f2c
0xc30f4c BTB index out of boundsN 0x0
0xfa38 N 0xfa3c
0x93fc BTB index out of boundsN 0x0
0x93fc BTB index out of boundsN 0x0
0x96100ec BTB index out of boundsN 0x0
0x508 N 0x50c
0x6aa4 BTB index out of boundsN 0x0
0xd5a8cf30 N 0xd5a8cf34
0xe5745564 BTB index out of boundsN 0x0
0x93fc BTB index out of boundsN 0x0
0x6cdc BTB index out of boundsN 0x0
0xda7c BTB index out of boundsN 0x0
0x718 N 0x71c
0x6aa4 BTB index out of boundsN 0x0
0x6c2f4 BTB index out of boundsN 0x0
0x4d0 N 0x4d4
0xe388 N 0xe38c
0x93fc BTB index out of boundsN 0x0
0xa4feb8 N 0xa4febc
0xe5745564 BTB index out of boundsN 0x0
0x88e599c BTB index out of boundsN 0x0
0x554a4e5c BTB index out of boundsN 0x0
0xcda448 N 0xcda44c
0x220f4f28 N 0x220f4f2c
0xda7c BTB index out of boundsN 0x0
0x22c0db2c BTB index out of boundsN 0x0
0x718 N 0x71c
0xc30f4c BTB index out of boundsN 0x0
0x220f4f28 N 0x220f4f2c
0xf6594 BTB index out of boundsN 0x0
0x11f4 BTB index out of boundsN 0x0
0x96100ec BTB index out of boundsN 0x0
0x220f4f28 N 0x220f4f2c
0xda7c BTB index out of boundsN 0x0
0x22c0db2c BTB index out of boundsN 0x0
0xb52a08 N 0xb52a0c
0xc30f4c BTB index out of boundsN 0x0
0x7b8 N 0x7bc
0xec0a32c BTB index out of boundsN 0x0
0x508 N 0x50c
0xec0a32c BTB index out of boundsN 0x0
0xa4feb8 N 0xa4febc
0x11f4 BTB index out of boundsN 0x0
0xc30f4c BTB index out of boundsN 0x0
0xdab8c00 N 0xdab8c04
0x4d0 N 0x4d4
0x75ffd60c BTB index out of boundsN 0x0
0xe5745564 BTB index out of boundsN 0x0
0x93fc BTB index out of boundsN 0x0
0x93fc BTB index out of boundsN 0x0
0xeedd58 N 0xeedd5c
0xf6594 BTB index out of boundsN 0x0
0x75ffd60c BTB index out of boundsN 0x0
0x508 N 0x50c
0xf403718 N 0xf40371c
0x7d0 N 0x7d4
0x894 BTB index out of boundsN 0x0
0x554a4e5c BTB index out of boundsN 0x0
0x5102c84 BTB index out of boundsN 0x0
0xe388 N 0xe38c
0xda7c BTB index out of boundsN 0x0
0x220f4f28 N 0x220f4f2c
0x894 BTB index out of boundsN 0x0
0xf403718 N 0xf40371c
0xc30f4c BTB index out of boundsN 0x0
0x93fc BTB index out of boundsN 0x0
0x5102c84 BTB index out of boundsN 0x0
0xf0a93f28 N 0xf0a93f2c
0x220f4f28 N 0x220f4f2c
0x508 N 0x50c
0x508 N 0x50c
0xa4feb8 N 0xa4febc
0x4d242644 BTB index out of boundsN 0x0
0xeedd58 N 0xeedd5c
0xc30f4c BTB index out of boundsN 0x0
0x75ffd60c BTB index out of boundsN 0x0
0x2a2e0bc BTB index out of boundsN 0x0
0xd5a8cf30 N 0xd5a8cf34
0x3c736f8 N 0x3c736fc
0x4d242644 BTB index out of boundsN 0x0
0x7d0 N 0x7d4
0x96100ec BTB index out of boundsN 0x0
0x894 BTB index out of boundsN 0x0
0x75ffd60c BTB index out of boundsN 0x0
0x2a2e0bc BTB index out of boundsN 0x0
0xfa38 N 0xfa3c
0xc30f4c BTB index out of boundsN 0x0
0x894 BTB index out of boundsN 0x0
0x508 N 0x50c
0x93fc BTB index out of boundsN 0x0
0x7b8 N 0x7bc
0xb52a08 N 0xb52a0c
0xdab8c00 N 0xdab8c04
0xb52a08 N 0xb52a0c
0xa4feb8 N 0xa4febc
0x96100ec BTB index out of boundsN 0x0
0x2a2e0bc BTB index out of boundsN 0x0
0xd5a8cf30 N 0xd5a8cf34
0x75ffd60c BTB index out of boundsN 0x0
0x11f4 BTB index out of boundsN 0x0
0x2a2e0bc BTB index out of boundsN 0x0
0x22c0db2c BTB index out of boundsN 0x0
0xf6594 BTB index out of boundsN 0x0
0x96100ec BTB index out of boundsN 0x0
0x88e599c BTB index out of boundsN 0x0
0x22c0db2c BTB index out of boundsN 0x0
0xf403718 N 0xf40371c
0x11f4 BTB index out of boundsN 0x0
0x389a268 N 0x389a26c
0x6cdc BTB index out of boundsN 0x0
0x220f4f28 N 0x220f4f2c
0x4d242644 BTB index out of boundsN 0x0
0x4d0 N 0x4d4
0x389a268 N 0x389a26c
0x3c736f8 N 0x3c736fc
0x6aa4 BTB index out of boundsN 0x0
0x22c0db2c BTB index out of boundsN 0x0
0x4d0 N 0x4d4
0x4d0 N 0x4d4
0x22c0db2c BTB index out of boundsN 0x0
0x2a2e0bc BTB index out of boundsN 0x0
0x88e599c BTB index out of boundsN 0x0
0x4d242644 BTB index out of boundsN 0x0
0x11f4 BTB index out of boundsN 0x0
0x3c736f8 N 0x3c736fc
0x75ffd60c BTB index out of boundsN 0x0
0xe5745564 BTB index out of boundsN 0x0
0x11f4 BTB index out of boundsN 0x0
0x6c2f4 BTB index out of boundsN 0x0
0x7b8 N 0x7bc
0x2a2e0bc BTB index out of boundsN 0x0
0xf0a93f28 N 0xf0a93f2c
0x2a2e0bc BTB index out of boundsN 0x0
0xf0a93f28 N 0xf0a93f2c
0x6cdc BTB index out of boundsN 0x0
0xf403718 N 0xf40371c
0x554a4e5c BTB index out of boundsN 0x0
0xeedd58 N 0xeedd5c
0xec0a32c BTB index out of boundsN 0x0
0x6cdc BTB index out of boundsN 0x0
0xf0a93f28 N 0xf0a93f2c
0xc30f4c BTB index out of boundsN 0x0
0xb52a08 N 0xb52a0c
0x5102c84 BTB index out of boundsN 0x0
0x6aa4 BTB index out of boundsN 0x0
0xd5a8cf30 N 0xd5a8cf34
0xa4feb8 N 0xa4febc
0x96100ec BTB index out of boundsN 0x0
0x554a4e5c BTB index out of boundsN 0x0
0xf0a93f28 N 0xf0a93f2c
0x220f4f28 N 0x220f4f2c
0x554a4e5c BTB index out of boundsN 0x0
0xdab8c00 N 0xdab8c04
0x7d0 N 0x7d4
0xf403718 N 0xf40371c
0x11f4 BTB index out of boundsN 0x0
0xa4feb8 N 0xa4febc
0x6cdc BTB index out of boundsN 0x0
0xf403718 N 0xf40371c
0x22c0db2c BTB index out of boundsN 0x0
0x5102c84 BTB index out of boundsN 0x0
0xe5745564 BTB index out of boundsN 0x0
0x2a2e0bc BTB index out of boundsN 0x0
0x220f4f28 N 0x220f4f2c
0xcda448 N 0xcda44c
0xf6594 BTB index out of boundsN 0x0
0x75ffd60c BTB index out of boundsN 0x0
0x508 N 0x50c
0x7d0 N 0x7d4
0xb52a08 N 0xb52a0c
0xa4feb8 N 0xa4febc
0x6aa4 BTB index out of boundsN 0x0
0x88e599c BTB index out of boundsN 0x0
0x554a4e5c BTB index out of boundsN 0x0
0x88e599c BTB index out of boundsN 0x0
0x220f4f28 N 0x220f4f2c
0x6aa4 BTB index out of boundsN 0x0
0x3c736f8 N 0x3c736fc
0x6cdc BTB index out of boundsN 0x0
0x389a268 N 0x389a26c
0xa4feb8 N 0xa4febc
0x4d242644 BTB index out of boundsN 0x0
0x4d0 N 0x4d4
0xeedd58 N 0xeedd5c
0x3c736f8 N 0x3c736fc
0x508 N 0x50c
0x11f4 BTB index out of boundsN 0x0
0xec0a32c BTB index out of boundsN 0x0
0xe388 N 0xe38c
0xb52a08 N 0xb52a0c
0x11f4 BTB index out of boundsN 0x0
0xec0a32c BTB index out of boundsN 0x0
0x7b8 N 0x7bc
0xda7c BTB index out of boundsN 0x0
0x88e599c BTB index out of boundsN 0x0
0x6c2f4 BTB index out of boundsN 0x0
0xb52a08 N 0xb52a0c
0x389a268 N 0x389a26c
0x11f4 BTB index out of boundsN 0x0
0x220f4f28 N 0x220f4f2c
0xa4feb8 N 0xa4febc
0x6c2f4 BTB index out of boundsN 0x0
0xc30f4c BTB index out of boundsN 0x0
0xf6594 BTB index out of boundsN 0x0
0x88e599c BTB index out of boundsN 0x0
0xd5a8cf30 N 0xd5a8cf34
0x6cdc BTB index out of boundsN 0x0
0x5102c84 BTB index out of boundsN 0x0
0x554a4e5c BTB index out of boundsN 0x0
0x11f4 BTB index out of boundsN 0x0
0x11f4 BTB index out of boundsN 0x0
0xb52a08 N 0xb52a0c
0xeedd58 N 0xeedd5c
0x4d0 N 0x4d4
0x718 N 0x71c
0xdab8c00 N 0xdab8c04
0x4d242644 BTB index out of boundsN 0x0
0x554a4e5c BTB index out of boundsN 0x0
0x389a268 N 0x389a26c
0xe388 N 0xe38c
0xf0a93f28 N 0xf0a93f2c
0x6c2f4 BTB index out of boundsN 0x0
0x11f4 BTB index out of boundsN 0x0
0xe388 N 0xe38c
0x6c2f4 BTB index out of boundsN 0x0
0x93fc BTB index out of boundsN 0x0
0x6cdc BTB index out of boundsN 0x0
0x75ffd60c BTB index out of boundsN 0x0
0x389a268 N 0x389a26c
0x6aa4 BTB index out of boundsN 0x0
0x389a268 N 0x389a26c
0xf403718 N 0xf40371c
0x75ffd60c BTB index out of boundsN 0x0
0xc30f4c BTB index out of boundsN 0x0
0xe388 N 0xe38c
0xec0a32c BTB index out of boundsN 0x0
0x554a4e5c BTB index out of boundsN 0x0
0x6c2f4 BTB index out of boundsN 0x0
0x11f4 BTB index out of boundsN 0x0
0x389a268 N 0x389a26c
0x718 N 0x71c
0xc30f4c BTB index out of boundsN 0x0
0x4d0 N 0x4d4
0x93fc BTB index out of boundsN 0x0
0x7b8 N 0x7bc
0x88e599c BTB index out of boundsN 0x0
0xf6594 BTB index out of boundsN 0x0
0x2a2e0bc BTB index out of boundsN 0x0
0x7b8 N 0x7bc
0x508 N 0x50c
0xda7c BTB index out of boundsN 0x0
0x6cdc BTB index out of boundsN 0x0
0xd5a8cf30 N 0xd5a8cf34
0xf6594 BTB index out of boundsN 0x0
0x22c0db2c BTB index out of boundsN 0x0
0x6c2f4 BTB index out of boundsN 0x0
0x96100ec BTB index out of boundsN 0x0
0xda7c BTB index out of boundsN 0x0
0x93fc BTB index out of boundsN 0x0
0xda7c BTB index out of boundsN 0x0
0x88e599c BTB index out of boundsN 0x0
0x6aa4 BTB index out of boundsN 0x0
0x508 N 0x50c
0xb52a08 N 0xb52a0c
0x508 N 0x50c
0xfa38 N 0xfa3c
0x11f4 BTB index out of boundsN 0x0
0x508 N 0x50c
0xf6594 BTB index out of boundsN 0x0
0x894 BTB index out of boundsN 0x0
0x508 N 0x50c
0x4d0 N 0x4d4
0x5102c84 BTB index out of boundsN 0x0
0x220f4f28 N 0x220f4f2c
0xeedd58 N 0xeedd5c
0x7b8 N 0x7bc
0x894 BTB index out of boundsN 0x0
0xa4feb8 N 0xa4febc
0xb52a08 N 0xb52a0c
0xf403718 N 0xf40371c
0xcda448 N 0xcda44c
0xe5745564 BTB index out of boundsN 0x0
0xeedd58 N 0xeedd5c
0x93fc BTB index out of boundsN 0x0
0x6aa4 BTB index out of boundsN 0x0
0x389a268 N 0x389a26c
0xb52a08 N 0xb52a0c
0x554a4e5c BTB index out of boundsN 0x0
0xf0a93f28 N 0xf0a93f2c
0x88e599c BTB index out of boundsN 0x0
0xeedd58 N 0xeedd5c
0x88e599c BTB index out of boundsN 0x0
0xf403718 N 0xf40371c
0x6aa4 BTB index out of boundsN 0x0
0x7d0 N 0x7d4
0xe5745564 BTB index out of boundsN 0x0
0x5102c84 BTB index out of boundsN 0x0
0x75ffd60c BTB index out of boundsN 0x0
0x2a2e0bc BTB index out of boundsN 0x0
0x4d242644 BTB index out of boundsN 0x0
0xec0a32c BTB index out of boundsN 0x0
0x96100ec BTB index out of boundsN 0x0
0x6c2f4 BTB index out of boundsN 0x0
0xec0a32c BTB index out of boundsN 0x0
0xec0a32c BTB index out of boundsN 0x0
0x4d0 N 0x4d4
0x3c736f8 N 0x3c736fc
0xf403718 N 0xf40371c
0xd5a8cf30 N 0xd5a8cf34
0x718 N 0x71c
0x5102c84 BTB index out of boundsN 0x0
0xa4feb8 N 0xa4febc
0x3c736f8 N 0x3c736fc
0x6c2f4 BTB index out of boundsN 0x0
0x22c0db2c BTB index out of boundsN 0x0
0x88e599c BTB index out of boundsN 0x0
0xfa38 N 0xfa3c
0xa4feb8 N 0xa4febc
0xec0a32c BTB index out of boundsN 0x0
0x718 N 0x71c
0xdab8c00 N 0xdab8c04
0xb52a08 N 0xb52a0c
0xf403718 N 0xf40371c
0xe5745564 BTB index out of boundsN 0x0
0xec0a32c BTB index out of boundsN 0x0
0x4d0 N 0x4d4
0x554a4e5c BTB index out of boundsN 0x0
0xf403718 N 0xf40371c
0x88e599c BTB index out of boundsN 0x0
0x6cdc BTB index out of boundsN 0x0
0xd5a8cf30 N 0xd5a8cf34
0xfa38 N 0xfa3c
0xeedd58 N 0xeedd5c
0x11f4 BTB index out of boundsN 0x0
0xda7c BTB index out of boundsN 0x0
0x3c736f8 N 0x3c736fc
0x75ffd60c BTB index out of boundsN 0x0
0x4d0 N 0x4d4
0xc30f4c BTB index out of boundsN 0x0
0x554a4e5c BTB index out of boundsN 0x0
0x75ffd60c BTB index out of boundsN 0x0
0xd5a8cf30 N 0xd5a8cf34
0xc30f4c BTB index out of boundsN 0x0
0xda7c BTB index out of boundsN 0x0
0xe5745564 BTB index out of boundsN 0x0
0xdab8c00 N 0xdab8c04
0x6cdc BTB index out of boundsN 0x0
0x11f4 BTB index out of boundsN 0x0
0x96100ec BTB index out of boundsN 0x0
0x7b8 N 0x7bc
0x718 N 0x71c
0x6cdc BTB index out of boundsN 0x0
0x894 BTB index out of boundsN 0x0
0x88e599c BTB index out of boundsN 0x0
0xda7c BTB index out of boundsN 0x0
0x6c2f4 BTB index out of boundsN 0x0
0x4d242644 BTB index out of boundsN 0x0
0x6aa4 BTB index out of boundsN 0x0
0x96100ec BTB index out of boundsN 0x0
0xa4feb8 N 0xa4febc
0x4d242644 BTB index out of boundsN 0x0
0x389a268 N 0x389a26c
0x4d242644 BTB index out of boundsN 0x0
0xe5745564 BTB index out of boundsN 0x0
0xb52a08 N 0xb52a0c
0x5102c84 BTB index out of boundsN 0x0
0xf6594 BTB index out of boundsN 0x0
0xd5a8cf30 N 0xd5a8cf34
0x4d242644 BTB index out of boundsN 0x0
0xf0a93f28 N 0xf0a93f2c
0xa4feb8 N 0xa4febc
0x554a4e5c BTB index out of boundsN 0x0
0x6cdc BTB index out of boundsN 0x0
0xa4feb8 N 0xa4febc
0xc30f4c BTB index out of boundsN 0x0
0xe388 N 0xe38c
0xeedd58 N 0xeedd5c
0xeedd58 N 0xeedd5c
0xcda448 N 0xcda44c
0xc30f4c BTB index out of boundsN 0x0
0x6aa4 BTB index out of boundsN 0x0
0x389a268 N 0x389a26c
0x93fc BTB index out of boundsN 0x0
0xdab8c00 N 0xdab8c04
0xeedd58 N 0xeedd5c
0xc30f4c BTB index out of boundsN 0x0
0x220f4f28 N 0x220f4f2c
0xfa38 N 0xfa3c
0x7b8 N 0x7bc
0xe5745564 BTB index out of boundsN 0x0
0x7b8 N 0x7bc
0xe5745564 BTB index out of boundsN 0x0
0xe388 N 0xe38c
0x22c0db2c BTB index out of boundsN 0x0
0x220f4f28 N 0x220f4f2c
0xb52a08 N 0xb52a0c
0x508 N 0x50c
0x508 N 0x50c
0x4d242644 BTB index out of boundsN 0x0
0xcda448 N 0xcda44c
0x88e599c BTB index out of boundsN 0x0
0xf403718 N 0xf40371c
0x4d242644 BTB index out of boundsN 0x0
0xf6594 BTB index out of boundsN 0x0
0x4d0 N 0x4d4
0xeedd58 N 0xeedd5c
0x894 BTB index out of boundsN 0x0
0xdab8c00 N 0xdab8c04
0x11f4 BTB index out of boundsN 0x0
0x718 N 0x71c
0x6cdc BTB index out of boundsN 0x0
0x894 BTB index out of boundsN 0x0
0x389a268 N 0x389a26c
0xe388 N 0xe38c
0x22c0db2c BTB index out of boundsN 0x0
0x93fc BTB index out of boundsN 0x0
0x5102c84 BTB index out of boundsN 0x0
0x4d242644 BTB index out of boundsN 0x0
0xf0a93f28 N 0xf0a93f2c
0x718 N 0x71c
0x4d0 N 0x4d4
0x22c0db2c BTB index out of boundsN 0x0
0x508 N 0x50c
0xcda448 N 0xcda44c
0xec0a32c BTB index out of boundsN 0x0
0xf403718 N 0xf40371c
0x6cdc BTB index out of boundsN 0x0
0xcda448 N 0xcda44c
0xda7c BTB index out of boundsN 0x0
0x88e599c BTB index out of boundsN 0x0
0xf403718 N 0xf40371c
0x93fc BTB index out of boundsN 0x0
0x894 BTB index out of boundsN 0x0
0xb52a08 N 0xb52a0c
0x5102c84 BTB index out of boundsN 0x0
0x4d0 N 0x4d4
0x11f4 BTB index out of boundsN 0x0
0x4d242644 BTB index out of boundsN 0x0
0x6c2f4 BTB index out of boundsN 0x0
0x508 N 0x50c
0x554a4e5c BTB index out of boundsN 0x0
0x554a4e5c BTB index out of boundsN 0x0
0x2a2e0bc BTB index out of boundsN 0x0
0xd5a8cf30 N 0xd5a8cf34
0x7d0 N 0x7d4
0xa4feb8 N 0xa4febc
0x11f4 BTB index out of boundsN 0x0
0xcda448 N 0xcda44c
0x3c736f8 N 0x3c736fc
0x894 BTB index out of boundsN 0x0
0x7d0 N 0x7d4
0xc30f4c BTB index out of boundsN 0x0
0x4d0 N 0x4d4
0x6cdc BTB index out of boundsN 0x0
0xd5a8cf30 N 0xd5a8cf34
0x389a268 N 0x389a26c
0x554a4e5c BTB index out of boundsN 0x0
0xa4feb8 N 0xa4febc
0x5102c84 BTB index out of boundsN 0x0
0xe388 N 0xe38c
0x4d242644 BTB index out of boundsN 0x0
0xda7c BTB index out of boundsN 0x0
0x4d0 N 0x4d4
0x7d0 N 0x7d4
0xec0a32c BTB index out of boundsN 0x0
0xd5a8cf30 N 0xd5a8cf34
0x4d0 N 0x4d4
0xc30f4c BTB index out of boundsN 0x0
0xe5745564 BTB index out of boundsN 0x0
0x5102c84 BTB index out of boundsN 0x0
0x88e599c BTB index out of boundsN 0x0
0x96100ec BTB index out of boundsN 0x0
0xda7c BTB index out of boundsN 0x0
0x4d0 N 0x4d4
0x88e599c BTB index out of boundsN 0x0
0x75ffd60c BTB index out of boundsN 0x0
0xdab8c00 N 0xdab8c04
0x718 N 0x71c
0x3c736f8 N 0x3c736fc
0x96100ec BTB index out of boundsN 0x0
0x6cdc BTB index out of boundsN 0x0
0xd5a8cf30 N 0xd5a8cf34
0xd5a8cf30 N 0xd5a8cf34
0x93fc BTB index out of boundsN 0x0
0x3c736f8 N 0x3c736fc
0xa4feb8 N 0xa4febc
0x3c736f8 N 0x3c736fc
0x5102c84 BTB index out of boundsN 0x0
0x96100ec BTB index out of boundsN 0x0
0x389a268 N 0x389a26c
0xeedd58 N 0xeedd5c
0xf6594 BTB index out of boundsN 0x0
0x2a2e0bc BTB index out of boundsN 0x0
0x894 BTB index out of boundsN 0x0
0xda7c BTB index out of boundsN 0x0
0xe388 N 0xe38c
0xcda448 N 0xcda44c
0xc30f4c BTB index out of boundsN 0x0
0x7d0 N 0x7d4
0xc30f4c BTB index out of boundsN 0x0
0x22c0db2c BTB index out of boundsN 0x0
0x96100ec BTB index out of boundsN 0x0
0xd5a8cf30 N 0xd5a8cf34
0xf6594 BTB index out of boundsN 0x0
0x554a4e5c BTB index out of boundsN 0x0
0x508 N 0x50c
0x220f4f28 N 0x220f4f2c
0xcda448 N 0xcda44c
0x508 N 0x50c
0x88e599c BTB index out of boundsN 0x0
0x4d0 N 0x4d4
0xf403718 N 0xf40371c
0x5102c84 BTB index out of boundsN 0x0
0x6aa4 BTB index out of boundsN 0x0
0x220f4f28 N 0x220f4f2c
0x508 N 0x50c
0xd5a8cf30 N 0xd5a8cf34
0x508 N 0x50c
0xec0a32c BTB index out of boundsN 0x0
0x554a4e5c BTB index out of boundsN 0x0
0xeedd58 N 0xeedd5c
0x22c0db2c BTB index out of boundsN 0x0
0x7b8 N 0x7bc
0x894 BTB index out of boundsN 0x0
0x7d0 N 0x7d4
0x7d0 N 0x7d4
0xd5a8cf30 N 0xd5a8cf34
0xd5a8cf30 N 0xd5a8cf34
0x4d0 N 0x4d4
0xf6594 BTB index out of boundsN 0x0
0xf0a93f28 N 0xf0a93f2c
0x554a4e5c BTB index out of boundsN 0x0
0x96100ec BTB index out of boundsN 0x0
0xec0a32c BTB index out of boundsN 0x0
0xc30f4c BTB index out of boundsN 0x0
0x220f4f28 N 0x220f4f2c
0xeedd58 N 0xeedd5c
0x718 N 0x71c
0x7b8 N 0x7bc
0x2a2e0bc BTB index out of boundsN 0x0
0x11f4 BTB index out of boundsN 0x0
0xa4feb8 N 0xa4febc
0xb52a08 N 0xb52a0c
0x7d0 N 0x7d4
0x7b8 N 0x7bc
0x220f4f28 N 0x220f4f2c
0xf0a93f28 N 0xf0a93f2c
0x88e599c BTB index out of boundsN 0x0
0x220f4f28 N 0x220f4f2c
0x6c2f4 BTB index out of boundsN 0x0
0x220f4f28 N 0x220f4f2c
0x389a268 N 0x389a26c
0x88e599c BTB index out of boundsN 0x0
0x6cdc BTB index out of boundsN 0x0
0xf0a93f28 N 0xf0a93f2c
0x88e599c BTB index out of boundsN 0x0
0x7d0 N 0x7d4
0x508 N 0x50c
0x389a268 N 0x389a26c
0xd5a8cf30 N 0xd5a8cf34
0x6c2f4 BTB index out of boundsN 0x0
0x22c0db2c BTB index out of boundsN 0x0
0xf6594 BTB index out of boundsN 0x0
0x554a4e5c BTB index out of boundsN 0x0
0xc30f4c BTB index out of boundsN 0x0
0x6c2f4 BTB index out of boundsN 0x0
0x6c2f4 BTB index out of boundsN 0x0
0x22c0db2c BTB index out of boundsN 0x0
0xcda448 N 0xcda44c
0x508 N 0x50c
0x75ffd60c BTB index out of boundsN 0x0
0x6aa4 BTB index out of boundsN 0x0
0x7b8 N 0x7bc
0xe5745564 BTB index out of boundsN 0x0
0x6aa4 BTB index out of boundsN 0x0
0xeedd58 N 0xeedd5c
0x3c736f8 N 0x3c736fc
0x3c736f8 N 0x3c736fc
0x894 BTB index out of boundsN 0x0
0x2a2e0bc BTB index out of boundsN 0x0
0xf6594 BTB index out of boundsN 0x0
0x5102c84 BTB index out of boundsN 0x0
0x894 BTB index out of boundsN 0x0
0x88e599c BTB index out of boundsN 0x0
0x389a268 N 0x389a26c
0xf6594 BTB index out of boundsN 0x0
0x7d0 N 0x7d4
0xfa38 N 0xfa3c
0x7b8 N 0x7bc
0x5102c84 BTB index out of boundsN 0x0
0x88e599c BTB index out of boundsN 0x0
0xe388 N 0xe38c
0x554a4e5c BTB index out of boundsN 0x0
0x93fc BTB index out of boundsN 0x0
0xec0a32c BTB index out of boundsN 0x0
0xf0a93f28 N 0xf0a93f2c
0x88e599c BTB index out of boundsN 0x0
0x894 BTB index out of boundsN 0x0
0x4d0 N 0x4d4
0xe388 N 0xe38c
0x718 N 0x71c
0x2a2e0bc BTB index out of boundsN 0x0
0xec0a32c BTB index out of boundsN 0x0
0xeedd58