0x5164768 N 0x516476c
0x5164768 N 0x516476c
0x877d9c BTB index out of boundsN 0x0
0x7b29dec BTB index out of boundsN 0x0
0x7b29dec BTB index out of boundsN 0x0
0xb63fa60 N 0xb63fa64
0x56bc BTB index out of boundsN 0x0
0x877d9c BTB index out of boundsN 0x0
0xf35c0a4 BTB index out of boundsN 0x0
0x10934d50 N 0x10934d54
0x1af6ca4 BTB index out of boundsN 0x0
0x1af6ca4 BTB index out of boundsN 0x0
0xb63fa60 N 0xb63fa64
0x1af6ca4 BTB index out of boundsN 0x0
0xb63fa60 N 0xb63fa64
0x7b29dec BTB index out of boundsN 0x0
0x1af6ca4 BTB index out of boundsN 0x0
0x5164768 N 0x516476c
0x877d9c BTB index out of boundsN 0x0
0x877d9c BTB index out of boundsN 0x0
0xb63fa60 N 0xb63fa64
0x10934d50 N 0x10934d54
0xb63fa60 N 0xb63fa64
0xf35c0a4 BTB index out of boundsN 0x0
0x10934d50 N 0x10934d54
0xf35c0a4 BTB index out of boundsN 0x0
0x5164768 N 0x516476c
0xf35c0a4 BTB index out of boundsN 0x0
0x7b29dec BTB index out of boundsN 0x0
0x56bc BTB index out of boundsN 0x0
0x56bc BTB index out of boundsN 0x0
0x56bc BTB index out of boundsN 0x0
0x56bc BTB index out of boundsN 0x0
0x1af6ca4 BTB index out of boundsN 0x0
0x877d9c BTB index out of boundsN 0x0
0xb63fa60 N 0xb63fa64
0x877d9c BTB index out of boundsN 0x0
0x1af6ca4 BTB index out of boundsN 0x0
0x877d9c BTB index out of boundsN 0x0
0x1af6ca4 BTB index out of boundsN 0x0
0x56bc BTB index out of boundsN 0x0
0x10934d50 N 0x10934d54
0x56bc BTB index out of boundsN 0x0
0x1af6ca4 BTB index out of boundsN 0x0
0xf35c0a4 BTB index out of boundsN 0x0
0xb63fa60 N 0xb63fa64
0xf35c0a4 BTB index out of boundsN 0x0
0x5164768 N 0x516476c
0x56bc BTB index out of boundsN 0x0
0xf35c0a4 BTB index out of boundsN 0x0
0x7b29dec BTB index out of boundsN 0x0
0xb63fa60 N 0xb63fa64
0x877d9c BTB index out of boundsN 0x0
0x10934d50 N 0x10934d54
0x56bc BTB index out of boundsN 0x0
0xf35c0a4 BTB index out of boundsN 0x0
0x7b29dec BTB index out of boundsN 0x0
0x1af6ca4 BTB index out of boundsN 0x0
0xf35c0a4 BTB index out of boundsN 0x0
0xf35c0a4 BTB index out of boundsN 0x0
0x56bc BTB index out of boundsN 0x0
0xb63fa60 N 0xb63fa64
0xf35c0a4 BTB index out of boundsN 0x0
0x7b29dec BTB index out of boundsN 0x0
0x5164768 N 0x516476c
0x1af6ca4 BTB index out of boundsN 0x0
0x56bc BTB index out of boundsN 0x0
0x7b29dec BTB index out of boundsN 0x0
0x10934d50 N 0x10934d54
0x10934d50 N 0x10934d54
0x1af6ca4 BTB index out of boundsN 0x0
0x877d9c BTB index out of boundsN 0x0
0x56bc BTB index out of boundsN 0x0
0x877d9c BTB index out of boundsN 0x0
0x7b29dec BTB index out of boundsN 0x0
0x5164768 N 0x516476c
0x877d9c BTB index out of boundsN 0x0
0xf35c0a4 BTB index out of boundsN 0x0
0x5164768 N 0x516476c
0xf35c0a4 BTB index out of boundsN 0x0
0x10934d50 N 0x10934d54
0x5164768 N 0x516476c
0x5164768 N 0x516476c
0x1af6ca4 BTB index out of boundsN 0x0
0xf35c0a4 BTB index out of boundsN 0x0
0x56bc BTB index out of boundsN 0x0
0x877d9c BTB index out of boundsN 0x0
0x877d9c BTB index out of boundsN 0x0
0x56bc BTB index out of boundsN 0x0
0x56bc BTB index out of boundsN 0x0
0x1af6ca4 BTB index out of boundsN 0x0
0x5164768 N 0x516476c
0x56bc BTB index out of boundsN 0x0
0x10934d50 N 0x10934d54
0x877d9c BTB index out of boundsN 0x0
0x56bc BTB index out of boundsN 0x0
0xb63fa60 N 0xb63fa64
0x1af6ca4 BTB index out of boundsN 0x0
0x7b29dec BTB index out of boundsN 0x0
0x7b29dec BTB index out of boundsN 0x0
0xf35c0a4 BTB index out of boundsN 0x0
0xb63fa60 N 0xb63fa64
0xf35c0a4 BTB index out of boundsN 0x0
0x1af6ca4 BTB index out of boundsN 0x0
0x7b29dec BTB index out of boundsN 0x0
0x56bc BTB index out of boundsN 0x0
0xb63fa60 N 0xb63fa64
0xf35c0a4 BTB index out of boundsN 0x0
0x10934d50 N 0x10934d54
0x7b29dec BTB index out of boundsN 0x0
0xf35c0a4 BTB index out of boundsN 0x0
0xb63fa60 N 0xb63fa64
0xf35c0a4 BTB index out of boundsN 0x0
0x5164768 N 0x516476c
0x56bc BTB index out of boundsN 0x0
0xf35c0a4 BTB index out of boundsN 0x0
0xf35c0a4 BTB index out of boundsN 0x0
0x7b29dec BTB index out of boundsN 0x0
0x877d9c BTB index out of boundsN 0x0
0x1af6ca4 BTB index out of boundsN 0x0
0x1af6ca4 BTB index out of boundsN 0x0
0x10934d50 N 0x10934d54
