0x6b268 N 0x6b26c
0x6ea0 N 0x6ea4
0x6ea0 T 0x700
0x6ea0 T 0x700
0x6b268 N 0x6b26c
0x6ea0 N 0x6ea4
0x6b268 N 0x6b26c
0x4e6490 N 0x4e6494
0x4e6490 T 0x693428
0x4e6490 T 0x693428
0x4e6490 T 0x693428
0x4e6490 T 0x693428
0x6b268 N 0x6b26c
0x6b268 T 0xe6c
0xfc9287c BTB index out of boundsN 0x0
0x4e6490 N 0x4e6494
0x4e6490 T 0x693428
0xfc9287c BTB index out of boundsN 0x0
0x6ea0 N 0x6ea4
0xfc9287c BTB index out of boundsN 0x0
0x6b268 N 0x6b26c
0xfc9287c BTB index out of boundsN 0x0
0x4e6490 N 0x4e6494
0xfc9287c BTB index out of boundsN 0x0
0x6ea0 N 0x6ea4
0x6b268 N 0x6b26c
0x6ea0 N 0x6ea4
0x4e6490 N 0x4e6494
0x4e6490 T 0x693428
0xfc9287c BTB index out of boundsN 0x0
0x4e6490 T 0x693428
0x4e6490 T 0x693428
0x4e6490 T 0x693428
0x6b268 N 0x6b26c
0x6b268 T 0xe6c
0x6b268 T 0xe6c
0x4e6490 N 0x4e6494
0x6b268 N 0x6b26c
0x6b268 T 0xe6c
0x6ea0 N 0x6ea4
0xfc9287c BTB index out of boundsN 0x0
0x4e6490 N 0x4e6494
0x6ea0 N 0x6ea4
0x6b268 N 0x6b26c
0xfc9287c BTB index out of boundsN 0x0
0xfc9287c BTB index out of boundsN 0x0
0x6b268 T 0xe6c
0xfc9287c BTB index out of boundsN 0x0
0x4e6490 N 0x4e6494
0x4e6490 T 0x693428
0x4e6490 T 0x693428
0x6b268 N 0x6b26c
0x4e6490 N 0x4e6494
0x6ea0 N 0x6ea4
0x4e6490 N 0x4e6494
0x6ea0 N 0x6ea4
0xfc9287c BTB index out of boundsN 0x0
0x4e6490 N 0x4e6494
0x6ea0 N 0x6ea4
0x6b268 N 0x6b26c
0x6b268 T 0xe6c
0x4e6490 N 0x4e6494
0xfc9287c BTB index out of boundsN 0x0
0x6ea0 N 0x6ea4
0x6ea0 T 0x700
0x6ea0 T 0x700
0x6b268 N 0x6b26c
0x4e6490 N 0x4e6494
0x6b268 N 0x6b26c
0xfc9287c BTB index out of boundsN 0x0
0x6b268 T 0xe6c
0x6b268 T 0xe6c
0x4e6490 N 0x4e6494
0x4e6490 T 0x693428
0x4e6490 T 0x693428
0x4e6490 T 0x693428
0x6b268 N 0x6b26c
0xfc9287c BTB index out of boundsN 0x0
0x4e6490 N 0x4e6494
0xfc9287c BTB index out of boundsN 0x0
0x4e6490 T 0x693428
0x6ea0 N 0x6ea4
0xfc9287c BTB index out of boundsN 0x0
0x6ea0 T 0x700
0x4e6490 N 0x4e6494
0x4e6490 T 0x693428
0x6ea0 N 0x6ea4
0xfc9287c BTB index out of boundsN 0x0
0x6b268 N 0x6b26c
0x6ea0 N 0x6ea4
0x6b268 N 0x6b26c
0x6ea0 N 0x6ea4
0x6ea0 T 0x700
0x6b268 N 0x6b26c
0x6b268 T 0xe6c
0xfc9287c BTB index out of boundsN 0x0
0x6b268 T 0xe6c
0x6ea0 N 0x6ea4
0x6b268 N 0x6b26c
0x6ea0 N 0x6ea4
0x6b268 N 0x6b26c
0x6ea0 N 0x6ea4
0x6b268 N 0x6b26c
0x6ea0 N 0x6ea4
0x6ea0 T 0x700
0x6b268 N 0x6b26c
0x4e6490 N 0x4e6494
0x6b268 N 0x6b26c
0x6ea0 N 0x6ea4
0x6ea0 T 0x700
0x6b268 N 0x6b26c
0x6ea0 N 0x6ea4
0x6ea0 T 0x700
0x6ea0 T 0x700
0x6ea0 N 0x6ea4
0x6ea0 N 0x6ea4
0xfc9287c BTB index out of boundsN 0x0
0x4e6490 N 0x4e6494
0x4e6490 N 0x4e6494
0x4e6490 N 0x4e6494
0x6ea0 N 0x6ea4
0xfc9287c BTB index out of boundsN 0x0
0x6b268 N 0x6b26c
0x4e6490 N 0x4e6494
0xfc9287c BTB index out of boundsN 0x0
0x6ea0 N 0x6ea4
0x4e6490 N 0x4e6494
0xfc9287c BTB index out of boundsN 0x0
0x4e6490 T 0x693428
0xfc9287c BTB index out of boundsN 0x0
0x6ea0 N 0x6ea4
0x6b268 N 0x6b26c
0x6b268 T 0xe6c
0x4e6490 N 0x4e6494
0x6ea0 N 0x6ea4
0xfc9287c BTB index out of boundsN 0x0
0x6ea0 T 0x700
0xfc9287c BTB index out of boundsN 0x0
0x6ea0 T 0x700
0xfc9287c BTB index out of boundsN 0x0
0x6b268 N 0x6b26c
0x6ea0 N 0x6ea4
0xfc9287c BTB index out of boundsN 0x0
0x6ea0 T 0x700
0x6ea0 T 0x700
0xfc9287c BTB index out of boundsN 0x0
0x6ea0 T 0x700
0xfc9287c BTB index out of boundsN 0x0
0x6b268 N 0x6b26c
0x6ea0 N 0x6ea4
0x6b268 N 0x6b26c
0x4e6490 N 0x4e6494
0x4e6490 T 0x693428
0x6b268 N 0x6b26c
0x4e6490 N 0x4e6494
0x6ea0 N 0x6ea4
0x6b268 N 0x6b26c
0x6ea0 N 0x6ea4
0x4e6490 N 0x4e6494
0x6ea0 N 0x6ea4
0x6b268 N 0x6b26c
0x6ea0 N 0x6ea4
0x6ea0 T 0x700
0x4e6490 N 0x4e6494
0xfc9287c BTB index out of boundsN 0x0
0x4e6490 T 0x693428
0x6b268 N 0x6b26c
0xfc9287c BTB index out of boundsN 0x0
0x4e6490 N 0x4e6494
0x4e6490 T 0x693428
0x4e6490 T 0x693428
0x4e6490 N 0x4e6494
0x4e6490 T 0x693428
0x6b268 N 0x6b26c
0x6ea0 N 0x6ea4
0x6ea0 T 0x700
0xfc9287c BTB index out of boundsN 0x0
0x4e6490 N 0x4e6494
0x6ea0 N 0x6ea4
0x4e6490 N 0x4e6494
0xfc9287c BTB index out of boundsN 0x0
0x4e6490 T 0x693428
0x6ea0 N 0x6ea4
0x6b268 N 0x6b26c
0x6ea0 N 0x6ea4
0x6ea0 T 0x700
0xfc9287c BTB index out of boundsN 0x0
0xfc9287c BTB index out of boundsN 0x0
0x6b268 N 0x6b26c
0x4