0x6c8 N 0x6cc
0x442c1c BTB index out of boundsN 0x0
0x6c8 N 0x6cc
0x7034 BTB index out of boundsN 0x0
0xc88 N 0xc8c
0x7034 BTB index out of boundsN 0x0
0x6c8 N 0x6cc
0xc04478 N 0xc0447c
0x9a6a2cc BTB index out of boundsN 0x0
0x6c8 N 0x6cc
0x6c8 N 0x6cc
0xc88 N 0xc8c
0xc88 N 0xc8c
0x7034 BTB index out of boundsN 0x0
0x442c1c BTB index out of boundsN 0x0
0x6c8 N 0x6cc
0x7034 BTB index out of boundsN 0x0
0x9a6a2cc BTB index out of boundsN 0x0
0x9a6a2cc BTB index out of boundsN 0x0
0x9a6a2cc BTB index out of boundsN 0x0
0xc88 N 0xc8c
0x442c1c BTB index out of boundsN 0x0
0x9c3c BTB index out of boundsN 0x0
0x6c8 N 0x6cc
0x6c8 N 0x6cc
0xc88 N 0xc8c
0x7034 BTB index out of boundsN 0x0
0x442c1c BTB index out of boundsN 0x0
0x6c8 N 0x6cc
0xc04478 N 0xc0447c
0xc04478 N 0xc0447c
0x9c3c BTB index out of boundsN 0x0
0xc04478 N 0xc0447c
0x7034 BTB index out of boundsN 0x0
0x442c1c BTB index out of boundsN 0x0
0xc88 N 0xc8c
0x9a6a2cc BTB index out of boundsN 0x0
0x9a6a2cc BTB index out of boundsN 0x0
0x9c3c BTB index out of boundsN 0x0
0xc88 N 0xc8c
0xc04478 N 0xc0447c
0x6c8 N 0x6cc
0xc04478 N 0xc0447c
0x442c1c BTB index out of boundsN 0x0
0x9a6a2cc BTB index out of boundsN 0x0
0x9c3c BTB index out of boundsN 0x0
0xc88 N 0xc8c
0x442c1c BTB index out of boundsN 0x0
0x442c1c BTB index out of boundsN 0x0
0x9c3c BTB index out of boundsN 0x0
0x7034 BTB index out of boundsN 0x0
0x9a6a2cc BTB index out of boundsN 0x0
0xc88 N 0xc8c
0x7034 BTB index out of boundsN 0x0
0x9a6a2cc BTB index out of boundsN 0x0
0x6c8 N 0x6cc
0xc88 N 0xc8c
0x442c1c BTB index out of boundsN 0x0
0x442c1c BTB index out of boundsN 0x0
0xc04478 N 0xc0447c
0xc04478 N 0xc0447c
0xc88 N 0xc8c
0x442c1c BTB index out of boundsN 0x0
0x6c8 N 0x6cc
0x7034 BTB index out of boundsN 0x0
0x9c3c BTB index out of boundsN 0x0
0xc88 N 0xc8c
0xc04478 N 0xc0447c
0x6c8 N 0x6cc
0x7034 BTB index out of boundsN 0x0
0x6c8 N 0x6cc
0xc88 N 0xc8c
0x6c8 N 0x6cc
0xc88 N 0xc8c
0x9c3c BTB index out of boundsN 0x0
0x7034 BTB index out of boundsN 0x0
0x9a6a2cc BTB index out of boundsN 0x0
0x7034 BTB index out of boundsN 0x0
0xc04478 N 0xc0447c
0xc04478 N 0xc0447c
0x9c3c BTB index out of boundsN 0x0
0xc04478 N 0xc0447c
0x6c8 N 0x6cc
0x9c3c BTB index out of boundsN 0x0
0x442c1c BTB index out of boundsN 0x0
0xc04478 N 0xc0447c
0x442c1c BTB index out of boundsN 0x0
0x7034 BTB index out of boundsN 0x0
0xc88 N 0xc8c
0xc04478 N 0xc0447c
0xc88 N 0xc8c
0x442c1c BTB index out of boundsN 0x0
0x442c1c BTB index out of boundsN 0x0
0x6c8 N 0x6cc
0x6c8 N 0x6cc
0xc04478 N 0xc0447c
0x9c3c BTB index out of boundsN 0x0
0x9a6a2cc BTB index out of boundsN 0x0
0xc04478 N 0xc0447c
0xc88 N 0xc8c
0x7034 BTB index out of boundsN 0x0
0x9a6a2cc BTB index out of boundsN 0x0
0x7034 BTB index out of boundsN 0x0
0xc88 N 0xc8c
0x7034 BTB index out of boundsN 0x0
0x7034 BTB index out of boundsN 0x0
0x6c8 N 0x6cc
0xc88 N 0xc8c
0x442c1c BTB index out of boundsN 0x0
0x442c1c BTB index out of boundsN 0x0
0x9c3c BTB index out of boundsN 0x0
0xc04478 N 0xc0447c
0x6c8 N 0x6cc
0x442c1c BTB index out of boundsN 0x0
0x7034 BTB index out of boundsN 0x0
0xc04478 N 0xc0447c
0x9a6a2cc BTB index out of boundsN 0x0
0x7034 BTB index out of boundsN 0x0
0x9c3c BTB index out of boundsN 0x0
0x6c8 N 0x6cc
0xc88 N 0xc8c
0x6c8 N 0x6cc
0x7034 BTB index out of boundsN 0x0
0x6c8 N 0x6cc
0x7034 BTB index out of boundsN 0x0
0x7034 BTB index out of boundsN 0x0
0x9a6a2cc BTB index out of boundsN 0x0
0xc88 N 0xc8c
0x7034 BTB index out of boundsN 0x0
0x442c1c BTB index out of boundsN 0x0
0x9c3c BTB index out of boundsN 0x0
0x9c3c BTB index out of boundsN 0x0
0xc88 N 0xc8c
0x442c1c BTB index out of boundsN 0x0
0x9c3c BTB index out of boundsN 0x0
0xc88 N 0xc8c
0xc88 N 0xc8c
0x9c3c BTB index out of boundsN 0x0
0x9c3c BTB index out of boundsN 0x0
0xc04478 N 0xc0447c
0x9c3c BTB index out of boundsN 0x0
0x9a6a2cc BTB index out of boundsN 0x0
0xc04478 N 0xc0447c
0x7034 BTB index out of boundsN 0x0
0x7034 BTB index out of boundsN 0x0
0xc04478 N 0xc0447c
0xc04478 N 0xc0447c
0x442c1c BTB index out of boundsN 0x0
0x7034 BTB index out of boundsN 0x0
0xc04478 N 0xc0447c
0x442c1c BTB index out of boundsN 0x0
0xc88 N 0xc8c
0x6c8 N 0x6cc
0x9c3c BTB index out of boundsN 0x0
0xc88 N 0xc8c
0x7034 BTB index out of boundsN 0x0
0x6c8 N 0x6cc
0x442c1c BTB index out of boundsN 0x0
0x9c3c BTB index out of boundsN 0x0
0x442c1c BTB index out of boundsN 0x0
0x9a6a2cc BTB index out of boundsN 0x0
0xc88 N 0xc8c
0xc04478 N 0xc0447c
0x442c1c BTB index out of boundsN 0x0
0x442c1c BTB index out of boundsN 0x0
0x9a6a2cc BTB index out of boundsN 0x0
0xc04478 N 0xc0447c
0xc04478 N 0xc0447c
0xc88 N 0xc8c
0xc88 N 0xc8c
0xc88 N 0xc8c
0x7034 BTB index out of boundsN 0x0
0x442c1c BTB index out of boundsN 0x0
0x442c1c BTB index out of boundsN 0x0
0xc88 N 0xc8c
0x9a6a2cc BTB index out of boundsN 0x0
0x9a6a2cc BTB index out of boundsN 0x0
0x6c8 N 0x6cc
0x442c1c BTB index out of boundsN 0x0
0x7034 BTB index out of boundsN 0x0
0xc88 N 0xc8c
0xc04478 N 0xc0447c
0x6c8 N 0x6cc
0xc88 N 0xc8c
0x9c3c BTB index out of boundsN 0x0
0x7034 BTB index out of boundsN 0x0
0x9c3c BTB index out of boundsN 0x0
0x6c8 N 0x6cc
0xc04478 N 0xc0447c
0x6c8 N 0x6cc
0x442c1c BTB index out of boundsN 0x0
0x6c8 N 0x6cc
0x6c8 N 0x6cc
0xc88 N 0xc8c
0xc88 N 0xc8c
0xc04478 N 0xc0447c
0x9a6a2cc BTB index out of boundsN 0x0
0x9a6a2cc BTB index out of boundsN 0x0
0x442c1c BTB index out of boundsN 0x0
