0x7d100 N 0x7d104
0x7d100 N 0x7d104
0x38 N 0x3c
0x4fc BTB index out of boundsN 0x0
0x92cc77c BTB index out of boundsN 0x0
0x92cc77c BTB index out of boundsN 0x0
0x92cc77c BTB index out of boundsN 0x0
0x92cc77c BTB index out of boundsN 0x0
0x7d100 N 0x7d104
0x4fc BTB index out of boundsN 0x0
0x7d100 N 0x7d104
0x917d8ea4 BTB index out of boundsN 0x0
0x7d100 N 0x7d104
0x92cc77c BTB index out of boundsN 0x0
0x4fc BTB index out of boundsN 0x0
0x4fc BTB index out of boundsN 0x0
0x7d100 N 0x7d104
0x917d8ea4 BTB index out of boundsN 0x0
0x7d100 N 0x7d104
0x92cc77c BTB index out of boundsN 0x0
0x38 N 0x3c
0x7d100 N 0x7d104
0x7d100 N 0x7d104
0x7d100 N 0x7d104
0x92cc77c BTB index out of boundsN 0x0
0x38 N 0x3c
0x7d100 N 0x7d104
0x917d8ea4 BTB index out of boundsN 0x0
0x7d100 N 0x7d104
0x917d8ea4 BTB index out of boundsN 0x0
0x4fc BTB index out of boundsN 0x0
0x7d100 N 0x7d104
0x917d8ea4 BTB index out of boundsN 0x0
0x7d100 N 0x7d104
0x92cc77c BTB index out of boundsN 0x0
0x7d100 N 0x7d104
0x38 N 0x3c
0x92cc77c BTB index out of boundsN 0x0
0x92cc77c BTB index out of boundsN 0x0
0x38 N 0x3c
0x4fc BTB index out of boundsN 0x0
0x92cc77c BTB index out of boundsN 0x0
0x7d100 N 0x7d104
0x4fc BTB index out of boundsN 0x0
0x92cc77c BTB index out of boundsN 0x0
0x92cc77c BTB index out of boundsN 0x0
0x7d100 N 0x7d104
0x92cc77c BTB index out of boundsN 0x0
0x917d8ea4 BTB index out of boundsN 0x0
0x92cc77c BTB index out of boundsN 0x0
0x7d100 N 0x7d104
0x4fc BTB index out of boundsN 0x0
0x92cc77c BTB index out of boundsN 0x0
0x917d8ea4 BTB index out of boundsN 0x0
0x917d8ea4 BTB index out of boundsN 0x0
0x4fc BTB index out of boundsN 0x0
0x7d100 N 0x7d104
0x92cc77c BTB index out of boundsN 0x0
0x4fc BTB index out of boundsN 0x0
0x92cc77c BTB index out of boundsN 0x0
0x38 N 0x3c
0x92cc77c BTB index out of boundsN 0x0
0x7d100 N 0x7d104
0x917d8ea4 BTB index out of boundsN 0x0
0x92cc77c BTB index out of boundsN 0x0
0x92cc77c BTB index out of boundsN 0x0
0x7d100 N 0x7d104
0x38 N 0x3c
0x7d100 N 0x7d104
0x92cc77c BTB index out of boundsN 0x0
0x92cc77c BTB index out of boundsN 0x0
0x92cc77c BTB index out of boundsN 0x0
0x917d8ea4 BTB index out of boundsN 0x0
0x4fc BTB index out of boundsN 0x0
0x917d8ea4 BTB index out of boundsN 0x0
0x4fc BTB index out of boundsN 0x0
0x4fc BTB index out of boundsN 0x0
0x38 N 0x3c
0x917d8ea4 BTB index out of boundsN 0x0
0x4fc BTB index out of boundsN 0x0
0x38 N 0x3c
0x917d8ea4 BTB index out of boundsN 0x0
0x917d8ea4 BTB index out of boundsN 0x0
0x7d100 N 0x7d104
0x917d8ea4 BTB index out of boundsN 0x0
0x92cc77c BTB index out of boundsN 0x0
0x92cc77c BTB index out of boundsN 0x0
0x92cc77c BTB index out of boundsN 0x0
0x4fc BTB index out of boundsN 0x0
0x38 N 0x3c
0x4fc BTB index out of boundsN 0x0
0x917d8ea4 BTB index out of boundsN 0x0
0x917d8ea4 BTB index out of boundsN 0x0
0x7d100 N 0x7d104
0x7d100 N 0x7d104
0x38 N 0x3c
0x917d8ea4 BTB index out of boundsN 0x0
0x4fc BTB index out of boundsN 0x0
0x917d8ea4 BTB index out of boundsN 0x0
0x7d100 N 0x7d104
0x92cc77c BTB index out of boundsN 0x0
0x4fc BTB index out of boundsN 0x0
0x38 N 0x3c
0x917d8ea4 BTB index out of boundsN 0x0
0x38 N 0x3c
0x4fc BTB index out of boundsN 0x0
0x917d8ea4 BTB index out of boundsN 0x0
0x92cc77c BTB index out of boundsN 0x0
0x4fc BTB index out of boundsN 0x0
0x917d8ea4 BTB index out of boundsN 0x0
0x7d100 N 0x7d104
0x4fc BTB index out of boundsN 0x0
0x4fc BTB index out of boundsN 0x0
0x38 N 0x3c
0x38 N 0x3c
0x4fc BTB index out of boundsN 0x0
0x92cc77c BTB index out of boundsN 0x0
0x92cc77c BTB index out of boundsN 0x0
0x92cc77c BTB index out of boundsN 0x0
0x4fc BTB index out of boundsN 0x0
0x7d100 N 0x7d104
0x4fc BTB index out of boundsN 0x0
0x4fc BTB index out of boundsN 0x0
0x92cc77c BTB index out of boundsN 0x0
0x92cc77c BTB index out of boundsN 0x0
0x4fc BTB index out of boundsN 0x0
0x4fc BTB index out of boundsN 0x0
0x917d8ea4 BTB index out of boundsN 0x0
0x7d100 N 0x7d104
0x92cc77c BTB index out of boundsN 0x0
0x38 N 0x3c
0x92cc77c BTB index out of boundsN 0x0
0x92cc77c BTB index out of boundsN 0x0
0x38 N 0x3c
0x917d8ea4 BTB index out of boundsN 0x0
0x92cc77c BTB index out of boundsN 0x0
0x92cc77c BTB index out of boundsN 0x0
0x38 N 0x3c
0x92cc77c BTB index out of boundsN 0x0
0x7d100 N 0x7d104
0x92cc77c BTB index out of boundsN 0x0
0x4fc BTB index out of boundsN 0x0
0x4fc BTB index out of boundsN 0x0
0x92cc77c BTB index out of boundsN 0x0
0x4fc BTB index out of boundsN 0x0
0x7d100 N 0x7d104
0x92cc77c BTB index out of boundsN 0x0
0x917d8ea4 BTB index out of boundsN 0x0
0x4fc BTB index out of boundsN 0x0
0x92cc77c BTB index out of boundsN 0x0
0x7d100 N 0x7d104
0x92cc77c BTB index out of boundsN 0x0
0x917d8ea4 BTB index out of boundsN 0x0
0x4fc BTB index out of boundsN 0x0
0x38 N 0x3c
0x92cc77c BTB index out of boundsN 0x0
0x92cc77c BTB index out of boundsN 0x0
0x92cc77c BTB index out of boundsN 0x0
0x917d8ea4 BTB index out of boundsN 0x0
0x38 N 0x3c
0x917d8ea4 BTB index out of boundsN 0x0
0x917d8ea4 BTB index out of boundsN 0x0
0x92cc77c BTB index out of boundsN 0x0
0x4fc BTB index out of boundsN 0x0
0x4fc BTB index out of boundsN 0x0
0x4fc BTB index out of boundsN 0x0
0x92cc77c BTB index out of boundsN 0x0
0x38 T 0xa8a410
0x917d8ea4 BTB index out of boundsN 0x0
0x38 N 0x3c
0x917d8ea4 BTB index out of boundsN 0x0
0x917d8ea4 BTB index out of boundsN 0x0
0x4fc BTB index out of boundsN 0x0
0x4fc BTB index out of boundsN 0x0
0x92cc77c BTB index out of boundsN 0x0
0x92cc77c BTB index out of boundsN 0x0
0x38 N 0x3c
0x7d100 N 0x7d104
0x92cc77c BTB index out of boundsN 0x0
0x38 N 0x3c
0x7d100 N 0x7d104
0x7d100 N 0x7d104
0x917d8ea4 BTB index out of boundsN 0x0
0x917d8ea4 BTB index out of boundsN 0x0
0x38 N 0x3c
0x7d100 N 0x7d104
0x92cc77c BTB index out of boundsN 0x0
0x7d100 N 0x7d104
0x917d8ea4 BTB index out of boundsN 0x0
0x38 N 0x3c
0x38 N 0x3c
0x38 N 0x3c
0x38 N 0x3c
0x7d100 N 0x7d104
0x38 N 0x3c
0x917d8ea4 BTB index out of boundsN 0x0
0x7d100 N 0x7d104
0x4fc BTB index out of boundsN 0x0
0x92cc77c BTB index out of boundsN 0x0
0x7d100 N 0x7d104
0x917d8ea4 BTB index out of boundsN 0x0
0x7d100 N 0x7d104
0x917d8ea4 BTB index out of boundsN 0x0
0x917d8ea4 BTB index out of boundsN 0x0
0x917d8ea4 BTB index out of boundsN 0x0
0x917d8ea4 BTB index out of boundsN 0x0
0x917d8ea4 BTB index out of boundsN 0x0
0x38 N 0x3c
0x4fc BTB index out of boundsN 0x0
0x38 N 0x3c
0x4fc BTB index out of boundsN 0x0
0x7d100 N 0x7d104
0x4fc BTB index out of boundsN 0x0
0x38 N 0x3c
0x7d100 N 0x7d104
0x38 N 0x3c
0x7d100 N 0x7d104
0x7d100 N 0x7d104
0x7d100 N 0x7d104
0x92cc77c BTB index out of boundsN 0x0
0x7d100 T 0x684
0x92cc77c BTB index out of boundsN 0x0
0x92cc77c BTB index out of boundsN 0x0
0x38 N 0x3c
0x917d8ea4 BTB index out of boundsN 0x0
0x92cc77c BTB index out of boundsN 0x0
0x917d8ea4 BTB index out of boundsN 0x0
0x38 N 0x3c
0x4fc BTB index out of boundsN 0x0
0x7d100 N 0x7d104
0x92cc77c BTB index out of boundsN 0x0
0x917d8ea4 BTB index out of boundsN 0x0
0x38 N 0x3c
0x4fc BTB index out of boundsN 0x0
0x38 N 0x3c
0x7d100 N 0x7d104
0x4fc BTB index out of boundsN 0x0
0x7d100 N 0x7d104
0x917d8ea4 BTB index out of boundsN 0x0
0x38 N 0x3c
0x7d100 N 0x7d104
0x92cc77c BTB index out of boundsN 0x0
0x92cc77c BTB index out of boundsN 0x0
0x917d8ea4 BTB index out of boundsN 0x0
0x92cc77c BTB index out of boundsN 0x0
0x38 N 0x3c
0x917d8ea4 BTB index out of boundsN 0x0
0x4fc BTB index out of boundsN 0x0
0x38 N 0x3c
0x7d100 N 0x7d104
0x92cc77c BTB index out of boundsN 0x0
0x4fc BTB index out of boundsN 0x0
0x38 N 0x3c
0x38 N 0x3c
0x917d8ea4 BTB index out of boundsN 0x0
0x7d100 N 0x7d104
0x917d8ea4 BTB index out of boundsN 0x0
0x4fc BTB index out of boundsN 0x0
0x917d8ea4 BTB index out of boundsN 0x0
0x92cc77c BTB index out of boundsN 0x0
0x7d100 N 0x7d104
0x917d8ea4 BTB index out of boundsN 0x0
0x7d100 N 0x7d104
0x917d8ea4 BTB index out of boundsN 0x0
0x7d100 N 0x7d104
0x7d100 T 0x684
0x7d100 T 0x684
0x38 N 0x3c
0x92cc77c BTB index out of boundsN 0x0
0x4fc BTB index out of boundsN 0x0
0x7d100 N 0x7d104
0x38 N 0x3c
0x92cc77c BTB index out of boundsN 0x0
0x38 N 0x3c
0x38 N 0x3c
0x7d100 N 0x7d104
0x38 N 0x3c
0x917d8ea4 BTB index out of boundsN 0x0
0x7d100 N 0x7d104
0x917d8ea4 BTB index out of boundsN 0x0
0x38 N 0x3c
0x38 N 0x3c
0x7d100 N 0x7d104
0x92cc77c BTB index out of boundsN 0x0
0x917d8ea4 BTB index out of boundsN 0x0
0x4fc BTB index out of boundsN 0x0
0x7d100 N 0x7d104
0x38 N 0x3c
0x4fc BTB index out of boundsN 0x0
0x92cc77c BTB index out of boundsN 0x0
0x4fc BTB index out of boundsN 0x0
0x92cc77c BTB index out of boundsN 0x0
0x4fc BTB index out of boundsN 0x0
0x7d100 N 0x7d104
0x92cc77c BTB index out of boundsN 0x0
0x7d100 N 0x7d104
0x7d100 N 0x7d104
0x92cc77c BTB index out of boundsN 0x0
0x7d100 N 0x7d104
0x92cc77c BTB index out of boundsN 0x0
0x917d8ea4 BTB index out of boundsN 0x0
0x92cc77c BTB index out of boundsN 0x0
0x92cc77c BTB index out of boundsN 0x0
0x7d100 N 0x7d104
0x7d100 N 0x7d104
0x4fc BTB index out of boundsN 0x0
0x38 N 0x3c
0x7d100 N 0x7d104
0x4fc BTB index out of boundsN 0x0
0x92cc77c BTB index out of boundsN 0x0
0x38 N 0x3c
0x7d100 N 0x7d104
0x38 N 0x3c
0x7d100 N 0x7d104
0x38 N 0x3c
0x92cc77c BTB index out of boundsN 0x0
0x7d100 N 0x7d104
0x4fc BTB index out of boundsN 0x0
0x38 N 0x3c
0x38 N 0x3c
0x4fc BTB index out of boundsN 0x0
0x917d8ea4 BTB index out of boundsN 0x0
0x4fc BTB index out of boundsN 0x0
0x917d8ea4 BTB index out of boundsN 0x0
0x38 T 0xa8a410
0x4fc BTB index out of boundsN 0x0
0x38 T 0xa8a410
0x917d8ea4 BTB index out of boundsN 0x0
0x917d8ea4 BTB index out of boundsN 0x0
0x7d100 N 0x7d104
0x4fc BTB index out of boundsN 0x0
0x38 N 0x3c
0x92cc77c BTB index out of boundsN 0x0
0x917d8ea4 BTB index out of boundsN 0x0
0x7d100 N 0x7d104
0x92cc77c BTB index out of boundsN 0x0
0x917d8ea4 BTB index out of boundsN 0x0
0x7d100 N 0x7d104
0x7d100 N 0x7d104
0x917d8ea4 BTB index out of boundsN 0x0
0x7d100 N 0x7d104
0x92cc77c BTB index out of boundsN 0x0
0x917d8ea4 BTB index out of boundsN 0x0
0x7d100 N 0x7d104
0x38 N 0x3c
0x917d8ea4 BTB index out of boundsN 0x0
0x92cc77c BTB index out of boundsN 0x0
0x38 N 0x3c
0x917d8ea4 BTB index out of boundsN 0x0
0x38 N 0x3c
0x4fc BTB index out of boundsN 0x0
0x7d100 N 0x7d104
0x4fc BTB index out of boundsN 0x0
0x917d8ea4 BTB index out of boundsN 0x0
0x7d100 N 0x7d104
0x92cc77c BTB index out of boundsN 0x0
0x38 N 0x3c
0x92cc77c BTB index out of boundsN 0x0
0x917d8ea4 BTB index out of boundsN 0x0
0x4fc BTB index out of boundsN 0x0
0x92cc77c BTB index out of boundsN 0x0
0x7d100 N 0x7d104
0x917d8ea4 BTB index out of boundsN 0x0
0x4fc BTB index out of boundsN 0x0
0x4fc BTB index out of boundsN 0x0
0x38 N 0x3c
0x917d8ea4 BTB index out of boundsN 0x0
0x38 N 0x3c
0x92cc77c BTB index out of boundsN 0x0
0x7d100 N 0x7d104
0x38 N 0x3c
0x7d100 N 0x7d104
0x4fc BTB index out of boundsN 0x0
0x917d8ea4 BTB index out of boundsN 0x0
0x917d8ea4 BTB index out of boundsN 0x0
0x92cc77c BTB index out of boundsN 0x0
0x7d100 N 0x7d104
0x38 N 0x3c
0x38 N 0x3c
0x7d100 N 0x7d104
0x7d100 N 0x7d104
0x4fc BTB index out of boundsN 0x0
0x917d8ea4 BTB index out of boundsN 0x0
0x7d100 N 0x7d104
0x92cc77c BTB index out of boundsN 0x0
0x92cc77c BTB index out of boundsN 0x0
0x7d100 N 0x7d104
0x38 N 0x3c
0x38 N 0x3c
0x4fc BTB index out of boundsN 0x0
0x7d100 N 0x7d104
0x4fc BTB index out of boundsN 0x0
0x917d8ea4 BTB index out of boundsN 0x0
0x4fc BTB index out of boundsN 0x0
0x4fc BTB index out of boundsN 0x0
0x4fc BTB index out of boundsN 0x0
0x92cc77c BTB index out of boundsN 0x0
0x917d8ea4 BTB index out of boundsN 0x0
0x92cc77c BTB index out of boundsN 0x0
0x38 N 0x3c
0x7d100 N 0x7d104
0x4fc BTB index out of boundsN 0x0
0x917d8ea4 BTB index out of boundsN 0x0
0x92cc77c BTB index out of boundsN 0x0
0x38 N 0x3c
0x917d8ea4 BTB index out of boundsN 0x0
0x38 N 0x3c
0x4fc BTB index out of boundsN 0x0
0x4fc BTB index out of boundsN 0x0
0x7d100 N 0x7d104
0x92cc77c BTB index out of boundsN 0x0
0x4fc BTB index out of boundsN 0x0
0x917d8ea4 BTB index out of boundsN 0x0
0x38 N 0x3c
0x92cc77c BTB index out of boundsN 0x0
0x917d8ea4 BTB index out of boundsN 0x0
0x4fc BTB index out of boundsN 0x0
0x92cc77c BTB index out of boundsN 0x0
0x7d100 N 0x7d104
0x7d100 N 0x7d104
0x917d8ea4 BTB index out of boundsN 0x0
0x4fc BTB index out of boundsN 0x0
0x92cc77c BTB index out of boundsN 0x0
0x7d100 T 0x684
0x38 N 0x3c
0x4fc BTB index out of boundsN 0x0
0x917d8ea4 BTB index out of boundsN 0x0
0x92cc77c BTB index out of boundsN 0x0
0x7d100 N 0x7d104
0x38 N 0x3c
0x917d8ea4 BTB index out of boundsN 0x0
0x92cc77c BTB index out of boundsN 0x0
0x917d8ea4 BTB index out of boundsN 0x0
0x917d8ea4 BTB index out of boundsN 0x0
0x917d8ea4 BTB index out of boundsN 0x0
0x7d100 N 0x7d104
0x7d100 N 0x7d104
0x917d8ea4 BTB index out of boundsN 0x0
0x917d8ea4 BTB index out of boundsN 0x0
0x4fc BTB index out of boundsN 0x0
0x38 N 0x3c
0x7d100 N 0x7d104
0x4fc BTB index out of boundsN 0x0
0x7d100 N 0x7d104
0x917d8ea4 BTB index out of boundsN 0x0
0x38 N 0x3c
0x38 N 0x3c
0x38 N 0x3c
0x917d8ea4 BTB index out of boundsN 0x0
0x917d8ea4 BTB index out of boundsN 0x0
0x7d100 N 0x7d104
0x917d8ea4 BTB index out of boundsN 0x0
0x7d100 N 0x7d104
0x4fc BTB index out of boundsN 0x0
0x7d100 N 0x7d104
0x92cc77c BTB index out of boundsN 0x0
0x7d100 N 0x7d104
0x38 N 0x3c
0x917d8ea4 BTB index out of boundsN 0x0
0x7d100 N 0x7d104
0x4fc BTB index out of boundsN 0x0
0x917d8ea4 BTB index out of boundsN 0x0
0x7d100 N 0x7d104
0x7d100 N 0x7d104
0x92cc77c BTB index out of boundsN 0x0
0x917d8ea4 BTB index out of boundsN 0x0
0x917d8ea4 BTB index out of boundsN 0x0
0x4fc BTB index out of boundsN 0x0
0x917d8ea4 BTB index out of boundsN 0x0
0x38 N 0x3c
0x7d100 N 0x7d104
0x7d100 N 0x7d104
0x7d100 N 0x7d104
0x4fc BTB index out of boundsN 0x0
0x917d8ea4 BTB index out of boundsN 0x0
0x92cc77c BTB index out of boundsN 0x0
0x7d100 N 0x7d104
0x38 N 0x3c
0x4fc BTB index out of boundsN 0x0
0x38 N 0x3c
0x4fc BTB index out of boundsN 0x0
0x7d100 N 0x7d104
0x4fc BTB index out of boundsN 0x0
0x4fc BTB index out of boundsN 0x0
0x7d100 N 0x7d104
0x92cc77c BTB index out of boundsN 0x0
0x4fc BTB index out of boundsN 0x0
0x7d100 N 0x7d104
0x4fc BTB index out of boundsN 0x0
0x7d100 T 0x684
0x38 N 0x3c
0x917d8ea4 BTB index out of boundsN 0x0
0x917d8ea4 BTB index out of boundsN 0x0
0x4fc BTB index out of boundsN 0x0
0x917d8ea4 BTB index out of boundsN 0x0
0x917d8ea4 BTB index out of boundsN 0x0
0x4fc BTB index out of boundsN 0x0
0x917d8ea4 BTB index out of boundsN 0x0
0x92cc77c BTB index out of boundsN 0x0
0x92cc77c BTB index out of boundsN 0x0
0x4fc BTB index out of boundsN 0x0
0x38 N 0x3c
0x92cc77c BTB index out of boundsN 0x0
0x92cc77c BTB index out of boundsN 0x0
0x38 N 0x3c
0x4fc BTB index out of boundsN 0x0
0x917d8ea4 BTB index out of boundsN 0x0
0x917d8ea4 BTB index out of boundsN 0x0
0x7d100 N 0x7d104
0x917d8ea4 BTB index out of boundsN 0x0
0x7d100 N 0x7d104
0x38 N 0x3c
0x917d8ea4 BTB index out of boundsN 0x0
0x38 N 0x3c
0x7d100 N 0x7d104
0x7d100 N 0x7d104
0x917d8ea4 BTB index out of boundsN 0x0
0x7d100 N 0x7d104
0x7d100 T 0x684
0x38 N 0x3c
0x7d100 N 0x7d104
0x92cc77c BTB index out of boundsN 0x0
0x92cc77c BTB index out of boundsN 0x0
0x4fc BTB index out of boundsN 0x0
0x4fc BTB index out of boundsN 0x0
0x92cc77c BTB index out of boundsN 0x0
0x92cc77c BTB index out of boundsN 0x0
0x7d100 N 0x7d104
0x92cc77c BTB index out of boundsN 0x0
0x38 N 0x3c
0x92cc77c BTB index out of boundsN 0x0
0x7d100 N 0x7d104
0x92cc77c BTB index out of boundsN 0x0
0x38 N 0x3c
0x92cc77c BTB index out of boundsN 0x0
0x4fc BTB index out of boundsN 0x0
0x92cc77c BTB index out of boundsN 0x0
0x917d8ea4 BTB index out of boundsN 0x0
0x38 N 0x3c
0x92cc77c BTB index out of boundsN 0x0
0x92cc77c BTB index out of boundsN 0x0
0x7d100 N 0x7d104
0x7d100 N 0x7d104
0x92cc77c BTB index out of boundsN 0x0
0x92cc77c BTB index out of boundsN 0x0
0x4fc BTB index out of boundsN 0x0
0x38 N 0x3c
0x92cc77c BTB index out of boundsN 0x0
0x917d8ea4 BTB index out of boundsN 0x0
0x7d100 N 0x7d104
0x7d100 N 0x7d104
0x92cc77c BTB index out of boundsN 0x0
0x7d100 N 0x7d104
0x7d100 N 0x7d104
0x92cc77c BTB index out of boundsN 0x0
0x917d8ea4 BTB index out of boundsN 0x0
0x4fc BTB index out of boundsN 0x0
0x92cc77c BTB index out of boundsN 0x0
0x92cc77c BTB index out of boundsN 0x0
0x92cc77c BTB index out of boundsN 0x0
0x92cc77c BTB index out of boundsN 0x0
0x4fc BTB index out of boundsN 0x0
0x4fc BTB index out of boundsN 0x0
0x92cc77c BTB index out of boundsN 0x0
0x7d100 N 0x7d104
0x92cc77c BTB index out of boundsN 0x0
0x4fc BTB index out of boundsN 0x0
0x38 N 0x3c
0x7d100 N 0x7d104
0x4fc BTB index out of boundsN 0x0
0x917d8ea4 BTB index out of boundsN 0x0
0x7d100 N 0x7d104
0x4fc BTB index out of boundsN 0x0
0x38 N 0x3c
0x38 N 0x3c
0x4fc BTB index out of boundsN 0x0
0x7d100 N 0x7d104
0x92cc77c BTB index out of boundsN 0x0
0x92cc77c BTB index out of boundsN 0x0
0x92cc77c BTB index out of boundsN 0x0
0x7d100 N 0x7d104
0x7d100 N 0x7d104
0x38 N 0x3c
0x38 N 0x3c
0x38 N 0x3c
0x7d100 N 0x7d104
0x38 N 0x3c
0x7d100 N 0x7d104
0x7d100 N 0x7d104
0x38 N 0x3c
0x917d8ea4 BTB index out of boundsN 0x0
0x7d100 N 0x7d104
0x92cc77c BTB index out of boundsN 0x0
0x917d8ea4 BTB index out of boundsN 0x0
0x7d100 N 0x7d104
0x917d8ea4 BTB index out of boundsN 0x0
0x7d100 N 0x7d104
0x92cc77c BTB index out of boundsN 0x0
0x4fc BTB index out of boundsN 0x0
0x7d100 N 0x7d104
0x4fc BTB index out of boundsN 0x0
0x917d8ea4 BTB index out of boundsN 0x0
0x92cc77c BTB index out of boundsN 0x0
0x92cc77c BTB index out of boundsN 0x0
0x7d100 N 0x7d104
0x7d100 T 0x684
0x4fc BTB index out of boundsN 0x0
0x38 N 0x3c
0x92cc77c BTB index out of boundsN 0x0
0x7d100 N 0x7d104
0x4fc BTB index out of boundsN 0x0
0x38 N 0x3c
0x92cc77c BTB index out of boundsN 0x0
0x92cc77c BTB index out of boundsN 0x0
0x92cc77c BTB index out of boundsN 0x0
0x917d8ea4 BTB index out of boundsN 0x0
0x38 N 0x3c
0x917d8ea4 BTB index out of boundsN 0x0
0x92cc77c BTB index out of boundsN 0x0
0x38 N 0x3c
0x4fc BTB index out of boundsN 0x0
0x7d100 N 0x7d104
0x38 N 0x3c
0x917d8ea4 BTB index out of boundsN 0x0
0x38 N 0x3c
0x917d8ea4 BTB index out of boundsN 0x0
0x917d8ea4 BTB index out of boundsN 0x0
0x92cc77c BTB index out of boundsN 0x0
0x92cc77c BTB index out of boundsN 0x0
0x4fc BTB index out of boundsN 0x0
0x38 N 0x3c
0x4fc BTB index out of boundsN 0x0
0x7d100 N 0x7d104
0x917d8ea4 BTB index out of boundsN 0x0
0x92cc77c BTB index out of boundsN 0x0
0x7d100 N 0x7d104
0x7d100 N 0x7d104
0x4fc BTB index out of boundsN 0x0
0x917d8ea4 BTB index out of boundsN 0x0
0x38 N 0x3c
0x92cc77c BTB index out of boundsN 0x0
0x92cc77c BTB index out of boundsN 0x0
0x4fc BTB index out of boundsN 0x0
0x917d8ea4 BTB index out of boundsN 0x0
0x917d8ea4 BTB index out of boundsN 0x0
0x4fc BTB index out of boundsN 0x0
0x7d100 N 0x7d104
0x92cc77c BTB index out of boundsN 0x0
0x4fc BTB index out of boundsN 0x0
0x4fc BTB index out of boundsN 0x0
0x38 N 0x3c
0x917d8ea4 BTB index out of boundsN 0x0
0x92cc77c BTB index out of boundsN 0x0
0x4fc BTB index out of boundsN 0x0
0x92cc77c BTB index out of boundsN 0x0
0x92cc77c BTB index out of boundsN 0x0
0x4fc BTB index out of boundsN 0x0
0x7d100 N 0x7d104
0x917d8ea4 BTB index out of boundsN 0x0
0x92cc77c BTB index out of boundsN 0x0
0x7d100 N 0x7d104
0x92cc77c BTB index out of boundsN 0x0
0x4fc BTB index out of boundsN 0x0
0x38 N 0x3c
0x917d8ea4 BTB index out of boundsN 0x0
0x92cc77c BTB index out of boundsN 0x0
0x7d100 N 0x7d104
0x4fc BTB index out of boundsN 0x0
0x7d100 N 0x7d104
0x7d100 T 0x684
0x38 N 0x3c
0x917d8ea4 BTB index out of boundsN 0x0
0x38 N 0x3c
0x92cc77c BTB index out of boundsN 0x0
0x917d8ea4 BTB index out of boundsN 0x0
0x92cc77c BTB index out of boundsN 0x0
0x7d100 N 0x7d104
0x917d8ea4 BTB index out of boundsN 0x0
0x7d100 N 0x7d104
0x92cc77c BTB index out of boundsN 0x0
0x7d100 N 0x7d104
0x917d8ea4 BTB index out of boundsN 0x0
0x92cc77c BTB index out of boundsN 0x0
0x4fc BTB index out of boundsN 0x0
0x917d8ea4 BTB index out of boundsN 0x0
0x7d100 N 0x7d104
0x38 N 0x3c
0x92cc77c BTB index out of boundsN 0x0
0x38 N 0x3c
0x917d8ea4 BTB index out of boundsN 0x0
0x92cc77c BTB index out of boundsN 0x0
0x38 T 0xa8a410
0x4fc BTB index out of boundsN 0x0
0x7d100 N 0x7d104
0x917d8ea4 BTB index out of boundsN 0x0
0x92cc77c BTB index out of boundsN 0x0
0x4fc BTB index out of boundsN 0x0
0x4fc BTB index out of boundsN 0x0
0x4fc BTB index out of boundsN 0x0
0x7d100 N 0x7d104
0x917d8ea4 BTB index out of boundsN 0x0
0x92cc77c BTB index out of boundsN 0x0
0x917d8ea4 BTB index out of boundsN 0x0
0x4fc BTB index out of boundsN 0x0
0x7d100 N 0x7d104
0x917d8ea4 BTB index out of boundsN 0x0
0x4fc BTB index out of boundsN 0x0
0x38 N 0x3c
0x917d8ea4 BTB index out of boundsN 0x0
0x38 N 0x3c
0x92cc77c BTB index out of boundsN 0x0
0x7d100 N 0x7d104
0x7d100 N 0x7d104
0x7d100 N 0x7d104
0x7d100 N 0x7d104
0x4fc BTB index out of boundsN 0x0
0x92cc77c BTB index out of boundsN 0x0
0x92cc77c BTB index out of boundsN 0x0
0x4fc BTB index out of boundsN 0x0
0x92cc77c BTB index out of boundsN 0x0
0x4fc BTB index out of boundsN 0x0
0x38 N 0x3c
0x917d8ea4 BTB index out of boundsN 0x0
0x92cc77c BTB index out of boundsN 0x0
0x38 N 0x3c
0x92cc77c BTB index out of boundsN 0x0
0x92cc77c BTB index out of boundsN 0x0
0x92cc77c BTB index out of boundsN 0x0
0x4fc BTB index out of boundsN 0x0
0x38 N 0x3c
0x92cc77c BTB index out of boundsN 0x0
0x4fc BTB index out of boundsN 0x0
0x38 N 0x3c
0x38 N 0x3c
0x4fc BTB index out of boundsN 0x0
0x38 N 0x3c
0x92cc77c BTB index out of boundsN 0x0
0x4fc BTB index out of boundsN 0x0
0x92cc77c BTB index out of boundsN 0x0
0x38 N 0x3c
0x4fc BTB index out of boundsN 0x0
0x917d8ea4 BTB index out of boundsN 0x0
0x917d8ea4 BTB index out of boundsN 0x0
0x7d100 N 0x7d104
0x7d100 N 0x7d104
0x4fc BTB index out of boundsN 0x0
0x7d100 T 0x684
0x38 N 0x3c
0x4fc BTB index out of boundsN 0x0
0x7d100 N 0x7d104
0x92cc77c BTB index out of boundsN 0x0
0x917d8ea4 BTB index out of boundsN 0x0
0x38 N 0x3c
0x7d100 N 0x7d104
0x92cc77c BTB index out of boundsN 0x0
0x92cc77c BTB index out of boundsN 0x0
0x4fc BTB index out of boundsN 0x0
0x38 N 0x3c
0x917d8ea4 BTB index out of boundsN 0x0
0x917d8ea4 BTB index out of boundsN 0x0
0x38 N 0x3c
0x4fc BTB index out of boundsN 0x0
0x4fc BTB index out of boundsN 0x0
0x92cc77c BTB index out of boundsN 0x0
0x7d100 N 0x7d104
0x4fc BTB index out of boundsN 0x0
0x7d100 N 0x7d104
0x7d100 N 0x7d104
0x7d100 N 0x7d104
0x4fc BTB index out of boundsN 0x0
0x917d8ea4 BTB index out of boundsN 0x0
0x7d100 T 0x684
0x38 N 0x3c
0x92cc77c BTB index out of boundsN 0x0
0x92cc77c BTB index out of boundsN 0x0
0x92cc77c BTB index out of boundsN 0x0
0x38 N 0x3c
0x917d8ea4 BTB index out of boundsN 0x0
0x7d100 N 0x7d104
0x38 N 0x3c
0x917d8ea4 BTB index out of boundsN 0x0
0x917d8ea4 BTB index out of boundsN 0x0
0x38 N 0x3c
0x92cc77c BTB index out of boundsN 0x0
0x917d8ea4 BTB index out of boundsN 0x0
0x7d100 N 0x7d104
0x7d100 N 0x7d104
0x7d100 N 0x7d104
0x4fc BTB index out of boundsN 0x0
0x7d100 N 0x7d104
0x7d100 N 0x7d104
0x7d100 N 0x7d104
0x38 N 0x3c
0x7d100 N 0x7d104
0x4fc BTB index out of boundsN 0x0
0x7d100 N 0x7d104
0x92cc77c BTB index out of boundsN 0x0
0x917d8ea4 BTB index out of boundsN 0x0
0x92cc77c BTB index out of boundsN 0x0
0x4fc BTB index out of boundsN 0x0
0x917d8ea4 BTB index out of boundsN 0x0
0x917d8ea4 BTB index out of boundsN 0x0
0x38 N 0x3c
0x4fc BTB index out of boundsN 0x0
0x92cc77c BTB index out of boundsN 0x0
0x4fc BTB index out of boundsN 0x0
0x917d8ea4 BTB index out of boundsN 0x0
0x4fc BTB index out of boundsN 0x0
0x917d8ea4 BTB index out of boundsN 0x0
0x92cc77c BTB index out of boundsN 0x0
0x917d8ea4 BTB index out of boundsN 0x0
0x38 N 0x3c
0x38 N 0x3c
0x38 N 0x3c
0x917d8ea4 BTB index out of boundsN 0x0
0x38 N 0x3c
0x38 N 0x3c
0x4fc BTB index out of boundsN 0x0
0x92cc77c BTB index out of boundsN 0x0
0x7d100 N 0x7d104
0x7d100 N 0x7d104
0x4fc BTB index out of boundsN 0x0
0x92cc77c BTB index out of boundsN 0x0
0x917d8ea4 BTB index out of boundsN 0x0
0x917d8ea4 BTB index out of boundsN 0x0
0x4fc BTB index out of boundsN 0x0
0x917d8ea4 BTB index out of boundsN 0x0
0x92cc77c BTB index out of boundsN 0x0
0x38 N 0x3c
0x38 N 0x3c
0x917d8ea4 BTB index out of boundsN 0x0
0x4fc BTB index out of boundsN 0x0
0x38 N 0x3c
0x92cc77c BTB index out of boundsN 0x0
0x4fc BTB index out of boundsN 0x0
0x38 N 0x3c
0x92cc77c BTB index out of boundsN 0x0
0x4fc BTB index out of boundsN 0x0
0x38 N 0x3c
0x92cc77c BTB index out of boundsN 0x0
0x917d8ea4 BTB index out of boundsN 0x0
0x7d100 N 0x7d104
0x92cc77c BTB index out of boundsN 0x0
0x92cc77c BTB index out of boundsN 0x0
0x92cc77c BTB index out of boundsN 0x0
0x917d8ea4 BTB index out of boundsN 0x0
0x7d100 N 0x7d104
0x38 N 0x3c
0x917d8ea4 BTB index out of boundsN 0x0
0x92cc77c BTB index out of boundsN 0x0
0x917d8ea4 BTB index out of boundsN 0x0
0x917d8ea4 BTB index out of boundsN 0x0
0x7d100 N 0x7d104
0x92cc77c BTB index out of boundsN 0x0
0x917d8ea4 BTB index out of boundsN 0x0
0x92cc77c BTB index out of boundsN 0x0
0x38 N 0x3c
0x7d100 N 0x7d104
0x917d8ea4 BTB index out of boundsN 0x0
0x7d100 N 0x7d104
0x7d100 N 0x7d104
0x38 N 0x3c
0x38 N 0x3c
0x38 N 0x3c
0x7d100 N 0x7d104
0x4fc BTB index out of boundsN 0x0
0x917d8ea4 BTB index out of boundsN 0x0
0x4fc BTB index out of boundsN 0x0
0x7d100 N 0x7d104
0x917d8ea4 BTB index out of boundsN 0x0
0x7d100 N 0x7d104
0x92cc77c BTB index out of boundsN 0x0
0x4fc BTB index out of boundsN 0x0
0x38 N 0x3c
0x7d100 N 0x7d104
0x917d8ea4 BTB index out of boundsN 0x0
0x7d100 N 0x7d104
0x92cc77c BTB index out of boundsN 0x0
0x38 N 0x3c
0x917d8ea4 BTB index out of boundsN 0x0
0x7d100 N 0x7d104
0x38 N 0x3c
0x7d100 N 0x7d104
0x4fc BTB index out of boundsN 0x0
0x7d100 N 0x7d104
0x4fc BTB index out of boundsN 0x0
0x4fc BTB index out of boundsN 0x0
0x38 N 0x3c
0x917d8ea4 BTB index out of boundsN 0x0
0x7d100 N 0x7d104
0x7d100 N 0x7d104
0x92cc77c BTB index out of boundsN 0x0
0x38 N 0x3c
0x4fc BTB index out of boundsN 0x0
0x38 N 0x3c
0x7d100 N 0x7d104
0x38 N 0x3c
0x4fc BTB index out of boundsN 0x0
0x4fc BTB index out of boundsN 0x0
0x7d100 N 0x7d104
0x38 N 0x3c
