expected: 64 
 real std::vector<bimodal_FSM> size = 64
expected: 64 
 real std::vector<bimodal_FSM> size = 64
