0xd374 N 0xd378
 before history update 0
fsm index 0
history after update 0
branch num: 1
PC: 0xd374, Target PC: 0xf890, Predicted Dest Addr: 0xd378, Taken: False, Flush Num: 0
0xe24f7898 N 0xe24f789c
 before history update 0
fsm index 1
history after update 1
branch num: 2
PC: 0xe24f7898, Target PC: 0x8e39c068, Predicted Dest Addr: 0xe24f789c, Taken: True, Flush Num: 1
0xa40 N 0xa44
 before history update 2
fsm index 2
history after update 2
branch num: 3
PC: 0xa40, Target PC: 0x57899e8, Predicted Dest Addr: 0xa44, Taken: False, Flush Num: 1
0xe24f7898 N 0xe24f789c
 before history update 4
fsm index 1
history after update 1
branch num: 4
PC: 0xe24f7898, Target PC: 0x8e39c068, Predicted Dest Addr: 0xe24f789c, Taken: True, Flush Num: 2
0xb7e460 N 0xb7e464
 before history update 2
fsm index 3
history after update 3
branch num: 5
PC: 0xb7e460, Target PC: 0x6f63898, Predicted Dest Addr: 0xb7e464, Taken: True, Flush Num: 3
0xa40 T 0x57899e8
 before history update 6
fsm index 2
history after update 2
branch num: 6
PC: 0xa40, Target PC: 0x57899e8, Predicted Dest Addr: 0x57899e8, Taken: False, Flush Num: 4
0xff14994 N 0xff14998
 before history update 4
fsm index 0
history after update 0
branch num: 7
PC: 0xff14994, Target PC: 0xd1f74, Predicted Dest Addr: 0xff14998, Taken: False, Flush Num: 4
0x2d0 N 0x2d4
 before history update 0
fsm index 1
history after update 1
branch num: 8
PC: 0x2d0, Target PC: 0x618, Predicted Dest Addr: 0x2d4, Taken: True, Flush Num: 5
0x95666124 N 0x95666128
 before history update 2
fsm index 2
history after update 2
branch num: 9
PC: 0x95666124, Target PC: 0x2e588c, Predicted Dest Addr: 0x95666128, Taken: False, Flush Num: 5
0xf37f8 N 0xf37fc
 before history update 4
fsm index 1
history after update 1
branch num: 10
PC: 0xf37f8, Target PC: 0xa89f434, Predicted Dest Addr: 0xf37fc, Taken: True, Flush Num: 6
0x95666124 T 0x2e588c
 before history update 2
fsm index 3
history after update 3
branch num: 11
PC: 0x95666124, Target PC: 0x2e588c, Predicted Dest Addr: 0x2e588c, Taken: True, Flush Num: 6
0x95666124 T 0x2e588c
 before history update 6
fsm index 2
history after update 2
branch num: 12
PC: 0x95666124, Target PC: 0x2e588c, Predicted Dest Addr: 0x2e588c, Taken: False, Flush Num: 7
0x2d0 N 0x2d4
 before history update 4
fsm index 0
history after update 0
branch num: 13
PC: 0x2d0, Target PC: 0x618, Predicted Dest Addr: 0x2d4, Taken: False, Flush Num: 7
0xb7e460 N 0xb7e464
 before history update 0
fsm index 0
history after update 0
branch num: 14
PC: 0xb7e460, Target PC: 0x6f63898, Predicted Dest Addr: 0xb7e464, Taken: False, Flush Num: 7
0x95666124 N 0x95666128
 before history update 0
fsm index 0
history after update 0
branch num: 15
PC: 0x95666124, Target PC: 0x2e588c, Predicted Dest Addr: 0x95666128, Taken: False, Flush Num: 7
0x95666124 N 0x95666128
 before history update 0
fsm index 0
history after update 0
branch num: 16
PC: 0x95666124, Target PC: 0x2e588c, Predicted Dest Addr: 0x95666128, Taken: False, Flush Num: 7
0xd374 N 0xd378
 before history update 0
fsm index 1
history after update 1
branch num: 17
PC: 0xd374, Target PC: 0xf890, Predicted Dest Addr: 0xd378, Taken: True, Flush Num: 8
0xb7e460 T 0x6f63898
 before history update 2
fsm index 2
history after update 2
branch num: 18
PC: 0xb7e460, Target PC: 0x6f63898, Predicted Dest Addr: 0x6f63898, Taken: False, Flush Num: 9
0xa40 N 0xa44
 before history update 4
fsm index 1
history after update 1
branch num: 19
PC: 0xa40, Target PC: 0x57899e8, Predicted Dest Addr: 0xa44, Taken: True, Flush Num: 10
0xf37f8 T 0xa89f434
 before history update 2
fsm index 2
history after update 2
branch num: 20
PC: 0xf37f8, Target PC: 0xa89f434, Predicted Dest Addr: 0xa89f434, Taken: False, Flush Num: 11
0x95666124 N 0x95666128
 before history update 4
fsm index 0
history after update 0
branch num: 21
PC: 0x95666124, Target PC: 0x2e588c, Predicted Dest Addr: 0x95666128, Taken: False, Flush Num: 11
0xb7e460 N 0xb7e464
 before history update 0
fsm index 1
history after update 1
branch num: 22
PC: 0xb7e460, Target PC: 0x6f63898, Predicted Dest Addr: 0xb7e464, Taken: True, Flush Num: 12
0x53816c N 0x538170
 before history update 2
fsm index 2
history after update 2
branch num: 23
PC: 0x53816c, Target PC: 0x8779590, Predicted Dest Addr: 0x538170, Taken: False, Flush Num: 12
0x9eaf0 N 0x9eaf4
 before history update 4
fsm index 1
history after update 1
branch num: 24
PC: 0x9eaf0, Target PC: 0x783d6b4, Predicted Dest Addr: 0x9eaf4, Taken: True, Flush Num: 13
0xf37f8 T 0xa89f434
 before history update 2
fsm index 3
history after update 3
branch num: 25
PC: 0xf37f8, Target PC: 0xa89f434, Predicted Dest Addr: 0xa89f434, Taken: True, Flush Num: 13
0xb7e460 T 0x6f63898
 before history update 6
fsm index 3
history after update 3
branch num: 26
PC: 0xb7e460, Target PC: 0x6f63898, Predicted Dest Addr: 0x6f63898, Taken: True, Flush Num: 13
0x95666124 T 0x2e588c
 before history update 6
fsm index 3
history after update 3
branch num: 27
PC: 0x95666124, Target PC: 0x2e588c, Predicted Dest Addr: 0x2e588c, Taken: True, Flush Num: 13
0xff14994 T 0xd1f74
 before history update 6
fsm index 3
history after update 3
branch num: 28
PC: 0xff14994, Target PC: 0xd1f74, Predicted Dest Addr: 0xd1f74, Taken: True, Flush Num: 13
0xd374 T 0xf890
 before history update 6
fsm index 2
history after update 2
branch num: 29
PC: 0xd374, Target PC: 0xf890, Predicted Dest Addr: 0xf890, Taken: False, Flush Num: 14
0x2d0 N 0x2d4
 before history update 4
fsm index 0
history after update 0
branch num: 30
PC: 0x2d0, Target PC: 0x618, Predicted Dest Addr: 0x2d4, Taken: False, Flush Num: 14
0xf37f8 N 0xf37fc
 before history update 0
fsm index 1
history after update 1
branch num: 31
PC: 0xf37f8, Target PC: 0xa89f434, Predicted Dest Addr: 0xf37fc, Taken: True, Flush Num: 15
0x95666124 T 0x2e588c
 before history update 2
fsm index 2
history after update 2
branch num: 32
PC: 0x95666124, Target PC: 0x2e588c, Predicted Dest Addr: 0x2e588c, Taken: False, Flush Num: 16
0xf37f8 N 0xf37fc
 before history update 4
fsm index 1
history after update 1
branch num: 33
PC: 0xf37f8, Target PC: 0xa89f434, Predicted Dest Addr: 0xf37fc, Taken: True, Flush Num: 17
0xa40 T 0x57899e8
 before history update 2
fsm index 2
history after update 2
branch num: 34
PC: 0xa40, Target PC: 0x57899e8, Predicted Dest Addr: 0x57899e8, Taken: False, Flush Num: 18
0xf37f8 N 0xf37fc
 before history update 4
fsm index 0
history after update 0
branch num: 35
PC: 0xf37f8, Target PC: 0xa89f434, Predicted Dest Addr: 0xf37fc, Taken: False, Flush Num: 18
0x95666124 N 0x95666128
 before history update 0
fsm index 1
history after update 1
branch num: 36
PC: 0x95666124, Target PC: 0x2e588c, Predicted Dest Addr: 0x95666128, Taken: True, Flush Num: 19
0xd374 T 0xf890
 before history update 2
fsm index 3
history after update 3
branch num: 37
PC: 0xd374, Target PC: 0xf890, Predicted Dest Addr: 0xf890, Taken: True, Flush Num: 19
0x9eaf0 T 0x783d6b4
 before history update 6
fsm index 3
history after update 3
branch num: 38
PC: 0x9eaf0, Target PC: 0x783d6b4, Predicted Dest Addr: 0x783d6b4, Taken: True, Flush Num: 19
0xff14994 T 0xd1f74
 before history update 6
fsm index 2
history after update 2
branch num: 39
PC: 0xff14994, Target PC: 0xd1f74, Predicted Dest Addr: 0xd1f74, Taken: False, Flush Num: 20
0xb7e460 N 0xb7e464
 before history update 4
fsm index 0
history after update 0
branch num: 40
PC: 0xb7e460, Target PC: 0x6f63898, Predicted Dest Addr: 0xb7e464, Taken: False, Flush Num: 20
0x53816c N 0x538170
 before history update 0
fsm index 0
history after update 0
branch num: 41
PC: 0x53816c, Target PC: 0x8779590, Predicted Dest Addr: 0x538170, Taken: False, Flush Num: 20
0xb7e460 N 0xb7e464
 before history update 0
fsm index 0
history after update 0
branch num: 42
PC: 0xb7e460, Target PC: 0x6f63898, Predicted Dest Addr: 0xb7e464, Taken: False, Flush Num: 20
0x9eaf0 N 0x9eaf4
 before history update 0
fsm index 0
history after update 0
branch num: 43
PC: 0x9eaf0, Target PC: 0x783d6b4, Predicted Dest Addr: 0x9eaf4, Taken: False, Flush Num: 20
0x53816c N 0x538170
 before history update 0
fsm index 1
history after update 1
branch num: 44
PC: 0x53816c, Target PC: 0x8779590, Predicted Dest Addr: 0x538170, Taken: True, Flush Num: 21
0xb7e460 T 0x6f63898
 before history update 2
fsm index 2
history after update 2
branch num: 45
PC: 0xb7e460, Target PC: 0x6f63898, Predicted Dest Addr: 0x6f63898, Taken: False, Flush Num: 22
0xf37f8 N 0xf37fc
 before history update 4
fsm index 1
history after update 1
branch num: 46
PC: 0xf37f8, Target PC: 0xa89f434, Predicted Dest Addr: 0xf37fc, Taken: True, Flush Num: 23
0xe24f7898 T 0x8e39c068
 before history update 2
fsm index 2
history after update 2
branch num: 47
PC: 0xe24f7898, Target PC: 0x8e39c068, Predicted Dest Addr: 0x8e39c068, Taken: False, Flush Num: 24
0xb7e460 N 0xb7e464
 before history update 4
fsm index 1
history after update 1
branch num: 48
PC: 0xb7e460, Target PC: 0x6f63898, Predicted Dest Addr: 0xb7e464, Taken: True, Flush Num: 25
0xb7e460 T 0x6f63898
 before history update 2
fsm index 2
history after update 2
branch num: 49
PC: 0xb7e460, Target PC: 0x6f63898, Predicted Dest Addr: 0x6f63898, Taken: False, Flush Num: 26
0x95666124 N 0x95666128
 before history update 4
fsm index 1
history after update 1
branch num: 50
PC: 0x95666124, Target PC: 0x2e588c, Predicted Dest Addr: 0x95666128, Taken: True, Flush Num: 27
0xd374 T 0xf890
 before history update 2
fsm index 3
history after update 3
branch num: 51
PC: 0xd374, Target PC: 0xf890, Predicted Dest Addr: 0xf890, Taken: True, Flush Num: 27
0xa40 T 0x57899e8
 before history update 6
fsm index 2
history after update 2
branch num: 52
PC: 0xa40, Target PC: 0x57899e8, Predicted Dest Addr: 0x57899e8, Taken: False, Flush Num: 28
0xd374 N 0xd378
 before history update 4
fsm index 1
history after update 1
branch num: 53
PC: 0xd374, Target PC: 0xf890, Predicted Dest Addr: 0xd378, Taken: True, Flush Num: 29
0xd374 T 0xf890
 before history update 2
fsm index 2
history after update 2
branch num: 54
PC: 0xd374, Target PC: 0xf890, Predicted Dest Addr: 0xf890, Taken: False, Flush Num: 30
0xb7e460 N 0xb7e464
 before history update 4
fsm index 0
history after update 0
branch num: 55
PC: 0xb7e460, Target PC: 0x6f63898, Predicted Dest Addr: 0xb7e464, Taken: False, Flush Num: 30
0xf37f8 N 0xf37fc
 before history update 0
fsm index 1
history after update 1
branch num: 56
PC: 0xf37f8, Target PC: 0xa89f434, Predicted Dest Addr: 0xf37fc, Taken: True, Flush Num: 31
0xff14994 T 0xd1f74
 before history update 2
fsm index 3
history after update 3
branch num: 57
PC: 0xff14994, Target PC: 0xd1f74, Predicted Dest Addr: 0xd1f74, Taken: True, Flush Num: 31
0x95666124 T 0x2e588c
 before history update 6
fsm index 2
history after update 2
branch num: 58
PC: 0x95666124, Target PC: 0x2e588c, Predicted Dest Addr: 0x2e588c, Taken: False, Flush Num: 32
0x53816c N 0x538170
 before history update 4
fsm index 0
history after update 0
branch num: 59
PC: 0x53816c, Target PC: 0x8779590, Predicted Dest Addr: 0x538170, Taken: False, Flush Num: 32
0x53816c N 0x538170
 before history update 0
fsm index 1
history after update 1
branch num: 60
PC: 0x53816c, Target PC: 0x8779590, Predicted Dest Addr: 0x538170, Taken: True, Flush Num: 33
0x9eaf0 T 0x783d6b4
 before history update 2
fsm index 3
history after update 3
branch num: 61
PC: 0x9eaf0, Target PC: 0x783d6b4, Predicted Dest Addr: 0x783d6b4, Taken: True, Flush Num: 33
0xe24f7898 T 0x8e39c068
 before history update 6
fsm index 2
history after update 2
branch num: 62
PC: 0xe24f7898, Target PC: 0x8e39c068, Predicted Dest Addr: 0x8e39c068, Taken: False, Flush Num: 34
0xe24f7898 N 0xe24f789c
 before history update 4
fsm index 1
history after update 1
branch num: 63
PC: 0xe24f7898, Target PC: 0x8e39c068, Predicted Dest Addr: 0xe24f789c, Taken: True, Flush Num: 35
0xb7e460 T 0x6f63898
 before history update 2
fsm index 2
history after update 2
branch num: 64
PC: 0xb7e460, Target PC: 0x6f63898, Predicted Dest Addr: 0x6f63898, Taken: False, Flush Num: 36
0xe24f7898 N 0xe24f789c
 before history update 4
fsm index 0
history after update 0
branch num: 65
PC: 0xe24f7898, Target PC: 0x8e39c068, Predicted Dest Addr: 0xe24f789c, Taken: False, Flush Num: 36
0x9eaf0 N 0x9eaf4
 before history update 0
fsm index 0
history after update 0
branch num: 66
PC: 0x9eaf0, Target PC: 0x783d6b4, Predicted Dest Addr: 0x9eaf4, Taken: False, Flush Num: 36
0x53816c N 0x538170
 before history update 0
fsm index 0
history after update 0
branch num: 67
PC: 0x53816c, Target PC: 0x8779590, Predicted Dest Addr: 0x538170, Taken: False, Flush Num: 36
0xff14994 N 0xff14998
 before history update 0
fsm index 1
history after update 1
branch num: 68
PC: 0xff14994, Target PC: 0xd1f74, Predicted Dest Addr: 0xff14998, Taken: True, Flush Num: 37
0x53816c T 0x8779590
 before history update 2
fsm index 2
history after update 2
branch num: 69
PC: 0x53816c, Target PC: 0x8779590, Predicted Dest Addr: 0x8779590, Taken: False, Flush Num: 38
0xb7e460 N 0xb7e464
 before history update 4
fsm index 1
history after update 1
branch num: 70
PC: 0xb7e460, Target PC: 0x6f63898, Predicted Dest Addr: 0xb7e464, Taken: True, Flush Num: 39
0xb7e460 T 0x6f63898
 before history update 2
fsm index 2
history after update 2
branch num: 71
PC: 0xb7e460, Target PC: 0x6f63898, Predicted Dest Addr: 0x6f63898, Taken: False, Flush Num: 40
0x95666124 N 0x95666128
 before history update 4
fsm index 1
history after update 1
branch num: 72
PC: 0x95666124, Target PC: 0x2e588c, Predicted Dest Addr: 0x95666128, Taken: True, Flush Num: 41
0xff14994 T 0xd1f74
 before history update 2
fsm index 3
history after update 3
branch num: 73
PC: 0xff14994, Target PC: 0xd1f74, Predicted Dest Addr: 0xd1f74, Taken: True, Flush Num: 41
0xff14994 T 0xd1f74
 before history update 6
fsm index 3
history after update 3
branch num: 74
PC: 0xff14994, Target PC: 0xd1f74, Predicted Dest Addr: 0xd1f74, Taken: True, Flush Num: 41
0xe24f7898 T 0x8e39c068
 before history update 6
fsm index 2
history after update 2
branch num: 75
PC: 0xe24f7898, Target PC: 0x8e39c068, Predicted Dest Addr: 0x8e39c068, Taken: False, Flush Num: 42
0xa40 N 0xa44
 before history update 4
fsm index 0
history after update 0
branch num: 76
PC: 0xa40, Target PC: 0x57899e8, Predicted Dest Addr: 0xa44, Taken: False, Flush Num: 42
0xf37f8 N 0xf37fc
 before history update 0
fsm index 1
history after update 1
branch num: 77
PC: 0xf37f8, Target PC: 0xa89f434, Predicted Dest Addr: 0xf37fc, Taken: True, Flush Num: 43
0xe24f7898 T 0x8e39c068
 before history update 2
fsm index 3
history after update 3
branch num: 78
PC: 0xe24f7898, Target PC: 0x8e39c068, Predicted Dest Addr: 0x8e39c068, Taken: True, Flush Num: 43
0x53816c T 0x8779590
 before history update 6
fsm index 2
history after update 2
branch num: 79
PC: 0x53816c, Target PC: 0x8779590, Predicted Dest Addr: 0x8779590, Taken: False, Flush Num: 44
0xe24f7898 N 0xe24f789c
 before history update 4
fsm index 1
history after update 1
branch num: 80
PC: 0xe24f7898, Target PC: 0x8e39c068, Predicted Dest Addr: 0xe24f789c, Taken: True, Flush Num: 45
0xf37f8 T 0xa89f434
 before history update 2
fsm index 2
history after update 2
branch num: 81
PC: 0xf37f8, Target PC: 0xa89f434, Predicted Dest Addr: 0xa89f434, Taken: False, Flush Num: 46
0x95666124 N 0x95666128
 before history update 4
fsm index 1
history after update 1
branch num: 82
PC: 0x95666124, Target PC: 0x2e588c, Predicted Dest Addr: 0x95666128, Taken: True, Flush Num: 47
0x9eaf0 T 0x783d6b4
 before history update 2
fsm index 3
history after update 3
branch num: 83
PC: 0x9eaf0, Target PC: 0x783d6b4, Predicted Dest Addr: 0x783d6b4, Taken: True, Flush Num: 47
0x9eaf0 T 0x783d6b4
 before history update 6
fsm index 3
history after update 3
branch num: 84
PC: 0x9eaf0, Target PC: 0x783d6b4, Predicted Dest Addr: 0x783d6b4, Taken: True, Flush Num: 47
0xf37f8 T 0xa89f434
 before history update 6
fsm index 3
history after update 3
branch num: 85
PC: 0xf37f8, Target PC: 0xa89f434, Predicted Dest Addr: 0xa89f434, Taken: True, Flush Num: 47
0x2d0 T 0x618
 before history update 6
fsm index 2
history after update 2
branch num: 86
PC: 0x2d0, Target PC: 0x618, Predicted Dest Addr: 0x618, Taken: False, Flush Num: 48
0xff14994 N 0xff14998
 before history update 4
fsm index 1
history after update 1
branch num: 87
PC: 0xff14994, Target PC: 0xd1f74, Predicted Dest Addr: 0xff14998, Taken: True, Flush Num: 49
0xff14994 T 0xd1f74
 before history update 2
fsm index 2
history after update 2
branch num: 88
PC: 0xff14994, Target PC: 0xd1f74, Predicted Dest Addr: 0xd1f74, Taken: False, Flush Num: 50
0xf37f8 N 0xf37fc
 before history update 4
fsm index 1
history after update 1
branch num: 89
PC: 0xf37f8, Target PC: 0xa89f434, Predicted Dest Addr: 0xf37fc, Taken: True, Flush Num: 51
0xe24f7898 T 0x8e39c068
 before history update 2
fsm index 2
history after update 2
branch num: 90
PC: 0xe24f7898, Target PC: 0x8e39c068, Predicted Dest Addr: 0x8e39c068, Taken: False, Flush Num: 52
0x53816c N 0x538170
 before history update 4
fsm index 0
history after update 0
branch num: 91
PC: 0x53816c, Target PC: 0x8779590, Predicted Dest Addr: 0x538170, Taken: False, Flush Num: 52
0x95666124 N 0x95666128
 before history update 0
fsm index 1
history after update 1
branch num: 92
PC: 0x95666124, Target PC: 0x2e588c, Predicted Dest Addr: 0x95666128, Taken: True, Flush Num: 53
0xd374 T 0xf890
 before history update 2
fsm index 2
history after update 2
branch num: 93
PC: 0xd374, Target PC: 0xf890, Predicted Dest Addr: 0xf890, Taken: False, Flush Num: 54
0xe24f7898 N 0xe24f789c
 before history update 4
fsm index 1
history after update 1
branch num: 94
PC: 0xe24f7898, Target PC: 0x8e39c068, Predicted Dest Addr: 0xe24f789c, Taken: True, Flush Num: 55
0x9eaf0 T 0x783d6b4
 before history update 2
fsm index 3
history after update 3
branch num: 95
PC: 0x9eaf0, Target PC: 0x783d6b4, Predicted Dest Addr: 0x783d6b4, Taken: True, Flush Num: 55
0xf37f8 T 0xa89f434
 before history update 6
fsm index 3
history after update 3
branch num: 96
PC: 0xf37f8, Target PC: 0xa89f434, Predicted Dest Addr: 0xa89f434, Taken: True, Flush Num: 55
0xff14994 T 0xd1f74
 before history update 6
fsm index 2
history after update 2
branch num: 97
PC: 0xff14994, Target PC: 0xd1f74, Predicted Dest Addr: 0xd1f74, Taken: False, Flush Num: 56
0xd374 N 0xd378
 before history update 4
fsm index 1
history after update 1
branch num: 98
PC: 0xd374, Target PC: 0xf890, Predicted Dest Addr: 0xd378, Taken: True, Flush Num: 57
0xff14994 T 0xd1f74
 before history update 2
fsm index 2
history after update 2
branch num: 99
PC: 0xff14994, Target PC: 0xd1f74, Predicted Dest Addr: 0xd1f74, Taken: False, Flush Num: 58
0xd374 N 0xd378
 before history update 4
fsm index 1
history after update 1
branch num: 100
PC: 0xd374, Target PC: 0xf890, Predicted Dest Addr: 0xd378, Taken: True, Flush Num: 59
0x9eaf0 T 0x783d6b4
 before history update 2
fsm index 3
history after update 3
branch num: 101
PC: 0x9eaf0, Target PC: 0x783d6b4, Predicted Dest Addr: 0x783d6b4, Taken: True, Flush Num: 59
0xf37f8 T 0xa89f434
 before history update 6
fsm index 2
history after update 2
branch num: 102
PC: 0xf37f8, Target PC: 0xa89f434, Predicted Dest Addr: 0xa89f434, Taken: False, Flush Num: 60
0xff14994 N 0xff14998
 before history update 4
fsm index 1
history after update 1
branch num: 103
PC: 0xff14994, Target PC: 0xd1f74, Predicted Dest Addr: 0xff14998, Taken: True, Flush Num: 61
0xb7e460 T 0x6f63898
 before history update 2
fsm index 2
history after update 2
branch num: 104
PC: 0xb7e460, Target PC: 0x6f63898, Predicted Dest Addr: 0x6f63898, Taken: False, Flush Num: 62
0xff14994 N 0xff14998
 before history update 4
fsm index 0
history after update 0
branch num: 105
PC: 0xff14994, Target PC: 0xd1f74, Predicted Dest Addr: 0xff14998, Taken: False, Flush Num: 62
0xa40 N 0xa44
 before history update 0
fsm index 1
history after update 1
branch num: 106
PC: 0xa40, Target PC: 0x57899e8, Predicted Dest Addr: 0xa44, Taken: True, Flush Num: 63
0x2d0 T 0x618
 before history update 2
fsm index 3
history after update 3
branch num: 107
PC: 0x2d0, Target PC: 0x618, Predicted Dest Addr: 0x618, Taken: True, Flush Num: 63
0xb7e460 T 0x6f63898
 before history update 6
fsm index 2
history after update 2
branch num: 108
PC: 0xb7e460, Target PC: 0x6f63898, Predicted Dest Addr: 0x6f63898, Taken: False, Flush Num: 64
0xa40 N 0xa44
 before history update 4
fsm index 1
history after update 1
branch num: 109
PC: 0xa40, Target PC: 0x57899e8, Predicted Dest Addr: 0xa44, Taken: True, Flush Num: 65
0xa40 T 0x57899e8
 before history update 2
fsm index 2
history after update 2
branch num: 110
PC: 0xa40, Target PC: 0x57899e8, Predicted Dest Addr: 0x57899e8, Taken: False, Flush Num: 66
0xd374 N 0xd378
 before history update 4
fsm index 0
history after update 0
branch num: 111
PC: 0xd374, Target PC: 0xf890, Predicted Dest Addr: 0xd378, Taken: False, Flush Num: 66
0xf37f8 N 0xf37fc
 before history update 0
fsm index 0
history after update 0
branch num: 112
PC: 0xf37f8, Target PC: 0xa89f434, Predicted Dest Addr: 0xf37fc, Taken: False, Flush Num: 66
0x9eaf0 N 0x9eaf4
 before history update 0
fsm index 1
history after update 1
branch num: 113
PC: 0x9eaf0, Target PC: 0x783d6b4, Predicted Dest Addr: 0x9eaf4, Taken: True, Flush Num: 67
0xf37f8 T 0xa89f434
 before history update 2
fsm index 3
history after update 3
branch num: 114
PC: 0xf37f8, Target PC: 0xa89f434, Predicted Dest Addr: 0xa89f434, Taken: True, Flush Num: 67
0xd374 T 0xf890
 before history update 6
fsm index 3
history after update 3
branch num: 115
PC: 0xd374, Target PC: 0xf890, Predicted Dest Addr: 0xf890, Taken: True, Flush Num: 67
0xa40 T 0x57899e8
 before history update 6
fsm index 2
history after update 2
branch num: 116
PC: 0xa40, Target PC: 0x57899e8, Predicted Dest Addr: 0x57899e8, Taken: False, Flush Num: 68
0xff14994 N 0xff14998
 before history update 4
fsm index 0
history after update 0
branch num: 117
PC: 0xff14994, Target PC: 0xd1f74, Predicted Dest Addr: 0xff14998, Taken: False, Flush Num: 68
0xb7e460 N 0xb7e464
 before history update 0
fsm index 1
history after update 1
branch num: 118
PC: 0xb7e460, Target PC: 0x6f63898, Predicted Dest Addr: 0xb7e464, Taken: True, Flush Num: 69
0x2d0 T 0x618
 before history update 2
fsm index 3
history after update 3
branch num: 119
PC: 0x2d0, Target PC: 0x618, Predicted Dest Addr: 0x618, Taken: True, Flush Num: 69
0x2d0 T 0x618
 before history update 6
fsm index 2
history after update 2
branch num: 120
PC: 0x2d0, Target PC: 0x618, Predicted Dest Addr: 0x618, Taken: False, Flush Num: 70
0xe24f7898 N 0xe24f789c
 before history update 4
fsm index 0
history after update 0
branch num: 121
PC: 0xe24f7898, Target PC: 0x8e39c068, Predicted Dest Addr: 0xe24f789c, Taken: False, Flush Num: 70
0x95666124 N 0x95666128
 before history update 0
fsm index 1
history after update 1
branch num: 122
PC: 0x95666124, Target PC: 0x2e588c, Predicted Dest Addr: 0x95666128, Taken: True, Flush Num: 71
0xff14994 T 0xd1f74
 before history update 2
fsm index 3
history after update 3
branch num: 123
PC: 0xff14994, Target PC: 0xd1f74, Predicted Dest Addr: 0xd1f74, Taken: True, Flush Num: 71
0xa40 T 0x57899e8
 before history update 6
fsm index 2
history after update 2
branch num: 124
PC: 0xa40, Target PC: 0x57899e8, Predicted Dest Addr: 0x57899e8, Taken: False, Flush Num: 72
0x2d0 N 0x2d4
 before history update 4
fsm index 1
history after update 1
branch num: 125
PC: 0x2d0, Target PC: 0x618, Predicted Dest Addr: 0x2d4, Taken: True, Flush Num: 73
0xf37f8 T 0xa89f434
 before history update 2
fsm index 2
history after update 2
branch num: 126
PC: 0xf37f8, Target PC: 0xa89f434, Predicted Dest Addr: 0xa89f434, Taken: False, Flush Num: 74
0xe24f7898 N 0xe24f789c
 before history update 4
fsm index 1
history after update 1
branch num: 127
PC: 0xe24f7898, Target PC: 0x8e39c068, Predicted Dest Addr: 0xe24f789c, Taken: True, Flush Num: 75
0x95666124 T 0x2e588c
 before history update 2
fsm index 3
history after update 3
branch num: 128
PC: 0x95666124, Target PC: 0x2e588c, Predicted Dest Addr: 0x2e588c, Taken: True, Flush Num: 75
0x2d0 T 0x618
 before history update 6
fsm index 2
history after update 2
branch num: 129
PC: 0x2d0, Target PC: 0x618, Predicted Dest Addr: 0x618, Taken: False, Flush Num: 76
0xd374 N 0xd378
 before history update 4
fsm index 0
history after update 0
branch num: 130
PC: 0xd374, Target PC: 0xf890, Predicted Dest Addr: 0xd378, Taken: False, Flush Num: 76
0x2d0 N 0x2d4
 before history update 0
fsm index 1
history after update 1
branch num: 131
PC: 0x2d0, Target PC: 0x618, Predicted Dest Addr: 0x2d4, Taken: True, Flush Num: 77
0xd374 T 0xf890
 before history update 2
fsm index 3
history after update 3
branch num: 132
PC: 0xd374, Target PC: 0xf890, Predicted Dest Addr: 0xf890, Taken: True, Flush Num: 77
0x9eaf0 T 0x783d6b4
 before history update 6
fsm index 3
history after update 3
branch num: 133
PC: 0x9eaf0, Target PC: 0x783d6b4, Predicted Dest Addr: 0x783d6b4, Taken: True, Flush Num: 77
0xb7e460 T 0x6f63898
 before history update 6
fsm index 2
history after update 2
branch num: 134
PC: 0xb7e460, Target PC: 0x6f63898, Predicted Dest Addr: 0x6f63898, Taken: False, Flush Num: 78
0xb7e460 N 0xb7e464
 before history update 4
fsm index 1
history after update 1
branch num: 135
PC: 0xb7e460, Target PC: 0x6f63898, Predicted Dest Addr: 0xb7e464, Taken: True, Flush Num: 79
0xff14994 T 0xd1f74
 before history update 2
fsm index 2
history after update 2
branch num: 136
PC: 0xff14994, Target PC: 0xd1f74, Predicted Dest Addr: 0xd1f74, Taken: False, Flush Num: 80
0x53816c N 0x538170
 before history update 4
fsm index 1
history after update 1
branch num: 137
PC: 0x53816c, Target PC: 0x8779590, Predicted Dest Addr: 0x538170, Taken: True, Flush Num: 81
0xff14994 T 0xd1f74
 before history update 2
fsm index 2
history after update 2
branch num: 138
PC: 0xff14994, Target PC: 0xd1f74, Predicted Dest Addr: 0xd1f74, Taken: False, Flush Num: 82
0x9eaf0 N 0x9eaf4
 before history update 4
fsm index 0
history after update 0
branch num: 139
PC: 0x9eaf0, Target PC: 0x783d6b4, Predicted Dest Addr: 0x9eaf4, Taken: False, Flush Num: 82
0xff14994 N 0xff14998
 before history update 0
fsm index 1
history after update 1
branch num: 140
PC: 0xff14994, Target PC: 0xd1f74, Predicted Dest Addr: 0xff14998, Taken: True, Flush Num: 83
0xa40 T 0x57899e8
 before history update 2
fsm index 2
history after update 2
branch num: 141
PC: 0xa40, Target PC: 0x57899e8, Predicted Dest Addr: 0x57899e8, Taken: False, Flush Num: 84
0xff14994 N 0xff14998
 before history update 4
fsm index 0
history after update 0
branch num: 142
PC: 0xff14994, Target PC: 0xd1f74, Predicted Dest Addr: 0xff14998, Taken: False, Flush Num: 84
0x2d0 N 0x2d4
 before history update 0
fsm index 1
history after update 1
branch num: 143
PC: 0x2d0, Target PC: 0x618, Predicted Dest Addr: 0x2d4, Taken: True, Flush Num: 85
0xf37f8 T 0xa89f434
 before history update 2
fsm index 3
history after update 3
branch num: 144
PC: 0xf37f8, Target PC: 0xa89f434, Predicted Dest Addr: 0xa89f434, Taken: True, Flush Num: 85
0x9eaf0 T 0x783d6b4
 before history update 6
fsm index 2
history after update 2
branch num: 145
PC: 0x9eaf0, Target PC: 0x783d6b4, Predicted Dest Addr: 0x783d6b4, Taken: False, Flush Num: 86
0x9eaf0 N 0x9eaf4
 before history update 4
fsm index 1
history after update 1
branch num: 146
PC: 0x9eaf0, Target PC: 0x783d6b4, Predicted Dest Addr: 0x9eaf4, Taken: True, Flush Num: 87
0xa40 T 0x57899e8
 before history update 2
fsm index 2
history after update 2
branch num: 147
PC: 0xa40, Target PC: 0x57899e8, Predicted Dest Addr: 0x57899e8, Taken: False, Flush Num: 88
0x2d0 N 0x2d4
 before history update 4
fsm index 0
history after update 0
branch num: 148
PC: 0x2d0, Target PC: 0x618, Predicted Dest Addr: 0x2d4, Taken: False, Flush Num: 88
0x9eaf0 N 0x9eaf4
 before history update 0
fsm index 1
history after update 1
branch num: 149
PC: 0x9eaf0, Target PC: 0x783d6b4, Predicted Dest Addr: 0x9eaf4, Taken: True, Flush Num: 89
0xa40 T 0x57899e8
 before history update 2
fsm index 2
history after update 2
branch num: 150
PC: 0xa40, Target PC: 0x57899e8, Predicted Dest Addr: 0x57899e8, Taken: False, Flush Num: 90
0x95666124 N 0x95666128
 before history update 4
fsm index 0
history after update 0
branch num: 151
PC: 0x95666124, Target PC: 0x2e588c, Predicted Dest Addr: 0x95666128, Taken: False, Flush Num: 90
0x9eaf0 N 0x9eaf4
 before history update 0
fsm index 0
history after update 0
branch num: 152
PC: 0x9eaf0, Target PC: 0x783d6b4, Predicted Dest Addr: 0x9eaf4, Taken: False, Flush Num: 90
0xe24f7898 N 0xe24f789c
 before history update 0
fsm index 1
history after update 1
branch num: 153
PC: 0xe24f7898, Target PC: 0x8e39c068, Predicted Dest Addr: 0xe24f789c, Taken: True, Flush Num: 91
0x9eaf0 T 0x783d6b4
 before history update 2
fsm index 3
history after update 3
branch num: 154
PC: 0x9eaf0, Target PC: 0x783d6b4, Predicted Dest Addr: 0x783d6b4, Taken: True, Flush Num: 91
0xf37f8 T 0xa89f434
 before history update 6
fsm index 3
history after update 3
branch num: 155
PC: 0xf37f8, Target PC: 0xa89f434, Predicted Dest Addr: 0xa89f434, Taken: True, Flush Num: 91
flush_num: 91, br_num: 155, size: 682b
