0x455aa4 BTB index out of boundsN 0x0
0xf02ec0 N 0xf02ec4
0x455aa4 BTB index out of boundsN 0x0
0xb11cf8 N 0xb11cfc
0xafe564 BTB index out of boundsN 0x0
0xafe564 BTB index out of boundsN 0x0
0x455aa4 BTB index out of boundsN 0x0
0xdea8ec BTB index out of boundsN 0x0
0xdea8ec BTB index out of boundsN 0x0
0xb4bc0 N 0xb4bc4
0xafe564 BTB index out of boundsN 0x0
0xf02ec0 N 0xf02ec4
0xda0 N 0xda4
0xf02ec0 N 0xf02ec4
0xda0 N 0xda4
0xafe564 BTB index out of boundsN 0x0
0xb11cf8 N 0xb11cfc
0xb11cf8 T 0xd5f58d68
0xf02ec0 N 0xf02ec4
0xda0 N 0xda4
0xb11cf8 N 0xb11cfc
0xafe564 BTB index out of boundsN 0x0
0xf02ec0 N 0xf02ec4
0xdea8ec BTB index out of boundsN 0x0
0xafe564 BTB index out of boundsN 0x0
0x455aa4 BTB index out of boundsN 0x0
0xb11cf8 N 0xb11cfc
0xb4bc0 N 0xb4bc4
0xb4bc0 T 0x17d5c
0x455aa4 BTB index out of boundsN 0x0
0x455aa4 BTB index out of boundsN 0x0
0xafe564 BTB index out of boundsN 0x0
0xda0 N 0xda4
0x455aa4 BTB index out of boundsN 0x0
0xda0 T 0x706effe0
0xda0 T 0x706effe0
0xb11cf8 N 0xb11cfc
0xf02ec0 N 0xf02ec4
0xdea8ec BTB index out of boundsN 0x0
0x455aa4 BTB index out of boundsN 0x0
0xdea8ec BTB index out of boundsN 0x0
0xdea8ec BTB index out of boundsN 0x0
0xafe564 BTB index out of boundsN 0x0
0xb11cf8 N 0xb11cfc
0xda0 N 0xda4
0xafe564 BTB index out of boundsN 0x0
0xb11cf8 N 0xb11cfc
0xf02ec0 N 0xf02ec4
0xdea8ec BTB index out of boundsN 0x0
0xb4bc0 N 0xb4bc4
0xb4bc0 T 0x17d5c
0x455aa4 BTB index out of boundsN 0x0
0x455aa4 BTB index out of boundsN 0x0
0xda0 N 0xda4
0xafe564 BTB index out of boundsN 0x0
0xb11cf8 N 0xb11cfc
0xda0 N 0xda4
0xb4bc0 N 0xb4bc4
0xb11cf8 N 0xb11cfc
0xb11cf8 T 0xd5f58d68
0xf02ec0 N 0xf02ec4
0xafe564 BTB index out of boundsN 0x0
0xb11cf8 N 0xb11cfc
0xdea8ec BTB index out of boundsN 0x0
0xdea8ec BTB index out of boundsN 0x0
0xf02ec0 N 0xf02ec4
0x455aa4 BTB index out of boundsN 0x0
0x455aa4 BTB index out of boundsN 0x0
0xb4bc0 N 0xb4bc4
0xf02ec0 N 0xf02ec4
0xdea8ec BTB index out of boundsN 0x0
0xb11cf8 N 0xb11cfc
0xf02ec0 N 0xf02ec4
0xf02ec0 T 0xfb3e15b8
0xda0 N 0xda4
0x455aa4 BTB index out of boundsN 0x0
0xf02ec0 N 0xf02ec4
0xf02ec0 T 0xfb3e15b8
0xdea8ec BTB index out of boundsN 0x0
0xdea8ec BTB index out of boundsN 0x0
0xf02ec0 T 0xfb3e15b8
0xb11cf8 N 0xb11cfc
0xdea8ec BTB index out of boundsN 0x0
0xb4bc0 N 0xb4bc4
0xafe564 BTB index out of boundsN 0x0
0xda0 N 0xda4
0xb11cf8 N 0xb11cfc
0xb11cf8 T 0xd5f58d68
0xb11cf8 N 0xb11cfc
0xdea8ec BTB index out of boundsN 0x0
0xb11cf8 T 0xd5f58d68
0xf02ec0 N 0xf02ec4
0xb4bc0 N 0xb4bc4
0x455aa4 BTB index out of boundsN 0x0
0x455aa4 BTB index out of boundsN 0x0
0xb11cf8 N 0xb11cfc
0xdea8ec BTB index out of boundsN 0x0
0xafe564 BTB index out of boundsN 0x0
0xb4bc0 N 0xb4bc4
0xb4bc0 T 0x17d5c
0xdea8ec BTB index out of boundsN 0x0
0xafe564 BTB index out of boundsN 0x0
0xda0 N 0xda4
0xafe564 BTB index out of boundsN 0x0
0xda0 T 0x706effe0
0xafe564 BTB index out of boundsN 0x0
0xb4bc0 N 0xb4bc4
0xafe564 BTB index out of boundsN 0x0
0xafe564 BTB index out of boundsN 0x0
0xf02ec0 N 0xf02ec4
0xafe564 BTB index out of boundsN 0x0
0xafe564 BTB index out of boundsN 0x0
0xf02ec0 T 0xfb3e15b8
0xf02ec0 T 0xfb3e15b8
0xb4bc0 N 0xb4bc4
0xafe564 BTB index out of boundsN 0x0
0x455aa4 BTB index out of boundsN 0x0
0xb11cf8 N 0xb11cfc
0xf02ec0 N 0xf02ec4
0xda0 N 0xda4
0xb4bc0 N 0xb4bc4
0xb4bc0 T 0x17d5c
0xafe564 BTB index out of boundsN 0x0
0xf02ec0 N 0xf02ec4
0xdea8ec BTB index out of boundsN 0x0
0x455aa4 BTB index out of boundsN 0x0
0xdea8ec BTB index out of boundsN 0x0
0xb4bc0 N 0xb4bc4
0xf02ec0 N 0xf02ec4
0xafe564 BTB index out of boundsN 0x0
0xf02ec0 T 0xfb3e15b8
0xb11cf8 N 0xb11cfc
0xafe564 BTB index out of boundsN 0x0
0x455aa4 BTB index out of boundsN 0x0
0xf02ec0 N 0xf02ec4
0xdea8ec BTB index out of boundsN 0x0
0xb4bc0 N 0xb4bc4
0xf02ec0 N 0xf02ec4
0xb4bc0 N 0xb4bc4
0xb11cf8 N 0xb11cfc
0x455aa4 BTB index out of boundsN 0x0
0xf02ec0 N 0xf02ec4
0xb11cf8 N 0xb11cfc
0xda0 N 0xda4
0xdea8ec BTB index out of boundsN 0x0
0xda0 T 0x706effe0
0xb11cf8 N 0xb11cfc
0xda0 N 0xda4
0xdea8ec BTB index out of boundsN 0x0
0xf02ec0 N 0xf02ec4
0xdea8ec BTB index out of boundsN 0x0
0xafe564 BTB index out of boundsN 0x0
0x455aa4 BTB index out of boundsN 0x0
0x455aa4 BTB index out of boundsN 0x0
0xf02ec0 T 0xfb3e15b8
0xb4bc0 N 0xb4bc4
0xb11cf8 N 0xb11cfc
0x455aa4 BTB index out of boundsN 0x0
0xafe564 BTB index out of boundsN 0x0
0xb11cf8 T 0xd5f58d68
0xf02ec0 N 0xf02ec4
0xb11cf8 N 0xb11cfc
0xafe564 BTB index out of boundsN 0x0
0xf02ec0 N 0xf02ec4
0xda0 N 0xda4
0xdea8ec BTB index out of boundsN 0x0
0xda0 T 0x706effe0
0xf02ec0 N 0xf02ec4
0xafe564 BTB index out of boundsN 0x0
0xdea8ec BTB index out of boundsN 0x0
0xb11cf8 N 0xb11cfc
0x455aa4 BTB index out of boundsN 0x0
0xda0 N 0xda4
0xdea8ec BTB index out of boundsN 0x0
0xf02ec0 N 0xf02ec4
0xafe564 BTB index out of boundsN 0x0
0xf02ec0 T 0xfb3e15b8
0x455aa4 BTB index out of boundsN 0x0
0xafe564 BTB index out of boundsN 0x0
0xdea8ec BTB index out of boundsN 0x0
0x455aa4 BTB index out of boundsN 0x0
0xdea8ec BTB index out of boundsN 0x0
0xb4bc0 N 0xb4bc4
0xf02ec0 N 0xf02ec4
0x455aa4 BTB index out of boundsN 0x0
0x455aa4 BTB index out of boundsN 0x0
0xb11cf8 N 0xb11cfc
0xb11cf8 T 0xd5f58d68
0xdea8ec BTB index out of boundsN 0x0
0x455aa4 BTB index out of boundsN 0x0
0xafe564 BTB index out of boundsN 0x0
0xdea8ec BTB index out of boundsN 0x0
0xdea8ec BTB index out of boundsN 0x0
0xda0 N 0xda4
0x455aa4 BTB index out of boundsN 0x0
0xda0 T 0x706effe0
0xb4bc0 N 0xb4bc4
0xafe564 BTB index out of boundsN 0x0
0xf02ec0 N 0xf02ec4
0x455aa4 BTB index out of boundsN 0x0
0x455aa4 BTB index out of boundsN 0x0
0x455aa4 BTB index out of boundsN 0x0
0xb11cf8 N 0xb11cfc
0xf02ec0 N 0xf02ec4
0xb11cf8 N 0xb11cfc
0xdea8ec BTB index out of boundsN 0x0
0xf02ec0 N 0xf02ec4
0x455aa4 BTB index out of boundsN 0x0
0xf02ec0 T 0xfb3e15b8
0xb4bc0 N 0xb4bc4
0xb11cf8 N 0xb11cfc
0x455aa4 BTB index out of boundsN 0x0
0xda0 N 0xda4
0xda0 T 0x706effe0
0xb4bc0 N 0xb4bc4
0x455aa4 BTB index out of boundsN 0x0
0xf02ec0 N 0xf02ec4
0xda0 N 0xda4
0x455aa4 BTB index out of boundsN 0x0
0xdea8ec BTB index out of boundsN 0x0
0xafe564 BTB index out of boundsN 0x0
0xb4bc0 N 0xb4bc4
0xdea8ec BTB index out of boundsN 0x0
0xdea8ec BTB index out of boundsN 0x0
0xda0 N 0xda4
0xdea8ec BTB index out of boundsN 0x0
0xf02ec0 N 0xf02ec4
0xb11cf8 N 0xb11cfc
0xda0 N 0xda4
0xafe564 BTB index out of boundsN 0x0
0xb11cf8 N 0xb11cfc
0xf02ec0 N 0xf02ec4
0xdea8ec BTB index out of boundsN 0x0
0xafe564 BTB index out of boundsN 0x0
0xafe564 BTB index out of boundsN 0x0
0xdea8ec BTB index out of boundsN 0x0
0xb11cf8 N 0xb11cfc
0xda0 N 0xda4
0xb4bc0 N 0xb4bc4
0xb11cf8 N 0xb11cfc
0xb4bc0 N 0xb4bc4
0xf02ec0 N 0xf02ec4
0xf02ec0 T 0xfb3e15b8
0x455aa4 BTB index out of boundsN 0x0
0x455aa4 BTB index out of boundsN 0x0
0xf02ec0 T 0xfb3e15b8
0x455aa4 BTB index out of boundsN 0x0
0x455aa4 BTB index out of boundsN 0x0
0xafe564 BTB index out of boundsN 0x0
0xb4bc0 N 0xb4bc4
0xb4bc0 T 0x17d5c
0xb4bc0 T 0x17d5c
0x455aa4 BTB index out of boundsN 0x0
0xdea8ec BTB index out of boundsN 0x0
0xda0 N 0xda4
0xdea8ec BTB index out of boundsN 0x0
0xdea8ec BTB index out of boundsN 0x0
0xda0 T 0x706effe0
0xb4bc0 N 0xb4bc4
0xb4bc0 T 0x17d5c
0xafe564 BTB index out of boundsN 0x0
0xafe564 BTB index out of boundsN 0x0
0xf02ec0 N 0xf02ec4
0xb4bc0 N 0xb4bc4
0xf02ec0 N 0xf02ec4
0x455aa4 BTB index out of boundsN 0x0
0xb4bc0 N 0xb4bc4
0x455aa4 BTB index out of boundsN 0x0
0xb11cf8 N 0xb11cfc
0xf02ec0 N 0xf02ec4
0xb4bc0 N 0xb4bc4
0xafe564 BTB index out of boundsN 0x0
0xda0 N 0xda4
0xafe564 BTB index out of boundsN 0x0
0xb4bc0 N 0xb4bc4
0x455aa4 BTB index out of boundsN 0x0
0x455aa4 BTB index out of boundsN 0x0
0xb4bc0 T 0x17d5c
0xafe564 BTB index out of boundsN 0x0
0xdea8ec BTB index out of boundsN 0x0
0xafe564 BTB index out of boundsN 0x0
0xb4bc0 T 0x17d5c
0xb11cf8 N 0xb11cfc
0xdea8ec BTB index out of boundsN 0x0
0xda0 N 0xda4
0xb4bc0 N 0xb4bc4
0xdea8ec BTB index out of boundsN 0x0
0xf02ec0 N 0xf02ec4
0xb11cf8 N 0xb11cfc
0xf02ec0 N 0xf02ec4
0xafe564 BTB index out of boundsN 0x0
0xf02ec0 T 0xfb3e15b8
0xafe564 BTB index out of boundsN 0x0
0xf02ec0 T 0xfb3e15b8
0xafe564 BTB index out of boundsN 0x0
0xda0 N 0xda4
0xb4bc0 N 0xb4bc4
0x455aa4 BTB index out of boundsN 0x0
0xafe564 BTB index out of boundsN 0x0
0xb4bc0 T 0x17d5c
0xf02ec0 N 0xf02ec4
0xb4bc0 N 0xb4bc4
0xb4bc0 T 0x17d5c
0xdea8ec BTB index out of boundsN 0x0
0xf02ec0 N 0xf02ec4
0xb4bc0 N 0xb4bc4
flush_num: 227, br_num: 306, size: 80b
