0x28f7660 N 0x28f7664
0x3f2e40 N 0x3f2e44
0xd508 N 0xd50c
0x28f7660 N 0x28f7664
0x465614d4 BTB index out of boundsN 0x0
0xd508 N 0xd50c
0xe7c8538 N 0xe7c853c
0xe7c8538 N 0xe7c853c
0x465614d4 BTB index out of boundsN 0x0
0x3f2e40 N 0x3f2e44
0x3f2e40 N 0x3f2e44
0xd508 N 0xd50c
0x28f7660 N 0x28f7664
0xe7c8538 N 0xe7c853c
0x3f2e40 N 0x3f2e44
0xe7c8538 N 0xe7c853c
0x3f2e40 N 0x3f2e44
0xd508 N 0xd50c
0x465614d4 BTB index out of boundsN 0x0
0x465614d4 BTB index out of boundsN 0x0
0x3f2e40 N 0x3f2e44
0x3f2e40 N 0x3f2e44
0xd508 N 0xd50c
0xd508 N 0xd50c
0xe7c8538 N 0xe7c853c
0xe7c8538 N 0xe7c853c
0x465614d4 BTB index out of boundsN 0x0
0x465614d4 BTB index out of boundsN 0x0
0x3f2e40 N 0x3f2e44
0x28f7660 N 0x28f7664
0x28f7660 N 0x28f7664
0xe7c8538 N 0xe7c853c
0xe7c8538 N 0xe7c853c
0xd508 N 0xd50c
0x465614d4 BTB index out of boundsN 0x0
0xe7c8538 N 0xe7c853c
0x465614d4 BTB index out of boundsN 0x0
0xd508 N 0xd50c
0x465614d4 BTB index out of boundsN 0x0
0xd508 N 0xd50c
0x465614d4 BTB index out of boundsN 0x0
0x465614d4 BTB index out of boundsN 0x0
0xe7c8538 N 0xe7c853c
0xe7c8538 N 0xe7c853c
0x28f7660 N 0x28f7664
0x3f2e40 N 0x3f2e44
0x3f2e40 N 0x3f2e44
0x465614d4 BTB index out of boundsN 0x0
0xd508 N 0xd50c
0x28f7660 N 0x28f7664
0x28f7660 N 0x28f7664
0x3f2e40 N 0x3f2e44
0xe7c8538 N 0xe7c853c
0x28f7660 N 0x28f7664
0x465614d4 BTB index out of boundsN 0x0
0x28f7660 N 0x28f7664
0xd508 N 0xd50c
0x28f7660 N 0x28f7664
0x28f7660 N 0x28f7664
0xe7c8538 N 0xe7c853c
0xd508 N 0xd50c
0x465614d4 BTB index out of boundsN 0x0
0xd508 N 0xd50c
0xd508 N 0xd50c
0x465614d4 BTB index out of boundsN 0x0
0x28f7660 N 0x28f7664
0x465614d4 BTB index out of boundsN 0x0
0xe7c8538 N 0xe7c853c
0xd508 N 0xd50c
0x28f7660 N 0x28f7664
0xe7c8538 N 0xe7c853c
0xe7c8538 N 0xe7c853c
0x3f2e40 N 0x3f2e44
0x3f2e40 N 0x3f2e44
0xe7c8538 N 0xe7c853c
0x465614d4 BTB index out of boundsN 0x0
0xd508 N 0xd50c
0x3f2e40 N 0x3f2e44
0x3f2e40 N 0x3f2e44
0x465614d4 BTB index out of boundsN 0x0
0xd508 N 0xd50c
0x3f2e40 N 0x3f2e44
0xe7c8538 N 0xe7c853c
0x3f2e40 N 0x3f2e44
0x465614d4 BTB index out of boundsN 0x0
0x28f7660 N 0x28f7664
0xe7c8538 N 0xe7c853c
0x3f2e40 N 0x3f2e44
0x465614d4 BTB index out of boundsN 0x0
0x3f2e40 N 0x3f2e44
0xd508 N 0xd50c
0xd508 N 0xd50c
0x3f2e40 N 0x3f2e44
0xd508 N 0xd50c
0xe7c8538 N 0xe7c853c
0x28f7660 N 0x28f7664
0x3f2e40 N 0x3f2e44
0x3f2e40 N 0x3f2e44
0x28f7660 N 0x28f7664
0x28f7660 N 0x28f7664
0x3f2e40 N 0x3f2e44
0x3f2e40 T 0x5592960
0x465614d4 BTB index out of boundsN 0x0
0xe7c8538 N 0xe7c853c
0x28f7660 N 0x28f7664
0xe7c8538 N 0xe7c853c
0xd508 N 0xd50c
0x28f7660 N 0x28f7664
0xd508 N 0xd50c
0x465614d4 BTB index out of boundsN 0x0
0x465614d4 BTB index out of boundsN 0x0
0x3f2e40 N 0x3f2e44
0xd508 N 0xd50c
0x3f2e40 N 0x3f2e44
0x28f7660 N 0x28f7664
0x3f2e40 N 0x3f2e44
0xd508 N 0xd50c
0x465614d4 BTB index out of boundsN 0x0
0x28f7660 N 0x28f7664
0x465614d4 BTB index out of boundsN 0x0
0x465614d4 BTB index out of boundsN 0x0
0x3f2e40 N 0x3f2e44
0x465614d4 BTB index out of boundsN 0x0
0x3f2e40 N 0x3f2e44
0x465614d4 BTB index out of boundsN 0x0
0x465614d4 BTB index out of boundsN 0x0
0x465614d4 BTB index out of boundsN 0x0
0x465614d4 BTB index out of boundsN 0x0
0x28f7660 N 0x28f7664
0x3f2e40 N 0x3f2e44
0x3f2e40 N 0x3f2e44
0x28f7660 N 0x28f7664
0x3f2e40 N 0x3f2e44
0x465614d4 BTB index out of boundsN 0x0
0x465614d4 BTB index out of boundsN 0x0
0x465614d4 BTB index out of boundsN 0x0
0xe7c8538 N 0xe7c853c
0xe7c8538 N 0xe7c853c
0x3f2e40 N 0x3f2e44
0xd508 N 0xd50c
0xd508 N 0xd50c
0xd508 N 0xd50c
0xe7c8538 N 0xe7c853c
0xe7c8538 N 0xe7c853c
0x28f7660 N 0x28f7664
0x28f7660 N 0x28f7664
0x3f2e40 N 0x3f2e44
0xd508 N 0xd50c
0xd508 N 0xd50c
0xe7c8538 N 0xe7c853c
0xe7c8538 N 0xe7c853c
0xe7c8538 N 0xe7c853c
0x3f2e40 N 0x3f2e44
0x28f7660 N 0x28f7664
0xd508 N 0xd50c
0x3f2e40 N 0x3f2e44
0x465614d4 BTB index out of boundsN 0x0
0xd508 N 0xd50c
0xd508 N 0xd50c
0xd508 N 0xd50c
0x28f7660 N 0x28f7664
0x3f2e40 N 0x3f2e44
0x3f2e40 N 0x3f2e44
0x3f2e40 N 0x3f2e44
0x28f7660 N 0x28f7664
0xe7c8538 N 0xe7c853c
0xe7c8538 N 0xe7c853c
0x465614d4 BTB index out of boundsN 0x0
0x3f2e40 N 0x3f2e44
0x465614d4 BTB index out of boundsN 0x0
0x3f2e40 N 0x3f2e44
0xe7c8538 N 0xe7c853c
0x28f7660 N 0x28f7664
0x3f2e40 N 0x3f2e44
0x28f7660 N 0x28f7664
0xe7c8538 N 0xe7c853c
0x3f2e40 N 0x3f2e44
0xd508 N 0xd50c
0xe7c8538 N 0xe7c853c
0xe7c8538 N 0xe7c853c
0xd508 N 0xd50c
0x465614d4 BTB index out of boundsN 0x0
0xe7c8538 N 0xe7c853c
0xe7c8538 N 0xe7c853c
0x28f7660 N 0x28f7664
0xd508 N 0xd50c
0xe7c8538 N 0xe7c853c
0x465614d4 BTB index out of boundsN 0x0
0xe7c8538 N 0xe7c853c
0x465614d4 BTB index out of boundsN 0x0
0xe7c8538 N 0xe7c853c
0xd508 N 0xd50c
0x3f2e40 N 0x3f2e44
0x28f7660 N 0x28f7664
0xe7c8538 N 0xe7c853c
0x28f7660 N 0x28f7664
0xe7c8538 N 0xe7c853c
0xe7c8538 N 0xe7c853c
0xd508 N 0xd50c
0x3f2e40 N 0x3f2e44
0x3f2e40 N 0x3f2e44
0x28f7660 N 0x28f7664
0xd508 N 0xd50c
0x28f7660 N 0x28f7664
0x3f2e40 N 0x3f2e44
0x28f7660 N 0x28f7664
0xd508 N 0xd50c
0xd508 N 0xd50c
0x28f7660 N 0x28f7664
0xd508 N 0xd50c
0xd508 N 0xd50c
0xe7c8538 N 0xe7c853c
0x3f2e40 N 0x3f2e44
0x465614d4 BTB index out of boundsN 0x0
0x3f2e40 N 0x3f2e44
0x465614d4 BTB index out of boundsN 0x0
0xd508 N 0xd50c
0x28f7660 N 0x28f7664
0xe7c8538 N 0xe7c853c
0xe7c8538 N 0xe7c853c
0xe7c8538 N 0xe7c853c
0x3f2e40 N 0x3f2e44
0x3f2e40 N 0x3f2e44
0xe7c8538 N 0xe7c853c
0x28f7660 N 0x28f7664
0xe7c8538 N 0xe7c853c
0xe7c8538 N 0xe7c853c
0xd508 N 0xd50c
0x465614d4 BTB index out of boundsN 0x0
0x465614d4 BTB index out of boundsN 0x0
0x465614d4 BTB index out of boundsN 0x0
0x28f7660 N 0x28f7664
0xd508 N 0xd50c
0x465614d4 BTB index out of boundsN 0x0
0xd508 N 0xd50c
0x28f7660 N 0x28f7664
0xe7c8538 N 0xe7c853c
0x465614d4 BTB index out of boundsN 0x0
0x28f7660 N 0x28f7664
0x465614d4 BTB index out of boundsN 0x0
0x465614d4 BTB index out of boundsN 0x0
0xe7c8538 N 0xe7c853c
0x28f7660 N 0x28f7664
0x465614d4 BTB index out of boundsN 0x0
0x465614d4 BTB index out of boundsN 0x0
0x28f7660 N 0x28f7664
0x28f7660 N 0x28f7664
0x465614d4 BTB index out of boundsN 0x0
0x465614d4 BTB index out of boundsN 0x0
0xd508 N 0xd50c
0x3f2e40 N 0x3f2e44
0x465614d4 BTB index out of boundsN 0x0
0x28f7660 N 0x28f7664
0xd508 N 0xd50c
0x3f2e40 N 0x3f2e44
0x465614d4 BTB index out of boundsN 0x0
0x3f2e40 N 0x3f2e44
0x3f2e40 N 0x3f2e44
0xd508 N 0xd50c
0x465614d4 BTB index out of boundsN 0x0
0xe7c8538 N 0xe7c853c
0x3f2e40 N 0x3f2e44
0x3f2e40 N 0x3f2e44
0x28f7660 N 0x28f7664
0xe7c8538 N 0xe7c853c
0x465614d4 BTB index out of boundsN 0x0
0x28f7660 N 0x28f7664
0xd508 N 0xd50c
0x28f7660 N 0x28f7664
0xd508 N 0xd50c
0x28f7660 N 0x28f7664
0x28f7660 N 0x28f7664
0x3f2e40 N 0x3f2e44
0xd508 N 0xd50c
0x3f2e40 N 0x3f2e44
0x465614d4 BTB index out of boundsN 0x0
0x465614d4 BTB index out of boundsN 0x0
0x3f2e40 N 0x3f2e44
0x3f2e40 N 0x3f2e44
0x465614d4 BTB index out of boundsN 0x0
0x28f7660 N 0x28f7664
0x28f7660 N 0x28f7664
0xe7c8538 N 0xe7c853c
0x3f2e40 N 0x3f2e44
0x28f7660 N 0x28f7664
0x28f7660 N 0x28f7664
0xe7c8538 N 0xe7c853c
0x28f7660 N 0x28f7664
0xd508 N 0xd50c
0xd508 N 0xd50c
0x28f7660 N 0x28f7664
0xe7c8538 N 0xe7c853c
0x28f7660 N 0x28f7664
0x28f7660 N 0x28f7664
0xd508 N 0xd50c
0x465614d4 BTB index out of boundsN 0x0
0x465614d4 BTB index out of boundsN 0x0
0xe7c8538 N 0xe7c853c
0xe7c8538 N 0xe7c853c
0x465614d4 BTB index out of boundsN 0x0
0x3f2e40 N 0x3f2e44
0xd508 N 0xd50c
0x465614d4 BTB index out of boundsN 0x0
0xe7c8538 N 0xe7c853c
0x465614d4 BTB index out of boundsN 0x0
0xd508 N 0xd50c
0x28f7660 N 0x28f7664
0x465614d4 BTB index out of boundsN 0x0
0xe7c8538 N 0xe7c853c
0xd508 N 0xd50c
0x3f2e40 N 0x3f2e44
0x3f2e40 N 0x3f2e44
0xe7c8538 N 0xe7c853c
0x3f2e40 N 0x3f2e44
0x465614d4 BTB index out of boundsN 0x0
0xd508 N 0xd50c
0xe7c8538 N 0xe7c853c
0xd508 N 0xd50c
0x3f2e40 N 0x3f2e44
0x465614d4 BTB index out of boundsN 0x0
0x28f7660 N 0x28f7664
0xd508 N 0xd50c
0x28f7660 N 0x28f7664
0xd508 N 0xd50c
0xe7c8538 N 0xe7c853c
0xd508 N 0xd50c
0xd508 N 0xd50c
0x28f7660 N 0x28f7664
0x28f7660 N 0x28f7664
0xe7c8538 N 0xe7c853c
0x28f7660 N 0x28f7664
0xd508 N 0xd50c
0xe7c8538 N 0xe7c853c
0xe7c8538 N 0xe7c853c
0xe7c8538 N 0xe7c853c
0x465614d4 BTB index out of boundsN 0x0
0xe7c8538 N 0xe7c853c
0xe7c8538 N 0xe7c853c
0x28f7660 N 0x28f7664
0x465614d4 BTB index out of boundsN 0x0
0xe7c8538 N 0xe7c853c
0x465614d4 BTB index out of boundsN 0x0
0xd508 N 0xd50c
0xe7c8538 N 0xe7c853c
0xd508 N 0xd50c
0xe7c8538 N 0xe7c853c
0xd508 N 0xd50c
0x465614d4 BTB index out of boundsN 0x0
0x465614d4 BTB index out of boundsN 0x0
0x3f2e40 N 0x3f2e44
0x28f7660 N 0x28f7664
0x3f2e40 N 0x3f2e44
0xe7c8538 N 0xe7c853c
0xe7c8538 N 0xe7c853c
0xd508 N 0xd50c
0x465614d4 BTB index out of boundsN 0x0
0xe7c8538 N 0xe7c853c
0x28f7660 N 0x28f7664
0xe7c8538 N 0xe7c853c
0xe7c8538 N 0xe7c853c
0xd508 N 0xd50c
0x3f2e40 N 0x3f2e44
0xe7c8538 N 0xe7c853c
0x28f7660 N 0x28f7664
0xe7c8538 N 0xe7c853c
0x465614d4 BTB index out of boundsN 0x0
0x28f7660 N 0x28f7664
0x3f2e40 N 0x3f2e44
0xe7c8538 N 0xe7c853c
0xd508 N 0xd50c
0x28f7660 N 0x28f7664
0x3f2e40 N 0x3f2e44
0x28f7660 N 0x28f7664
0x28f7660 N 0x28f7664
0x28f7660 N 0x28f7664
0x3f2e40 N 0x3f2e44
0xd508 N 0xd50c
0xe7c8538 N 0xe7c853c
0x465614d4 BTB index out of boundsN 0x0
0x465614d4 BTB index out of boundsN 0x0
0xe7c8538 N 0xe7c853c
0x3f2e40 N 0x3f2e44
0x28f7660 N 0x28f7664
0x28f7660 N 0x28f7664
0x3f2e40 N 0x3f2e44
0xd508 N 0xd50c
0x465614d4 BTB index out of boundsN 0x0
0xe7c8538 N 0xe7c853c
0xe7c8538 N 0xe7c853c
0xd508 N 0xd50c
0xd508 N 0xd50c
0xe7c8538 N 0xe7c853c
0xd508 N 0xd50c
0xe7c8538 N 0xe7c853c
0xd508 N 0xd50c
0x28f7660 N 0x28f7664
0xd508 N 0xd50c
0xe7c8538 N 0xe7c853c
0xd508 N 0xd50c
0xd508 N 0xd50c
0x465614d4 BTB index out of boundsN 0x0
0xd508 N 0xd50c
0x465614d4 BTB index out of boundsN 0x0
0x465614d4 BTB index out of boundsN 0x0
0x28f7660 N 0x28f7664
0xd508 N 0xd50c
0x3f2e40 N 0x3f2e44
0xd508 N 0xd50c
0xd508 N 0xd50c
0x3f2e40 N 0x3f2e44
0xd508 N 0xd50c
0x465614d4 BTB index out of boundsN 0x0
0x28f7660 N 0x28f7664
0xd508 N 0xd50c
0x3f2e40 N 0x3f2e44
0xd508 N 0xd50c
0x465614d4 BTB index out of boundsN 0x0
0xd508 N 0xd50c
0xd508 N 0xd50c
0xd508 N 0xd50c
0xe7c8538 N 0xe7c853c
0x28f7660 N 0x28f7664
0x28f7660 N 0x28f7664
0xe7c8538 N 0xe7c853c
0xe7c8538 N 0xe7c853c
0xe7c8538 N 0xe7c853c
0xe7c8538 N 0xe7c853c
0x465614d4 BTB index out of boundsN 0x0
0x28f7660 N 0x28f7664
0x28f7660 N 0x28f7664
0x28f7660 N 0x28f7664
0x465614d4 BTB index out of boundsN 0x0
0xe7c8538 N 0xe7c853c
0xe7c8538 N 0xe7c853c
0x3f2e40 N 0x3f2e44
0x465614d4 BTB index out of boundsN 0x0
0x28f7660 N 0x28f7664
0xe7c8538 N 0xe7c853c
0x28f7660 N 0x28f7664
0x3f2e40 N 0x3f2e44
0xd508 N 0xd50c
0x465614d4 BTB index out of boundsN 0x0
0x28f7660 N 0x28f7664
0x28f7660 N 0x28f7664
0x3f2e40 N 0x3f2e44
0xd508 N 0xd50c
0xe7c8538 N 0xe7c853c
0xd508 N 0xd50c
0x465614d4 BTB index out of boundsN 0x0
0x465614d4 BTB index out of boundsN 0x0
0x28f7660 N 0x28f7664
0x28f7660 N 0x28f7664
0xe7c8538 N 0xe7c853c
0x28f7660 N 0x28f7664
0x3f2e40 N 0x3f2e44
0x3f2e40 N 0x3f2e44
0x28f7660 N 0x28f7664
0x465614d4 BTB index out of boundsN 0x0
0x3f2e40 N 0x3f2e44
0x465614d4 BTB index out of boundsN 0x0
0xe7c8538 N 0xe7c853c
0x28f7660 N 0x28f7664
0x28f7660 N 0x28f7664
0x465614d4 BTB index out of boundsN 0x0
0xe7c8538 N 0xe7c853c
0xd508 N 0xd50c
0xe7c8538 N 0xe7c853c
0xe7c8538 N 0xe7c853c
0x3f2e40 N 0x3f2e44
0x3f2e40 N 0x3f2e44
0xd508 N 0xd50c
0xe7c8538 N 0xe7c853c
0x28f7660 N 0x28f7664
0x465614d4 BTB index out of boundsN 0x0
0xd508 N 0xd50c
0x28f7660 N 0x28f7664
0x465614d4 BTB index out of boundsN 0x0
0x3f2e40 N 0x3f2e44
0x465614d4 BTB index out of boundsN 0x0
0xd508 N 0xd50c
0x465614d4 BTB index out of boundsN 0x0
0xd508 N 0xd50c
0xd508 N 0xd50c
0x465614d4 BTB index out of boundsN 0x0
0xe7c8538 N 0xe7c853c
0xd508 N 0xd50c
0x3f2e40 N 0x3f2e44
0x465614d4 BTB index out of boundsN 0x0
0x28f7660 N 0x28f7664
0xd508 N 0xd50c
0xe7c8538 N 0xe7c853c
0x28f7660 N 0x28f7664
0xe7c8538 N 0xe7c853c
0x3f2e40 N 0x3f2e44
0xe7c8538 N 0xe7c853c
0x28f7660 N 0x28f7664
0xd508 N 0xd50c
0xd508 N 0xd50c
0x3f2e40 N 0x3f2e44
0x3f2e40 N 0x3f2e44
0x465614d4 BTB index out of boundsN 0x0
0x465614d4 BTB index out of boundsN 0x0
0xe7c8538 N 0xe7c853c
0x28f7660 N 0x28f7664
0x28f7660 N 0x28f7664
0x28f7660 N 0x28f7664
0x465614d4 BTB index out of boundsN 0x0
0xd508 N 0xd50c
0x28f7660 N 0x28f7664
0xe7c8538 N 0xe7c853c
0x465614d4 BTB index out of boundsN 0x0
0x28f7660 N 0x28f7664
0x28f7660 N 0x28f7664
0xd508 N 0xd50c
0xe7c8538 N 0xe7c853c
0x28f7660 N 0x28f7664
0xd508 N 0xd50c
0xd508 N 0xd50c
0xd508 N 0xd50c
0xd508 N 0xd50c
0x465614d4 BTB index out of boundsN 0x0
0x465614d4 BTB index out of boundsN 0x0
0xd508 N 0xd50c
0xe7c8538 N 0xe7c853c
0x3f2e40 N 0x3f2e44
0xd508 N 0xd50c
0xd508 N 0xd50c
0x3f2e40 N 0x3f2e44
0xe7c8538 N 0xe7c853c
0x28f7660 N 0x28f7664
0xe7c8538 N 0xe7c853c
0x28f7660 N 0x28f7664
0x465614d4 BTB index out of boundsN 0x0
0xd508 N 0xd50c
0xe7c8538 N 0xe7c853c
0xe7c8538 N 0xe7c853c
0xd508 N 0xd50c
0x465614d4 BTB index out of boundsN 0x0
0xd508 N 0xd50c
0x465614d4 BTB index out of boundsN 0x0
0x3f2e40 N 0x3f2e44
0xd508 N 0xd50c
0x28f7660 N 0x28f7664
0x28f7660 N 0x28f7664
0xd508 N 0xd50c
0xe7c8538 N 0xe7c853c
0x28f7660 N 0x28f7664
0x465614d4 BTB index out of boundsN 0x0
0xe7c8538 N 0xe7c853c
0x465614d4 BTB index out of boundsN 0x0
0x28f7660 N 0x28f7664
0x3f2e40 N 0x3f2e44
0xd508 N 0xd50c
0xd508 N 0xd50c
0x465614d4 BTB index out of boundsN 0x0
0xd508 N 0xd50c
0xd508 N 0xd50c
0x28f7660 N 0x28f7664
0x28f7660 N 0x28f7664
0x28f7660 N 0x28f7664
0x465614d4 BTB index out of boundsN 0x0
0x465614d4 BTB index out of boundsN 0x0
0x3f2e40 N 0x3f2e44
0x465614d4 BTB index out of boundsN 0x0
0xe7c8538 N 0xe7c853c
0xe7c8538 N 0xe7c853c
0x465614d4 BTB index out of boundsN 0x0
0xd508 N 0xd50c
0x28f7660 N 0x28f7664
0xe7c8538 N 0xe7c853c
0x3f2e40 N 0x3f2e44
0xe7c8538 N 0xe7c853c
0x28f7660 N 0x28f7664
0x465614d4 BTB index out of boundsN 0x0
0xd508 N 0xd50c
0xd508 N 0xd50c
0x3f2e40 N 0x3f2e44
0xd508 N 0xd50c
0x3f2e40 N 0x3f2e44
0x3f2e40 N 0x3f2e44
0x3f2e40 N 0x3f2e44
0xd508 N 0xd50c
0x3f2e40 N 0x3f2e44
0x28f7660 N 0x28f7664
0x3f2e40 N 0x3f2e44
0x3f2e40 N 0x3f2e44
0xe7c8538 N 0xe7c853c
0xe7c8538 N 0xe7c853c
0xe7c8538 N 0xe7c853c
0x3f2e40 N 0x3f2e44
0x3f2e40 N 0x3f2e44
0xd508 N 0xd50c
0x465614d4 BTB index out of boundsN 0x0
0x28f7660 N 0x28f7664
0xe7c8538 N 0xe7c853c
0x3f2e40 N 0x3f2e44
0x28f7660 N 0x28f7664
0x3f2e40 N 0x3f2e44
0x465614d4 BTB index out of boundsN 0x0
0xe7c8538 N 0xe7c853c
0x465614d4 BTB index out of boundsN 0x0
0xe7c8538 N 0xe7c853c
0x28f7660 N 0x28f7664
0xe7c8538 N 0xe7c853c
0xd508 N 0xd50c
0x28f7660 N 0x28f7664
0x3f2e40 N 0x3f2e44
0x465614d4 BTB index out of boundsN 0x0
0x3f2e40 N 0x3f2e44
0x28f7660 N 0x28f7664
0x28f7660 N 0x28f7664
0xd508 N 0xd50c
0x28f7660 N 0x28f7664
0xd508 N 0xd50c
0xd508 N 0xd50c
0xe7c8538 N 0xe7c853c
0xe7c8538 N 0xe7c853c
0x465614d4 BTB index out of boundsN 0x0
0xd508 N 0xd50c
0xe7c8538 N 0xe7c853c
0x3f2e40 N 0x3f2e44
0xd508 N 0xd50c
0x3f2e40 N 0x3f2e44
0xe7c8538 N 0xe7c853c
0x28f7660 N 0x28f7664
0x3f2e40 N 0x3f2e44
0x28f7660 N 0x28f7664
0x3f2e40 N 0x3f2e44
0xe7c8538 N 0xe7c853c
0xe7c8538 N 0xe7c853c
0x3f2e40 N 0x3f2e44
0xd508 N 0xd50c
0x465614d4 BTB index out of boundsN 0x0
0xd508 N 0xd50c
0xd508 N 0xd50c
0x28f7660 N 0x28f7664
0xe7c8538 N 0xe7c853c
0x28f7660 N 0x28f7664
0xe7c8538 N 0xe7c853c
0xe7c8538 N 0xe7c853c
0x3f2e40 N 0x3f2e44
0x28f7660 N 0x28f7664
0x28f7660 N 0x28f7664
0x28f7660 N 0x28f7664
0xd508 N 0xd50c
0x3f2e40 N 0x3f2e44
0x28f7660 N 0x28f7664
0x3f2e40 N 0x3f2e44
0x28f7660 N 0x28f7664
0x3f2e40 N 0x3f2e44
0x465614d4 BTB index out of boundsN 0x0
0x465614d4 BTB index out of boundsN 0x0
0xd508 N 0xd50c
0x3f2e40 N 0x3f2e44
0xe7c8538 N 0xe7c853c
0x3f2e40 N 0x3f2e44
0xe7c8538 N 0xe7c853c
0x28f7660 N 0x28f7664
0x28f7660 N 0x28f7664
0x3f2e40 N 0x3f2e44
0x3f2e40 N 0x3f2e44
0x28f7660 N 0x28f7664
0x465614d4 BTB index out of boundsN 0x0
0xd508 N 0xd50c
0xe7c8538 N 0xe7c853c
0x28f7660 N 0x28f7664
0xd508 N 0xd50c
0xd508 N 0xd50c
0x465614d4 BTB index out of boundsN 0x0
0xd508 N 0xd50c
0xe7c8538 N 0xe7c853c
0x28f7660 N 0x28f7664
0xd508 N 0xd50c
0x3f2e40 N 0x3f2e44
0x3f2e40 N 0x3f2e44
0xe7c8538 N 0xe7c853c
0xd508 N 0xd50c
0x28f7660 N 0x28f7664
0x465614d4 BTB index out of boundsN 0x0
0xe7c8538 N 0xe7c853c
0x465614d4 BTB index out of boundsN 0x0
0xe7c8538 N 0xe7c853c
0xe7c8538 N 0xe7c853c
0x3f2e40 N 0x3f2e44
0xd508 N 0xd50c
0xd508 N 0xd50c
0x465614d4 BTB index out of boundsN 0x0
0xd508 N 0xd50c
0x465614d4 BTB index out of boundsN 0x0
0x465614d4 BTB index out of boundsN 0x0
0x465614d4 BTB index out of boundsN 0x0
0x465614d4 BTB index out of boundsN 0x0
0x465614d4 BTB index out of boundsN 0x0
0x28f7660 N 0x28f7664
0x28f7660 N 0x28f7664
0x465614d4 BTB index out of boundsN 0x0
0xd508 N 0xd50c
0x3f2e40 N 0x3f2e44
0x3f2e40 N 0x3f2e44
0x28f7660 N 0x28f7664
0xd508 N 0xd50c
0x465614d4 BTB index out of boundsN 0x0
0x3f2e40 N 0x3f2e44
0x465614d4 BTB index out of boundsN 0x0
0xd508 N 0xd50c
0x465614d4 BTB index out of boundsN 0x0
0x28f7660 N 0x28f7664
0x3f2e40 N 0x3f2e44
0x3f2e40 N 0x3f2e44
0xd508 N 0xd50c
0x28f7660 N 0x28f7664
0x465614d4 BTB index out of boundsN 0x0
0x465614d4 BTB index out of boundsN 0x0
0xd508 N 0xd50c
0xe7c8538 N 0xe7c853c
0x28f7660 N 0x28f7664
0xd508 N 0xd50c
0xe7c8538 N 0xe7c853c
0x3f2e40 N 0x3f2e44
0xe7c8538 N 0xe7c853c
0xd508 N 0xd50c
0xe7c8538 N 0xe7c853c
0x465614d4 BTB index out of boundsN 0x0
0xe7c8538 N 0xe7c853c
0xe7c8538 N 0xe7c853c
0xd508 N 0xd50c
0xe7c8538 N 0xe7c853c
0xe7c8538 N 0xe7c853c
0x3f2e40 N 0x3f2e44
0x465614d4 BTB index out of boundsN 0x0
0xd508 N 0xd50c
0xe7c8538 N 0xe7c853c
0xd508 N 0xd50c
0xe7c8538 N 0xe7c853c
0x465614d4 BTB index out of boundsN 0x0
0x3f2e40 N 0x3f2e44
0xe7c8538 N 0xe7c853c
0xd508 N 0xd50c
0x3f2e40 N 0x3f2e44
0x465614d4 BTB index out of boundsN 0x0
0xd508 N 0xd50c
0x28f7660 N 0x28f7664
0x3f2e40 N 0x3f2e44
0x3f2e40 N 0x3f2e44
0xd508 N 0xd50c
0xd508 N 0xd50c
0xe7c8538 N 0xe7c853c
0xe7c8538 N 0xe7c853c
0x465614d4 BTB index out of boundsN 0x0
0x465614d4 BTB index out of boundsN 0x0
0xe7c8538 N 0xe7c853c
0x465614d4 BTB index out of boundsN 0x0
0x28f7660 N 0x28f7664
0x3f2e40 N 0x3f2e44
0xe7c8538 N 0xe7c853c
0x3f2e40 N 0x3f2e44
0xd508 N 0xd50c
0x465614d4 BTB index out of boundsN 0x0
0xe7c8538 N 0xe7c853c
0x28f7660 N 0x28f7664
0x28f7660 N 0x28f7664
0x3f2e40 N 0x3f2e44
0xd508 N 0xd50c
0xd508 N 0xd50c
0x465614d4 BTB index out of boundsN 0x0
0x465614d4 BTB index out of boundsN 0x0
0xd508 N 0xd50c
0xd508 N 0xd50c
0x3f2e40 N 0x3f2e44
0xe7c8538 N 0xe7c853c
0xd508 N 0xd50c
0x465614d4 BTB index out of boundsN 0x0
0x3f2e40 N 0x3f2e44
0x28f7660 N 0x28f7664
0x3f2e40 N 0x3f2e44
0x3f2e40 N 0x3f2e44
0x3f2e40 N 0x3f2e44
0x28f7660 N 0x28f7664
0xe7c8538 N 0xe7c853c
0xd508 N 0xd50c
0xd508 N 0xd50c
0xe7c8538 N 0xe7c853c
0x3f2e40 N 0x3f2e44
0x465614d4 BTB index out of boundsN 0x0
0x3f2e40 N 0x3f2e44
0xd508 N 0xd50c
0x465614d4 BTB index out of boundsN 0x0
0x3f2e40 N 0x3f2e44
0x465614d4 BTB index out of boundsN 0x0
0xd508 N 0xd50c
0xd508 N 0xd50c
0x28f7660 N 0x28f7664
0xe7c8538 N 0xe7c853c
0x465614d4 BTB index out of boundsN 0x0
0x3f2e40 N 0x3f2e44
0x465614d4 BTB index out of boundsN 0x0
0x465614d4 BTB index out of boundsN 0x0
0xe7c8538 N 0xe7c853c
0x3f2e40 N 0x3f2e44
0xd508 N 0xd50c
0xe7c8538 N 0xe7c853c
0xe7c8538 N 0xe7c853c
0x465614d4 BTB index out of boundsN 0x0
0xe7c8538 N 0xe7c853c
0xd508 N 0xd50c
0x465614d4 BTB index out of boundsN 0x0
0xd508 N 0xd50c
0x3f2e40 N 0x3f2e44
0x3f2e40 N 0x3f2e44
0xd508 N 0xd50c
0xe7c8538 N 0xe7c853c
0x465614d4 BTB index out of boundsN 0x0
0x465614d4 BTB index out of boundsN 0x0
0xe7c8538 N 0xe7c853c
0xe7c8538 N 0xe7c853c
0xe7c8538 N 0xe7c853c
0xe7c8538 N 0xe7c853c
0xd508 N 0xd50c
0x28f7660 N 0x28f7664
0x3f2e40 N 0x3f2e44
0x3f2e40 N 0x3f2e44
0x28f7660 N 0x28f7664
0x28f7660 N 0x28f7664
0xe7c8538 N 0xe7c853c
0xd508 N 0xd50c
0x28f7660 N 0x28f7664
0xe7c8538 N 0xe7c853c
0xd508 N 0xd50c
0x465614d4 BTB index out of boundsN 0x0
0x3f2e40 N 0x3f2e44
0x3f2e40 N 0x3f2e44
0x3f2e40 N 0x3f2e44
0xe7c8538 N 0xe7c853c
0xe7c8538 N 0xe7c853c
0x3f2e40 N 0x3f2e44
0x28f7660 N 0x28f7664
0x28f7660 N 0x28f7664
0x465614d4 BTB index out of boundsN 0x0
0x28f7660 N 0x28f7664
0x465614d4 BTB index out of boundsN 0x0
0x465614d4 BTB index out of boundsN 0x0
0xd508 N 0xd50c
0xd508 N 0xd50c
0xd508 N 0xd50c
0x3f2e40 N 0x3f2e44
0x3f2e40 N 0x3f2e44
0x3f2e40 N 0x3f2e44
0x465614d4 BTB index out of boundsN 0x0
0x465614d4 BTB index out of boundsN 0x0
0x3f2e40 N 0x3f2e44
0x28f7660 N 0x28f7664
0x28f7660 N 0x28f7664
0x465614d4 BTB index out of boundsN 0x0
0x28f7660 N 0x28f7664
0x3f2e40 N 0x3f2e44
0x28f7660 N 0x28f7664
0x3f2e40 N 0x3f2e44
0x28f7660 N 0x28f7664
0x465614d4 BTB index out of boundsN 0x0
0xe7c8538 N 0xe7c853c
0x28f7660 N 0x28f7664
0x465614d4 BTB index out of boundsN 0x0
0x28f7660 N 0x28f7664
0x3f2e40 N 0x3f2e44
0x28f7660 N 0x28f7664
0x465614d4 BTB index out of boundsN 0x0
0x465614d4 BTB index out of boundsN 0x0
0x465614d4 BTB index out of boundsN 0x0
0xd508 N 0xd50c
0x465614d4 BTB index out of boundsN 0x0
0x28f7660 N 0x28f7664
0xd508 N 0xd50c
0xe7c8538 N 0xe7c853c
0xd508 N 0xd50c
0x28f7660 N 0x28f7664
0x3f2e40 N 0x3f2e44
0x465614d4 BTB index out of boundsN 0x0
0x28f7660 N 0x28f7664
0x465614d4 BTB index out of boundsN 0x0
0x3f2e40 N 0x3f2e44
0x3f2e40 N 0x3f2e44
0xe7c8538 N 0xe7c853c
0xe7c8538 N 0xe7c853c
0x3f2e40 N 0x3f2e44
0xd508 N 0xd50c
0xe7c8538 N 0xe7c853c
0x28f7660 N 0x28f7664
0x465614d4 BTB index out of boundsN 0x0
0x465614d4 BTB index out of boundsN 0x0
0x28f7660 N 0x28f7664
0x465614d4 BTB index out of boundsN 0x0
0x28f7660 N 0x28f7664
0xd508 N 0xd50c
0xe7c8538 N 0xe7c853c
0xd508 N 0xd50c
0x465614d4 BTB index out of boundsN 0x0
0xe7c8538 N 0xe7c853c
0x465614d4 BTB index out of boundsN 0x0
0xe7c8538 N 0xe7c853c
0xe7c8538 N 0xe7c853c
0x3f2e40 N 0x3f2e44
0xd508 N 0xd50c
0x465614d4 BTB index out of boundsN 0x0
0x3f2e40 N 0x3f2e44
0xe7c8538 N 0xe7c853c
0x3f2e40 N 0x3f2e44
0x28f7660 N 0x28f7664
0x28f7660 N 0x28f7664
0x465614d4 BTB index out of boundsN 0x0
0x465614d4 BTB index out of boundsN 0x0
0x28f7660 N 0x28f7664
0x28f7660 N 0x28f7664
0x465614d4 BTB index out of boundsN 0x0
0x3f2e40 N 0x3f2e44
0x28f7660 N 0x28f7664
0x465614d4 BTB index out of boundsN 0x0
0x465614d4 BTB index out of boundsN 0x0
0x28f7660 N 0x28f7664
0xd508 N 0xd50c
0xd508 N 0xd50c
0xe7c8538 N 0xe7c853c
0x3f2e40 N 0x3f2e44
0x3f2e40 N 0x3f2e44
0x465614d4 BTB index out of boundsN 0x0
0x465614d4 BTB index out of boundsN 0x0
0x28f7660 N 0x28f7664
0x465614d4 BTB index out of boundsN 0x0
0x28f7660 N 0x28f7664
0xd508 N 0xd50c
0xd508 N 0xd50c
0xd508 N 0xd50c
0xe7c8538 N 0xe7c853c
0xe7c8538 N 0xe7c853c
0xe7c8538 N 0xe7c853c
0x3f2e40 N 0x3f2e44
0x28f7660 N 0x28f7664
0x28f7660 N 0x28f7664
0xd508 N 0xd50c
0x28f7660 N 0x28f7664
0xd508 N 0xd50c
0x465614d4 BTB index out of boundsN 0x0
0xe7c8538 N 0xe7c853c
0x3f2e40 N 0x3f2e44
0x28f7660 N 0x28f7664
0xe7c8538 N 0xe7c853c
0x3f2e40 N 0x3f2e44
0x465614d4 BTB index out of boundsN 0x0
0x3f2e40 N 0x3f2e44
0x3f2e40 N 0x3f2e44
0xd508 N 0xd50c
0x3f2e40 N 0x3f2e44
0x465614d4 BTB index out of boundsN 0x0
0x465614d4 BTB index out of boundsN 0x0
0xe7c8538 N 0xe7c853c
0x3f2e40 N 0x3f2e44
0x28f7660 N 0x28f7664
0x3f2e40 N 0x3f2e44
0x465614d4 BTB index out of boundsN 0x0
0x28f7660 N 0x28f7664
0x3f2e40 N 0x3f2e44
0xd508 N 0xd50c
0x465614d4 BTB index out of boundsN 0x0
0xe7c8538 N 0xe7c853c
0xe7c8538 N 0xe7c853c
0x3f2e40 N 0x3f2e44
0xe7c8538 N 0xe7c853c
0xe7c8538 N 0xe7c853c
0xe7c8538 N 0xe7c853c
0x465614d4 BTB index out of boundsN 0x0
0x28f7660 N 0x28f7664
0x3f2e40 N 0x3f2e44
0x465614d4 BTB index out of boundsN 0x0
0xd508 N 0xd50c
0xd508 N 0xd50c
0xe7c8538 N 0xe7c853c
0xd508 N 0xd50c
0xd508 N 0xd50c
0x3f2e40 N 0x3f2e44
0x465614d4 BTB index out of boundsN 0x0
0x465614d4 BTB index out of boundsN 0x0
0xd508 N 0xd50c
0x3f2e40 N 0x3f2e44
0x3f2e40 N 0x3f2e44
0x465614d4 BTB index out of boundsN 0x0
0x28f7660 N 0x28f7664
0xe7c8538 N 0xe7c853c
0xe7c8538 N 0xe7c853c
0xd508 N 0xd50c
0xe7c8538 N 0xe7c853c
0x465614d4 BTB index out of boundsN 0x0
0x465614d4 BTB index out of boundsN 0x0
0xe7c8538 N 0xe7c853c
0x28f7660 N 0x28f7664
0x3f2e40 N 0x3f2e44
0xe7c8538 N 0xe7c853c
0x465614d4 BTB index out of boundsN 0x0
0x465614d4 BTB index out of boundsN 0x0
0xe7c8538 N 0xe7c853c
0xd508 N 0xd50c
0x3f2e40 N 0x3f2e44
0x465614d4 BTB index out of boundsN 0x0
0x465614d4 BTB index out of boundsN 0x0
0x28f7660 N 0x28f7664
0x465614d4 BTB index out of boundsN 0x0
0x28f7660 N 0x28f7664
0x3f2e40 N 0x3f2e44
0x465614d4 BTB index out of boundsN 0x0
0xd508 N 0xd50c
0x28f7660 N 0x28f7664
0x3f2e40 N 0x3f2e44
0x3f2e40 N 0x3f2e44
0x28f7660 N 0x28f7664
0x28f7660 N 0x28f7664
0x28f7660 N 0x28f7664
0xd508 N 0xd50c
0x28f7660 N 0x28f7664
0xd508 N 0xd50c
0xd508 N 0xd50c
0x465614d4 BTB index out of boundsN 0x0
0x3f2e40 N 0x3f2e44
0x3f2e40 N 0x3f2e44
0x3f2e40 N 0x3f2e44
0xe7c8538 N 0xe7c853c
0xe7c8538 N 0xe7c853c
0x3f2e40 N 0x3f2e44
0x465614d4 BTB index out of boundsN 0x0
0x465614d4 BTB index out of boundsN 0x0
0x3f2e40 N 0x3f2e44
0xe7c8538 N 0xe7c853c
0x28f7660 N 0x28f7664
0xd508 N 0xd50c
0x465614d4 BTB index out of boundsN 0x0
0x465614d4 BTB index out of boundsN 0x0
0xd508 N 0xd50c
0xd508 N 0xd50c
0xd508 N 0xd50c
0xe7c8538 N 0xe7c853c
0x3f2e40 N 0x3f2e44
0xd508 N 0xd50c
0x465614d4 BTB index out of boundsN 0x0
0xd508 N 0xd50c
0x465614d4 BTB index out of boundsN 0x0
0x465614d4 BTB index out of boundsN 0x0
0xd508 N 0xd50c
0xd508 N 0xd50c
0xd508 N 0xd50c
0xd508 N 0xd50c
0xd508 N 0xd50c
0xd508 N 0xd50c
0x3f2e40 N 0x3f2e44
0xd508 N 0xd50c
0x28f7660 N 0x28f7664
0xe7c8538 N 0xe7c853c
0x465614d4 BTB index out of boundsN 0x0
0xe7c8538 N 0xe7c853c
0x28f7660 N 0x28f7664
0xd508 N 0xd50c
0xd508 N 0xd50c
0x28f7660 N 0x28f7664
0x465614d4 BTB index out of boundsN 0x0
0x28f7660 N 0x28f7664
0xe7c8538 N 0xe7c853c
0x3f2e40 N 0x3f2e44
0x28f7660 N 0x28f7664
0x28f7660 N 0x28f7664
0x3f2e40 N 0x3f2e44
0x28f7660 N 0x28f7664
0xe7c8538 N 0xe7c853c
0x28f7660 N 0x28f7664
0xe7c8538 N 0xe7c853c
0x3f2e40 N 0x3f2e44
0x465614d4 BTB index out of boundsN 0x0
0xd508 N 0xd50c
0x465614d4 BTB index out of boundsN 0x0
0x28f7660 N 0x28f7664
0x3f2e40 N 0x3f2e44
0x28f7660 N 0x28f7664
0x3f2e40 N 0x3f2e44
0xe7c8538 N 0xe7c853c
0x3f2e40 N 0x3f2e44
0xd508 N 0xd50c
0xe7c8538 N 0xe7c853c
0xe7c8538 N 0xe7c853c
0x465614d4 BTB index out of boundsN 0x0
0x3f2e40 N 0x3f2e44
0x3f2e40 N 0x3f2e44
0xd508 N 0xd50c
0x3f2e40 N 0x3f2e44
0x3f2e40 N 0x3f2e44
0x28f7660 N 0x28f7664
0x28f7660 N 0x28f7664
0x3f2e40 N 0x3f2e44
0x28f7660 N 0x28f7664
0x28f7660 N 0x28f7664
0x465614d4 BTB index out of boundsN 0x0
0xd508 N 0xd50c
0xe7c8538 N 0xe7c853c
0xd508 N 0xd50c
0x465614d4 BTB index out of boundsN 0x0
0xd508 N 0xd50c
0x28f7660 N 0x28f7664
0x28f7660 N 0x28f7664
0xe7c8538 N 0xe7c853c
0x3f2e40 N 0x3f2e44
0xd508 N 0xd50c
0x3f2e40 N 0x3f2e44
0x3f2e40 N 0x3f2e44
0x465614d4 BTB index out of boundsN 0x0
0xe7c8538 N 0xe7c853c
0x3f2e40 N 0x3f2e44
0x3f2e40 N 0x3f2e44
0xd508 N 0xd50c
0x465614d4 BTB index out of boundsN 0x0
0x28f7660 N 0x28f7664
0x3f2e40 N 0x3f2e44
0x3f2e40 N 0x3f2e44
0xe7c8538 N 0xe7c853c
0xd508 N 0xd50c
0x3f2e40 N 0x3f2e44
0xd508 N 0xd50c
0x3f2e40 N 0x3f2e44
0x465614d4 BTB index out of boundsN 0x0
0x28f7660 N 0x28f7664
0xd508 N 0xd50c
0x3f2e40 N 0x3f2e44
0x28f7660 N 0x28f7664
0xe7c8538 N 0xe7c853c
0x28f7660 N 0x28f7664
0xd508 N 0xd50c
0xd508 N 0xd50c
0xe7c8538 N 0xe7c853c
0xd508 N 0xd50c
0x3f2e40 N 0x3f2e44
0xe7c8538 N 0xe7c853c
0xe7c8538 N 0xe7c853c
0xe7c8538 N 0xe7c853c
0x3f2e40 N 0x3f2e44
0x465614d4 BTB index out of boundsN 0x0
0x28f7660 N 0x28f7664
0x3f2e40 N 0x3f2e44
0x465614d4 BTB index out of boundsN 0x0
0x465614d4 BTB index out of boundsN 0x0
0x28f7660 N 0x28f7664
0x465614d4 BTB index out of boundsN 0x0
0x3f2e40 N 0x3f2e44
0x465614d4 BTB index out of boundsN 0x0
0xd508 N 0xd50c
0x465614d4 BTB index out of boundsN 0x0
0x3f2e40 N 0x3f2e44
0xe7c8538 N 0xe7c853c
0x3f2e40 N 0x3f2e44
0x465614d4 BTB index out of boundsN 0x0
0x28f7660 N 0x28f7664
0x3f2e40 N 0x3f2e44
0x3f2e40 N 0x3f2e44
0x28f7660 N 0x28f7664
0xd508 N 0xd50c
0x465614d4 BTB index out of boundsN 0x0
0x3f2e40 N 0x3f2e44
0xe7c8538 N 0xe7c853c
0x3f2e40 N 0x3f2e44
0x3f2e40 N 0x3f2e44
0xe7c8538 N 0xe7c853c
0xd508 N 0xd50c
0x465614d4 BTB index out of boundsN 0x0
0x3f2e40 N 0x3f2e44
0x28f7660 N 0x28f7664
0x28f7660 N 0x28f7664
0xe7c8538 N 0xe7c853c
0xd508 N 0xd50c
0x3f2e40 N 0x3f2e44
0x3f2e40 N 0x3f2e44
0x465614d4 BTB index out of boundsN 0x0
0xe7c8538 N 0xe7c853c
0x465614d4 BTB index out of boundsN 0x0
0xd508 N 0xd50c
0x465614d4 BTB index out of boundsN 0x0
0xe7c8538 N 0xe7c853c
0xe7c8538 N 0xe7c853c
0xe7c8538 N 0xe7c853c
0x3f2e40 N 0x3f2e44
0xd508 N 0xd50c
0x465614d4 BTB index out of boundsN 0x0
0x465614d4 BTB index out of boundsN 0x0
0x465614d4 BTB index out of boundsN 0x0
0x465614d4 BTB index out of boundsN 0x0
0xe7c8538 N 0xe7c853c
0xe7c8538 N 0xe7c853c
0xe7c8538 N 0xe7c853c
0xe7c8538 N 0xe7c853c
0x465614d4 BTB index out of boundsN 0x0
0x3f2e40 N 0x3f2e44
0x3f2e40 N 0x3f2e44
0x28f7660 N 0x28f7664
0x3f2e40 N 0x3f2e44
0xe7c8538 N 0xe7c853c
0xd508 N 0xd50c
0x3f2e40 N 0x3f2e44
0xe7c8538 N 0xe7c853c
0x3f2e40 N 0x3f2e44
0x3f2e40 N 0x3f2e44
0x28f7660 N 0x28f7664
0xd508 N 0xd50c
0xd508 N 0xd50c
0xe7c8538 N 0xe7c853c
0x28f7660 N 0x28f7664
0x465614d4 BTB index out of boundsN 0x0
0xd508 N 0xd50c
0x28f7660 N 0x28f7664
0xd508 N 0xd50c
0x28f7660 N 0x28f7664
0xd508 N 0xd50c
0xe7c8538 N 0xe7c853c
0xd508 N 0xd50c
0xd508 N 0xd50c
0xd508 N 0xd50c
0xe7c8538 N 0xe7c853c
0x3f2e40 N 0x3f2e44
0xe7c8538 N 0xe7c853c
0x465614d4 BTB index out of boundsN 0x0
0x3f2e40 N 0x3f2e44
0xd508 N 0xd50c
0x465614d4 BTB index out of boundsN 0x0
0x3f2e40 N 0x3f2e44
0xe7c8538 N 0xe7c853c
0x3f2e40 N 0x3f2e44
0x28f7660 N 0x28f7664
0xe7c8538 N 0xe7c853c
0xd508 N 0xd50c
0xe7c8538 N 0xe7c853c
0xe7c8538 N 0xe7c853c
0xd508 N 0xd50c
0xd508 N 0xd50c
0x465614d4 BTB index out of boundsN 0x0
0x3f2e40 N 0x3f2e44
0x3f2e40 N 0x3f2e44
0x3f2e40 N 0x3f2e44
0x3f2e40 N 0x3f2e44
0xe7c8538 N 0xe7c853c
0xe7c8538 N 0xe7c853c
0xe7c8538 N 0xe7c853c
0x465614d4 BTB index out of boundsN 0x0
0xe7c8538 N 0xe7c853c
0xd508 N 0xd50c
0x3f2e40 N 0x3f2e44
0x3f2e40 N 0x3f2e44
0xd508 N 0xd50c
0xe7c8538 N 0xe7c853c
0xd508 N 0xd50c
0x3f2e40 N 0x3f2e44
0x465614d4 BTB index out of boundsN 0x0
0xd508 N 0xd50c
0x465614d4 BTB index out of boundsN 0x0
0x3f2e40 N 0x3f2e44
0x465614d4 BTB index out of boundsN 0x0
0xd508 N 0xd50c
0x3f2e40 N 0x3f2e44
0x28f7660 N 0x28f7664
0x28f7660 N 0x28f7664
0xe7c8538 N 0xe7c853c
0x28f7660 N 0x28f7664
0x28f7660 N 0x28f7664
0xd508 N 0xd50c
0x28f7660 N 0x28f7664
0x465614d4 BTB index out of boundsN 0x0
0x3f2e40 N 0x3f2e44
0xd508 N 0xd50c
0xe7c8538 N 0xe7c853c
0x28f7660 N 0x28f7664
0xe7c8538 N 0xe7c853c
0xe7c8538 N 0xe7c853c
0xd508 N 0xd50c
0x28f7660 N 0x28f7664
0xd508 N 0xd50c
0x3f2e40 N 0x3f2e44
0x28f7660 N 0x28f7664
0x28f7660 N 0x28f7664
0x28f7660 N 0x28f7664
0xe7c8538 N 0xe7c853c
0xd508 N 0xd50c
0x28f7660 N 0x28f7664
0x28f7660 N 0x28f7664
0x3f2e40 N 0x3f2e44
0xe7c8538 N 0xe7c853c
0x28f7660 N 0x28f7664
0xe7c8538 N 0xe7c853c
0x465614d4 BTB index out of boundsN 0x0
0x465614d4 BTB index out of boundsN 0x0
0x28f7660 N 0x28f7664
0x3f2e40 N 0x3f2e44
0x28f7660 N 0x28f7664
0x28f7660 N 0x28f7664
0x465614d4 BTB index out of boundsN 0x0
0xd508 N 0xd50c
0x28f7660 N 0x28f7664
0x28f7660 N 0x28f7664
0xd508 N 0xd50c
0xd508 N 0xd50c
0xe7c8538 N 0xe7c853c
0x28f7660 N 0x28f7664
0x465614d4 BTB index out of boundsN 0x0
0xe7c8538 N 0xe7c853c
0x3f2e40 N 0x3f2e44
0x465614d4 BTB index out of boundsN 0x0
0xe7c8538 N 0xe7c853c
0xd508 N 0xd50c
0xe7c8538 N 0xe7c853c
0x465614d4 BTB index out of boundsN 0x0
0x465614d4 BTB index out of boundsN 0x0
0xe7c8538 N 0xe7c853c
0x465614d4 BTB index out of boundsN 0x0
0x28f7660 N 0x28f7664
0x3f2e40 N 0x3f2e44
0x465614d4 BTB index out of boundsN 0x0
0x3f2e40 N 0x3f2e44
0x28f7660 N 0x28f7664
0xd508 N 0xd50c
0xe7c8538 N 0xe7c853c
0x3f2e40 N 0x3f2e44
0x3f2e40 N 0x3f2e44
0xd508 N 0xd50c
0x465614d4 BTB index out of boundsN 0x0
0x28f7660 N 0x28f7664
0x3f2e40 N 0x3f2e44
0x28f7660 N 0x28f7664
0x465614d4 BTB index out of boundsN 0x0
0x3f2e40 N 0x3f2e44
0xe7c8538 N 0xe7c853c
0x3f2e40 N 0x3f2e44
0x3f2e40 N 0x3f2e44
0x3f2e40 N 0x3f2e44
0xd508 N 0xd50c
0xe7c8538 N 0xe7c853c
0xd508 N 0xd50c
0xd508 N 0xd50c
0x465614d4 BTB index out of boundsN 0x0
0x3f2e40 N 0x3f2e44
0x465614d4 BTB index out of boundsN 0x0
0xe7c8538 N 0xe7c853c
0x28f7660 N 0x28f7664
0x28f7660 N 0x28f7664
0x465614d4 BTB index out of boundsN 0x0
0xe7c8538 N 0xe7c853c
0xe7c8538 N 0xe7c853c
0xe7c8538 N 0xe7c853c
0x465614d4 BTB index out of boundsN 0x0
0x28f7660 N 0x28f7664
0x28f7660 N 0x28f7664
0xd508 N 0xd50c
0xd508 N 0xd50c
0x28f7660 N 0x28f7664
0x28f7660 N 0x28f7664
0x465614d4 BTB index out of boundsN 0x0
0x465614d4 BTB index out of boundsN 0x0
0xe7c8538 N 0xe7c853c
0xd508 N 0xd50c
0x3f2e40 N 0x3f2e44
0x465614d4 BTB index out of boundsN 0x0
0xd508 N 0xd50c
0x28f7660 N 0x28f7664
0x3f2e40 N 0x3f2e44
0xe7c8538 N 0xe7c853c
0x3f2e40 N 0x3f2e44
0x3f2e40 N 0x3f2e44
0x28f7660 N 0x28f7664
0x3f2e40 N 0x3f2e44
0x465614d4 BTB index out of boundsN 0x0
0xd508 N 0xd50c
0xe7c8538 N 0xe7c853c
0xe7c8538 N 0xe7c853c
0xe7c8538 N 0xe7c853c
0x28f7660 N 0x28f7664
0xe7c8538 N 0xe7c853c
0x465614d4 BTB index out of boundsN 0x0
0xd508 N 0xd50c
0x465614d4 BTB index out of boundsN 0x0
0xd508 N 0xd50c
0xd508 N 0xd50c
0xe7c8538 N 0xe7c853c
0xd508 N 0xd50c
0x465614d4 BTB index out of boundsN 0x0
0xd508 N 0xd50c
0x465614d4 BTB index out of boundsN 0x0
0x465614d4 BTB index out of boundsN 0x0
0xe7c8538 N 0xe7c853c
0x465614d4 BTB index out of boundsN 0x0
0xd508 N 0xd50c
0xe7c8538 N 0xe7c853c
0xd508 N 0xd50c
0xd508 N 0xd50c
0x28f7660 N 0x28f7664
0xe7c8538 N 0xe7c853c
0x3f2e40 N 0x3f2e44
0xe7c8538 N 0xe7c853c
0x465614d4 BTB index out of boundsN 0x0
0x28f7660 N 0x28f7664
0xd508 N 0xd50c
0x3f2e40 N 0x3f2e44
0xd508 N 0xd50c
0x465614d4 BTB index out of boundsN 0x0
flush_num: 845, br_num: 1400, size: 80b
