0x14bfc BTB index out of boundsN 0x0
0x630 N 0x634
0x37429a48 N 0x37429a4c
0x301270 N 0x301274
0x75258a54 BTB index out of boundsN 0x0
0x79c302c BTB index out of boundsN 0x0
0x630 N 0x634
0x79c302c BTB index out of boundsN 0x0
0x14bfc BTB index out of boundsN 0x0
0xdaf00 N 0xdaf04
0x79c302c BTB index out of boundsN 0x0
0x75258a54 BTB index out of boundsN 0x0
0x301270 N 0x301274
0xdaf00 N 0xdaf04
0x37429a48 N 0x37429a4c
0x301270 N 0x301274
0x630 N 0x634
0x37429a48 N 0x37429a4c
0x630 N 0x634
0x37429a48 N 0x37429a4c
0x301270 N 0x301274
0x79c302c BTB index out of boundsN 0x0
0xdaf00 N 0xdaf04
0xdaf00 N 0xdaf04
0x630 N 0x634
0x79c302c BTB index out of boundsN 0x0
0x79c302c BTB index out of boundsN 0x0
0x37429a48 N 0x37429a4c
0x14bfc BTB index out of boundsN 0x0
0x14bfc BTB index out of boundsN 0x0
0x630 N 0x634
0x75258a54 BTB index out of boundsN 0x0
0x75258a54 BTB index out of boundsN 0x0
0xdaf00 N 0xdaf04
0x37429a48 N 0x37429a4c
0x301270 N 0x301274
0x79c302c BTB index out of boundsN 0x0
0x37429a48 N 0x37429a4c
0x37429a48 T 0x29fe8
0x14bfc BTB index out of boundsN 0x0
0x301270 N 0x301274
0x14bfc BTB index out of boundsN 0x0
0x79c302c BTB index out of boundsN 0x0
0x630 N 0x634
0x14bfc BTB index out of boundsN 0x0
0xdaf00 N 0xdaf04
0x79c302c BTB index out of boundsN 0x0
0x79c302c BTB index out of boundsN 0x0
0x630 N 0x634
0x75258a54 BTB index out of boundsN 0x0
0xdaf00 N 0xdaf04
0x630 N 0x634
0x630 N 0x634
0x14bfc BTB index out of boundsN 0x0
0x79c302c BTB index out of boundsN 0x0
0x75258a54 BTB index out of boundsN 0x0
0x14bfc BTB index out of boundsN 0x0
0xdaf00 N 0xdaf04
0x301270 N 0x301274
0xdaf00 N 0xdaf04
0x14bfc BTB index out of boundsN 0x0
0x630 N 0x634
0x630 T 0xef8
0x37429a48 N 0x37429a4c
0x75258a54 BTB index out of boundsN 0x0
0xdaf00 N 0xdaf04
0x37429a48 N 0x37429a4c
0x14bfc BTB index out of boundsN 0x0
0x37429a48 N 0x37429a4c
0x79c302c BTB index out of boundsN 0x0
0xdaf00 N 0xdaf04
0x630 N 0x634
0x301270 N 0x301274
0x79c302c BTB index out of boundsN 0x0
0x79c302c BTB index out of boundsN 0x0
0xdaf00 N 0xdaf04
0x301270 N 0x301274
0x301270 N 0x301274
0x37429a48 N 0x37429a4c
0x79c302c BTB index out of boundsN 0x0
0x75258a54 BTB index out of boundsN 0x0
0x75258a54 BTB index out of boundsN 0x0
0x301270 N 0x301274
0x79c302c BTB index out of boundsN 0x0
0x301270 T 0xd101ae4
0x79c302c BTB index out of boundsN 0x0
0x37429a48 N 0x37429a4c
0x75258a54 BTB index out of boundsN 0x0
0x630 N 0x634
0x630 T 0xef8
0x301270 N 0x301274
0xdaf00 N 0xdaf04
0x301270 N 0x301274
0xdaf00 N 0xdaf04
0x301270 N 0x301274
0x75258a54 BTB index out of boundsN 0x0
0xdaf00 N 0xdaf04
0x630 N 0x634
0xdaf00 N 0xdaf04
0x630 N 0x634
0x75258a54 BTB index out of boundsN 0x0
0x14bfc BTB index out of boundsN 0x0
0x630 T 0xef8
0x630 T 0xef8
0x14bfc BTB index out of boundsN 0x0
0x630 T 0xef8
0x14bfc BTB index out of boundsN 0x0
0xdaf00 N 0xdaf04
0xdaf00 N 0xdaf04
0x37429a48 N 0x37429a4c
0x75258a54 BTB index out of boundsN 0x0
0x630 N 0x634
0xdaf00 N 0xdaf04
0xdaf00 T 0x99c54
0x630 N 0x634
0x14bfc BTB index out of boundsN 0x0
0x301270 N 0x301274
0xdaf00 N 0xdaf04
0x301270 N 0x301274
0x630 N 0x634
0x79c302c BTB index out of boundsN 0x0
0x14bfc BTB index out of boundsN 0x0
0x79c302c BTB index out of boundsN 0x0
0x37429a48 N 0x37429a4c
0x14bfc BTB index out of boundsN 0x0
0x301270 N 0x301274
0xdaf00 N 0xdaf04
0x630 N 0x634
0x630 N 0x634
0x301270 N 0x301274
0x75258a54 BTB index out of boundsN 0x0
0x630 N 0x634
0x79c302c BTB index out of boundsN 0x0
0x630 T 0xef8
0x79c302c BTB index out of boundsN 0x0
0x630 T 0xef8
0x37429a48 N 0x37429a4c
0x14bfc BTB index out of boundsN 0x0
0x37429a48 N 0x37429a4c
0x14bfc BTB index out of boundsN 0x0
0x79c302c BTB index out of boundsN 0x0
0x75258a54 BTB index out of boundsN 0x0
0x79c302c BTB index out of boundsN 0x0
0x37429a48 N 0x37429a4c
0x79c302c BTB index out of boundsN 0x0
0x630 N 0x634
0x630 T 0xef8
0x14bfc BTB index out of boundsN 0x0
0x14bfc BTB index out of boundsN 0x0
0x630 T 0xef8
0x14bfc BTB index out of boundsN 0x0
0x630 T 0xef8
0xdaf00 N 0xdaf04
0x75258a54 BTB index out of boundsN 0x0
0xdaf00 T 0x99c54
0xdaf00 T 0x99c54
0x630 N 0x634
0x301270 N 0x301274
0x630 N 0x634
0xdaf00 N 0xdaf04
0x75258a54 BTB index out of boundsN 0x0
0x630 N 0x634
0x75258a54 BTB index out of boundsN 0x0
0x75258a54 BTB index out of boundsN 0x0
0x301270 N 0x301274
0x79c302c BTB index out of boundsN 0x0
0x301270 T 0xd101ae4
0x79c302c BTB index out of boundsN 0x0
0x75258a54 BTB index out of boundsN 0x0
0x79c302c BTB index out of boundsN 0x0
0xdaf00 N 0xdaf04
0x37429a48 N 0x37429a4c
0x75258a54 BTB index out of boundsN 0x0
0x75258a54 BTB index out of boundsN 0x0
0x37429a48 N 0x37429a4c
0x14bfc BTB index out of boundsN 0x0
0x37429a48 N 0x37429a4c
0x14bfc BTB index out of boundsN 0x0
0x630 N 0x634
0x37429a48 N 0x37429a4c
0x75258a54 BTB index out of boundsN 0x0
0x37429a48 T 0x29fe8
0x301270 N 0x301274
0x75258a54 BTB index out of boundsN 0x0
0x37429a48 N 0x37429a4c
0x301270 N 0x301274
0x37429a48 N 0x37429a4c
0x301270 N 0x301274
0xdaf00 N 0xdaf04
0x630 N 0x634
0x301270 N 0x301274
0x301270 T 0xd101ae4
0x630 N 0x634
0x14bfc BTB index out of boundsN 0x0
0x14bfc BTB index out of boundsN 0x0
0x79c302c BTB index out of boundsN 0x0
0xdaf00 N 0xdaf04
0x630 N 0x634
0x79c302c BTB index out of boundsN 0x0
0x75258a54 BTB index out of boundsN 0x0
0x14bfc BTB index out of boundsN 0x0
0x37429a48 N 0x37429a4c
0xdaf00 N 0xdaf04
0xdaf00 N 0xdaf04
0xdaf00 T 0x99c54
0x301270 N 0x301274
0x630 N 0x634
0x14bfc BTB index out of boundsN 0x0
0x14bfc BTB index out of boundsN 0x0
0x37429a48 N 0x37429a4c
0x75258a54 BTB index out of boundsN 0x0
0xdaf00 N 0xdaf04
0x630 N 0x634
0x301270 N 0x301274
0x630 N 0x634
0x301270 N 0x301274
0x37429a48 N 0x37429a4c
0x630 N 0x634
0x301270 N 0x301274
0x75258a54 BTB index out of boundsN 0x0
0x79c302c BTB index out of boundsN 0x0
0x79c302c BTB index out of boundsN 0x0
0xdaf00 N 0xdaf04
0x14bfc BTB index out of boundsN 0x0
0x14bfc BTB index out of boundsN 0x0
0x37429a48 N 0x37429a4c
0x79c302c BTB index out of boundsN 0x0
0x79c302c BTB index out of boundsN 0x0
0x301270 N 0x301274
0xdaf00 N 0xdaf04
0x630 N 0x634
0x37429a48 N 0x37429a4c
0x301270 N 0x301274
0x75258a54 BTB index out of boundsN 0x0
0x14bfc BTB index out of boundsN 0x0
0xdaf00 N 0xdaf04
0x37429a48 N 0x37429a4c
0xdaf00 N 0xdaf04
0x301270 N 0x301274
0x37429a48 N 0x37429a4c
0x37429a48 N 0x37429a4c
0x37429a48 N 0x37429a4c
0xdaf00 N 0xdaf04
0x37429a48 N 0x37429a4c
0x14bfc BTB index out of boundsN 0x0
0x630 N 0x634
0x75258a54 BTB index out of boundsN 0x0
0xdaf00 N 0xdaf04
0x630 N 0x634
0x79c302c BTB index out of boundsN 0x0
0x79c302c BTB index out of boundsN 0x0
0xdaf00 N 0xdaf04
0xdaf00 N 0xdaf04
0xdaf00 T 0x99c54
0x301270 N 0x301274
0xdaf00 N 0xdaf04
0x37429a48 N 0x37429a4c
0x301270 N 0x301274
0x14bfc BTB index out of boundsN 0x0
0x75258a54 BTB index out of boundsN 0x0
0x75258a54 BTB index out of boundsN 0x0
0x630 N 0x634
0x301270 N 0x301274
0x301270 N 0x301274
0x75258a54 BTB index out of boundsN 0x0
0x301270 T 0xd101ae4
0x79c302c BTB index out of boundsN 0x0
0x75258a54 BTB index out of boundsN 0x0
0x301270 T 0xd101ae4
0x14bfc BTB index out of boundsN 0x0
0x37429a48 N 0x37429a4c
0x75258a54 BTB index out of boundsN 0x0
0xdaf00 N 0xdaf04
0x301270 N 0x301274
0x75258a54 BTB index out of boundsN 0x0
0x301270 T 0xd101ae4
0x37429a48 N 0x37429a4c
0x37429a48 N 0x37429a4c
0x37429a48 N 0x37429a4c
0xdaf00 N 0xdaf04
0x630 N 0x634
0x37429a48 N 0x37429a4c
0x37429a48 T 0x29fe8
0x75258a54 BTB index out of boundsN 0x0
0xdaf00 N 0xdaf04
0x79c302c BTB index out of boundsN 0x0
0xdaf00 N 0xdaf04
0x14bfc BTB index out of boundsN 0x0
0xdaf00 T 0x99c54
0x301270 N 0x301274
0x301270 T 0xd101ae4
0x630 N 0x634
0x14bfc BTB index out of boundsN 0x0
0x79c302c BTB index out of boundsN 0x0
0x14bfc BTB index out of boundsN 0x0
0x75258a54 BTB index out of boundsN 0x0
0x630 T 0xef8
0x79c302c BTB index out of boundsN 0x0
0x14bfc BTB index out of boundsN 0x0
0x301270 N 0x301274
0xdaf00 N 0xdaf04
0x14bfc BTB index out of boundsN 0x0
0x14bfc BTB index out of boundsN 0x0
0xdaf00 T 0x99c54
0x37429a48 N 0x37429a4c
0x79c302c BTB index out of boundsN 0x0
0x79c302c BTB index out of boundsN 0x0
0x37429a48 N 0x37429a4c
0xdaf00 N 0xdaf04
0x14bfc BTB index out of boundsN 0x0
0x14bfc BTB index out of boundsN 0x0
0x14bfc BTB index out of boundsN 0x0
0x301270 N 0x301274
0x14bfc BTB index out of boundsN 0x0
0x301270 T 0xd101ae4
0x14bfc BTB index out of boundsN 0x0
0x37429a48 N 0x37429a4c
0x14bfc BTB index out of boundsN 0x0
0x75258a54 BTB index out of boundsN 0x0
0x630 N 0x634
0xdaf00 N 0xdaf04
0x630 N 0x634
0x37429a48 N 0x37429a4c
0x14bfc BTB index out of boundsN 0x0
0xdaf00 N 0xdaf04
0x37429a48 N 0x37429a4c
0x14bfc BTB index out of boundsN 0x0
0x630 N 0x634
0x14bfc BTB index out of boundsN 0x0
0x630 N 0x634
0xdaf00 N 0xdaf04
0xdaf00 N 0xdaf04
0x630 N 0x634
0x630 N 0x634
0x301270 N 0x301274
0x37429a48 N 0x37429a4c
0x301270 N 0x301274
0x301270 T 0xd101ae4
0x630 N 0x634
0x301270 N 0x301274
0xdaf00 N 0xdaf04
0xdaf00 T 0x99c54
0x75258a54 BTB index out of boundsN 0x0
0x630 N 0x634
0x79c302c BTB index out of boundsN 0x0
0x75258a54 BTB index out of boundsN 0x0
0x301270 N 0x301274
0x37429a48 N 0x37429a4c
0x37429a48 T 0x29fe8
0x301270 N 0x301274
0x14bfc BTB index out of boundsN 0x0
0x301270 N 0x301274
0x37429a48 N 0x37429a4c
0x75258a54 BTB index out of boundsN 0x0
0x79c302c BTB index out of boundsN 0x0
0x630 N 0x634
0x75258a54 BTB index out of boundsN 0x0
0x301270 N 0x301274
0x37429a48 N 0x37429a4c
0x630 N 0x634
0xdaf00 N 0xdaf04
0x79c302c BTB index out of boundsN 0x0
0x630 N 0x634
0x79c302c BTB index out of boundsN 0x0
0x14bfc BTB index out of boundsN 0x0
0xdaf00 N 0xdaf04
0x14bfc BTB index out of boundsN 0x0
0x14bfc BTB index out of boundsN 0x0
0x37429a48 N 0x37429a4c
0x301270 N 0x301274
0x75258a54 BTB index out of boundsN 0x0
0x79c302c BTB index out of boundsN 0x0
0x301270 N 0x301274
0x14bfc BTB index out of boundsN 0x0
0x14bfc BTB index out of boundsN 0x0
0x75258a54 BTB index out of boundsN 0x0
0x630 N 0x634
0xdaf00 N 0xdaf04
0x75258a54 BTB index out of boundsN 0x0
0xdaf00 T 0x99c54
0x75258a54 BTB index out of boundsN 0x0
0x37429a48 N 0x37429a4c
0x37429a48 N 0x37429a4c
0x630 N 0x634
0x75258a54 BTB index out of boundsN 0x0
0x630 N 0x634
0xdaf00 N 0xdaf04
0x75258a54 BTB index out of boundsN 0x0
0x630 N 0x634
0x79c302c BTB index out of boundsN 0x0
0x75258a54 BTB index out of boundsN 0x0
0x630 N 0x634
0x14bfc BTB index out of boundsN 0x0
0x14bfc BTB index out of boundsN 0x0
0x14bfc BTB index out of boundsN 0x0
0x630 N 0x634
0x75258a54 BTB index out of boundsN 0x0
0x37429a48 N 0x37429a4c
0xdaf00 N 0xdaf04
0x301270 N 0x301274
0x630 N 0x634
0x75258a54 BTB index out of boundsN 0x0
0x75258a54 BTB index out of boundsN 0x0
0x75258a54 BTB index out of boundsN 0x0
0x301270 N 0x301274
0x301270 N 0x301274
0xdaf00 N 0xdaf04
0x75258a54 BTB index out of boundsN 0x0
0x75258a54 BTB index out of boundsN 0x0
0x301270 N 0x301274
0x79c302c BTB index out of boundsN 0x0
0x37429a48 N 0x37429a4c
0xdaf00 N 0xdaf04
0x37429a48 N 0x37429a4c
0x79c302c BTB index out of boundsN 0x0
0x630 N 0x634
0x79c302c BTB index out of boundsN 0x0
0x37429a48 N 0x37429a4c
0x301270 N 0x301274
0x37429a48 N 0x37429a4c
0xdaf00 N 0xdaf04
0x301270 N 0x301274
0x14bfc BTB index out of boundsN 0x0
0x14bfc BTB index out of boundsN 0x0
0x14bfc BTB index out of boundsN 0x0
0x301270 T 0xd101ae4
0x37429a48 N 0x37429a4c
0x14bfc BTB index out of boundsN 0x0
0x630 N 0x634
0x37429a48 N 0x37429a4c
0x630 N 0x634
0x75258a54 BTB index out of boundsN 0x0
0x37429a48 N 0x37429a4c
0x79c302c BTB index out of boundsN 0x0
0x79c302c BTB index out of boundsN 0x0
0x301270 N 0x301274
0x75258a54 BTB index out of boundsN 0x0
0x79c302c BTB index out of boundsN 0x0
0x14bfc BTB index out of boundsN 0x0
0x75258a54 BTB index out of boundsN 0x0
0x301270 N 0x301274
0x14bfc BTB index out of boundsN 0x0
0xdaf00 N 0xdaf04
0x37429a48 N 0x37429a4c
0x14bfc BTB index out of boundsN 0x0
0x630 N 0x634
0x630 N 0x634
0xdaf00 N 0xdaf04
0x301270 N 0x301274
0x301270 N 0x301274
0xdaf00 N 0xdaf04
0x37429a48 N 0x37429a4c
0x79c302c BTB index out of boundsN 0x0
0x75258a54 BTB index out of boundsN 0x0
0x301270 N 0x301274
0x301270 T 0xd101ae4
0x75258a54 BTB index out of boundsN 0x0
0x79c302c BTB index out of boundsN 0x0
0xdaf00 N 0xdaf04
0x75258a54 BTB index out of boundsN 0x0
0xdaf00 T 0x99c54
0xdaf00 T 0x99c54
0xdaf00 T 0x99c54
0x37429a48 N 0x37429a4c
0x75258a54 BTB index out of boundsN 0x0
0x630 N 0x634
0xdaf00 N 0xdaf04
0x14bfc BTB index out of boundsN 0x0
0x79c302c BTB index out of boundsN 0x0
0xdaf00 T 0x99c54
0x75258a54 BTB index out of boundsN 0x0
0x630 N 0x634
0x14bfc BTB index out of boundsN 0x0
0x79c302c BTB index out of boundsN 0x0
0x630 N 0x634
0x630 N 0x634
0xdaf00 N 0xdaf04
0x630 N 0x634
0x75258a54 BTB index out of boundsN 0x0
0x37429a48 N 0x37429a4c
0x14bfc BTB index out of boundsN 0x0
0x79c302c BTB index out of boundsN 0x0
0x630 N 0x634
0xdaf00 N 0xdaf04
0x14bfc BTB index out of boundsN 0x0
0x630 N 0x634
0x79c302c BTB index out of boundsN 0x0
0x37429a48 N 0x37429a4c
0xdaf00 N 0xdaf04
0x37429a48 N 0x37429a4c
0x14bfc BTB index out of boundsN 0x0
0x37429a48 T 0x29fe8
0xdaf00 N 0xdaf04
0x79c302c BTB index out of boundsN 0x0
0x301270 N 0x301274
0x37429a48 N 0x37429a4c
0x75258a54 BTB index out of boundsN 0x0
0xdaf00 N 0xdaf04
0x14bfc BTB index out of boundsN 0x0
0x75258a54 BTB index out of boundsN 0x0
0x14bfc BTB index out of boundsN 0x0
0x301270 N 0x301274
0x630 N 0x634
0xdaf00 N 0xdaf04
0x75258a54 BTB index out of boundsN 0x0
0x75258a54 BTB index out of boundsN 0x0
0x75258a54 BTB index out of boundsN 0x0
0x14bfc BTB index out of boundsN 0x0
0x14bfc BTB index out of boundsN 0x0
0x301270 N 0x301274
0x301270 T 0xd101ae4
0x301270 T 0xd101ae4
0x37429a48 N 0x37429a4c
0x37429a48 T 0x29fe8
0xdaf00 N 0xdaf04
0x79c302c BTB index out of boundsN 0x0
0x630 N 0x634
0x14bfc BTB index out of boundsN 0x0
0x37429a48 N 0x37429a4c
0x630 N 0x634
0x301270 N 0x301274
0x37429a48 N 0x37429a4c
0xdaf00 N 0xdaf04
0x37429a48 N 0x37429a4c
0x630 N 0x634
0x630 N 0x634
0x79c302c BTB index out of boundsN 0x0
0x37429a48 N 0x37429a4c
0x630 N 0x634
0x75258a54 BTB index out of boundsN 0x0
0xdaf00 N 0xdaf04
0x37429a48 N 0x37429a4c
0x79c302c BTB index out of boundsN 0x0
0x37429a48 T 0x29fe8
0x14bfc BTB index out of boundsN 0x0
0x37429a48 T 0x29fe8
0x301270 N 0x301274
0xdaf00 N 0xdaf04
0x630 N 0x634
0x37429a48 N 0x37429a4c
0x37429a48 N 0x37429a4c
0x79c302c BTB index out of boundsN 0x0
0x79c302c BTB index out of boundsN 0x0
0x301270 N 0x301274
0x630 N 0x634
0x301270 N 0x301274
0xdaf00 N 0xdaf04
0xdaf00 N 0xdaf04
0x79c302c BTB index out of boundsN 0x0
0x79c302c BTB index out of boundsN 0x0
0xdaf00 N 0xdaf04
0x301270 N 0x301274
0x75258a54 BTB index out of boundsN 0x0
0xdaf00 N 0xdaf04
0x79c302c BTB index out of boundsN 0x0
0xdaf00 T 0x99c54
0x37429a48 N 0x37429a4c
0x301270 N 0x301274
0x75258a54 BTB index out of boundsN 0x0
0x75258a54 BTB index out of boundsN 0x0
0x630 N 0x634
0x301270 N 0x301274
0x79c302c BTB index out of boundsN 0x0
0xdaf00 N 0xdaf04
0x630 N 0x634
0x630 T 0xef8
0x37429a48 N 0x37429a4c
0x630 N 0x634
0x37429a48 N 0x37429a4c
0x79c302c BTB index out of boundsN 0x0
0x630 N 0x634
0x14bfc BTB index out of boundsN 0x0
0x301270 N 0x301274
0xdaf00 N 0xdaf04
0x75258a54 BTB index out of boundsN 0x0
0xdaf00 T 0x99c54
0x37429a48 N 0x37429a4c
0x79c302c BTB index out of boundsN 0x0
0x630 N 0x634
0xdaf00 N 0xdaf04
0x630 N 0x634
0x37429a48 N 0x37429a4c
0x301270 N 0x301274
0x630 N 0x634
0x79c302c BTB index out of boundsN 0x0
0x79c302c BTB index out of boundsN 0x0
0x75258a54 BTB index out of boundsN 0x0
0x37429a48 N 0x37429a4c
0x75258a54 BTB index out of boundsN 0x0
0xdaf00 N 0xdaf04
0x75258a54 BTB index out of boundsN 0x0
0x630 N 0x634
0x630 N 0x634
0x75258a54 BTB index out of boundsN 0x0
0x14bfc BTB index out of boundsN 0x0
0x37429a48 N 0x37429a4c
0x75258a54 BTB index out of boundsN 0x0
0x37429a48 N 0x37429a4c
0x301270 N 0x301274
0xdaf00 N 0xdaf04
0x79c302c BTB index out of boundsN 0x0
0x75258a54 BTB index out of boundsN 0x0
0x14bfc BTB index out of boundsN 0x0
0x14bfc BTB index out of boundsN 0x0
0xdaf00 T 0x99c54
0x630 N 0x634
0x14bfc BTB index out of boundsN 0x0
0xdaf00 N 0xdaf04
0xdaf00 N 0xdaf04
0xdaf00 N 0xdaf04
0x75258a54 BTB index out of boundsN 0x0
0x14bfc BTB index out of boundsN 0x0
0x14bfc BTB index out of boundsN 0x0
0x75258a54 BTB index out of boundsN 0x0
0x79c302c BTB index out of boundsN 0x0
0xdaf00 T 0x99c54
0x301270 N 0x301274
0x14bfc BTB index out of boundsN 0x0
0x14bfc BTB index out of boundsN 0x0
0x301270 N 0x301274
0x75258a54 BTB index out of boundsN 0x0
0x37429a48 N 0x37429a4c
0x630 N 0x634
0x630 T 0xef8
0x301270 N 0x301274
0x79c302c BTB index out of boundsN 0x0
0x79c302c BTB index out of boundsN 0x0
0x75258a54 BTB index out of boundsN 0x0
0x37429a48 N 0x37429a4c
0x630 N 0x634
0x75258a54 BTB index out of boundsN 0x0
0x630 T 0xef8
0x79c302c BTB index out of boundsN 0x0
0xdaf00 N 0xdaf04
0x301270 N 0x301274
0x14bfc BTB index out of boundsN 0x0
0xdaf00 N 0xdaf04
0x14bfc BTB index out of boundsN 0x0
0x37429a48 N 0x37429a4c
0x75258a54 BTB index out of boundsN 0x0
0x79c302c BTB index out of boundsN 0x0
0x301270 N 0x301274
0x79c302c BTB index out of boundsN 0x0
0x37429a48 N 0x37429a4c
0x301270 N 0x301274
0x37429a48 N 0x37429a4c
0x14bfc BTB index out of boundsN 0x0
0x630 N 0x634
0x79c302c BTB index out of boundsN 0x0
0x37429a48 N 0x37429a4c
0xdaf00 N 0xdaf04
0xdaf00 T 0x99c54
0x630 N 0x634
0x37429a48 N 0x37429a4c
0xdaf00 N 0xdaf04
0x79c302c BTB index out of boundsN 0x0
0x75258a54 BTB index out of boundsN 0x0
0x630 N 0x634
0x37429a48 N 0x37429a4c
0x37429a48 N 0x37429a4c
0xdaf00 N 0xdaf04
0x79c302c BTB index out of boundsN 0x0
0x37429a48 N 0x37429a4c
0x301270 N 0x301274
0x79c302c BTB index out of boundsN 0x0
0x75258a54 BTB index out of boundsN 0x0
0x301270 N 0x301274
0xdaf00 N 0xdaf04
0x630 N 0x634
0x75258a54 BTB index out of boundsN 0x0
0x301270 N 0x301274
0x37429a48 N 0x37429a4c
0x37429a48 N 0x37429a4c
0x75258a54 BTB index out of boundsN 0x0
0x301270 N 0x301274
0xdaf00 N 0xdaf04
0x37429a48 N 0x37429a4c
0x14bfc BTB index out of boundsN 0x0
0x75258a54 BTB index out of boundsN 0x0
0x14bfc BTB index out of boundsN 0x0
0x75258a54 BTB index out of boundsN 0x0
0x14bfc BTB index out of boundsN 0x0
0x14bfc BTB index out of boundsN 0x0
0x14bfc BTB index out of boundsN 0x0
0x630 N 0x634
0x630 T 0xef8
0x301270 N 0x301274
0x75258a54 BTB index out of boundsN 0x0
0x14bfc BTB index out of boundsN 0x0
0x37429a48 N 0x37429a4c
0xdaf00 N 0xdaf04
0xdaf00 N 0xdaf04
0x75258a54 BTB index out of boundsN 0x0
0xdaf00 N 0xdaf04
0x37429a48 N 0x37429a4c
0x79c302c BTB index out of boundsN 0x0
0x14bfc BTB index out of boundsN 0x0
0x75258a54 BTB index out of boundsN 0x0
0x75258a54 BTB index out of boundsN 0x0
0x79c302c BTB index out of boundsN 0x0
0x301270 N 0x301274
0xdaf00 N 0xdaf04
0x630 N 0x634
0x630 T 0xef8
0x37429a48 N 0x37429a4c
0x630 N 0x634
0x301270 N 0x301274
0x75258a54 BTB index out of boundsN 0x0
0x14bfc BTB index out of boundsN 0x0
0x14bfc BTB index out of boundsN 0x0
0x301270 T 0xd101ae4
0x14bfc BTB index out of boundsN 0x0
0x301270 T 0xd101ae4
0x301270 T 0xd101ae4
0x301270 T 0xd101ae4
0x79c302c BTB index out of boundsN 0x0
0x37429a48 N 0x37429a4c
0x79c302c BTB index out of boundsN 0x0
0x301270 N 0x301274
0x75258a54 BTB index out of boundsN 0x0
0x79c302c BTB index out of boundsN 0x0
0x75258a54 BTB index out of boundsN 0x0
0x630 N 0x634
0x75258a54 BTB index out of boundsN 0x0
0x79c302c BTB index out of boundsN 0x0
0x630 T 0xef8
0x79c302c BTB index out of boundsN 0x0
0x630 T 0xef8
0x37429a48 N 0x37429a4c
0x630 N 0x634
0x75258a54 BTB index out of boundsN 0x0
0x301270 N 0x301274
0x37429a48 N 0x37429a4c
0xdaf00 N 0xdaf04
0x37429a48 N 0x37429a4c
0xdaf00 N 0xdaf04
0x37429a48 N 0x37429a4c
0x301270 N 0x301274
0x630 N 0x634
0x301270 N 0x301274
0x79c302c BTB index out of boundsN 0x0
0xdaf00 N 0xdaf04
0x37429a48 N 0x37429a4c
0x14bfc BTB index out of boundsN 0x0
0x14bfc BTB index out of boundsN 0x0
0x75258a54 BTB index out of boundsN 0x0
0x79c302c BTB index out of boundsN 0x0
0x14bfc BTB index out of boundsN 0x0
0x14bfc BTB index out of boundsN 0x0
0x14bfc BTB index out of boundsN 0x0
0x79c302c BTB index out of boundsN 0x0
0x14bfc BTB index out of boundsN 0x0
0xdaf00 N 0xdaf04
0x75258a54 BTB index out of boundsN 0x0
0x79c302c BTB index out of boundsN 0x0
0x37429a48 N 0x37429a4c
0x630 N 0x634
0x630 T 0xef8
0x630 T 0xef8
0x75258a54 BTB index out of boundsN 0x0
0x630 T 0xef8
0x301270 N 0x301274
0xdaf00 N 0xdaf04
0x75258a54 BTB index out of boundsN 0x0
0x301270 N 0x301274
0x301270 N 0x301274
0x37429a48 N 0x37429a4c
0x301270 N 0x301274
0x37429a48 N 0x37429a4c
0x301270 N 0x301274
0x14bfc BTB index out of boundsN 0x0
0x301270 T 0xd101ae4
0x14bfc BTB index out of boundsN 0x0
0xdaf00 N 0xdaf04
0x79c302c BTB index out of boundsN 0x0
0x37429a48 N 0x37429a4c
0x37429a48 T 0x29fe8
0x14bfc BTB index out of boundsN 0x0
0x79c302c BTB index out of boundsN 0x0
0x301270 N 0x301274
0x79c302c BTB index out of boundsN 0x0
0x630 N 0x634
0x75258a54 BTB index out of boundsN 0x0
0x14bfc BTB index out of boundsN 0x0
0xdaf00 N 0xdaf04
0xdaf00 N 0xdaf04
0x37429a48 N 0x37429a4c
0x37429a48 N 0x37429a4c
0xdaf00 N 0xdaf04
0x301270 N 0x301274
0xdaf00 N 0xdaf04
0x14bfc BTB index out of boundsN 0x0
0x630 N 0x634
0x630 T 0xef8
0x301270 N 0x301274
0xdaf00 N 0xdaf04
0x301270 N 0x301274
0x14bfc BTB index out of boundsN 0x0
0x75258a54 BTB index out of boundsN 0x0
0x75258a54 BTB index out of boundsN 0x0
0x14bfc BTB index out of boundsN 0x0
0x75258a54 BTB index out of boundsN 0x0
0x630 N 0x634
0x14bfc BTB index out of boundsN 0x0
0x75258a54 BTB index out of boundsN 0x0
0x301270 N 0x301274
0x75258a54 BTB index out of boundsN 0x0
0x301270 T 0xd101ae4
0x37429a48 N 0x37429a4c
0x301270 N 0x301274
0x301270 N 0x301274
0x75258a54 BTB index out of boundsN 0x0
0x75258a54 BTB index out of boundsN 0x0
0x14bfc BTB index out of boundsN 0x0
0x301270 T 0xd101ae4
0x37429a48 N 0x37429a4c
0x37429a48 T 0x29fe8
0x79c302c BTB index out of boundsN 0x0
0x79c302c BTB index out of boundsN 0x0
0x14bfc BTB index out of boundsN 0x0
0x301270 N 0x301274
0x37429a48 N 0x37429a4c
0x14bfc BTB index out of boundsN 0x0
0x79c302c BTB index out of boundsN 0x0
0xdaf00 N 0xdaf04
0x75258a54 BTB index out of boundsN 0x0
0x79c302c BTB index out of boundsN 0x0
0x37429a48 N 0x37429a4c
0x37429a48 T 0x29fe8
0x630 N 0x634
0x630 N 0x634
0x79c302c BTB index out of boundsN 0x0
0xdaf00 N 0xdaf04
0x301270 N 0x301274
0x37429a48 N 0x37429a4c
0x630 N 0x634
0xdaf00 N 0xdaf04
0x79c302c BTB index out of boundsN 0x0
0x79c302c BTB index out of boundsN 0x0
0x630 N 0x634
0x301270 N 0x301274
0x37429a48 N 0x37429a4c
0x301270 N 0x301274
0x75258a54 BTB index out of boundsN 0x0
0x75258a54 BTB index out of boundsN 0x0
0x14bfc BTB index out of boundsN 0x0
0x630 N 0x634
0x75258a54 BTB index out of boundsN 0x0
0x37429a48 N 0x37429a4c
0x630 N 0x634
0x37429a48 N 0x37429a4c
0xdaf00 N 0xdaf04
0x75258a54 BTB index out of boundsN 0x0
0x14bfc BTB index out of boundsN 0x0
0x301270 N 0x301274
0x79c302c BTB index out of boundsN 0x0
0x14bfc BTB index out of boundsN 0x0
0x301270 N 0x301274
0x630 N 0x634
0x630 T 0xef8
0x37429a48 N 0x37429a4c
0x14bfc BTB index out of boundsN 0x0
0x301270 N 0x301274
0x14bfc BTB index out of boundsN 0x0
0x37429a48 N 0x37429a4c
0x79c302c BTB index out of boundsN 0x0
0x37429a48 N 0x37429a4c
0x14bfc BTB index out of boundsN 0x0
0x301270 N 0x301274
0x630 N 0x634
0x630 N 0x634
0x75258a54 BTB index out of boundsN 0x0
0x301270 N 0x301274
0x14bfc BTB index out of boundsN 0x0
0x14bfc BTB index out of boundsN 0x0
0x37429a48 N 0x37429a4c
0x79c302c BTB index out of boundsN 0x0
0x79c302c BTB index out of boundsN 0x0
0x37429a48 N 0x37429a4c
0xdaf00 N 0xdaf04
0x14bfc BTB index out of boundsN 0x0
0x630 N 0x634
0x75258a54 BTB index out of boundsN 0x0
0x14bfc BTB index out of boundsN 0x0
0x75258a54 BTB index out of boundsN 0x0
0x79c302c BTB index out of boundsN 0x0
0x301270 N 0x301274
0xdaf00 N 0xdaf04
0x37429a48 N 0x37429a4c
0xdaf00 N 0xdaf04
0x630 N 0x634
0x301270 N 0x301274
0x14bfc BTB index out of boundsN 0x0
0x301270 T 0xd101ae4
0x14bfc BTB index out of boundsN 0x0
0x301270 T 0xd101ae4
0x14bfc BTB index out of boundsN 0x0
0xdaf00 N 0xdaf04
0x14bfc BTB index out of boundsN 0x0
0x14bfc BTB index out of boundsN 0x0
0x37429a48 N 0x37429a4c
0x37429a48 T 0x29fe8
0x301270 N 0x301274
0x37429a48 N 0x37429a4c
0x37429a48 N 0x37429a4c
0x14bfc BTB index out of boundsN 0x0
0x37429a48 T 0x29fe8
0x301270 N 0x301274
0x79c302c BTB index out of boundsN 0x0
0xdaf00 N 0xdaf04
0x37429a48 N 0x37429a4c
0x630 N 0x634
0xdaf00 N 0xdaf04
0x14bfc BTB index out of boundsN 0x0
0x37429a48 N 0x37429a4c
0x301270 N 0x301274
0x37429a48 N 0x37429a4c
0x14bfc BTB index out of boundsN 0x0
0x14bfc BTB index out of boundsN 0x0
0x301270 N 0x301274
0x301270 T 0xd101ae4
0x75258a54 BTB index out of boundsN 0x0
0x75258a54 BTB index out of boundsN 0x0
0x630 N 0x634
0x630 N 0x634
0xdaf00 N 0xdaf04
0x630 N 0x634
0x14bfc BTB index out of boundsN 0x0
0x75258a54 BTB index out of boundsN 0x0
0x79c302c BTB index out of boundsN 0x0
0xdaf00 N 0xdaf04
0x37429a48 N 0x37429a4c
0x14bfc BTB index out of boundsN 0x0
0x301270 N 0x301274
0x79c302c BTB index out of boundsN 0x0
0x37429a48 N 0x37429a4c
0x75258a54 BTB index out of boundsN 0x0
0x301270 N 0x301274
0xdaf00 N 0xdaf04
0x37429a48 N 0x37429a4c
0x79c302c BTB index out of boundsN 0x0
0x301270 N 0x301274
0x14bfc BTB index out of boundsN 0x0
0x75258a54 BTB index out of boundsN 0x0
0x75258a54 BTB index out of boundsN 0x0
0x79c302c BTB index out of boundsN 0x0
0x79c302c BTB index out of boundsN 0x0
0x75258a54 BTB index out of boundsN 0x0
0x75258a54 BTB index out of boundsN 0x0
0xdaf00 N 0xdaf04
0x75258a54 BTB index out of boundsN 0x0
0x75258a54 BTB index out of boundsN 0x0
0xdaf00 T 0x99c54
0xdaf00 T 0x99c54
0x301270 N 0x301274
0x37429a48 N 0x37429a4c
0x75258a54 BTB index out of boundsN 0x0
0x79c302c BTB index out of boundsN 0x0
0xdaf00 N 0xdaf04
0x37429a48 N 0x37429a4c
0x14bfc BTB index out of boundsN 0x0
0x75258a54 BTB index out of boundsN 0x0
0x14bfc BTB index out of boundsN 0x0
0xdaf00 N 0xdaf04
0x79c302c BTB index out of boundsN 0x0
0x37429a48 N 0x37429a4c
0x630 N 0x634
0x75258a54 BTB index out of boundsN 0x0
0x75258a54 BTB index out of boundsN 0x0
0x14bfc BTB index out of boundsN 0x0
0x301270 N 0x301274
0x79c302c BTB index out of boundsN 0x0
0x75258a54 BTB index out of boundsN 0x0
0x79c302c BTB index out of boundsN 0x0
0x37429a48 N 0x37429a4c
0x301270 N 0x301274
0xdaf00 N 0xdaf04
0x14bfc BTB index out of boundsN 0x0
0x79c302c BTB index out of boundsN 0x0
0xdaf00 N 0xdaf04
0xdaf00 N 0xdaf04
0x301270 N 0x301274
0x75258a54 BTB index out of boundsN 0x0
0xdaf00 N 0xdaf04
0x79c302c BTB index out of boundsN 0x0
0x14bfc BTB index out of boundsN 0x0
0xdaf00 T 0x99c54
0x75258a54 BTB index out of boundsN 0x0
0x14bfc BTB index out of boundsN 0x0
0x37429a48 N 0x37429a4c
0x75258a54 BTB index out of boundsN 0x0
0x630 N 0x634
0x14bfc BTB index out of boundsN 0x0
0x301270 N 0x301274
0xdaf00 N 0xdaf04
0x630 N 0x634
0xdaf00 N 0xdaf04
0x79c302c BTB index out of boundsN 0x0
0x79c302c BTB index out of boundsN 0x0
0x630 N 0x634
0x79c302c BTB index out of boundsN 0x0
0x79c302c BTB index out of boundsN 0x0
0xdaf00 N 0xdaf04
0xdaf00 N 0xdaf04
0xdaf00 T 0x99c54
0x630 N 0x634
0x14bfc BTB index out of boundsN 0x0
0x630 N 0x634
0x79c302c BTB index out of boundsN 0x0
0x75258a54 BTB index out of boundsN 0x0
0x75258a54 BTB index out of boundsN 0x0
0x14bfc BTB index out of boundsN 0x0
0x79c302c BTB index out of boundsN 0x0
0x75258a54 BTB index out of boundsN 0x0
0x301270 N 0x301274
0x79c302c BTB index out of boundsN 0x0
0xdaf00 N 0xdaf04
0x75258a54 BTB index out of boundsN 0x0
0xdaf00 T 0x99c54
0x301270 N 0x301274
0x14bfc BTB index out of boundsN 0x0
0x79c302c BTB index out of boundsN 0x0
0x630 N 0x634
0xdaf00 N 0xdaf04
0x37429a48 N 0x37429a4c
0x37429a48 T 0x29fe8
0x301270 N 0x301274
0x630 N 0x634
0x14bfc BTB index out of boundsN 0x0
0x79c302c BTB index out of boundsN 0x0
0x301270 N 0x301274
0x79c302c BTB index out of boundsN 0x0
0x79c302c BTB index out of boundsN 0x0
0xdaf00 N 0xdaf04
0x75258a54 BTB index out of boundsN 0x0
0x630 N 0x634
0x79c302c BTB index out of boundsN 0x0
0x14bfc BTB index out of boundsN 0x0
0x79c302c BTB index out of boundsN 0x0
0xdaf00 N 0xdaf04
0x79c302c BTB index out of boundsN 0x0
0x630 N 0x634
0x79c302c BTB index out of boundsN 0x0
0x14bfc BTB index out of boundsN 0x0
0x37429a48 N 0x37429a4c
0x79c302c BTB index out of boundsN 0x0
0x301270 N 0x301274
0xdaf00 N 0xdaf04
0x37429a48 N 0x37429a4c
0x75258a54 BTB index out of boundsN 0x0
0x37429a48 T 0x29fe8
0x79c302c BTB index out of boundsN 0x0
0x14bfc BTB index out of boundsN 0x0
0x75258a54 BTB index out of boundsN 0x0
0x37429a48 T 0x29fe8
0x75258a54 BTB index out of boundsN 0x0
0x79c302c BTB index out of boundsN 0x0
0x630 N 0x634
0x37429a48 N 0x37429a4c
0xdaf00 N 0xdaf04
0xdaf00 N 0xdaf04
0x301270 N 0x301274
0x14bfc BTB index out of boundsN 0x0
0x79c302c BTB index out of boundsN 0x0
0x14bfc BTB index out of boundsN 0x0
0xdaf00 N 0xdaf04
0x75258a54 BTB index out of boundsN 0x0
0x630 N 0x634
0x75258a54 BTB index out of boundsN 0x0
0xdaf00 N 0xdaf04
0x630 N 0x634
0x37429a48 N 0x37429a4c
0x75258a54 BTB index out of boundsN 0x0
0x37429a48 T 0x29fe8
0xdaf00 N 0xdaf04
0x75258a54 BTB index out of boundsN 0x0
0x75258a54 BTB index out of boundsN 0x0
0x75258a54 BTB index out of boundsN 0x0
0x14bfc BTB index out of boundsN 0x0
0x37429a48 N 0x37429a4c
0x37429a48 N 0x37429a4c
0x14bfc BTB index out of boundsN 0x0
0x301270 N 0x301274
0x37429a48 N 0x37429a4c
0x79c302c BTB index out of boundsN 0x0
0x630 N 0x634
0x301270 N 0x301274
0xdaf00 N 0xdaf04
0x301270 N 0x301274
0x79c302c BTB index out of boundsN 0x0
0xdaf00 N 0xdaf04
0x14bfc BTB index out of boundsN 0x0
0x37429a48 N 0x37429a4c
0x630 N 0x634
0x79c302c BTB index out of boundsN 0x0
0x630 T 0xef8
0x75258a54 BTB index out of boundsN 0x0
0x301270 N 0x301274
0x14bfc BTB index out of boundsN 0x0
0x79c302c BTB index out of boundsN 0x0
0x14bfc BTB index out of boundsN 0x0
0x301270 N 0x301274
0x14bfc BTB index out of boundsN 0x0
0x79c302c BTB index out of boundsN 0x0
0x37429a48 N 0x37429a4c
0x14bfc BTB index out of boundsN 0x0
0x301270 N 0x301274
0x37429a48 N 0x37429a4c
0x301270 N 0x301274
0x79c302c BTB index out of boundsN 0x0
0x79c302c BTB index out of boundsN 0x0
0x79c302c BTB index out of boundsN 0x0
0x79c302c BTB index out of boundsN 0x0
0x75258a54 BTB index out of boundsN 0x0
0x301270 N 0x301274
0x75258a54 BTB index out of boundsN 0x0
0x301270 N 0x301274
0x630 N 0x634
0x75258a54 BTB index out of boundsN 0x0
0x14bfc BTB index out of boundsN 0x0
0x301270 N 0x301274
0x37429a48 N 0x37429a4c
0x14bfc BTB index out of boundsN 0x0
0x14bfc BTB index out of boundsN 0x0
0x301270 N 0x301274
0x630 N 0x634
0x75258a54 BTB index out of boundsN 0x0
0x75258a54 BTB index out of boundsN 0x0
0x79c302c BTB index out of boundsN 0x0
0x301270 N 0x301274
0xdaf00 N 0xdaf04
0x75258a54 BTB index out of boundsN 0x0
0x630 N 0x634
0x301270 N 0x301274
0x75258a54 BTB index out of boundsN 0x0
0x75258a54 BTB index out of boundsN 0x0
0x301270 N 0x301274
0x79c302c BTB index out of boundsN 0x0
0x75258a54 BTB index out of boundsN 0x0
0x37429a48 N 0x37429a4c
0x630 N 0x634
0x301270 N 0x301274
0x37429a48 N 0x37429a4c
0x630 N 0x634
0x630 N 0x634
0xdaf00 N 0xdaf04
0x630 N 0x634
0x14bfc BTB index out of boundsN 0x0
0x301270 N 0x301274
0x14bfc BTB index out of boundsN 0x0
0x37429a48 N 0x37429a4c
0xdaf00 N 0xdaf04
0xdaf00 N 0xdaf04
0x37429a48 N 0x37429a4c
0xdaf00 N 0xdaf04
0x630 N 0x634
0x79c302c BTB index out of boundsN 0x0
0x301270 N 0x301274
0x301270 N 0x301274
0x630 N 0x634
0x79c302c BTB index out of boundsN 0x0
0x630 T 0xef8
0x75258a54 BTB index out of boundsN 0x0
0x75258a54 BTB index out of boundsN 0x0
0xdaf00 N 0xdaf04
0x14bfc BTB index out of boundsN 0x0
0x79c302c BTB index out of boundsN 0x0
0x75258a54 BTB index out of boundsN 0x0
0x301270 N 0x301274
0x630 N 0x634
0x79c302c BTB index out of boundsN 0x0
0xdaf00 N 0xdaf04
0x630 N 0x634
0x14bfc BTB index out of boundsN 0x0
0x79c302c BTB index out of boundsN 0x0
0x79c302c BTB index out of boundsN 0x0
0x79c302c BTB index out of boundsN 0x0
0xdaf00 N 0xdaf04
0xdaf00 N 0xdaf04
0xdaf00 T 0x99c54
0x37429a48 N 0x37429a4c
0x75258a54 BTB index out of boundsN 0x0
0x75258a54 BTB index out of boundsN 0x0
0x14bfc BTB index out of boundsN 0x0
0x79c302c BTB index out of boundsN 0x0
0x37429a48 T 0x29fe8
0x75258a54 BTB index out of boundsN 0x0
0x630 N 0x634
0x79c302c BTB index out of boundsN 0x0
0x79c302c BTB index out of boundsN 0x0
0x14bfc BTB index out of boundsN 0x0
0xdaf00 N 0xdaf04
0x301270 N 0x301274
0x14bfc BTB index out of boundsN 0x0
0x301270 N 0x301274
0x301270 N 0x301274
0x301270 N 0x301274
0x37429a48 N 0x37429a4c
0x75258a54 BTB index out of boundsN 0x0
0x14bfc BTB index out of boundsN 0x0
0x301270 N 0x301274
0x75258a54 BTB index out of boundsN 0x0
0x301270 T 0xd101ae4
0x75258a54 BTB index out of boundsN 0x0
0x75258a54 BTB index out of boundsN 0x0
0x14bfc BTB index out of boundsN 0x0
0x79c302c BTB index out of boundsN 0x0
0x14bfc BTB index out of boundsN 0x0
0xdaf00 N 0xdaf04
0x301270 N 0x301274
0x75258a54 BTB index out of boundsN 0x0
0x79c302c BTB index out of boundsN 0x0
0x79c302c BTB index out of boundsN 0x0
0x37429a48 N 0x37429a4c
0xdaf00 N 0xdaf04
0xdaf00 T 0x99c54
0x630 N 0x634
0x75258a54 BTB index out of boundsN 0x0
0xdaf00 N 0xdaf04
0x630 N 0x634
0x79c302c BTB index out of boundsN 0x0
0x37429a48 N 0x37429a4c
0x630 N 0x634
0x37429a48 N 0x37429a4c
0x79c302c BTB index out of boundsN 0x0
0x14bfc BTB index out of boundsN 0x0
0x79c302c BTB index out of boundsN 0x0
0x630 N 0x634
0x630 T 0xef8
0x79c302c BTB index out of boundsN 0x0
0x14bfc BTB index out of boundsN 0x0
0x79c302c BTB index out of boundsN 0x0
0x301270 N 0x301274
0x14bfc BTB index out of boundsN 0x0
0x37429a48 N 0x37429a4c
0x14bfc BTB index out of boundsN 0x0
0x301270 N 0x301274
0x75258a54 BTB index out of boundsN 0x0
0x75258a54 BTB index out of boundsN 0x0
0x75258a54 BTB index out of boundsN 0x0
0x630 N 0x634
0x79c302c BTB index out of boundsN 0x0
0x79c302c BTB index out of boundsN 0x0
0x301270 N 0x301274
0x79c302c BTB index out of boundsN 0x0
0x630 N 0x634
0x75258a54 BTB index out of boundsN 0x0
0x37429a48 N 0x37429a4c
0x14bfc BTB index out of boundsN 0x0
0x630 N 0x634
0x630 N 0x634
0x630 T 0xef8
0x37429a48 N 0x37429a4c
0x79c302c BTB index out of boundsN 0x0
0xdaf00 N 0xdaf04
0x301270 N 0x301274
0x37429a48 N 0x37429a4c
0x14bfc BTB index out of boundsN 0x0
0x75258a54 BTB index out of boundsN 0x0
0x301270 N 0x301274
0x14bfc BTB index out of boundsN 0x0
0x14bfc BTB index out of boundsN 0x0
0x630 N 0x634
0x37429a48 N 0x37429a4c
0x79c302c BTB index out of boundsN 0x0
0x630 N 0x634
0x630 N 0x634
0x79c302c BTB index out of boundsN 0x0
0x14bfc BTB index out of boundsN 0x0
0x301270 N 0x301274
0x37429a48 N 0x37429a4c
0xdaf00 N 0xdaf04
0x301270 N 0x301274
0x75258a54 BTB index out of boundsN 0x0
0x79c302c BTB index out of boundsN 0x0
0x301270 N 0x301274
0x75258a54 BTB index out of boundsN 0x0
0x301270 N 0x301274
0x630 N 0x634
0x301270 N 0x301274
0x75258a54 BTB index out of boundsN 0x0
0xdaf00 N 0xdaf04
0xdaf00 T 0x99c54
0x75258a54 BTB index out of boundsN 0x0
0x79c302c BTB index out of boundsN 0x0
0xdaf00 T 0x99c54
0x630 N 0x634
0x630 T 0xef8
0x630 T 0xef8
0x79c302c BTB index out of boundsN 0x0
0x79c302c BTB index out of boundsN 0x0
0x75258a54 BTB index out of boundsN 0x0
0x630 T 0xef8
0x37429a48 N 0x37429a4c
0x630 N 0x634
0xdaf00 N 0xdaf04
0x75258a54 BTB index out of boundsN 0x0
0x75258a54 BTB index out of boundsN 0x0
0x301270 N 0x301274
0x630 N 0x634
0xdaf00 N 0xdaf04
0x630 N 0x634
0x37429a48 N 0x37429a4c
0x14bfc BTB index out of boundsN 0x0
0x301270 N 0x301274
0xdaf00 N 0xdaf04
0x79c302c BTB index out of boundsN 0x0
0xdaf00 T 0x99c54
0x37429a48 N 0x37429a4c
0x37429a48 T 0x29fe8
0x630 N 0x634
0x37429a48 N 0x37429a4c
0xdaf00 N 0xdaf04
0x630 N 0x634
0x79c302c BTB index out of boundsN 0x0
0x75258a54 BTB index out of boundsN 0x0
0x301270 N 0x301274
0x75258a54 BTB index out of boundsN 0x0
0x14bfc BTB index out of boundsN 0x0
0x630 N 0x634
0x79c302c BTB index out of boundsN 0x0
0x79c302c BTB index out of boundsN 0x0
0x630 N 0x634
0x37429a48 N 0x37429a4c
0x79c302c BTB index out of boundsN 0x0
0xdaf00 N 0xdaf04
0x301270 N 0x301274
0xdaf00 N 0xdaf04
0x37429a48 N 0x37429a4c
0xdaf00 N 0xdaf04
0x75258a54 BTB index out of boundsN 0x0
0x301270 N 0x301274
0x37429a48 N 0x37429a4c
0x301270 N 0x301274
0xdaf00 N 0xdaf04
0xdaf00 N 0xdaf04
0x630 N 0x634
0x37429a48 N 0x37429a4c
0x301270 N 0x301274
0x301270 T 0xd101ae4
0x79c302c BTB index out of boundsN 0x0
0x14bfc BTB index out of boundsN 0x0
0x14bfc BTB index out of boundsN 0x0
0xdaf00 N 0xdaf04
0x37429a48 N 0x37429a4c
0xdaf00 N 0xdaf04
0x14bfc BTB index out of boundsN 0x0
0x37429a48 N 0x37429a4c
0x301270 N 0x301274
0xdaf00 N 0xdaf04
0x75258a54 BTB index out of boundsN 0x0
0x75258a54 BTB index out of boundsN 0x0
0x37429a48 N 0x37429a4c
0x79c302c BTB index out of boundsN 0x0
0x301270 N 0x301274
0x14bfc BTB index out of boundsN 0x0
0x301270 N 0x301274
0xdaf00 N 0xdaf04
0x75258a54 BTB index out of boundsN 0x0
0x301270 N 0x301274
0x75258a54 BTB index out of boundsN 0x0
0x14bfc BTB index out of boundsN 0x0
0x75258a54 BTB index out of boundsN 0x0
0x14bfc BTB index out of boundsN 0x0
0x630 N 0x634
0x79c302c BTB index out of boundsN 0x0
0x14bfc BTB index out of boundsN 0x0
0x14bfc BTB index out of boundsN 0x0
0x79c302c BTB index out of boundsN 0x0
0x79c302c BTB index out of boundsN 0x0
0x37429a48 N 0x37429a4c
0x14bfc BTB index out of boundsN 0x0
0x79c302c BTB index out of boundsN 0x0
0x79c302c BTB index out of boundsN 0x0
0xdaf00 N 0xdaf04
0x37429a48 N 0x37429a4c
0x79c302c BTB index out of boundsN 0x0
0x630 N 0x634
0x79c302c BTB index out of boundsN 0x0
0x37429a48 N 0x37429a4c
0x630 N 0x634
0x75258a54 BTB index out of boundsN 0x0
0xdaf00 N 0xdaf04
0xdaf00 N 0xdaf04
0x37429a48 N 0x37429a4c
0xdaf00 N 0xdaf04
0x14bfc BTB index out of boundsN 0x0
0x75258a54 BTB index out of boundsN 0x0
0x75258a54 BTB index out of boundsN 0x0
0x37429a48 N 0x37429a4c
0x14bfc BTB index out of boundsN 0x0
0x14bfc BTB index out of boundsN 0x0
0x79c302c BTB index out of boundsN 0x0
0x301270 N 0x301274
0x630 N 0x634
0x79c302c BTB index out of boundsN 0x0
0x630 T 0xef8
0x79c302c BTB index out of boundsN 0x0
0x37429a48 N 0x37429a4c
0x630 N 0x634
0x630 T 0xef8
0x37429a48 N 0x37429a4c
0x301270 N 0x301274
0x301270 N 0x301274
0x37429a48 N 0x37429a4c
0x37429a48 N 0x37429a4c
0x301270 N 0x301274
0x14bfc BTB index out of boundsN 0x0
0xdaf00 N 0xdaf04
0x630 N 0x634
0x75258a54 BTB index out of boundsN 0x0
0xdaf00 N 0xdaf04
0x37429a48 N 0x37429a4c
0xdaf00 N 0xdaf04
0x301270 N 0x301274
0x75258a54 BTB index out of boundsN 0x0
0x75258a54 BTB index out of boundsN 0x0
0x301270 T 0xd101ae4
0x14bfc BTB index out of boundsN 0x0
0x630 N 0x634
0xdaf00 N 0xdaf04
0x630 N 0x634
0x37429a48 N 0x37429a4c
0x630 N 0x634
0x37429a48 N 0x37429a4c
0x14bfc BTB index out of boundsN 0x0
0x14bfc BTB index out of boundsN 0x0
0x37429a48 N 0x37429a4c
0x37429a48 T 0x29fe8
0x37429a48 T 0x29fe8
0x630 N 0x634
0x301270 N 0x301274
0xdaf00 N 0xdaf04
0x630 N 0x634
0x37429a48 N 0x37429a4c
0x37429a48 N 0x37429a4c
0x37429a48 N 0x37429a4c
0x14bfc BTB index out of boundsN 0x0
0x301270 N 0x301274
0x79c302c BTB index out of boundsN 0x0
0x14bfc BTB index out of boundsN 0x0
0x79c302c BTB index out of boundsN 0x0
0x301270 T 0xd101ae4
0x79c302c BTB index out of boundsN 0x0
0x37429a48 N 0x37429a4c
0x79c302c BTB index out of boundsN 0x0
0x301270 N 0x301274
0x79c302c BTB index out of boundsN 0x0
0x37429a48 N 0x37429a4c
0x37429a48 N 0x37429a4c
0xdaf00 N 0xdaf04
0x79c302c BTB index out of boundsN 0x0
0x37429a48 N 0x37429a4c
0x79c302c BTB index out of boundsN 0x0
0x630 N 0x634
0x75258a54 BTB index out of boundsN 0x0
0x37429a48 N 0x37429a4c
0xdaf00 N 0xdaf04
0x301270 N 0x301274
