0x2aea4 BTB index out of boundsN 0x0
0xefcc BTB index out of boundsN 0x0
0xefcc BTB index out of boundsN 0x0
0x548a8 N 0x548ac
0xefcc BTB index out of boundsN 0x0
0x2aea4 BTB index out of boundsN 0x0
0xefcc BTB index out of boundsN 0x0
0xefcc BTB index out of boundsN 0x0
0x548a8 N 0x548ac
0x2aea4 BTB index out of boundsN 0x0
0xefcc BTB index out of boundsN 0x0
0xefcc BTB index out of boundsN 0x0
0x548a8 N 0x548ac
0x548a8 N 0x548ac
0x2aea4 BTB index out of boundsN 0x0
0x548a8 N 0x548ac
0xefcc BTB index out of boundsN 0x0
0x548a8 N 0x548ac
0x2aea4 BTB index out of boundsN 0x0
0x2aea4 BTB index out of boundsN 0x0
0x2aea4 BTB index out of boundsN 0x0
0x2aea4 BTB index out of boundsN 0x0
0xefcc BTB index out of boundsN 0x0
0x548a8 N 0x548ac
0xefcc BTB index out of boundsN 0x0
0xefcc BTB index out of boundsN 0x0
0x548a8 N 0x548ac
0x548a8 N 0x548ac
0x548a8 N 0x548ac
0x548a8 N 0x548ac
0x2aea4 BTB index out of boundsN 0x0
0x548a8 N 0x548ac
0x2aea4 BTB index out of boundsN 0x0
0x2aea4 BTB index out of boundsN 0x0
0x548a8 N 0x548ac
0x2aea4 BTB index out of boundsN 0x0
0x548a8 N 0x548ac
0xefcc BTB index out of boundsN 0x0
0x548a8 N 0x548ac
0xefcc BTB index out of boundsN 0x0
0xefcc BTB index out of boundsN 0x0
0xefcc BTB index out of boundsN 0x0
0x548a8 N 0x548ac
0xefcc BTB index out of boundsN 0x0
0x548a8 N 0x548ac
0x2aea4 BTB index out of boundsN 0x0
0x548a8 N 0x548ac
0x548a8 N 0x548ac
0x2aea4 BTB index out of boundsN 0x0
0x2aea4 BTB index out of boundsN 0x0
0x2aea4 BTB index out of boundsN 0x0
0x548a8 N 0x548ac
0x2aea4 BTB index out of boundsN 0x0
0x548a8 N 0x548ac
0x548a8 N 0x548ac
0x548a8 N 0x548ac
0xefcc BTB index out of boundsN 0x0
0x548a8 N 0x548ac
0xefcc BTB index out of boundsN 0x0
0x548a8 N 0x548ac
0x548a8 N 0x548ac
0x548a8 N 0x548ac
0x2aea4 BTB index out of boundsN 0x0
0x548a8 N 0x548ac
0xefcc BTB index out of boundsN 0x0
0xefcc BTB index out of boundsN 0x0
0xefcc BTB index out of boundsN 0x0
0xefcc BTB index out of boundsN 0x0
0x2aea4 BTB index out of boundsN 0x0
0xefcc BTB index out of boundsN 0x0
0x548a8 N 0x548ac
0xefcc BTB index out of boundsN 0x0
0x2aea4 BTB index out of boundsN 0x0
0x548a8 N 0x548ac
0x548a8 N 0x548ac
0x2aea4 BTB index out of boundsN 0x0
0xefcc BTB index out of boundsN 0x0
0x548a8 T 0xe5c0
0x548a8 N 0x548ac
0x2aea4 BTB index out of boundsN 0x0
0x548a8 N 0x548ac
0x548a8 N 0x548ac
0x548a8 N 0x548ac
0x548a8 N 0x548ac
0xefcc BTB index out of boundsN 0x0
0xefcc BTB index out of boundsN 0x0
0x2aea4 BTB index out of boundsN 0x0
0xefcc BTB index out of boundsN 0x0
0xefcc BTB index out of boundsN 0x0
0xefcc BTB index out of boundsN 0x0
0x2aea4 BTB index out of boundsN 0x0
0x548a8 N 0x548ac
0xefcc BTB index out of boundsN 0x0
0xefcc BTB index out of boundsN 0x0
0xefcc BTB index out of boundsN 0x0
0x2aea4 BTB index out of boundsN 0x0
0xefcc BTB index out of boundsN 0x0
0x2aea4 BTB index out of boundsN 0x0
0x548a8 N 0x548ac
0x548a8 N 0x548ac
0xefcc BTB index out of boundsN 0x0
0x2aea4 BTB index out of boundsN 0x0
0xefcc BTB index out of boundsN 0x0
0xefcc BTB index out of boundsN 0x0
0xefcc BTB index out of boundsN 0x0
0x548a8 N 0x548ac
0x548a8 N 0x548ac
0x548a8 N 0x548ac
0x548a8 N 0x548ac
0x2aea4 BTB index out of boundsN 0x0
0xefcc BTB index out of boundsN 0x0
0x2aea4 BTB index out of boundsN 0x0
0x548a8 N 0x548ac
0x2aea4 BTB index out of boundsN 0x0
0x2aea4 BTB index out of boundsN 0x0
0xefcc BTB index out of boundsN 0x0
0x548a8 N 0x548ac
0xefcc BTB index out of boundsN 0x0
0x548a8 N 0x548ac
0x2aea4 BTB index out of boundsN 0x0
0x548a8 N 0x548ac
0x2aea4 BTB index out of boundsN 0x0
0x2aea4 BTB index out of boundsN 0x0
0xefcc BTB index out of boundsN 0x0
0x548a8 N 0x548ac
0xefcc BTB index out of boundsN 0x0
0x2aea4 BTB index out of boundsN 0x0
0x2aea4 BTB index out of boundsN 0x0
0xefcc BTB index out of boundsN 0x0
0x2aea4 BTB index out of boundsN 0x0
0x2aea4 BTB index out of boundsN 0x0
0x548a8 N 0x548ac
0x2aea4 BTB index out of boundsN 0x0
0x2aea4 BTB index out of boundsN 0x0
0xefcc BTB index out of boundsN 0x0
0xefcc BTB index out of boundsN 0x0
0x2aea4 BTB index out of boundsN 0x0
0xefcc BTB index out of boundsN 0x0
0xefcc BTB index out of boundsN 0x0
0x548a8 N 0x548ac
0x548a8 N 0x548ac
0x548a8 N 0x548ac
0x548a8 N 0x548ac
0x548a8 N 0x548ac
0xefcc BTB index out of boundsN 0x0
0x2aea4 BTB index out of boundsN 0x0
0x2aea4 BTB index out of boundsN 0x0
0x548a8 N 0x548ac
0x548a8 N 0x548ac
0x2aea4 BTB index out of boundsN 0x0
0x2aea4 BTB index out of boundsN 0x0
0xefcc BTB index out of boundsN 0x0
0xefcc BTB index out of boundsN 0x0
0x2aea4 BTB index out of boundsN 0x0
0x2aea4 BTB index out of boundsN 0x0
0xefcc BTB index out of boundsN 0x0
0x2aea4 BTB index out of boundsN 0x0
0x548a8 N 0x548ac
0x548a8 N 0x548ac
0x548a8 N 0x548ac
0xefcc BTB index out of boundsN 0x0
0x548a8 N 0x548ac
0xefcc BTB index out of boundsN 0x0
0xefcc BTB index out of boundsN 0x0
0x548a8 N 0x548ac
0x2aea4 BTB index out of boundsN 0x0
0xefcc BTB index out of boundsN 0x0
0xefcc BTB index out of boundsN 0x0
0x548a8 N 0x548ac
0x2aea4 BTB index out of boundsN 0x0
0x2aea4 BTB index out of boundsN 0x0
0x548a8 N 0x548ac
0xefcc BTB index out of boundsN 0x0
0x2aea4 BTB index out of boundsN 0x0
0xefcc BTB index out of boundsN 0x0
0xefcc BTB index out of boundsN 0x0
0xefcc BTB index out of boundsN 0x0
0xefcc BTB index out of boundsN 0x0
0x2aea4 BTB index out of boundsN 0x0
0xefcc BTB index out of boundsN 0x0
0xefcc BTB index out of boundsN 0x0
0x2aea4 BTB index out of boundsN 0x0
0xefcc BTB index out of boundsN 0x0
0x548a8 N 0x548ac
0xefcc BTB index out of boundsN 0x0
0xefcc BTB index out of boundsN 0x0
0xefcc BTB index out of boundsN 0x0
0x2aea4 BTB index out of boundsN 0x0
0x2aea4 BTB index out of boundsN 0x0
0x548a8 T 0xe5c0
0x2aea4 BTB index out of boundsN 0x0
0xefcc BTB index out of boundsN 0x0
0xefcc BTB index out of boundsN 0x0
0x2aea4 BTB index out of boundsN 0x0
0x2aea4 BTB index out of boundsN 0x0
0xefcc BTB index out of boundsN 0x0
0x2aea4 BTB index out of boundsN 0x0
0x548a8 N 0x548ac
0x548a8 N 0x548ac
0x548a8 N 0x548ac
0xefcc BTB index out of boundsN 0x0
0xefcc BTB index out of boundsN 0x0
0xefcc BTB index out of boundsN 0x0
0x548a8 N 0x548ac
0x2aea4 BTB index out of boundsN 0x0
0xefcc BTB index out of boundsN 0x0
0xefcc BTB index out of boundsN 0x0
0x2aea4 BTB index out of boundsN 0x0
0x2aea4 BTB index out of boundsN 0x0
0xefcc BTB index out of boundsN 0x0
0x548a8 N 0x548ac
0xefcc BTB index out of boundsN 0x0
0xefcc BTB index out of boundsN 0x0
0x548a8 N 0x548ac
0xefcc BTB index out of boundsN 0x0
0x2aea4 BTB index out of boundsN 0x0
0x2aea4 BTB index out of boundsN 0x0
0x2aea4 BTB index out of boundsN 0x0
0x548a8 N 0x548ac
0x2aea4 BTB index out of boundsN 0x0
0x2aea4 BTB index out of boundsN 0x0
0x548a8 N 0x548ac
0x548a8 N 0x548ac
0x548a8 N 0x548ac
0x548a8 T 0xe5c0
0xefcc BTB index out of boundsN 0x0
0x2aea4 BTB index out of boundsN 0x0
0x2aea4 BTB index out of boundsN 0x0
0xefcc BTB index out of boundsN 0x0
0xefcc BTB index out of boundsN 0x0
0xefcc BTB index out of boundsN 0x0
0xefcc BTB index out of boundsN 0x0
0xefcc BTB index out of boundsN 0x0
0x548a8 N 0x548ac
0x548a8 N 0x548ac
0x548a8 N 0x548ac
0x2aea4 BTB index out of boundsN 0x0
0x2aea4 BTB index out of boundsN 0x0
0xefcc BTB index out of boundsN 0x0
0xefcc BTB index out of boundsN 0x0
0x548a8 N 0x548ac
0x548a8 T 0xe5c0
0x2aea4 BTB index out of boundsN 0x0
0xefcc BTB index out of boundsN 0x0
0xefcc BTB index out of boundsN 0x0
0x2aea4 BTB index out of boundsN 0x0
0x2aea4 BTB index out of boundsN 0x0
0xefcc BTB index out of boundsN 0x0
0x2aea4 BTB index out of boundsN 0x0
0x548a8 T 0xe5c0
0xefcc BTB index out of boundsN 0x0
0x2aea4 BTB index out of boundsN 0x0
0xefcc BTB index out of boundsN 0x0
0xefcc BTB index out of boundsN 0x0
0x2aea4 BTB index out of boundsN 0x0
0xefcc BTB index out of boundsN 0x0
0xefcc BTB index out of boundsN 0x0
0x548a8 N 0x548ac
0xefcc BTB index out of boundsN 0x0
0x548a8 T 0xe5c0
0x548a8 N 0x548ac
0xefcc BTB index out of boundsN 0x0
0x548a8 N 0x548ac
0xefcc BTB index out of boundsN 0x0
0x548a8 N 0x548ac
0x2aea4 BTB index out of boundsN 0x0
0xefcc BTB index out of boundsN 0x0
0x2aea4 BTB index out of boundsN 0x0
0x548a8 T 0xe5c0
0xefcc BTB index out of boundsN 0x0
0xefcc BTB index out of boundsN 0x0
0x548a8 N 0x548ac
0xefcc BTB index out of boundsN 0x0
0x548a8 N 0x548ac
0x2aea4 BTB index out of boundsN 0x0
0x2aea4 BTB index out of boundsN 0x0
0xefcc BTB index out of boundsN 0x0
0xefcc BTB index out of boundsN 0x0
0x2aea4 BTB index out of boundsN 0x0
0x2aea4 BTB index out of boundsN 0x0
0x2aea4 BTB index out of boundsN 0x0
0xefcc BTB index out of boundsN 0x0
0xefcc BTB index out of boundsN 0x0
0x2aea4 BTB index out of boundsN 0x0
0xefcc BTB index out of boundsN 0x0
0xefcc BTB index out of boundsN 0x0
0xefcc BTB index out of boundsN 0x0
0xefcc BTB index out of boundsN 0x0
0x548a8 T 0xe5c0
0xefcc BTB index out of boundsN 0x0
0x2aea4 BTB index out of boundsN 0x0
0x548a8 N 0x548ac
0xefcc BTB index out of boundsN 0x0
0x2aea4 BTB index out of boundsN 0x0
0x548a8 T 0xe5c0
0x2aea4 BTB index out of boundsN 0x0
0xefcc BTB index out of boundsN 0x0
0xefcc BTB index out of boundsN 0x0
0x548a8 N 0x548ac
0x548a8 N 0x548ac
0x2aea4 BTB index out of boundsN 0x0
0x548a8 T 0xe5c0
0xefcc BTB index out of boundsN 0x0
0xefcc BTB index out of boundsN 0x0
0x548a8 N 0x548ac
0x548a8 N 0x548ac
0x548a8 N 0x548ac
0x2aea4 BTB index out of boundsN 0x0
0xefcc BTB index out of boundsN 0x0
0x2aea4 BTB index out of boundsN 0x0
0x548a8 N 0x548ac
0x2aea4 BTB index out of boundsN 0x0
0x548a8 N 0x548ac
0xefcc BTB index out of boundsN 0x0
0x2aea4 BTB index out of boundsN 0x0
0x2aea4 BTB index out of boundsN 0x0
0x2aea4 BTB index out of boundsN 0x0
0x2aea4 BTB index out of boundsN 0x0
0xefcc BTB index out of boundsN 0x0
0x548a8 N 0x548ac
0x548a8 N 0x548ac
0x2aea4 BTB index out of boundsN 0x0
0x2aea4 BTB index out of boundsN 0x0
0xefcc BTB index out of boundsN 0x0
0x2aea4 BTB index out of boundsN 0x0
0x2aea4 BTB index out of boundsN 0x0
0xefcc BTB index out of boundsN 0x0
0xefcc BTB index out of boundsN 0x0
0x548a8 N 0x548ac
0xefcc BTB index out of boundsN 0x0
0x548a8 N 0x548ac
0x548a8 N 0x548ac
0xefcc BTB index out of boundsN 0x0
0x2aea4 BTB index out of boundsN 0x0
0x2aea4 BTB index out of boundsN 0x0
0x2aea4 BTB index out of boundsN 0x0
0xefcc BTB index out of boundsN 0x0
0xefcc BTB index out of boundsN 0x0
0x2aea4 BTB index out of boundsN 0x0
0x2aea4 BTB index out of boundsN 0x0
0x548a8 N 0x548ac
0x548a8 T 0xe5c0
0x548a8 T 0xe5c0
0xefcc BTB index out of boundsN 0x0
0x2aea4 BTB index out of boundsN 0x0
0x2aea4 BTB index out of boundsN 0x0
0x2aea4 BTB index out of boundsN 0x0
0xefcc BTB index out of boundsN 0x0
0xefcc BTB index out of boundsN 0x0
0x2aea4 BTB index out of boundsN 0x0
0xefcc BTB index out of boundsN 0x0
0x548a8 N 0x548ac
0x2aea4 BTB index out of boundsN 0x0
0xefcc BTB index out of boundsN 0x0
0x548a8 T 0xe5c0
0xefcc BTB index out of boundsN 0x0
0xefcc BTB index out of boundsN 0x0
0xefcc BTB index out of boundsN 0x0
0x548a8 N 0x548ac
0xefcc BTB index out of boundsN 0x0
0x2aea4 BTB index out of boundsN 0x0
0xefcc BTB index out of boundsN 0x0
0xefcc BTB index out of boundsN 0x0
0x2aea4 BTB index out of boundsN 0x0
0x548a8 N 0x548ac
0xefcc BTB index out of boundsN 0x0
0x2aea4 BTB index out of boundsN 0x0
0x2aea4 BTB index out of boundsN 0x0
0x548a8 N 0x548ac
0xefcc BTB index out of boundsN 0x0
0x548a8 N 0x548ac
0x548a8 N 0x548ac
0xefcc BTB index out of boundsN 0x0
0x2aea4 BTB index out of boundsN 0x0
0x548a8 N 0x548ac
0x2aea4 BTB index out of boundsN 0x0
0x2aea4 BTB index out of boundsN 0x0
0x548a8 N 0x548ac
0x2aea4 BTB index out of boundsN 0x0
0x2aea4 BTB index out of boundsN 0x0
0x2aea4 BTB index out of boundsN 0x0
0x2aea4 BTB index out of boundsN 0x0
0xefcc BTB index out of boundsN 0x0
0x548a8 T 0xe5c0
0xefcc BTB index out of boundsN 0x0
0xefcc BTB index out of boundsN 0x0
0xefcc BTB index out of boundsN 0x0
0x2aea4 BTB index out of boundsN 0x0
0xefcc BTB index out of boundsN 0x0
0xefcc BTB index out of boundsN 0x0
0x2aea4 BTB index out of boundsN 0x0
0x2aea4 BTB index out of boundsN 0x0
0x548a8 N 0x548ac
0xefcc BTB index out of boundsN 0x0
0xefcc BTB index out of boundsN 0x0
0x2aea4 BTB index out of boundsN 0x0
0x2aea4 BTB index out of boundsN 0x0
0x2aea4 BTB index out of boundsN 0x0
0x2aea4 BTB index out of boundsN 0x0
0xefcc BTB index out of boundsN 0x0
0x2aea4 BTB index out of boundsN 0x0
0x2aea4 BTB index out of boundsN 0x0
0x2aea4 BTB index out of boundsN 0x0
0xefcc BTB index out of boundsN 0x0
0x2aea4 BTB index out of boundsN 0x0
0x548a8 N 0x548ac
0x2aea4 BTB index out of boundsN 0x0
0xefcc BTB index out of boundsN 0x0
0x548a8 N 0x548ac
0x2aea4 BTB index out of boundsN 0x0
0x548a8 N 0x548ac
0x2aea4 BTB index out of boundsN 0x0
0xefcc BTB index out of boundsN 0x0
0xefcc BTB index out of boundsN 0x0
0x2aea4 BTB index out of boundsN 0x0
0x548a8 T 0xe5c0
0x2aea4 BTB index out of boundsN 0x0
0x548a8 T 0xe5c0
0x548a8 N 0x548ac
0x548a8 N 0x548ac
0x2aea4 BTB index out of boundsN 0x0
0x2aea4 BTB index out of boundsN 0x0
0x548a8 T 0xe5c0
0xefcc BTB index out of boundsN 0x0
0x548a8 T 0xe5c0
0xefcc BTB index out of boundsN 0x0
0x2aea4 BTB index out of boundsN 0x0
0x2aea4 BTB index out of boundsN 0x0
0x2aea4 BTB index out of boundsN 0x0
0xefcc BTB index out of boundsN 0x0
0xefcc BTB index out of boundsN 0x0
0x548a8 T 0xe5c0
0x548a8 N 0x548ac
0x548a8 T 0xe5c0
0xefcc BTB index out of boundsN 0x0
0x548a8 N 0x548ac
0x548a8 T 0xe5c0
0xefcc BTB index out of boundsN 0x0
0x548a8 T 0xe5c0
0x548a8 N 0x548ac
0x548a8 N 0x548ac
0x548a8 N 0x548ac
0x2aea4 BTB index out of boundsN 0x0
0x2aea4 BTB index out of boundsN 0x0
0x2aea4 BTB index out of boundsN 0x0
0xefcc BTB index out of boundsN 0x0
0x548a8 T 0xe5c0
0x548a8 T 0xe5c0
0x2aea4 BTB index out of boundsN 0x0
0xefcc BTB index out of boundsN 0x0
0xefcc BTB index out of boundsN 0x0
0xefcc BTB index out of boundsN 0x0
0x2aea4 BTB index out of boundsN 0x0
0xefcc BTB index out of boundsN 0x0
0x2aea4 BTB index out of boundsN 0x0
0x2aea4 BTB index out of boundsN 0x0
0xefcc BTB index out of boundsN 0x0
0x548a8 T 0xe5c0
0xefcc BTB index out of boundsN 0x0
0x548a8 N 0x548ac
0xefcc BTB index out of boundsN 0x0
0x548a8 N 0x548ac
0x2aea4 BTB index out of boundsN 0x0
0x2aea4 BTB index out of boundsN 0x0
0xefcc BTB index out of boundsN 0x0
0x548a8 T 0xe5c0
0x548a8 N 0x548ac
0x548a8 N 0x548ac
0xefcc BTB index out of boundsN 0x0
0xefcc BTB index out of boundsN 0x0
0xefcc BTB index out of boundsN 0x0
0xefcc BTB index out of boundsN 0x0
0x2aea4 BTB index out of boundsN 0x0
0xefcc BTB index out of boundsN 0x0
0xefcc BTB index out of boundsN 0x0
0x2aea4 BTB index out of boundsN 0x0
0x2aea4 BTB index out of boundsN 0x0
0x548a8 N 0x548ac
0xefcc BTB index out of boundsN 0x0
0x2aea4 BTB index out of boundsN 0x0
0xefcc BTB index out of boundsN 0x0
0xefcc BTB index out of boundsN 0x0
0x548a8 N 0x548ac
0x548a8 N 0x548ac
0xefcc BTB index out of boundsN 0x0
0xefcc BTB index out of boundsN 0x0
0xefcc BTB index out of boundsN 0x0
0x2aea4 BTB index out of boundsN 0x0
0x548a8 N 0x548ac
0x2aea4 BTB index out of boundsN 0x0
0xefcc BTB index out of boundsN 0x0
0xefcc BTB index out of boundsN 0x0
0x548a8 T 0xe5c0
0x548a8 N 0x548ac
0xefcc BTB index out of boundsN 0x0
0x548a8 N 0x548ac
0x2aea4 BTB index out of boundsN 0x0
0x2aea4 BTB index out of boundsN 0x0
0xefcc BTB index out of boundsN 0x0
0x2aea4 BTB index out of boundsN 0x0
0xefcc BTB index out of boundsN 0x0
0x548a8 T 0xe5c0
0x548a8 N 0x548ac
0xefcc BTB index out of boundsN 0x0
0xefcc BTB index out of boundsN 0x0
0x2aea4 BTB index out of boundsN 0x0
0x548a8 N 0x548ac
0x548a8 N 0x548ac
0xefcc BTB index out of boundsN 0x0
0xefcc BTB index out of boundsN 0x0
0x2aea4 BTB index out of boundsN 0x0
0xefcc BTB index out of boundsN 0x0
0x548a8 T 0xe5c0
0x548a8 N 0x548ac
0x2aea4 BTB index out of boundsN 0x0
0xefcc BTB index out of boundsN 0x0
0x548a8 T 0xe5c0
0xefcc BTB index out of boundsN 0x0
0xefcc BTB index out of boundsN 0x0
0x548a8 N 0x548ac
0xefcc BTB index out of boundsN 0x0
0x548a8 T 0xe5c0
0xefcc BTB index out of boundsN 0x0
0x2aea4 BTB index out of boundsN 0x0
0xefcc BTB index out of boundsN 0x0
0x2aea4 BTB index out of boundsN 0x0
0x2aea4 BTB index out of boundsN 0x0
0x548a8 N 0x548ac
0x2aea4 BTB index out of boundsN 0x0
0xefcc BTB index out of boundsN 0x0
0xefcc BTB index out of boundsN 0x0
0x2aea4 BTB index out of boundsN 0x0
0x548a8 T 0xe5c0
0xefcc BTB index out of boundsN 0x0
0xefcc BTB index out of boundsN 0x0
0xefcc BTB index out of boundsN 0x0
0x548a8 T 0xe5c0
0xefcc BTB index out of boundsN 0x0
0xefcc BTB index out of boundsN 0x0
0x2aea4 BTB index out of boundsN 0x0
0x548a8 T 0xe5c0
0x2aea4 BTB index out of boundsN 0x0
0x548a8 T 0xe5c0
0xefcc BTB index out of boundsN 0x0
0x548a8 N 0x548ac
0x548a8 N 0x548ac
0x2aea4 BTB index out of boundsN 0x0
0xefcc BTB index out of boundsN 0x0
0x2aea4 BTB index out of boundsN 0x0
0x2aea4 BTB index out of boundsN 0x0
0xefcc BTB index out of boundsN 0x0
0x2aea4 BTB index out of boundsN 0x0
0xefcc BTB index out of boundsN 0x0
0x2aea4 BTB index out of boundsN 0x0
0xefcc BTB index out of boundsN 0x0
0x548a8 N 0x548ac
0xefcc BTB index out of boundsN 0x0
0xefcc BTB index out of boundsN 0x0
0x548a8 T 0xe5c0
0xefcc BTB index out of boundsN 0x0
0x548a8 T 0xe5c0
0x548a8 N 0x548ac
0x548a8 T 0xe5c0
0x2aea4 BTB index out of boundsN 0x0
0x548a8 N 0x548ac
0x2aea4 BTB index out of boundsN 0x0
0xefcc BTB index out of boundsN 0x0
0xefcc BTB index out of boundsN 0x0
0xefcc BTB index out of boundsN 0x0
0x2aea4 BTB index out of boundsN 0x0
0x2aea4 BTB index out of boundsN 0x0
0xefcc BTB index out of boundsN 0x0
0x2aea4 BTB index out of boundsN 0x0
0xefcc BTB index out of boundsN 0x0
0x548a8 N 0x548ac
0xefcc BTB index out of boundsN 0x0
0xefcc BTB index out of boundsN 0x0
0xefcc BTB index out of boundsN 0x0
0x548a8 T 0xe5c0
0x548a8 N 0x548ac
0x2aea4 BTB index out of boundsN 0x0
0x2aea4 BTB index out of boundsN 0x0
0x2aea4 BTB index out of boundsN 0x0
0x548a8 N 0x548ac
0xefcc BTB index out of boundsN 0x0
0x2aea4 BTB index out of boundsN 0x0
0x548a8 T 0xe5c0
0xefcc BTB index out of boundsN 0x0
0x548a8 N 0x548ac
0x2aea4 BTB index out of boundsN 0x0
0xefcc BTB index out of boundsN 0x0
0xefcc BTB index out of boundsN 0x0
0x2aea4 BTB index out of boundsN 0x0
0xefcc BTB index out of boundsN 0x0
0x548a8 T 0xe5c0
0x2aea4 BTB index out of boundsN 0x0
0x2aea4 BTB index out of boundsN 0x0
0x548a8 T 0xe5c0
0x2aea4 BTB index out of boundsN 0x0
0xefcc BTB index out of boundsN 0x0
0xefcc BTB index out of boundsN 0x0
0xefcc BTB index out of boundsN 0x0
0x548a8 T 0xe5c0
0xefcc BTB index out of boundsN 0x0
0xefcc BTB index out of boundsN 0x0
0xefcc BTB index out of boundsN 0x0
0x548a8 T 0xe5c0
0x2aea4 BTB index out of boundsN 0x0
0x548a8 N 0x548ac
0xefcc BTB index out of boundsN 0x0
0xefcc BTB index out of boundsN 0x0
0xefcc BTB index out of boundsN 0x0
0x548a8 T 0xe5c0
0x548a8 N 0x548ac
0x548a8 N 0x548ac
0xefcc BTB index out of boundsN 0x0
0x2aea4 BTB index out of boundsN 0x0
0xefcc BTB index out of boundsN 0x0
0x2aea4 BTB index out of boundsN 0x0
0x2aea4 BTB index out of boundsN 0x0
0xefcc BTB index out of boundsN 0x0
0x2aea4 BTB index out of boundsN 0x0
0xefcc BTB index out of boundsN 0x0
0x548a8 N 0x548ac
0x548a8 T 0xe5c0
0x548a8 T 0xe5c0
0x2aea4 BTB index out of boundsN 0x0
0xefcc BTB index out of boundsN 0x0
0xefcc BTB index out of boundsN 0x0
0xefcc BTB index out of boundsN 0x0
0xefcc BTB index out of boundsN 0x0
0x548a8 T 0xe5c0
0x2aea4 BTB index out of boundsN 0x0
0xefcc BTB index out of boundsN 0x0
0xefcc BTB index out of boundsN 0x0
0x548a8 N 0x548ac
0xefcc BTB index out of boundsN 0x0
0x2aea4 BTB index out of boundsN 0x0
0x2aea4 BTB index out of boundsN 0x0
0x2aea4 BTB index out of boundsN 0x0
0xefcc BTB index out of boundsN 0x0
0x2aea4 BTB index out of boundsN 0x0
0x2aea4 BTB index out of boundsN 0x0
0x2aea4 BTB index out of boundsN 0x0
0x2aea4 BTB index out of boundsN 0x0
0xefcc BTB index out of boundsN 0x0
0x2aea4 BTB index out of boundsN 0x0
0x2aea4 BTB index out of boundsN 0x0
0x548a8 N 0x548ac
0x2aea4 BTB index out of boundsN 0x0
0x2aea4 BTB index out of boundsN 0x0
0xefcc BTB index out of boundsN 0x0
0xefcc BTB index out of boundsN 0x0
0x2aea4 BTB index out of boundsN 0x0
0x2aea4 BTB index out of boundsN 0x0
0x548a8 N 0x548ac
0xefcc BTB index out of boundsN 0x0
0x548a8 N 0x548ac
0xefcc BTB index out of boundsN 0x0
0x2aea4 BTB index out of boundsN 0x0
0xefcc BTB index out of boundsN 0x0
0x2aea4 BTB index out of boundsN 0x0
0x548a8 N 0x548ac
0x2aea4 BTB index out of boundsN 0x0
0xefcc BTB index out of boundsN 0x0
0xefcc BTB index out of boundsN 0x0
0x548a8 N 0x548ac
0x548a8 T 0xe5c0
0x548a8 T 0xe5c0
0x548a8 N 0x548ac
0x2aea4 BTB index out of boundsN 0x0
0x548a8 N 0x548ac
0x2aea4 BTB index out of boundsN 0x0
0xefcc BTB index out of boundsN 0x0
0x548a8 N 0x548ac
0x2aea4 BTB index out of boundsN 0x0
0x548a8 N 0x548ac
0x2aea4 BTB index out of boundsN 0x0
0xefcc BTB index out of boundsN 0x0
0xefcc BTB index out of boundsN 0x0
0xefcc BTB index out of boundsN 0x0
0xefcc BTB index out of boundsN 0x0
0x2aea4 BTB index out of boundsN 0x0
0xefcc BTB index out of boundsN 0x0
0xefcc BTB index out of boundsN 0x0
0x2aea4 BTB index out of boundsN 0x0
0x548a8 N 0x548ac
0x548a8 N 0x548ac
0xefcc BTB index out of boundsN 0x0
0xefcc BTB index out of boundsN 0x0
0xefcc BTB index out of boundsN 0x0
0xefcc BTB index out of boundsN 0x0
0xefcc BTB index out of boundsN 0x0
0xefcc BTB index out of boundsN 0x0
0x2aea4 BTB index out of boundsN 0x0
0x2aea4 BTB index out of boundsN 0x0
0x548a8 T 0xe5c0
0xefcc BTB index out of boundsN 0x0
0xefcc BTB index out of boundsN 0x0
0x2aea4 BTB index out of boundsN 0x0
0xefcc BTB index out of boundsN 0x0
0x548a8 N 0x548ac
0xefcc BTB index out of boundsN 0x0
0xefcc BTB index out of boundsN 0x0
0xefcc BTB index out of boundsN 0x0
0x548a8 N 0x548ac
0x2aea4 BTB index out of boundsN 0x0
0x2aea4 BTB index out of boundsN 0x0
0xefcc BTB index out of boundsN 0x0
0x548a8 T 0xe5c0
0xefcc BTB index out of boundsN 0x0
0x2aea4 BTB index out of boundsN 0x0
0xefcc BTB index out of boundsN 0x0
0xefcc BTB index out of boundsN 0x0
0x548a8 N 0x548ac
0xefcc BTB index out of boundsN 0x0
0x2aea4 BTB index out of boundsN 0x0
0x548a8 N 0x548ac
0x2aea4 BTB index out of boundsN 0x0
0x548a8 T 0xe5c0
0xefcc BTB index out of boundsN 0x0
0x548a8 N 0x548ac
0x548a8 N 0x548ac
0x2aea4 BTB index out of boundsN 0x0
0x2aea4 BTB index out of boundsN 0x0
0x548a8 N 0x548ac
0xefcc BTB index out of boundsN 0x0
0x548a8 T 0xe5c0
0x548a8 N 0x548ac
0xefcc BTB index out of boundsN 0x0
0xefcc BTB index out of boundsN 0x0
0x548a8 T 0xe5c0
0xefcc BTB index out of boundsN 0x0
0x548a8 T 0xe5c0
0x548a8 N 0x548ac
0xefcc BTB index out of boundsN 0x0
0x2aea4 BTB index out of boundsN 0x0
0xefcc BTB index out of boundsN 0x0
0x548a8 N 0x548ac
0xefcc BTB index out of boundsN 0x0
0x548a8 N 0x548ac
0x548a8 N 0x548ac
0x548a8 N 0x548ac
0x548a8 N 0x548ac
0xefcc BTB index out of boundsN 0x0
0xefcc BTB index out of boundsN 0x0
0x548a8 N 0x548ac
0xefcc BTB index out of boundsN 0x0
0x548a8 T 0xe5c0
0xefcc BTB index out of boundsN 0x0
0x548a8 T 0xe5c0
0xefcc BTB index out of boundsN 0x0
0x548a8 T 0xe5c0
0x2aea4 BTB index out of boundsN 0x0
0x2aea4 BTB index out of boundsN 0x0
0x2aea4 BTB index out of boundsN 0x0
0x2aea4 BTB index out of boundsN 0x0
0xefcc BTB index out of boundsN 0x0
0xefcc BTB index out of boundsN 0x0
0xefcc BTB index out of boundsN 0x0
0xefcc BTB index out of boundsN 0x0
0x548a8 T 0xe5c0
0x548a8 N 0x548ac
0x548a8 T 0xe5c0
0xefcc BTB index out of boundsN 0x0
0x2aea4 BTB index out of boundsN 0x0
0xefcc BTB index out of boundsN 0x0
0x548a8 T 0xe5c0
0x2aea4 BTB index out of boundsN 0x0
0xefcc BTB index out of boundsN 0x0
0x548a8 N 0x548ac
0x548a8 T 0xe5c0
0x548a8 N 0x548ac
0xefcc BTB index out of boundsN 0x0
0x2aea4 BTB index out of boundsN 0x0
0x2aea4 BTB index out of boundsN 0x0
0x548a8 N 0x548ac
0xefcc BTB index out of boundsN 0x0
0x548a8 T 0xe5c0
0xefcc BTB index out of boundsN 0x0
0x2aea4 BTB index out of boundsN 0x0
0xefcc BTB index out of boundsN 0x0
0x548a8 T 0xe5c0
0xefcc BTB index out of boundsN 0x0
0xefcc BTB index out of boundsN 0x0
0xefcc BTB index out of boundsN 0x0
0x2aea4 BTB index out of boundsN 0x0
0x548a8 T 0xe5c0
0xefcc BTB index out of boundsN 0x0
0x548a8 N 0x548ac
0x2aea4 BTB index out of boundsN 0x0
0x2aea4 BTB index out of boundsN 0x0
0x548a8 T 0xe5c0
0x548a8 T 0xe5c0
0x2aea4 BTB index out of boundsN 0x0
0x2aea4 BTB index out of boundsN 0x0
0x548a8 T 0xe5c0
0x548a8 T 0xe5c0
0x548a8 T 0xe5c0
0xefcc BTB index out of boundsN 0x0
0x2aea4 BTB index out of boundsN 0x0
0xefcc BTB index out of boundsN 0x0
0x2aea4 BTB index out of boundsN 0x0
0x2aea4 BTB index out of boundsN 0x0
0x548a8 T 0xe5c0
0x548a8 T 0xe5c0
0xefcc BTB index out of boundsN 0x0
0x2aea4 BTB index out of boundsN 0x0
0x2aea4 BTB index out of boundsN 0x0
0x2aea4 BTB index out of boundsN 0x0
0x2aea4 BTB index out of boundsN 0x0
0x548a8 T 0xe5c0
0x2aea4 BTB index out of boundsN 0x0
0x2aea4 BTB index out of boundsN 0x0
0x548a8 T 0xe5c0
0xefcc BTB index out of boundsN 0x0
0xefcc BTB index out of boundsN 0x0
0xefcc BTB index out of boundsN 0x0
0xefcc BTB index out of boundsN 0x0
0xefcc BTB index out of boundsN 0x0
0x548a8 T 0xe5c0
0xefcc BTB index out of boundsN 0x0
0x548a8 T 0xe5c0
0xefcc BTB index out of boundsN 0x0
0xefcc BTB index out of boundsN 0x0
0x548a8 N 0x548ac
0xefcc BTB index out of boundsN 0x0
0xefcc BTB index out of boundsN 0x0
0xefcc BTB index out of boundsN 0x0
0xefcc BTB index out of boundsN 0x0
0x2aea4 BTB index out of boundsN 0x0
0xefcc BTB index out of boundsN 0x0
0x548a8 N 0x548ac
0xefcc BTB index out of boundsN 0x0
0xefcc BTB index out of boundsN 0x0
0x548a8 N 0x548ac
0xefcc BTB index out of boundsN 0x0
0x548a8 T 0xe5c0
0x548a8 N 0x548ac
0x2aea4 BTB index out of boundsN 0x0
0xefcc BTB index out of boundsN 0x0
0x548a8 N 0x548ac
0xefcc BTB index out of boundsN 0x0
0x548a8 N 0x548ac
0x548a8 N 0x548ac
0x2aea4 BTB index out of boundsN 0x0
0x548a8 N 0x548ac
0x548a8 N 0x548ac
0xefcc BTB index out of boundsN 0x0
0x548a8 T 0xe5c0
0x2aea4 BTB index out of boundsN 0x0
0xefcc BTB index out of boundsN 0x0
0xefcc BTB index out of boundsN 0x0
0x2aea4 BTB index out of boundsN 0x0
0xefcc BTB index out of boundsN 0x0
0x548a8 T 0xe5c0
0xefcc BTB index out of boundsN 0x0
0x2aea4 BTB index out of boundsN 0x0
0x2aea4 BTB index out of boundsN 0x0
0x548a8 N 0x548ac
0x2aea4 BTB index out of boundsN 0x0
0xefcc BTB index out of boundsN 0x0
0x2aea4 BTB index out of boundsN 0x0
0xefcc BTB index out of boundsN 0x0
0xefcc BTB index out of boundsN 0x0
0x2aea4 BTB index out of boundsN 0x0
0xefcc BTB index out of boundsN 0x0
0xefcc BTB index out of boundsN 0x0
0x2aea4 BTB index out of boundsN 0x0
0x548a8 N 0x548ac
0x2aea4 BTB index out of boundsN 0x0
0xefcc BTB index out of boundsN 0x0
0x548a8 T 0xe5c0
0x548a8 T 0xe5c0
0x2aea4 BTB index out of boundsN 0x0
0x548a8 N 0x548ac
0x548a8 T 0xe5c0
0x2aea4 BTB index out of boundsN 0x0
0x548a8 N 0x548ac
0x2aea4 BTB index out of boundsN 0x0
0xefcc BTB index out of boundsN 0x0
0x2aea4 BTB index out of boundsN 0x0
0x2aea4 BTB index out of boundsN 0x0
0x548a8 N 0x548ac
0xefcc BTB index out of boundsN 0x0
0x2aea4 BTB index out of boundsN 0x0
0xefcc BTB index out of boundsN 0x0
0x548a8 T 0xe5c0
0xefcc BTB index out of boundsN 0x0
0x2aea4 BTB index out of boundsN 0x0
0xefcc BTB index out of boundsN 0x0
0xefcc BTB index out of boundsN 0x0
0xefcc BTB index out of boundsN 0x0
0xefcc BTB index out of boundsN 0x0
0x548a8 N 0x548ac
0x2aea4 BTB index out of boundsN 0x0
0xefcc BTB index out of boundsN 0x0
0x548a8 T 0xe5c0
0x2aea4 BTB index out of boundsN 0x0
0xefcc BTB index out of boundsN 0x0
0x548a8 N 0x548ac
0xefcc BTB index out of boundsN 0x0
0x548a8 T 0xe5c0
0x2aea4 BTB index out of boundsN 0x0
0x548a8 T 0xe5c0
0xefcc BTB index out of boundsN 0x0
0x2aea4 BTB index out of boundsN 0x0
0x548a8 N 0x548ac
0xefcc BTB index out of boundsN 0x0
0x2aea4 BTB index out of boundsN 0x0
0x548a8 T 0xe5c0
0x548a8 T 0xe5c0
0x548a8 N 0x548ac
0x548a8 T 0xe5c0
0xefcc BTB index out of boundsN 0x0
0x2aea4 BTB index out of boundsN 0x0
0x2aea4 BTB index out of boundsN 0x0
0xefcc BTB index out of boundsN 0x0
0x2aea4 BTB index out of boundsN 0x0
0x2aea4 BTB index out of boundsN 0x0
0xefcc BTB index out of boundsN 0x0
0x548a8 N 0x548ac
0xefcc BTB index out of boundsN 0x0
0x548a8 N 0x548ac
0x548a8 N 0x548ac
0x2aea4 BTB index out of boundsN 0x0
0x548a8 T 0xe5c0
0x548a8 T 0xe5c0
0x548a8 T 0xe5c0
0x2aea4 BTB index out of boundsN 0x0
0xefcc BTB index out of boundsN 0x0
0x2aea4 BTB index out of boundsN 0x0
0xefcc BTB index out of boundsN 0x0
0x548a8 N 0x548ac
0x548a8 N 0x548ac
0x548a8 T 0xe5c0
0x548a8 T 0xe5c0
0x548a8 N 0x548ac
0x548a8 T 0xe5c0
0xefcc BTB index out of boundsN 0x0
0x2aea4 BTB index out of boundsN 0x0
0x2aea4 BTB index out of boundsN 0x0
0xefcc BTB index out of boundsN 0x0
0x548a8 T 0xe5c0
0x548a8 N 0x548ac
0xefcc BTB index out of boundsN 0x0
0x2aea4 BTB index out of boundsN 0x0
0x2aea4 BTB index out of boundsN 0x0
0x2aea4 BTB index out of boundsN 0x0
0xefcc BTB index out of boundsN 0x0
0x2aea4 BTB index out of boundsN 0x0
0x548a8 T 0xe5c0
0xefcc BTB index out of boundsN 0x0
0xefcc BTB index out of boundsN 0x0
0xefcc BTB index out of boundsN 0x0
0x548a8 N 0x548ac
0xefcc BTB index out of boundsN 0x0
0xefcc BTB index out of boundsN 0x0
0xefcc BTB index out of boundsN 0x0
0x2aea4 BTB index out of boundsN 0x0
0x548a8 T 0xe5c0
0x548a8 N 0x548ac
0x548a8 N 0x548ac
0xefcc BTB index out of boundsN 0x0
0xefcc BTB index out of boundsN 0x0
0x548a8 N 0x548ac
0x548a8 T 0xe5c0
0xefcc BTB index out of boundsN 0x0
0x2aea4 BTB index out of boundsN 0x0
0x548a8 N 0x548ac
0x2aea4 BTB index out of boundsN 0x0
0xefcc BTB index out of boundsN 0x0
0x2aea4 BTB index out of boundsN 0x0
0xefcc BTB index out of boundsN 0x0
0x548a8 T 0xe5c0
0xefcc BTB index out of boundsN 0x0
0x2aea4 BTB index out of boundsN 0x0
0xefcc BTB index out of boundsN 0x0
0xefcc BTB index out of boundsN 0x0
0x2aea4 BTB index out of boundsN 0x0
0x2aea4 BTB index out of boundsN 0x0
0x548a8 N 0x548ac
0xefcc BTB index out of boundsN 0x0
0xefcc BTB index out of boundsN 0x0
0x2aea4 BTB index out of boundsN 0x0
0x2aea4 BTB index out of boundsN 0x0
0xefcc BTB index out of boundsN 0x0
0xefcc BTB index out of boundsN 0x0
0xefcc BTB index out of boundsN 0x0
0x548a8 T 0xe5c0
0xefcc BTB index out of boundsN 0x0
0x548a8 N 0x548ac
0x548a8 T 0xe5c0
0xefcc BTB index out of boundsN 0x0
0xefcc BTB index out of boundsN 0x0
0x548a8 N 0x548ac
0xefcc BTB index out of boundsN 0x0
0xefcc BTB index out of boundsN 0x0
0xefcc BTB index out of boundsN 0x0
0xefcc BTB index out of boundsN 0x0
0x2aea4 BTB index out of boundsN 0x0
0xefcc BTB index out of boundsN 0x0
0xefcc BTB index out of boundsN 0x0
0x548a8 T 0xe5c0
0x548a8 N 0x548ac
0xefcc BTB index out of boundsN 0x0
0x548a8 T 0xe5c0
0xefcc BTB index out of boundsN 0x0
0x2aea4 BTB index out of boundsN 0x0
0x548a8 N 0x548ac
0xefcc BTB index out of boundsN 0x0
0x2aea4 BTB index out of boundsN 0x0
0xefcc BTB index out of boundsN 0x0
0x548a8 T 0xe5c0
0x548a8 T 0xe5c0
0x548a8 T 0xe5c0
0x548a8 T 0xe5c0
0x2aea4 BTB index out of boundsN 0x0
0xefcc BTB index out of boundsN 0x0
0xefcc BTB index out of boundsN 0x0
0x2aea4 BTB index out of boundsN 0x0
0xefcc BTB index out of boundsN 0x0
0x548a8 N 0x548ac
0x548a8 N 0x548ac
0xefcc BTB index out of boundsN 0x0
0x2aea4 BTB index out of boundsN 0x0
0x2aea4 BTB index out of boundsN 0x0
0x2aea4 BTB index out of boundsN 0x0
0x2aea4 BTB index out of boundsN 0x0
0x2aea4 BTB index out of boundsN 0x0
0x548a8 N 0x548ac
0x2aea4 BTB index out of boundsN 0x0
0x548a8 N 0x548ac
