0x4464382c BTB index out of boundsN 0x0
0x4464382c BTB index out of boundsN 0x0
0xd04 BTB index out of boundsN 0x0
0xe3d8fc0 N 0xe3d8fc4
0x4464382c BTB index out of boundsN 0x0
0x4464382c BTB index out of boundsN 0x0
0xd04 BTB index out of boundsN 0x0
0x336fc BTB index out of boundsN 0x0
0x4464382c BTB index out of boundsN 0x0
0xe3d8fc0 T 0x8100
0xd04 BTB index out of boundsN 0x0
0x7850 N 0x7854
0xd04 BTB index out of boundsN 0x0
0xe3d8fc0 N 0xe3d8fc4
0xe3d8fc0 T 0x8100
0x7850 N 0x7854
0xe3d8fc0 N 0xe3d8fc4
0x7850 N 0x7854
0x4464382c BTB index out of boundsN 0x0
0x7850 T 0x9560b900
0xe3d8fc0 N 0xe3d8fc4
0x336fc BTB index out of boundsN 0x0
0x7850 N 0x7854
0xe3d8fc0 N 0xe3d8fc4
0x7850 N 0x7854
0xe3d8fc0 N 0xe3d8fc4
0x336fc BTB index out of boundsN 0x0
0x336fc BTB index out of boundsN 0x0
0x4464382c BTB index out of boundsN 0x0
0xd04 BTB index out of boundsN 0x0
0xd04 BTB index out of boundsN 0x0
0xe3d8fc0 T 0x8100
0x336fc BTB index out of boundsN 0x0
0x4464382c BTB index out of boundsN 0x0
0x7850 N 0x7854
0xe3d8fc0 N 0xe3d8fc4
0x7850 N 0x7854
0xd04 BTB index out of boundsN 0x0
0xe3d8fc0 N 0xe3d8fc4
0x336fc BTB index out of boundsN 0x0
0x7850 N 0x7854
0x336fc BTB index out of boundsN 0x0
0xe3d8fc0 N 0xe3d8fc4
0x7850 N 0x7854
0xe3d8fc0 N 0xe3d8fc4
0x7850 N 0x7854
0xe3d8fc0 N 0xe3d8fc4
0x7850 N 0x7854
0xd04 BTB index out of boundsN 0x0
0xd04 BTB index out of boundsN 0x0
0xe3d8fc0 N 0xe3d8fc4
0x7850 N 0x7854
0x4464382c BTB index out of boundsN 0x0
0x4464382c BTB index out of boundsN 0x0
0xd04 BTB index out of boundsN 0x0
0x336fc BTB index out of boundsN 0x0
0x336fc BTB index out of boundsN 0x0
0x4464382c BTB index out of boundsN 0x0
0x4464382c BTB index out of boundsN 0x0
0x336fc BTB index out of boundsN 0x0
0xd04 BTB index out of boundsN 0x0
0x336fc BTB index out of boundsN 0x0
0x7850 T 0x9560b900
0xe3d8fc0 N 0xe3d8fc4
0xe3d8fc0 T 0x8100
0x4464382c BTB index out of boundsN 0x0
0xd04 BTB index out of boundsN 0x0
0x336fc BTB index out of boundsN 0x0
0x7850 N 0x7854
0x336fc BTB index out of boundsN 0x0
0x4464382c BTB index out of boundsN 0x0
0x336fc BTB index out of boundsN 0x0
0x7850 T 0x9560b900
0x4464382c BTB index out of boundsN 0x0
0x4464382c BTB index out of boundsN 0x0
0xe3d8fc0 N 0xe3d8fc4
0xe3d8fc0 T 0x8100
0x336fc BTB index out of boundsN 0x0
0xe3d8fc0 T 0x8100
0x336fc BTB index out of boundsN 0x0
0x336fc BTB index out of boundsN 0x0
0x336fc BTB index out of boundsN 0x0
0xd04 BTB index out of boundsN 0x0
0x4464382c BTB index out of boundsN 0x0
0x4464382c BTB index out of boundsN 0x0
0x336fc BTB index out of boundsN 0x0
0xe3d8fc0 T 0x8100
0xe3d8fc0 T 0x8100
0x336fc BTB index out of boundsN 0x0
0x7850 N 0x7854
0xd04 BTB index out of boundsN 0x0
0x4464382c BTB index out of boundsN 0x0
0xd04 BTB index out of boundsN 0x0
0x4464382c BTB index out of boundsN 0x0
0x336fc BTB index out of boundsN 0x0
0x7850 T 0x9560b900
0x4464382c BTB index out of boundsN 0x0
0x336fc BTB index out of boundsN 0x0
0x4464382c BTB index out of boundsN 0x0
0xd04 BTB index out of boundsN 0x0
0x7850 T 0x9560b900
0x4464382c BTB index out of boundsN 0x0
0x7850 T 0x9560b900
0x4464382c BTB index out of boundsN 0x0
0xd04 BTB index out of boundsN 0x0
0xe3d8fc0 N 0xe3d8fc4
0x336fc BTB index out of boundsN 0x0
0xd04 BTB index out of boundsN 0x0
0xd04 BTB index out of boundsN 0x0
0x7850 N 0x7854
0xd04 BTB index out of boundsN 0x0
0xd04 BTB index out of boundsN 0x0
0xd04 BTB index out of boundsN 0x0
0x336fc BTB index out of boundsN 0x0
0x7850 T 0x9560b900
0x4464382c BTB index out of boundsN 0x0
0x7850 T 0x9560b900
0x7850 T 0x9560b900
0xe3d8fc0 N 0xe3d8fc4
0x7850 N 0x7854
0x4464382c BTB index out of boundsN 0x0
0xe3d8fc0 N 0xe3d8fc4
0xe3d8fc0 T 0x8100
0x4464382c BTB index out of boundsN 0x0
0xd04 BTB index out of boundsN 0x0
0x7850 N 0x7854
0xd04 BTB index out of boundsN 0x0
0x4464382c BTB index out of boundsN 0x0
0x336fc BTB index out of boundsN 0x0
0xe3d8fc0 N 0xe3d8fc4
0xe3d8fc0 T 0x8100
0x4464382c BTB index out of boundsN 0x0
0xd04 BTB index out of boundsN 0x0
0xd04 BTB index out of boundsN 0x0
0xe3d8fc0 T 0x8100
0x4464382c BTB index out of boundsN 0x0
0xd04 BTB index out of boundsN 0x0
0xd04 BTB index out of boundsN 0x0
0x7850 N 0x7854
0x7850 T 0x9560b900
0xd04 BTB index out of boundsN 0x0
0x7850 T 0x9560b900
0x4464382c BTB index out of boundsN 0x0
0xe3d8fc0 N 0xe3d8fc4
0xe3d8fc0 T 0x8100
0xe3d8fc0 T 0x8100
0x7850 N 0x7854
0x4464382c BTB index out of boundsN 0x0
0xd04 BTB index out of boundsN 0x0
0xd04 BTB index out of boundsN 0x0
0x4464382c BTB index out of boundsN 0x0
0x7850 T 0x9560b900
0xd04 BTB index out of boundsN 0x0
0xd04 BTB index out of boundsN 0x0
0x336fc BTB index out of boundsN 0x0
0xd04 BTB index out of boundsN 0x0
0x336fc BTB index out of boundsN 0x0
0x7850 T 0x9560b900
0x4464382c BTB index out of boundsN 0x0
0xd04 BTB index out of boundsN 0x0
0x336fc BTB index out of boundsN 0x0
0x7850 T 0x9560b900
0x7850 T 0x9560b900
0x7850 T 0x9560b900
0x4464382c BTB index out of boundsN 0x0
0xd04 BTB index out of boundsN 0x0
0xd04 BTB index out of boundsN 0x0
0x7850 T 0x9560b900
0x4464382c BTB index out of boundsN 0x0
0x7850 T 0x9560b900
0xe3d8fc0 N 0xe3d8fc4
0x7850 N 0x7854
0x336fc BTB index out of boundsN 0x0
0x7850 T 0x9560b900
0x7850 T 0x9560b900
0x336fc BTB index out of boundsN 0x0
0xd04 BTB index out of boundsN 0x0
0x336fc BTB index out of boundsN 0x0
0xd04 BTB index out of boundsN 0x0
0xe3d8fc0 N 0xe3d8fc4
0xe3d8fc0 T 0x8100
0x7850 N 0x7854
0xd04 BTB index out of boundsN 0x0
0xd04 BTB index out of boundsN 0x0
0xd04 BTB index out of boundsN 0x0
0x336fc BTB index out of boundsN 0x0
0x7850 T 0x9560b900
0xd04 BTB index out of boundsN 0x0
0x336fc BTB index out of boundsN 0x0
0x7850 T 0x9560b900
0x336fc BTB index out of boundsN 0x0
0x7850 T 0x9560b900
0x336fc BTB index out of boundsN 0x0
0x7850 T 0x9560b900
0x336fc BTB index out of boundsN 0x0
0xe3d8fc0 N 0xe3d8fc4
0x336fc BTB index out of boundsN 0x0
0xd04 BTB index out of boundsN 0x0
0xe3d8fc0 T 0x8100
0x7850 N 0x7854
0x4464382c BTB index out of boundsN 0x0
0x336fc BTB index out of boundsN 0x0
0x7850 T 0x9560b900
0xe3d8fc0 N 0xe3d8fc4
0x4464382c BTB index out of boundsN 0x0
0xd04 BTB index out of boundsN 0x0
0x4464382c BTB index out of boundsN 0x0
0xe3d8fc0 T 0x8100
0x4464382c BTB index out of boundsN 0x0
0x336fc BTB index out of boundsN 0x0
0x336fc BTB index out of boundsN 0x0
0x336fc BTB index out of boundsN 0x0
0x336fc BTB index out of boundsN 0x0
0x336fc BTB index out of boundsN 0x0
0x4464382c BTB index out of boundsN 0x0
0x4464382c BTB index out of boundsN 0x0
0xd04 BTB index out of boundsN 0x0
0xd04 BTB index out of boundsN 0x0
0x7850 N 0x7854
0x4464382c BTB index out of boundsN 0x0
0x336fc BTB index out of boundsN 0x0
0xe3d8fc0 N 0xe3d8fc4
0xe3d8fc0 T 0x8100
0x4464382c BTB index out of boundsN 0x0
0x336fc BTB index out of boundsN 0x0
0x4464382c BTB index out of boundsN 0x0
0x336fc BTB index out of boundsN 0x0
0x4464382c BTB index out of boundsN 0x0
0xd04 BTB index out of boundsN 0x0
0xe3d8fc0 T 0x8100
0x336fc BTB index out of boundsN 0x0
0x7850 N 0x7854
0xd04 BTB index out of boundsN 0x0
0x336fc BTB index out of boundsN 0x0
0xe3d8fc0 N 0xe3d8fc4
0x4464382c BTB index out of boundsN 0x0
0xd04 BTB index out of boundsN 0x0
0xe3d8fc0 T 0x8100
0x336fc BTB index out of boundsN 0x0
0x336fc BTB index out of boundsN 0x0
0x4464382c BTB index out of boundsN 0x0
0xd04 BTB index out of boundsN 0x0
0xe3d8fc0 T 0x8100
0x336fc BTB index out of boundsN 0x0
0x7850 N 0x7854
0x4464382c BTB index out of boundsN 0x0
0x7850 T 0x9560b900
0x4464382c BTB index out of boundsN 0x0
0x4464382c BTB index out of boundsN 0x0
0x7850 T 0x9560b900
0x7850 T 0x9560b900
0x336fc BTB index out of boundsN 0x0
0x336fc BTB index out of boundsN 0x0
0x7850 T 0x9560b900
0xd04 BTB index out of boundsN 0x0
0xd04 BTB index out of boundsN 0x0
0x7850 T 0x9560b900
0xe3d8fc0 N 0xe3d8fc4
0xd04 BTB index out of boundsN 0x0
0xe3d8fc0 T 0x8100
0x7850 N 0x7854
0x4464382c BTB index out of boundsN 0x0
0x336fc BTB index out of boundsN 0x0
0x7850 T 0x9560b900
0xe3d8fc0 N 0xe3d8fc4
0xe3d8fc0 T 0x8100
0xe3d8fc0 T 0x8100
0xe3d8fc0 T 0x8100
0x336fc BTB index out of boundsN 0x0
0x336fc BTB index out of boundsN 0x0
0xd04 BTB index out of boundsN 0x0
0xd04 BTB index out of boundsN 0x0
0xe3d8fc0 T 0x8100
0xd04 BTB index out of boundsN 0x0
0xd04 BTB index out of boundsN 0x0
0x336fc BTB index out of boundsN 0x0
0x336fc BTB index out of boundsN 0x0
0xe3d8fc0 T 0x8100
0x336fc BTB index out of boundsN 0x0
0x7850 N 0x7854
0x336fc BTB index out of boundsN 0x0
0xd04 BTB index out of boundsN 0x0
0x336fc BTB index out of boundsN 0x0
0xe3d8fc0 N 0xe3d8fc4
0x336fc BTB index out of boundsN 0x0
0x4464382c BTB index out of boundsN 0x0
0xd04 BTB index out of boundsN 0x0
0x7850 N 0x7854
0x4464382c BTB index out of boundsN 0x0
0xe3d8fc0 N 0xe3d8fc4
0x336fc BTB index out of boundsN 0x0
0xe3d8fc0 T 0x8100
0x4464382c BTB index out of boundsN 0x0
0xd04 BTB index out of boundsN 0x0
0xe3d8fc0 T 0x8100
0xd04 BTB index out of boundsN 0x0
0xe3d8fc0 T 0x8100
0x7850 N 0x7854
0x7850 T 0x9560b900
0x7850 T 0x9560b900
0xd04 BTB index out of boundsN 0x0
0x4464382c BTB index out of boundsN 0x0
0x336fc BTB index out of boundsN 0x0
0x336fc BTB index out of boundsN 0x0
0xd04 BTB index out of boundsN 0x0
0x4464382c BTB index out of boundsN 0x0
0x4464382c BTB index out of boundsN 0x0
0x336fc BTB index out of boundsN 0x0
0x336fc BTB index out of boundsN 0x0
0x336fc BTB index out of boundsN 0x0
0xe3d8fc0 N 0xe3d8fc4
0x4464382c BTB index out of boundsN 0x0
0xd04 BTB index out of boundsN 0x0
0xd04 BTB index out of boundsN 0x0
0xd04 BTB index out of boundsN 0x0
0xe3d8fc0 T 0x8100
0xd04 BTB index out of boundsN 0x0
0x7850 N 0x7854
0x4464382c BTB index out of boundsN 0x0
0x336fc BTB index out of boundsN 0x0
0x4464382c BTB index out of boundsN 0x0
0x4464382c BTB index out of boundsN 0x0
0xe3d8fc0 N 0xe3d8fc4
0x7850 N 0x7854
0x336fc BTB index out of boundsN 0x0
0x336fc BTB index out of boundsN 0x0
0x336fc BTB index out of boundsN 0x0
0xe3d8fc0 N 0xe3d8fc4
0xe3d8fc0 T 0x8100
0x7850 N 0x7854
0x7850 T 0x9560b900
0x4464382c BTB index out of boundsN 0x0
0x4464382c BTB index out of boundsN 0x0
0x4464382c BTB index out of boundsN 0x0
0x7850 T 0x9560b900
0xd04 BTB index out of boundsN 0x0
0x4464382c BTB index out of boundsN 0x0
0xd04 BTB index out of boundsN 0x0
0x7850 T 0x9560b900
0x7850 T 0x9560b900
0x336fc BTB index out of boundsN 0x0
0x336fc BTB index out of boundsN 0x0
0xd04 BTB index out of boundsN 0x0
0x7850 T 0x9560b900
0x336fc BTB index out of boundsN 0x0
0x7850 T 0x9560b900
0x7850 T 0x9560b900
0x336fc BTB index out of boundsN 0x0
0x336fc BTB index out of boundsN 0x0
0x7850 T 0x9560b900
0x4464382c BTB index out of boundsN 0x0
0x7850 T 0x9560b900
0x4464382c BTB index out of boundsN 0x0
0xd04 BTB index out of boundsN 0x0
0xe3d8fc0 N 0xe3d8fc4
0x7850 N 0x7854
0x4464382c BTB index out of boundsN 0x0
0x336fc BTB index out of boundsN 0x0
0xe3d8fc0 N 0xe3d8fc4
0xd04 BTB index out of boundsN 0x0
0x7850 N 0x7854
0x336fc BTB index out of boundsN 0x0
0xd04 BTB index out of boundsN 0x0
0x336fc BTB index out of boundsN 0x0
0xd04 BTB index out of boundsN 0x0
0x7850 T 0x9560b900
0x336fc BTB index out of boundsN 0x0
0x7850 T 0x9560b900
0xe3d8fc0 N 0xe3d8fc4
0x7850 N 0x7854
0xe3d8fc0 N 0xe3d8fc4
0xd04 BTB index out of boundsN 0x0
0x336fc BTB index out of boundsN 0x0
0x4464382c BTB index out of boundsN 0x0
0x336fc BTB index out of boundsN 0x0
0xe3d8fc0 T 0x8100
0xd04 BTB index out of boundsN 0x0
0xe3d8fc0 T 0x8100
0xd04 BTB index out of boundsN 0x0
0x336fc BTB index out of boundsN 0x0
0x336fc BTB index out of boundsN 0x0
0x7850 N 0x7854
0xe3d8fc0 N 0xe3d8fc4
0xe3d8fc0 T 0x8100
0xe3d8fc0 T 0x8100
0x4464382c BTB index out of boundsN 0x0
0x336fc BTB index out of boundsN 0x0
0x7850 N 0x7854
0xe3d8fc0 N 0xe3d8fc4
0xe3d8fc0 T 0x8100
0x4464382c BTB index out of boundsN 0x0
0xe3d8fc0 T 0x8100
0xd04 BTB index out of boundsN 0x0
0xd04 BTB index out of boundsN 0x0
0x336fc BTB index out of boundsN 0x0
0xe3d8fc0 T 0x8100
0xd04 BTB index out of boundsN 0x0
0xd04 BTB index out of boundsN 0x0
0x4464382c BTB index out of boundsN 0x0
0x7850 N 0x7854
0x4464382c BTB index out of boundsN 0x0
0x7850 T 0x9560b900
0xe3d8fc0 N 0xe3d8fc4
0x7850 N 0x7854
0x4464382c BTB index out of boundsN 0x0
0xe3d8fc0 N 0xe3d8fc4
0x336fc BTB index out of boundsN 0x0
0x7850 N 0x7854
0x7850 T 0x9560b900
0xe3d8fc0 N 0xe3d8fc4
0x7850 N 0x7854
0x7850 T 0x9560b900
0x7850 T 0x9560b900
0x4464382c BTB index out of boundsN 0x0
0xd04 BTB index out of boundsN 0x0
0xe3d8fc0 N 0xe3d8fc4
0x336fc BTB index out of boundsN 0x0
0x336fc BTB index out of boundsN 0x0
0x4464382c BTB index out of boundsN 0x0
0x4464382c BTB index out of boundsN 0x0
0x336fc BTB index out of boundsN 0x0
0x7850 N 0x7854
0x7850 T 0x9560b900
0x4464382c BTB index out of boundsN 0x0
0x4464382c BTB index out of boundsN 0x0
0xe3d8fc0 N 0xe3d8fc4
0x4464382c BTB index out of boundsN 0x0
0xd04 BTB index out of boundsN 0x0
0xe3d8fc0 T 0x8100
0x4464382c BTB index out of boundsN 0x0
0x336fc BTB index out of boundsN 0x0
0x336fc BTB index out of boundsN 0x0
0x7850 N 0x7854
0x7850 T 0x9560b900
0xe3d8fc0 N 0xe3d8fc4
0x336fc BTB index out of boundsN 0x0
0x4464382c BTB index out of boundsN 0x0
0x336fc BTB index out of boundsN 0x0
0xd04 BTB index out of boundsN 0x0
0xd04 BTB index out of boundsN 0x0
0x336fc BTB index out of boundsN 0x0
0x4464382c BTB index out of boundsN 0x0
0x4464382c BTB index out of boundsN 0x0
0x336fc BTB index out of boundsN 0x0
0x336fc BTB index out of boundsN 0x0
0xd04 BTB index out of boundsN 0x0
0x336fc BTB index out of boundsN 0x0
0x4464382c BTB index out of boundsN 0x0
0x4464382c BTB index out of boundsN 0x0
0xd04 BTB index out of boundsN 0x0
0x7850 N 0x7854
0xe3d8fc0 N 0xe3d8fc4
0x4464382c BTB index out of boundsN 0x0
0x4464382c BTB index out of boundsN 0x0
0xd04 BTB index out of boundsN 0x0
0x7850 N 0x7854
0xe3d8fc0 N 0xe3d8fc4
0x7850 N 0x7854
0xd04 BTB index out of boundsN 0x0
0x4464382c BTB index out of boundsN 0x0
0x336fc BTB index out of boundsN 0x0
0x4464382c BTB index out of boundsN 0x0
0x336fc BTB index out of boundsN 0x0
0xe3d8fc0 N 0xe3d8fc4
0x336fc BTB index out of boundsN 0x0
0xd04 BTB index out of boundsN 0x0
0x4464382c BTB index out of boundsN 0x0
0x4464382c BTB index out of boundsN 0x0
0xe3d8fc0 T 0x8100
0x336fc BTB index out of boundsN 0x0
0xd04 BTB index out of boundsN 0x0
0xd04 BTB index out of boundsN 0x0
0x4464382c BTB index out of boundsN 0x0
0x336fc BTB index out of boundsN 0x0
0x4464382c BTB index out of boundsN 0x0
0xe3d8fc0 T 0x8100
0x336fc BTB index out of boundsN 0x0
0x336fc BTB index out of boundsN 0x0
0xe3d8fc0 T 0x8100
0xe3d8fc0 T 0x8100
0x4464382c BTB index out of boundsN 0x0
0xe3d8fc0 T 0x8100
0x336fc BTB index out of boundsN 0x0
0xe3d8fc0 T 0x8100
0x7850 N 0x7854
0xe3d8fc0 N 0xe3d8fc4
0xd04 BTB index out of boundsN 0x0
0x4464382c BTB index out of boundsN 0x0
0xe3d8fc0 T 0x8100
0x336fc BTB index out of boundsN 0x0
0x336fc BTB index out of boundsN 0x0
0x4464382c BTB index out of boundsN 0x0
0x7850 N 0x7854
0x7850 T 0x9560b900
0x4464382c BTB index out of boundsN 0x0
0x336fc BTB index out of boundsN 0x0
0x4464382c BTB index out of boundsN 0x0
0xe3d8fc0 N 0xe3d8fc4
0xe3d8fc0 T 0x8100
0x7850 N 0x7854
0xe3d8fc0 N 0xe3d8fc4
0x7850 N 0x7854
0xe3d8fc0 N 0xe3d8fc4
0x336fc BTB index out of boundsN 0x0
0x7850 N 0x7854
0xe3d8fc0 N 0xe3d8fc4
0x4464382c BTB index out of boundsN 0x0
0xe3d8fc0 T 0x8100
0xd04 BTB index out of boundsN 0x0
0x4464382c BTB index out of boundsN 0x0
0xe3d8fc0 T 0x8100
0x4464382c BTB index out of boundsN 0x0
0x4464382c BTB index out of boundsN 0x0
0x7850 N 0x7854
0xd04 BTB index out of boundsN 0x0
0x7850 T 0x9560b900
0xe3d8fc0 N 0xe3d8fc4
0x7850 N 0x7854
0xd04 BTB index out of boundsN 0x0
0x336fc BTB index out of boundsN 0x0
