0x1230 N 0x1234
0x87654 N 0x87658
0x10c N 0x110
0x87654 N 0x87658
0x1230 N 0x1234
0x87654 N 0x87658
0x1230 N 0x1234
0x87654 N 0x87658
0x1230 N 0x1234
0x87654 N 0x87658
0x10c N 0x110
0x87654 N 0x87658
0x1230 N 0x1234
0x87654 N 0x87658
0x10c N 0x110
0x1230 N 0x1234
0x87654 N 0x87658
0x1230 N 0x1234
0x87654 N 0x87658
0x10c N 0x110
flush_num: 10, br_num: 20, size: 9112b
